Component: ARM Compiler 5.06 update 4 (build 422) Tool: armlink [4d35d2]

==============================================================================

Section Cross References

    startup_stm32h743xx.o(RESET) refers to startup_stm32h743xx.o(STACK) for __initial_sp
    startup_stm32h743xx.o(RESET) refers to startup_stm32h743xx.o(.text) for Reset_Handler
    startup_stm32h743xx.o(RESET) refers to stm32h7xx_it.o(i.NMI_Handler) for NMI_Handler
    startup_stm32h743xx.o(RESET) refers to cmb_fault.o(.text) for HardFault_Handler
    startup_stm32h743xx.o(RESET) refers to stm32h7xx_it.o(i.MemManage_Handler) for MemManage_Handler
    startup_stm32h743xx.o(RESET) refers to stm32h7xx_it.o(i.BusFault_Handler) for BusFault_Handler
    startup_stm32h743xx.o(RESET) refers to stm32h7xx_it.o(i.UsageFault_Handler) for UsageFault_Handler
    startup_stm32h743xx.o(RESET) refers to port.o(.emb_text) for SVC_Handler
    startup_stm32h743xx.o(RESET) refers to stm32h7xx_it.o(i.DebugMon_Handler) for DebugMon_Handler
    startup_stm32h743xx.o(RESET) refers to stm32h7xx_it.o(i.SysTick_Handler) for SysTick_Handler
    startup_stm32h743xx.o(RESET) refers to bsp_touch_gtxx.o(i.EXTI3_IRQHandler) for EXTI3_IRQHandler
    startup_stm32h743xx.o(.text) refers to system_stm32h7xx.o(i.SystemInit) for SystemInit
    startup_stm32h743xx.o(.text) refers to entry.o(.ARM.Collect$$$$00000000) for __main
    system_stm32h7xx.o(i.SystemCoreClockUpdate) refers to system_stm32h7xx.o(.data) for SystemCoreClock
    system_stm32h7xx.o(i.SystemCoreClockUpdate) refers to system_stm32h7xx.o(.constdata) for D1CorePrescTable
    stm32h7xx_hal.o(i.HAL_DeInit) refers to stm32h7xx_hal.o(i.HAL_MspDeInit) for HAL_MspDeInit
    stm32h7xx_hal.o(i.HAL_Delay) refers to core_delay.o(i.HAL_GetTick) for HAL_GetTick
    stm32h7xx_hal.o(i.HAL_Delay) refers to stm32h7xx_hal.o(.data) for uwTickFreq
    stm32h7xx_hal.o(i.HAL_GetTick) refers to stm32h7xx_hal.o(.data) for uwTick
    stm32h7xx_hal.o(i.HAL_GetTickFreq) refers to stm32h7xx_hal.o(.data) for uwTickFreq
    stm32h7xx_hal.o(i.HAL_GetTickPrio) refers to stm32h7xx_hal.o(.data) for uwTickPrio
    stm32h7xx_hal.o(i.HAL_IncTick) refers to stm32h7xx_hal.o(.data) for uwTick
    stm32h7xx_hal.o(i.HAL_Init) refers to stm32h7xx_hal_cortex.o(i.HAL_NVIC_SetPriorityGrouping) for HAL_NVIC_SetPriorityGrouping
    stm32h7xx_hal.o(i.HAL_Init) refers to core_delay.o(i.HAL_InitTick) for HAL_InitTick
    stm32h7xx_hal.o(i.HAL_Init) refers to stm32h7xx_hal.o(i.HAL_MspInit) for HAL_MspInit
    stm32h7xx_hal.o(i.HAL_InitTick) refers to stm32h7xx_hal_cortex.o(i.HAL_SYSTICK_Config) for HAL_SYSTICK_Config
    stm32h7xx_hal.o(i.HAL_InitTick) refers to stm32h7xx_hal_cortex.o(i.HAL_NVIC_SetPriority) for HAL_NVIC_SetPriority
    stm32h7xx_hal.o(i.HAL_InitTick) refers to stm32h7xx_hal.o(.data) for uwTickFreq
    stm32h7xx_hal.o(i.HAL_InitTick) refers to system_stm32h7xx.o(.data) for SystemCoreClock
    stm32h7xx_hal.o(i.HAL_SYSCFG_EnableVREFBUF) refers to core_delay.o(i.HAL_GetTick) for HAL_GetTick
    stm32h7xx_hal.o(i.HAL_SetTickFreq) refers to core_delay.o(i.HAL_InitTick) for HAL_InitTick
    stm32h7xx_hal.o(i.HAL_SetTickFreq) refers to stm32h7xx_hal.o(.data) for uwTickFreq
    stm32h7xx_hal_cortex.o(i.HAL_NVIC_GetPriorityGrouping) refers to stm32h7xx_hal_cortex.o(i.__NVIC_GetPriorityGrouping) for __NVIC_GetPriorityGrouping
    stm32h7xx_hal_cortex.o(i.HAL_NVIC_SetPriority) refers to stm32h7xx_hal_cortex.o(i.__NVIC_GetPriorityGrouping) for __NVIC_GetPriorityGrouping
    stm32h7xx_hal_cortex.o(i.HAL_NVIC_SetPriority) refers to stm32h7xx_hal_cortex.o(i.__NVIC_SetPriority) for __NVIC_SetPriority
    stm32h7xx_hal_cortex.o(i.HAL_SYSTICK_Config) refers to stm32h7xx_hal_cortex.o(i.__NVIC_SetPriority) for __NVIC_SetPriority
    stm32h7xx_hal_cortex.o(i.HAL_SYSTICK_IRQHandler) refers to stm32h7xx_hal_cortex.o(i.HAL_SYSTICK_Callback) for HAL_SYSTICK_Callback
    stm32h7xx_hal_dma.o(i.DMA_CalcBaseAndBitshift) refers to stm32h7xx_hal_dma.o(.constdata) for flagBitshiftOffset
    stm32h7xx_hal_dma.o(i.HAL_DMA_Abort) refers to core_delay.o(i.HAL_GetTick) for HAL_GetTick
    stm32h7xx_hal_dma.o(i.HAL_DMA_DeInit) refers to stm32h7xx_hal_dma.o(i.DMA_CalcBaseAndBitshift) for DMA_CalcBaseAndBitshift
    stm32h7xx_hal_dma.o(i.HAL_DMA_DeInit) refers to stm32h7xx_hal_dma.o(i.DMA_CalcDMAMUXChannelBaseAndMask) for DMA_CalcDMAMUXChannelBaseAndMask
    stm32h7xx_hal_dma.o(i.HAL_DMA_DeInit) refers to stm32h7xx_hal_dma.o(i.DMA_CalcDMAMUXRequestGenBaseAndMask) for DMA_CalcDMAMUXRequestGenBaseAndMask
    stm32h7xx_hal_dma.o(i.HAL_DMA_IRQHandler) refers to system_stm32h7xx.o(.data) for SystemCoreClock
    stm32h7xx_hal_dma.o(i.HAL_DMA_Init) refers to core_delay.o(i.HAL_GetTick) for HAL_GetTick
    stm32h7xx_hal_dma.o(i.HAL_DMA_Init) refers to stm32h7xx_hal_dma.o(i.DMA_CheckFifoParam) for DMA_CheckFifoParam
    stm32h7xx_hal_dma.o(i.HAL_DMA_Init) refers to stm32h7xx_hal_dma.o(i.DMA_CalcBaseAndBitshift) for DMA_CalcBaseAndBitshift
[...]
    Removing queue.o(i.xQueueGenericSendFromISR), (268 bytes).
    Removing queue.o(i.xQueueGiveFromISR), (244 bytes).
    Removing queue.o(i.xQueueIsQueueEmptyFromISR), (76 bytes).
    Removing queue.o(i.xQueueIsQueueFullFromISR), (80 bytes).
    Removing queue.o(i.xQueuePeekFromISR), (196 bytes).
    Removing queue.o(i.xQueueReceiveFromISR), (232 bytes).
    Removing queue.o(.constdata), (48 bytes).
    Removing tasks.o(.rev16_text), (4 bytes).
    Removing tasks.o(.revsh_text), (4 bytes).
    Removing tasks.o(.rrx_text), (6 bytes).
    Removing tasks.o(i.eTaskGetState), (168 bytes).
    Removing tasks.o(i.pcTaskGetName), (84 bytes).
    Removing tasks.o(i.prvTaskIsTaskSuspended), (124 bytes).
    Removing tasks.o(i.ulTaskNotifyTake), (116 bytes).
    Removing tasks.o(i.uxTaskGetNumberOfTasks), (12 bytes).
    Removing tasks.o(i.uxTaskPriorityGet), (36 bytes).
    Removing tasks.o(i.uxTaskPriorityGetFromISR), (72 bytes).
    Removing tasks.o(i.uxTaskResetEventItemValue), (28 bytes).
    Removing tasks.o(i.vTaskDelayUntil), (228 bytes).
    Removing tasks.o(i.vTaskEndScheduler), (40 bytes).
    Removing tasks.o(i.vTaskNotifyGiveFromISR), (268 bytes).
    Removing tasks.o(i.vTaskPlaceOnUnorderedEventList), (132 bytes).
    Removing tasks.o(i.vTaskPrioritySet), (312 bytes).
    Removing tasks.o(i.vTaskResume), (180 bytes).
    Removing tasks.o(i.vTaskSuspend), (264 bytes).
    Removing tasks.o(i.xTaskGenericNotify), (284 bytes).
    Removing tasks.o(i.xTaskGenericNotifyFromISR), (352 bytes).
    Removing tasks.o(i.xTaskGetTickCountFromISR), (20 bytes).
    Removing tasks.o(i.xTaskNotifyStateClear), (52 bytes).
    Removing tasks.o(i.xTaskNotifyWait), (160 bytes).
    Removing tasks.o(i.xTaskRemoveFromUnorderedEventList), (200 bytes).
    Removing tasks.o(i.xTaskResumeFromISR), (216 bytes).
    Removing tasks.o(.constdata), (48 bytes).
    Removing timers.o(.rev16_text), (4 bytes).
    Removing timers.o(.revsh_text), (4 bytes).
    Removing timers.o(.rrx_text), (6 bytes).
    Removing timers.o(.constdata), (48 bytes).
    Removing heap_4.o(.rev16_text), (4 bytes).
    Removing heap_4.o(.revsh_text), (4 bytes).
    Removing heap_4.o(.rrx_text), (6 bytes).
    Removing heap_4.o(i.vPortInitialiseBlocks), (2 bytes).
    Removing heap_4.o(i.xPortGetFreeHeapSize), (12 bytes).
    Removing heap_4.o(i.xPortGetMinimumEverFreeHeapSize), (12 bytes).
    Removing heap_4.o(.constdata), (48 bytes).
    Removing port.o(.rev16_text), (4 bytes).
    Removing port.o(.revsh_text), (4 bytes).
    Removing port.o(.rrx_text), (6 bytes).
    Removing port.o(i.vPortEndScheduler), (104 bytes).
    Removing port.o(i.vPortValidateInterruptPriority), (164 bytes).
    Removing port.o(.constdata), (48 bytes).
    Removing cm_backtrace.o(.rev16_text), (4 bytes).
    Removing cm_backtrace.o(.revsh_text), (4 bytes).
    Removing cm_backtrace.o(.rrx_text), (6 bytes).
    Removing cm_backtrace.o(i.cm_backtrace_assert), (220 bytes).
    Removing x_gui_freertos.o(.rev16_text), (4 bytes).
    Removing x_gui_freertos.o(.revsh_text), (4 bytes).
    Removing x_gui_freertos.o(.rrx_text), (6 bytes).
    Removing x_gui_freertos.o(i.GUI_SemPostISR), (40 bytes).
    Removing x_gui_freertos.o(i.GUI_SemWaitISR), (26 bytes).
    Removing x_gui_freertos.o(i.GUI_Thread_Delete), (12 bytes).
    Removing x_gui_freertos.o(.constdata), (48 bytes).
    Removing gui_arch.o(.rev16_text), (4 bytes).
    Removing gui_arch.o(.revsh_text), (4 bytes).
    Removing gui_arch.o(.rrx_text), (6 bytes).
    Removing gui_arch.o(.constdata), (48 bytes).
    Removing gui_gpu.o(.rev16_text), (4 bytes).
    Removing gui_gpu.o(.revsh_text), (4 bytes).
    Removing gui_gpu.o(.rrx_text), (6 bytes).
    Removing gui_gpu.o(.constdata), (48 bytes).
    Removing gui_gpu.o(.data), (4 bytes).
    Removing ascii_20_4bpp.o(.constdata), (30960 bytes).
    Removing gb2312_16_2bpp.o(.constdata), (599040 bytes).
    Removing gui_font_port.o(.rev16_text), (4 bytes).
    Removing gui_font_port.o(.revsh_text), (4 bytes).
    Removing gui_font_port.o(.rrx_text), (6 bytes).
    Removing gui_input_port.o(.rev16_text), (4 bytes).
    Removing gui_input_port.o(.revsh_text), (4 bytes).
    Removing gui_input_port.o(.rrx_text), (6 bytes).
    Removing gui_input_port.o(.constdata), (48 bytes).
    Removing gui_lcd_port.o(.rev16_text), (4 bytes).
    Removing gui_lcd_port.o(.revsh_text), (4 bytes).
    Removing gui_lcd_port.o(.rrx_text), (6 bytes).
    Removing gui_lcd_port.o(.constdata), (48 bytes).
    Removing gui_log_port.o(.rev16_text), (4 bytes).
    Removing gui_log_port.o(.revsh_text), (4 bytes).
    Removing gui_log_port.o(.rrx_text), (6 bytes).
    Removing gui_log_port.o(.constdata), (48 bytes).
    Removing gui_mem_port.o(.rev16_text), (4 bytes).
    Removing gui_mem_port.o(.revsh_text), (4 bytes).
    Removing gui_mem_port.o(.rrx_text), (6 bytes).
    Removing gui_mem_port.o(i.vfree), (12 bytes).
    Removing gui_mem_port.o(i.vmalloc), (12 bytes).
    Removing gui_mem_port.o(.constdata), (48 bytes).
    Removing gui_startup.o(.rev16_text), (4 bytes).
    Removing gui_startup.o(.revsh_text), (4 bytes).
    Removing gui_startup.o(.rrx_text), (6 bytes).
    Removing gui_startup.o(.constdata), (48 bytes).
    Removing gui_touch_port.o(.rev16_text), (4 bytes).
    Removing gui_touch_port.o(.revsh_text), (4 bytes).
    Removing gui_touch_port.o(.rrx_text), (6 bytes).
    Removing gui_touch_port.o(.constdata), (48 bytes).
    Removing gui_desktop.o(.rev16_text), (4 bytes).
    Removing gui_desktop.o(.revsh_text), (4 bytes).
    Removing gui_desktop.o(.rrx_text), (6 bytes).
    Removing gui_desktop.o(.constdata), (48 bytes).
    Removing gui_cursor.o(i.ClipCursor), (30 bytes).
    Removing gui_cursor.o(i.GUI_CursorInit), (4 bytes).
    Removing gui_cursor.o(i.SetCursor), (4 bytes).
    Removing gui_font.o(i.DeleteFont), (56 bytes).
    Removing gui_font.o(i.GetFont), (4 bytes).
    Removing gui_font.o(i.GetFontAveHeight), (48 bytes).
    Removing gui_font.o(i.GetTextWidthFromFont), (110 bytes).
    Removing gui_font.o(i._GetCharInfo), (10 bytes).
    Removing gui_gdi.o(i.AlphaBlendColor), (18 bytes).
    Removing gui_gdi.o(i.ClrDisplay), (46 bytes).
    Removing gui_gdi.o(i.CopyBits), (132 bytes).
    Removing gui_gdi.o(i.CreateMemoryDC), (112 bytes).
    Removing gui_gdi.o(i.CreateSurface), (28 bytes).
    Removing gui_gdi.o(i.DC_Free), (28 bytes).
    Removing gui_gdi.o(i.DCtoBitmap), (42 bytes).
    Removing gui_gdi.o(i.DPtoLP), (68 bytes).
    Removing gui_gdi.o(i.DeleteSurface), (20 bytes).
    Removing gui_gdi.o(i.EnableAlpha), (20 bytes).
    Removing gui_gdi.o(i.GetARGB), (32 bytes).
    Removing gui_gdi.o(i.GetBrushColor), (4 bytes).
    Removing gui_gdi.o(i.GetBrushStyle), (4 bytes).
    Removing gui_gdi.o(i.GetClipRgn), (4 bytes).
    Removing gui_gdi.o(i.GetDrawRect), (28 bytes).
    Removing gui_gdi.o(i.GetPenColor), (4 bytes).
    Removing gui_gdi.o(i.GetPenSize), (4 bytes).
    Removing gui_gdi.o(i.GetPenStyle), (4 bytes).
    Removing gui_gdi.o(i.GetTextAlign), (4 bytes).
    Removing gui_gdi.o(i.GetTextColor), (4 bytes).
    Removing gui_gdi.o(i.IsSurfaceScreen), (20 bytes).
    Removing gui_gdi.o(i.IsWindowDC), (12 bytes).
    Removing gui_gdi.o(i.LPtoDP), (64 bytes).
    Removing gui_gdi.o(i.MapARGB), (28 bytes).
    Removing gui_gdi.o(i.MapARGB1555), (10 bytes).
    Removing gui_gdi.o(i.MapARGB4444), (10 bytes).
    Removing gui_gdi.o(i.MapARGB8888), (10 bytes).
    Removing gui_gdi.o(i.MapRGB332), (10 bytes).
    Removing gui_gdi.o(i.MapRGB565), (10 bytes).
    Removing gui_gdi.o(i.MapXRGB1555), (10 bytes).
    Removing gui_gdi.o(i.MapXRGB4444), (10 bytes).
    Removing gui_gdi.o(i.MoveToEx), (26 bytes).
    Removing gui_gdi.o(i.PtVisible), (6 bytes).
    Removing gui_gdi.o(i.SelectClipRgn), (16 bytes).
    Removing gui_gdi.o(i.SetAlpha), (8 bytes).
    Removing gui_gdi.o(i.SetBrushStyle), (8 bytes).
    Removing gui_gdi.o(i.SetDrawRect), (68 bytes).
    Removing gui_gdi.o(i.SetPenSize), (8 bytes).
    Removing gui_gdi.o(i.SetPenStyle), (8 bytes).
    Removing gui_gdi.o(i.SetTextAlign), (8 bytes).
    Removing gui_gdi.o(i.ToARGB), (10 bytes).
    Removing gui_gdi.o(i._DPtoLP), (68 bytes).
    Removing gui_gdi.o(i._GetDrawRect), (12 bytes).
    Removing gui_gdi.o(i._GetTextColor), (4 bytes).
    Removing gui_gdi.o(i._SetBrushColor), (8 bytes).
    Removing gui_gdi.o(i._SetTextColor), (8 bytes).
    Removing gui_region.o(i.CreateRectRgn), (44 bytes).
    Removing gui_region.o(i.GetBoundRect), (80 bytes).
    Removing gui_region.o(i.IsEqualRect), (48 bytes).
    Removing gui_region.o(i.IsIntersectRect), (18 bytes).
    Removing gui_region.o(i.MakeMatrixRect), (112 bytes).
    Removing gui_region.o(i.MakeProgressRect), (328 bytes).
    Removing gui_region.o(i.OffsetRect), (20 bytes).
    Removing gui_region.o(i.OffsetRgn), (44 bytes).
    Removing gui_region.o(i.PtInRect), (14 bytes).
    Removing gui_region.o(i.PtInRgn), (80 bytes).
    Removing gui_region.o(i.RGN_IntersectRect), (166 bytes).
    Removing gui_region.o(i.RGN_IsIntersect), (54 bytes).
    Removing gui_region.o(i.RGN_IsIntersectRect), (48 bytes).
    Removing gui_region.o(i.RectEX), (14 bytes).
    Removing gui_region.o(i.RectEY), (14 bytes).
    Removing gui_region.o(i.RectH), (8 bytes).
    Removing gui_region.o(i.RectW), (8 bytes).
    Removing gui_region.o(i.RectX), (8 bytes).
    Removing gui_region.o(i.RectY), (8 bytes).
    Removing gui_region.o(i.SetRect), (26 bytes).
    Removing gui_region.o(i.SetRectArea), (36 bytes).
    Removing gui_region.o(i.SetRectEmpty), (18 bytes).
    Removing gui_region.o(i.SetRectH), (8 bytes).
    Removing gui_region.o(i.SetRectW), (8 bytes).
    Removing gui_region.o(i.UnionRect), (78 bytes).
    Removing gui_region.o(i.XorRect), (72 bytes).
    Removing gui_region.o(i._PosInRect), (38 bytes).
    Removing gui_region.o(i._PtInRgn), (66 bytes).
    Removing x_gui.o(i.GUI_SetFrameBufferSurface), (12 bytes).
    Removing x_gui.o(i.ScreenHeight), (12 bytes).
    Removing x_gui.o(i.ScreenWidth), (12 bytes).
    Removing x_gui.o(i.X_GUI_Version), (12 bytes).
    Removing x_gui.o(.constdata), (6 bytes).
    Removing gui_font_xft.o(i.xft_get_chr_entry), (70 bytes).
    Removing gui_font_xft.o(i.xft_get_chr_offset), (48 bytes).
    Removing gd_rect.o(i.Fill3DRect), (94 bytes).
    Removing gd_rect.o(i.GradientFillRect), (372 bytes).
    Removing gd_rect.o(i.gdDrawRect), (84 bytes).
    Removing gd_rect.o(i.gdFill3DRect), (94 bytes).
    Removing gd_text.o(i.ExtTextOut), (4 bytes).
    Removing gui_input.o(i.GetAsyncKeyState), (36 bytes).
    Removing gui_input.o(i.GetKeyState), (36 bytes).
    Removing gui_input.o(i.GetKeyboardState), (36 bytes).
    Removing gui_input.o(i.GetMouseCaptureWindow), (12 bytes).
    Removing gui_input.o(i.PostKeyMessage), (156 bytes).
    Removing gui_message.o(i.NotifyParent), (36 bytes).
    Removing gui_message.o(i.NotifyParentEx), (42 bytes).
    Removing gui_message.o(i.PostAsyncMessage), (100 bytes).
    Removing gui_message.o(i._PostCloseMessage), (40 bytes).
    Removing gui_message.o(i._PostMessage), (76 bytes).
    Removing gui_message.o(i._PostTimerMessage), (34 bytes).
    Removing gui_timer.o(i.KillTimer), (148 bytes).
    Removing gui_timer.o(i.ResetTimer), (98 bytes).
    Removing gui_timer.o(i.TimerProcHandler), (44 bytes).
    Removing gui_window.o(i.AdjustWindowRect), (80 bytes).
    Removing gui_window.o(i.AdjustWindowRectEx), (82 bytes).
    Removing gui_window.o(i.ClientToScreen), (40 bytes).
    Removing gui_window.o(i.ClrModalWindow), (28 bytes).
    Removing gui_window.o(i.CreateWindowEx), (376 bytes).
    Removing gui_window.o(i.EnableDragWindow), (42 bytes).
    Removing gui_window.o(i.GUI_GetWindowThreadHandle), (6 bytes).
    Removing gui_window.o(i.GetDC), (38 bytes).
    Removing gui_window.o(i.GetDlgItem), (52 bytes).
    Removing gui_window.o(i.GetFocus), (24 bytes).
    Removing gui_window.o(i.GetWindowErase), (26 bytes).
    Removing gui_window.o(i.GetWindowFont), (10 bytes).
    Removing gui_window.o(i.GetWindowProc), (26 bytes).
    Removing gui_window.o(i.GetWindowText), (16 bytes).
    Removing gui_window.o(i.GetWindowTextLength), (32 bytes).
    Removing gui_window.o(i.IsWindowVisible), (30 bytes).
    Removing gui_window.o(i.MoveWindow), (68 bytes).
    Removing gui_window.o(i.RedrawWindow), (40 bytes).
    Removing gui_window.o(i.ReleaseCapture), (24 bytes).
    Removing gui_window.o(i.SetCapture), (28 bytes).
    Removing gui_window.o(i.SetFocus), (80 bytes).
    Removing gui_window.o(i.SetModalWindow), (34 bytes).
    Removing gui_window.o(i.SetWindowErase), (32 bytes).
    Removing gui_window.o(i.SetWindowEraseEx), (64 bytes).
    Removing gui_window.o(i.SetWindowFont), (10 bytes).
    Removing gui_window.o(i.SetWindowLong), (218 bytes).
    Removing gui_window.o(i.SetWindowProc), (44 bytes).
    Removing gui_window.o(i.SetWindowText), (18 bytes).
    Removing gui_window.o(i.SetWindowToTop), (74 bytes).
    Removing gui_window.o(i.WIN_Alloc), (24 bytes).
    Removing gui_window.o(i.WIN_Free), (20 bytes).
    Removing gui_window.o(i.WindowToScreen), (64 bytes).
    Removing gui_window.o(i._DeleteWindowClipRgn), (28 bytes).
    Removing gui_window.o(i._DeleteWindowClipRgn_0), (28 bytes).
    Removing gui_window.o(i._DeleteWindowInvRgn), (22 bytes).
    Removing gui_window.o(i._DeleteWindowInvRgnErase), (22 bytes).
    Removing gui_window.o(i._GetClientRectToScreen), (18 bytes).
    Removing gui_window.o(i._GetParent), (4 bytes).
    Removing gui_window.o(i._IsMainWindow), (16 bytes).
    Removing gui_window.o(i._IsOverlappedWindow), (12 bytes).
    Removing gui_window.o(i._IsWindowEnabled), (36 bytes).
    Removing gui_window.o(i._IsWindowTransparent), (14 bytes).
    Removing gui_window.o(i._SetWindowEraseEx), (44 bytes).
    Removing gl_cursor.o(i.GL_SetCursorClipRect), (88 bytes).
    Removing gui_libc.o(i.GUI_AlphaBlendColor), (76 bytes).
    Removing gui_libc.o(i.GUI_memcpy), (4 bytes).
    Removing gui_libc.o(i.GUI_memset), (4 bytes).
    Removing gui_libc.o(i.GUI_wstrncasecmp), (74 bytes).
    Removing gui_core.o(i.OffsetPoint), (44 bytes).
    Removing gui_core.o(i.RotatePoint), (200 bytes).
    Removing gui_core.o(i.WaitForFrameSync), (4 bytes).
    Removing gui_bitmap.o(i.RotateBitmap), (96 bytes).
    Removing gui_bitmap.o(i.ScaleBitmap), (406 bytes).
    Removing gui_blt.o(i.AlphaBlend), (408 bytes).
    Removing gui_blt.o(i.StretchBlt), (418 bytes).
    Removing gui_blt.o(i.TransparentBlt), (418 bytes).
    Removing gd_arc.o(i.FillArc), (142 bytes).
    Removing gd_line.o(i.AA_DrawLine), (22 bytes).
    Removing gd_line.o(i.LineTo), (60 bytes).
    Removing gd_line.o(i.PolyLine), (118 bytes).
    Removing gd_line.o(i.gdPolyBezier), (360 bytes).
    Removing gd_line.o(i.gdPolyLine), (96 bytes).
    Removing gd_pixel.o(i.GetPixel), (52 bytes).
    Removing gd_pixel.o(i.XorPixel), (98 bytes).
    Removing gd_pixel.o(i.gdGetPixel), (52 bytes).
    Removing gd_pixel.o(i.gdSetPixel_FliterRGB), (110 bytes).
    Removing gui_aa_core.o(i.EnableAntiAlias), (64 bytes).
    Removing gui_aa_core.o(i.SetAntiAliasRate), (44 bytes).
    Removing gui_face.o(i.CommFace_DrawFocusRect), (144 bytes).
    Removing gui_face.o(i.CommFace_DrawSelect), (2 bytes).
    Removing gui_face.o(i.CommFace_DrawText), (2 bytes).
    Removing gui_widget.o(i.GUI_FindClass), (52 bytes).
    Removing gui_widget.o(i.GetClassInfo), (88 bytes).
    Removing gui_widget.o(.constdata), (56 bytes).
    Removing gui_widget.o(.constwstring), (112 bytes).
    Removing gl_mem_16bpp.o(i.GL16_SetPixel_Fliter_RGB), (210 bytes).
    Removing gl_mem_32bpp.o(i.GL32_SetPixel_Fliter_RGB), (210 bytes).
    Removing gd_polygon.o(i.AA_DrawPolygon), (124 bytes).
    Removing gd_polygon.o(i.DrawPolygon), (38 bytes).
    Removing gd_polygon.o(i.FillPolygon), (38 bytes).
    Removing gd_polygon.o(i.Wu_FillPolygon), (22 bytes).
    Removing gd_polygon.o(i._Wu_FillPolygon), (128 bytes).
    Removing gd_polygon.o(i.gdDrawPolygon), (110 bytes).
    Removing widget_button.o(i.draw_btn_backgnd), (454 bytes).
    Removing widget_button.o(i.pushbutton_paint), (796 bytes).
    Removing widget_button.o(i.win_proc), (1768 bytes).
    Removing widget_button.o(.constdata), (32 bytes).
    Removing widget_groupbox.o(i.win_proc), (512 bytes).
    Removing widget_groupbox.o(.constdata), (32 bytes).
    Removing widget_listbox.o(i.listbox_find_item), (46 bytes).
    Removing widget_listbox.o(i.win_proc), (2580 bytes).
    Removing widget_listbox.o(.constdata), (32 bytes).
    Removing widget_progressbar.o(i.fill_pb_rect), (156 bytes).
    Removing widget_progressbar.o(i.on_paint), (584 bytes).
    Removing widget_progressbar.o(i.win_proc), (388 bytes).
    Removing widget_progressbar.o(.constdata), (32 bytes).
    Removing widget_scrollbar.o(i.draw_btn), (180 bytes).
    Removing widget_scrollbar.o(i.draw_page), (40 bytes).
    Removing widget_scrollbar.o(i.draw_track), (348 bytes).
    Removing widget_scrollbar.o(i.get_hscroll_rect), (134 bytes).
    Removing widget_scrollbar.o(i.get_vscroll_rect), (134 bytes).
    Removing widget_scrollbar.o(i.make_hscroll_by_value), (134 bytes).
    Removing widget_scrollbar.o(i.make_vscroll_by_value), (134 bytes).
    Removing widget_scrollbar.o(i.on_paint), (840 bytes).
    Removing widget_scrollbar.o(i.win_proc), (1734 bytes).
    Removing widget_scrollbar.o(.constdata), (32 bytes).
    Removing widget_textbox.o(i.win_proc), (564 bytes).
    Removing widget_textbox.o(.constdata), (32 bytes).
    Removing gl_alphablend_1.o(i.GL_AlphaBlend), (1326 bytes).
    Removing gl_stretchblt_1.o(i.GL_StretchBlt), (104 bytes).
    Removing gl_transparentblt_1.o(i.GL_TransparentBlt), (802 bytes).
    Removing gd_circle.o(i.AA_DrawCircle), (46 bytes).
    Removing gd_circle.o(i.AA_FillCircle), (58 bytes).
    Removing gd_circle.o(i.DrawCircle), (168 bytes).
    Removing gd_circle.o(i.DrawCircle_8Point), (148 bytes).
    Removing gd_circle.o(i.FillCircle), (88 bytes).
    Removing gd_circle.o(i._Wu_DrawCircle), (336 bytes).
    Removing gd_circle.o(i.draw_circle_pixel), (344 bytes).
    Removing gd_circle.o(i.gdDrawCircle), (142 bytes).
    Removing gd_circle.o(i.gdFillCircle), (178 bytes).
    Removing gd_circle.o(i.xxgdDrawCircle), (202 bytes).
    Removing gui_imagebmp.o(i.BMP_Draw), (1116 bytes).
    Removing gui_imagebmp.o(i.BMP_DrawEx), (1218 bytes).
    Removing gui_imagebmp.o(i.BMP_GetInfo), (348 bytes).
    Removing gui_imagebmp.o(i.BMP_GetInfoEx), (44 bytes).
    Removing gui_imagebmp.o(i.__mem_get_data), (14 bytes).
    Removing gui_resource.o(i.hBmpArrowDown), (8 bytes).
    Removing gui_resource.o(i.hBmpArrowLeft), (8 bytes).
    Removing gui_resource.o(i.hBmpArrowRight), (8 bytes).
    Removing gui_resource.o(i.hBmpArrowUp), (8 bytes).
    Removing gui_resource.o(i.hBmpCloseButtonDown), (8 bytes).
    Removing gui_resource.o(i.hBmpCloseButtonUp), (8 bytes).
    Removing gui_resource.o(i.hBmpError), (8 bytes).
    Removing gui_resource.o(i.hBmpInfo), (8 bytes).
    Removing gui_resource.o(i.hBmpQuestion), (8 bytes).
    Removing gui_resource.o(i.hBmpWarning), (8 bytes).
    Removing gui_resource.o(.constdata), (27692 bytes).
    Removing dfixul.o(.text), (48 bytes).
    Removing cdrcmple.o(.text), (48 bytes).

1315 unused section(s) (total 759925 bytes) removed from the image.

==============================================================================

Memory Map of the image

  Image Entry point : 0x00000000

  Load Region LR_ROM1 (Base: 0x90000000, Size: 0x000261a4, Max: 0x00200000, ABSOLUTE)

    Execution Region RW_IRAM1 (Base: 0x20000000, Size: 0x00000000, Max: 0x00020000, ABSOLUTE)

    **** No section assigned to this execution region ****


    Execution Region RW_IRAM2 (Base: 0x24000000, Size: 0x0000b8c8, Max: 0x00080000, ABSOLUTE)

    Base Addr    Size         Type   Attr      Idx    E Section Name        Object

    0x24000000   0x00000008   Data   RW           16    .data               system_stm32h7xx.o
    0x24000008   0x0000000c   Data   RW         5309    .data               main.o
    0x24000014   0x00000001   Data   RW         5644    .data               bsp_lcd.o
    0x24000015   0x00000001   PAD
    0x24000016   0x00000009   Data   RW         5889    .data               bsp_touch_gtxx.o
    0x2400001f   0x00000001   PAD
    0x24000020   0x0000003c   Data   RW         6447    .data               tasks.o
    0x2400005c   0x00000018   Data   RW         6763    .data               heap_4.o
    0x24000074   0x0000000c   Data   RW         6827    .data               port.o
    0x24000080   0x00000015   Data   RW         6921    .data               cm_backtrace.o
    0x24000095   0x00000003   PAD
    0x24000098   0x0000000c   Data   RW         7299    .data               gui_font_port.o
    0x240000a4   0x00000004   Data   RW         7457    .data               gui_mem_port.o
    0x240000a8   0x00000004   Data   RW         7576    .data               gui_touch_port.o
    0x240000ac   0x00000004   Data   RW         7617    .data               gui_desktop.o
    0x240000b0   0x00000020   Data   RW         7929    .data               emXGUI100_MDK_M7.lib(x_gui.o)
    0x240000d0   0x00000034   Data   RW         8008    .data               emXGUI100_MDK_M7.lib(gui_input.o)
    0x24000104   0x00000010   Data   RW         8181    .data               emXGUI100_MDK_M7.lib(gui_window.o)
    0x24000114   0x00000018   Data   RW         8299    .data               emXGUI100_MDK_M7.lib(gl_cursor.o)
    0x2400012c   0x00000004   Data   RW         9300    .data               mc_w.l(stdout.o)
    0x24000130   0x00000004   Data   RW         9309    .data               mc_w.l(mvars.o)
    0x24000134   0x00000004   Data   RW         9310    .data               mc_w.l(mvars.o)
    0x24000138   0x00000004   Data   RW         9314    .data               mc_w.l(errno.o)
    0x2400013c   0x00000080   Zero   RW         5536    .bss                bsp_usart.o
    0x240001bc   0x00000044   Zero   RW         5583    .bss                bsp_sdram.o
    0x24000200   0x000001c4   Zero   RW         5642    .bss                bsp_lcd.o
    0x240003c4   0x00000050   Zero   RW         6232    .bss                queue.o
    0x24000414   0x000002e4   Zero   RW         6445    .bss                tasks.o
    0x240006f8   0x00008000   Zero   RW         6761    .bss                heap_4.o
    0x240086f8   0x00000134   Zero   RW         6918    .bss                cm_backtrace.o
    0x2400882c   0x0000001c   Zero   RW         7455    .bss                gui_mem_port.o
    0x24008848   0x0000295c   Zero   RW         7927    .bss                emXGUI100_MDK_M7.lib(x_gui.o)
    0x2400b1a4   0x00000100   Zero   RW         8007    .bss                emXGUI100_MDK_M7.lib(gui_input.o)
    0x2400b2a4   0x00000020   Zero   RW         8297    .bss                emXGUI100_MDK_M7.lib(gl_cursor.o)
    0x2400b2c4   0x00000004   PAD
    0x2400b2c8   0x00000200   Zero   RW            2    HEAP                startup_stm32h743xx.o
    0x2400b4c8   0x00000400   Zero   RW            1    STACK               startup_stm32h743xx.o


    Execution Region ER_ROM1 (Base: 0x90000000, Size: 0x00026068, Max: 0x00200000, ABSOLUTE)

    Base Addr    Size         Type   Attr      Idx    E Section Name        Object

    0x90000000   0x00000298   Data   RO            3    RESET               startup_stm32h743xx.o
    0x90000298   0x00000000   Code   RO         8912  * .ARM.Collect$$$$00000000  mc_w.l(entry.o)
    0x90000298   0x00000004   Code   RO         9286    .ARM.Collect$$$$00000001  mc_w.l(entry2.o)
    0x9000029c   0x00000004   Code   RO         9289    .ARM.Collect$$$$00000004  mc_w.l(entry5.o)
    0x900002a0   0x00000000   Code   RO         9291    .ARM.Collect$$$$00000008  mc_w.l(entry7b.o)
    0x900002a0   0x00000000   Code   RO         9293    .ARM.Collect$$$$0000000A  mc_w.l(entry8b.o)
    0x900002a0   0x00000008   Code   RO         9294    .ARM.Collect$$$$0000000B  mc_w.l(entry9a.o)
    0x900002a8   0x00000000   Code   RO         9296    .ARM.Collect$$$$0000000D  mc_w.l(entry10a.o)
    0x900002a8   0x00000000   Code   RO         9298    .ARM.Collect$$$$0000000F  mc_w.l(entry11a.o)
    0x900002a8   0x00000004   Code   RO         9287    .ARM.Collect$$$$00002712  mc_w.l(entry2.o)
    0x900002ac   0x000000ba   Code   RO         6816    .emb_text           port.o
    0x90000366   0x00000002   PAD
    0x90000368   0x00000010   Code   RO         6906    .emb_text           cm_backtrace.o
    0x90000378   0x00000024   Code   RO            4    .text               startup_stm32h743xx.o
    0x9000039c   0x0000000c   Code   RO         6997    .text               cmb_fault.o
    0x900003a8   0x00000062   Code   RO         8915    .text               mc_w.l(uldiv.o)
    0x9000040a   0x00000028   Code   RO         8917    .text               mc_w.l(memcpy.o)
    0x90000432   0x00000024   Code   RO         8923    .text               mc_w.l(memseta.o)
    0x90000456   0x00000018   Code   RO         8925    .text               mc_w.l(strncpy.o)
    0x9000046e   0x000000b0   Code   RO         9222    .text               mf_w.l(fadd.o)
    0x9000051e   0x00000064   Code   RO         9224    .text               mf_w.l(fmul.o)
    0x90000582   0x0000007c   Code   RO         9226    .text               mf_w.l(fdiv.o)
    0x900005fe   0x0000014e   Code   RO         9228    .text               mf_w.l(dadd.o)
    0x9000074c   0x000000e4   Code   RO         9230    .text               mf_w.l(dmul.o)
    0x90000830   0x000000de   Code   RO         9232    .text               mf_w.l(ddiv.o)
    0x9000090e   0x0000002e   Code   RO         9234    .text               mf_w.l(dscalb.o)
    0x9000093c   0x00000012   Code   RO         9236    .text               mf_w.l(fflti.o)
    0x9000094e   0x00000022   Code   RO         9238    .text               mf_w.l(dflti.o)
    0x90000970   0x0000001a   Code   RO         9240    .text               mf_w.l(dfltui.o)
    0x9000098a   0x00000032   Code   RO         9242    .text               mf_w.l(ffixi.o)
    0x900009bc   0x00000028   Code   RO         9244    .text               mf_w.l(ffixui.o)
    0x900009e4   0x0000003e   Code   RO         9246    .text               mf_w.l(dfixi.o)
    0x90000a22   0x00000032   Code   RO         9248    .text               mf_w.l(dfixui.o)
    0x90000a54   0x00000026   Code   RO         9250    .text               mf_w.l(f2d.o)
    0x90000a7a   0x00000038   Code   RO         9252    .text               mf_w.l(d2f.o)
    0x90000ab2   0x00000002   PAD
    0x90000ab4   0x00000014   Code   RO         9254    .text               mf_w.l(cfcmple.o)
    0x90000ac8   0x00000014   Code   RO         9256    .text               mf_w.l(cfrcmple.o)
    0x90000adc   0x0000001e   Code   RO         9303    .text               mc_w.l(llshl.o)
    0x90000afa   0x00000020   Code   RO         9305    .text               mc_w.l(llushr.o)
    0x90000b1a   0x00000024   Code   RO         9307    .text               mc_w.l(llsshr.o)
    0x90000b3e   0x00000000   Code   RO         9318    .text               mc_w.l(iusefp.o)
    0x90000b3e   0x0000006e   Code   RO         9319    .text               mf_w.l(fepilogue.o)
    0x90000bac   0x000000ba   Code   RO         9321    .text               mf_w.l(depilogue.o)
    0x90000c66   0x00000002   PAD
    0x90000c68   0x00000024   Code   RO         9337    .text               mc_w.l(init.o)
    0x90000c8c   0x00000016   Code   RO         8379    i.AA_DrawBoldLine   emXGUI100_MDK_M7.lib(gd_line.o)
    0x90000ca2   0x000000f6   Code   RO         8424    i.AA_gdHLine        emXGUI100_MDK_M7.lib(gui_aa_core.o)
    0x90000d98   0x00000028   Code   RO         8438    i.ARGB4444_GetARGB  emXGUI100_MDK_M7.lib(surface_argb4444.o)
    0x90000dc0   0x00000020   Code   RO         8439    i.ARGB4444_GetRGB   emXGUI100_MDK_M7.lib(surface_argb4444.o)
    0x90000de0   0x00000016   Code   RO         8440    i.ARGB4444_MapARGB  emXGUI100_MDK_M7.lib(surface_argb4444.o)
    0x90000df6   0x0000001e   Code   RO         8441    i.ARGB4444_MapARGB1555  emXGUI100_MDK_M7.lib(surface_argb4444.o)
    0x90000e14   0x00000002   Code   RO         8442    i.ARGB4444_MapARGB4444  emXGUI100_MDK_M7.lib(surface_argb4444.o)
    0x90000e16   0x0000001c   Code   RO         8443    i.ARGB4444_MapARGB8888  emXGUI100_MDK_M7.lib(surface_argb4444.o)
    0x90000e32   0x00000014   Code   RO         8444    i.ARGB4444_MapRGB   emXGUI100_MDK_M7.lib(surface_argb4444.o)
    0x90000e46   0x0000001e   Code   RO         8445    i.ARGB4444_MapRGB332  emXGUI100_MDK_M7.lib(surface_argb4444.o)
    0x90000e64   0x0000001a   Code   RO         8446    i.ARGB4444_MapRGB565  emXGUI100_MDK_M7.lib(surface_argb4444.o)
    0x90000e7e   0x0000001a   Code   RO         8447    i.ARGB4444_MapXRGB1555  emXGUI100_MDK_M7.lib(surface_argb4444.o)
    0x90000e98   0x00000002   Code   RO         8448    i.ARGB4444_MapXRGB4444  emXGUI100_MDK_M7.lib(surface_argb4444.o)
    0x90000e9a   0x0000001c   Code   RO         8449    i.ARGB4444_MapXRGB8888  emXGUI100_MDK_M7.lib(surface_argb4444.o)
    0x90000eb6   0x00000020   Code   RO         8450    i.ARGB4444_ToARGB   emXGUI100_MDK_M7.lib(surface_argb4444.o)
    0x90000ed6   0x00000002   PAD
    0x90000ed8   0x00000048   Code   RO         5300    i.BSP_Init          main.o
    0x90000f20   0x0000002c   Code   RO         8343    i.BeginDraw         emXGUI100_MDK_M7.lib(gui_core.o)
    0x90000f4c   0x0000009a   Code   RO         8077    i.BeginPaint        emXGUI100_MDK_M7.lib(gui_window.o)
    0x90000fe6   0x0000012e   Code   RO         8364    i.BitBlt            emXGUI100_MDK_M7.lib(gui_blt.o)
    0x90001114   0x00000004   Code   RO         5442    i.BusFault_Handler  stm32h7xx_it.o
    0x90001118   0x0000010e   Code   RO         8078    i.CheckWindowHit    emXGUI100_MDK_M7.lib(gui_window.o)
    0x90001226   0x000000f0   Code   RO         8562    i.CommFace_DrawWindowNC  emXGUI100_MDK_M7.lib(gui_face.o)
    0x90001316   0x0000001a   Code   RO         7817    i.CopyRect          emXGUI100_MDK_M7.lib(gui_region.o)
    0x90001330   0x00000070   Code   RO         7694    i.CreateDC          emXGUI100_MDK_M7.lib(gui_gdi.o)
    0x900013a0   0x00000040   Code   RO         7669    i.CreateFont        emXGUI100_MDK_M7.lib(gui_font.o)
    0x900013e0   0x0000002c   Code   RO         7819    i.CreateRectRgnIndirect  emXGUI100_MDK_M7.lib(gui_region.o)
    0x9000140c   0x00000018   Code   RO         7654    i.CursorCheck       emXGUI100_MDK_M7.lib(gui_cursor.o)
    0x90001424   0x00000014   Code   RO         7655    i.CursorFix         emXGUI100_MDK_M7.lib(gui_cursor.o)
    0x90001438   0x00000020   Code   RO         7697    i.DC_Alloc          emXGUI100_MDK_M7.lib(gui_gdi.o)
    0x90001458   0x00000002   Code   RO         5443    i.DebugMon_Handler  stm32h7xx_it.o
    0x9000145a   0x00000016   Code   RO         8082    i.DefDesktopProc    emXGUI100_MDK_M7.lib(gui_window.o)
    0x90001470   0x000001ec   Code   RO         8083    i.DefWindowProc     emXGUI100_MDK_M7.lib(gui_window.o)
    0x9000165c   0x00000012   Code   RO         5739    i.Delay             bsp_i2c_touch.o
    0x9000166e   0x00000012   Code   RO         5867    i.Delay             bsp_touch_gtxx.o
    0x90001680   0x00000058   Code   RO         7701    i.DeleteDC          emXGUI100_MDK_M7.lib(gui_gdi.o)
    0x900016d8   0x00000010   Code   RO         7820    i.DeleteRgn         emXGUI100_MDK_M7.lib(gui_region.o)
    0x900016e8   0x000000a0   Code   RO         8084    i.DestroyWindow     emXGUI100_MDK_M7.lib(gui_window.o)
    0x90001788   0x00000028   Code   RO         8019    i.DispatchMessage   emXGUI100_MDK_M7.lib(gui_message.o)
    0x900017b0   0x00000004   Code   RO         7961    i.Draw3DRect        emXGUI100_MDK_M7.lib(gd_rect.o)
    0x900017b4   0x000000ec   Code   RO         8371    i.DrawArc           emXGUI100_MDK_M7.lib(gd_arc.o)
    0x900018a0   0x000003e2   Code   RO         8357    i.DrawBitmap        emXGUI100_MDK_M7.lib(gui_bitmap.o)
    0x90001c82   0x0000008e   Code   RO         7962    i.DrawRect          emXGUI100_MDK_M7.lib(gd_rect.o)
    0x90001d10   0x00000032   Code   RO         7963    i.DrawRoundRect     emXGUI100_MDK_M7.lib(gd_rect.o)
    0x90001d42   0x0000028e   Code   RO         7989    i.DrawTextEx        emXGUI100_MDK_M7.lib(gd_text.o)
    0x90001fd0   0x000002d4   Code   RO         8563    i.DrawWindowNC      emXGUI100_MDK_M7.lib(gui_face.o)
    0x900022a4   0x0000001c   Code   RO         5868    i.EXTI3_IRQHandler  bsp_touch_gtxx.o
    0x900022c0   0x0000006e   Code   RO         8086    i.EnableWindow      emXGUI100_MDK_M7.lib(gui_window.o)
    0x9000232e   0x0000002a   Code   RO         8344    i.EndDraw           emXGUI100_MDK_M7.lib(gui_core.o)
    0x90002358   0x000000ee   Code   RO         8087    i.EndPaint          emXGUI100_MDK_M7.lib(gui_window.o)
    0x90002446   0x00000074   Code   RO         5162    i.FMC_SDRAM_Init    stm32h7xx_ll_fmc.o
    0x900024ba   0x0000000e   Code   RO         5163    i.FMC_SDRAM_ProgramRefreshRate  stm32h7xx_ll_fmc.o
    0x900024c8   0x00000026   Code   RO         5164    i.FMC_SDRAM_SendCommand  stm32h7xx_ll_fmc.o
    0x900024ee   0x00000002   PAD
    0x900024f0   0x0000009c   Code   RO         5166    i.FMC_SDRAM_Timing_Init  stm32h7xx_ll_fmc.o
    0x9000258c   0x00000006   Code   RO         7965    i.FillRect          emXGUI100_MDK_M7.lib(gd_rect.o)
    0x90002592   0x0000009c   Code   RO         7966    i.FillRoundRect     emXGUI100_MDK_M7.lib(gd_rect.o)
    0x9000262e   0x00000004   Code   RO         7704    i.GDI_Init          emXGUI100_MDK_M7.lib(gui_gdi.o)
    0x90002632   0x00000078   Code   RO         8631    i.GL16_FillRectARGB  emXGUI100_MDK_M7.lib(gl_mem_16bpp.o)
    0x900026aa   0x0000002c   Code   RO         8632    i.GL16_SetPixel_ARGB  emXGUI100_MDK_M7.lib(gl_mem_16bpp.o)
    0x900026d6   0x0000005c   Code   RO         8634    i.GL16_copy_bits    emXGUI100_MDK_M7.lib(gl_mem_16bpp.o)
    0x90002732   0x0000010e   Code   RO         8635    i.GL16_draw_bitmap_AL1  emXGUI100_MDK_M7.lib(gl_mem_16bpp.o)
    0x90002840   0x00000188   Code   RO         8636    i.GL16_draw_bitmap_AL2  emXGUI100_MDK_M7.lib(gl_mem_16bpp.o)
    0x900029c8   0x000000f0   Code   RO         8637    i.GL16_draw_bitmap_AL4  emXGUI100_MDK_M7.lib(gl_mem_16bpp.o)
    0x90002ab8   0x0000008e   Code   RO         8638    i.GL16_draw_bitmap_AL8  emXGUI100_MDK_M7.lib(gl_mem_16bpp.o)
    0x90002b46   0x00000090   Code   RO         8639    i.GL16_draw_bitmap_ARGB1555  emXGUI100_MDK_M7.lib(gl_mem_16bpp.o)
    0x90002bd6   0x000000c8   Code   RO         8640    i.GL16_draw_bitmap_ARGB4444  emXGUI100_MDK_M7.lib(gl_mem_16bpp.o)
    0x90002c9e   0x000000c0   Code   RO         8641    i.GL16_draw_bitmap_ARGB8888  emXGUI100_MDK_M7.lib(gl_mem_16bpp.o)
    0x90002d5e   0x00000116   Code   RO         8642    i.GL16_draw_bitmap_LUT1  emXGUI100_MDK_M7.lib(gl_mem_16bpp.o)
    0x90002e74   0x00000002   Code   RO         8643    i.GL16_draw_bitmap_LUT2  emXGUI100_MDK_M7.lib(gl_mem_16bpp.o)
    0x90002e76   0x00000082   Code   RO         8644    i.GL16_draw_bitmap_LUT4  emXGUI100_MDK_M7.lib(gl_mem_16bpp.o)
    0x90002ef8   0x00000050   Code   RO         8645    i.GL16_draw_bitmap_LUT8  emXGUI100_MDK_M7.lib(gl_mem_16bpp.o)
    0x90002f48   0x00000086   Code   RO         8646    i.GL16_draw_bitmap_RGB332  emXGUI100_MDK_M7.lib(gl_mem_16bpp.o)
    0x90002fce   0x000000ca   Code   RO         8647    i.GL16_draw_bitmap_RGB565  emXGUI100_MDK_M7.lib(gl_mem_16bpp.o)
    0x90003098   0x00000094   Code   RO         8648    i.GL16_draw_bitmap_RGB888  emXGUI100_MDK_M7.lib(gl_mem_16bpp.o)
    0x9000312c   0x00000086   Code   RO         8649    i.GL16_draw_bitmap_XRGB1555  emXGUI100_MDK_M7.lib(gl_mem_16bpp.o)
    0x900031b2   0x00000094   Code   RO         8650    i.GL16_draw_bitmap_XRGB8888  emXGUI100_MDK_M7.lib(gl_mem_16bpp.o)
    0x90003246   0x0000001e   Code   RO         8651    i.GL16_draw_hline   emXGUI100_MDK_M7.lib(gl_mem_16bpp.o)
    0x90003264   0x00000022   Code   RO         8652    i.GL16_draw_vline   emXGUI100_MDK_M7.lib(gl_mem_16bpp.o)
    0x90003286   0x0000005a   Code   RO         8653    i.GL16_fill_rect    emXGUI100_MDK_M7.lib(gl_mem_16bpp.o)
    0x900032e0   0x0000000e   Code   RO         8654    i.GL16_get_pixel    emXGUI100_MDK_M7.lib(gl_mem_16bpp.o)
    0x900032ee   0x00000002   PAD
    0x900032f0   0x000003bc   Code   RO         8655    i.GL16_rotate_bitmap  emXGUI100_MDK_M7.lib(gl_mem_16bpp.o)
    0x900036ac   0x000000fe   Code   RO         8656    i.GL16_scale_bitmap  emXGUI100_MDK_M7.lib(gl_mem_16bpp.o)
    0x900037aa   0x0000000e   Code   RO         8657    i.GL16_set_addr     emXGUI100_MDK_M7.lib(gl_mem_16bpp.o)
    0x900037b8   0x0000000e   Code   RO         8658    i.GL16_set_pixel    emXGUI100_MDK_M7.lib(gl_mem_16bpp.o)
    0x900037c6   0x00000018   Code   RO         8659    i.GL16_xor_pixel    emXGUI100_MDK_M7.lib(gl_mem_16bpp.o)
    0x900037de   0x00000058   Code   RO         8694    i.GL32_FillRectARGB  emXGUI100_MDK_M7.lib(gl_mem_32bpp.o)
    0x90003836   0x0000002c   Code   RO         8695    i.GL32_SetPixel_ARGB  emXGUI100_MDK_M7.lib(gl_mem_32bpp.o)
    0x90003862   0x00000044   Code   RO         8697    i.GL32_copy_bits    emXGUI100_MDK_M7.lib(gl_mem_32bpp.o)
    0x900038a6   0x0000010c   Code   RO         8698    i.GL32_draw_bitmap_AL1  emXGUI100_MDK_M7.lib(gl_mem_32bpp.o)
    0x900039b2   0x00000002   PAD
    0x900039b4   0x00000184   Code   RO         8699    i.GL32_draw_bitmap_AL2  emXGUI100_MDK_M7.lib(gl_mem_32bpp.o)
    0x90003b38   0x000000ec   Code   RO         8700    i.GL32_draw_bitmap_AL4  emXGUI100_MDK_M7.lib(gl_mem_32bpp.o)
    0x90003c24   0x0000008a   Code   RO         8701    i.GL32_draw_bitmap_AL8  emXGUI100_MDK_M7.lib(gl_mem_32bpp.o)
    0x90003cae   0x0000006e   Code   RO         8702    i.GL32_draw_bitmap_ARGB1555  emXGUI100_MDK_M7.lib(gl_mem_32bpp.o)
    0x90003d1c   0x000000a8   Code   RO         8703    i.GL32_draw_bitmap_ARGB4444  emXGUI100_MDK_M7.lib(gl_mem_32bpp.o)
    0x90003dc4   0x000000a0   Code   RO         8704    i.GL32_draw_bitmap_ARGB8888  emXGUI100_MDK_M7.lib(gl_mem_32bpp.o)
    0x90003e64   0x00000112   Code   RO         8705    i.GL32_draw_bitmap_LUT1  emXGUI100_MDK_M7.lib(gl_mem_32bpp.o)
    0x90003f76   0x00000002   Code   RO         8706    i.GL32_draw_bitmap_LUT2  emXGUI100_MDK_M7.lib(gl_mem_32bpp.o)
    0x90003f78   0x00000082   Code   RO         8707    i.GL32_draw_bitmap_LUT4  emXGUI100_MDK_M7.lib(gl_mem_32bpp.o)
    0x90003ffa   0x00000050   Code   RO         8708    i.GL32_draw_bitmap_LUT8  emXGUI100_MDK_M7.lib(gl_mem_32bpp.o)
    0x9000404a   0x00000064   Code   RO         8709    i.GL32_draw_bitmap_RGB332  emXGUI100_MDK_M7.lib(gl_mem_32bpp.o)
    0x900040ae   0x00000064   Code   RO         8710    i.GL32_draw_bitmap_RGB565  emXGUI100_MDK_M7.lib(gl_mem_32bpp.o)
    0x90004112   0x00000072   Code   RO         8711    i.GL32_draw_bitmap_RGB888  emXGUI100_MDK_M7.lib(gl_mem_32bpp.o)
    0x90004184   0x00000064   Code   RO         8712    i.GL32_draw_bitmap_XRGB1555  emXGUI100_MDK_M7.lib(gl_mem_32bpp.o)
    0x900041e8   0x000000b8   Code   RO         8713    i.GL32_draw_bitmap_XRGB8888  emXGUI100_MDK_M7.lib(gl_mem_32bpp.o)
    0x900042a0   0x0000001c   Code   RO         8714    i.GL32_draw_hline   emXGUI100_MDK_M7.lib(gl_mem_32bpp.o)
    0x900042bc   0x00000020   Code   RO         8715    i.GL32_draw_vline   emXGUI100_MDK_M7.lib(gl_mem_32bpp.o)
    0x900042dc   0x0000003e   Code   RO         8716    i.GL32_fill_rect    emXGUI100_MDK_M7.lib(gl_mem_32bpp.o)
    0x9000431a   0x0000000e   Code   RO         8717    i.GL32_get_pixel    emXGUI100_MDK_M7.lib(gl_mem_32bpp.o)
    0x90004328   0x000003b4   Code   RO         8718    i.GL32_rotate_bitmap  emXGUI100_MDK_M7.lib(gl_mem_32bpp.o)
    0x900046dc   0x000000ee   Code   RO         8719    i.GL32_scale_bitmap  emXGUI100_MDK_M7.lib(gl_mem_32bpp.o)
    0x900047ca   0x0000000e   Code   RO         8720    i.GL32_set_addr     emXGUI100_MDK_M7.lib(gl_mem_32bpp.o)
    0x900047d8   0x0000000e   Code   RO         8721    i.GL32_set_pixel    emXGUI100_MDK_M7.lib(gl_mem_32bpp.o)
    0x900047e6   0x00000014   Code   RO         8722    i.GL32_xor_pixel    emXGUI100_MDK_M7.lib(gl_mem_32bpp.o)
    0x900047fa   0x0000003e   Code   RO         8577    i.GL8_copy_bits     emXGUI100_MDK_M7.lib(gl_mem_8bpp.o)
    0x90004838   0x0000010c   Code   RO         8578    i.GL8_draw_bitmap_AL1  emXGUI100_MDK_M7.lib(gl_mem_8bpp.o)
    0x90004944   0x00000002   Code   RO         8579    i.GL8_draw_bitmap_AL2  emXGUI100_MDK_M7.lib(gl_mem_8bpp.o)
    0x90004946   0x00000002   Code   RO         8580    i.GL8_draw_bitmap_AL4  emXGUI100_MDK_M7.lib(gl_mem_8bpp.o)
    0x90004948   0x000000d4   Code   RO         8581    i.GL8_draw_bitmap_AL8  emXGUI100_MDK_M7.lib(gl_mem_8bpp.o)
    0x90004a1c   0x0000006c   Code   RO         8582    i.GL8_draw_bitmap_ARGB1555  emXGUI100_MDK_M7.lib(gl_mem_8bpp.o)
    0x90004a88   0x0000001e   Code   RO         8583    i.GL8_draw_bitmap_ARGB4444  emXGUI100_MDK_M7.lib(gl_mem_8bpp.o)
    0x90004aa6   0x000000da   Code   RO         8584    i.GL8_draw_bitmap_ARGB8888  emXGUI100_MDK_M7.lib(gl_mem_8bpp.o)
    0x90004b80   0x00000110   Code   RO         8585    i.GL8_draw_bitmap_LUT1  emXGUI100_MDK_M7.lib(gl_mem_8bpp.o)
    0x90004c90   0x00000002   Code   RO         8586    i.GL8_draw_bitmap_LUT2  emXGUI100_MDK_M7.lib(gl_mem_8bpp.o)
    0x90004c92   0x00000080   Code   RO         8587    i.GL8_draw_bitmap_LUT4  emXGUI100_MDK_M7.lib(gl_mem_8bpp.o)
    0x90004d12   0x00000050   Code   RO         8588    i.GL8_draw_bitmap_LUT8  emXGUI100_MDK_M7.lib(gl_mem_8bpp.o)
    0x90004d62   0x00000062   Code   RO         8589    i.GL8_draw_bitmap_RGB332  emXGUI100_MDK_M7.lib(gl_mem_8bpp.o)
    0x90004dc4   0x00000062   Code   RO         8590    i.GL8_draw_bitmap_RGB565  emXGUI100_MDK_M7.lib(gl_mem_8bpp.o)
    0x90004e26   0x00000070   Code   RO         8591    i.GL8_draw_bitmap_RGB888  emXGUI100_MDK_M7.lib(gl_mem_8bpp.o)
    0x90004e96   0x00000062   Code   RO         8592    i.GL8_draw_bitmap_XRGB1555  emXGUI100_MDK_M7.lib(gl_mem_8bpp.o)
    0x90004ef8   0x00000070   Code   RO         8593    i.GL8_draw_bitmap_XRGB8888  emXGUI100_MDK_M7.lib(gl_mem_8bpp.o)
    0x90004f68   0x0000001c   Code   RO         8594    i.GL8_draw_hline    emXGUI100_MDK_M7.lib(gl_mem_8bpp.o)
    0x90004f84   0x0000001e   Code   RO         8595    i.GL8_draw_vline    emXGUI100_MDK_M7.lib(gl_mem_8bpp.o)
    0x90004fa2   0x00000038   Code   RO         8596    i.GL8_fill_rect     emXGUI100_MDK_M7.lib(gl_mem_8bpp.o)
    0x90004fda   0x0000000c   Code   RO         8597    i.GL8_get_pixel     emXGUI100_MDK_M7.lib(gl_mem_8bpp.o)
    0x90004fe6   0x00000002   PAD
    0x90004fe8   0x00000404   Code   RO         8598    i.GL8_rotate_bitmap  emXGUI100_MDK_M7.lib(gl_mem_8bpp.o)
    0x900053ec   0x000000e4   Code   RO         8599    i.GL8_scale_bitmap  emXGUI100_MDK_M7.lib(gl_mem_8bpp.o)
    0x900054d0   0x0000000c   Code   RO         8600    i.GL8_set_addr      emXGUI100_MDK_M7.lib(gl_mem_8bpp.o)
    0x900054dc   0x0000000c   Code   RO         8601    i.GL8_set_pixel     emXGUI100_MDK_M7.lib(gl_mem_8bpp.o)
    0x900054e8   0x00000012   Code   RO         8602    i.GL8_xor_pixel     emXGUI100_MDK_M7.lib(gl_mem_8bpp.o)
    0x900054fa   0x00000084   Code   RO         8819    i.GL_BitBlt         emXGUI100_MDK_M7.lib(gl_bitblt_1.o)
    0x9000557e   0x00000002   PAD
    0x90005580   0x00000038   Code   RO         8288    i.GL_CursorCheck    emXGUI100_MDK_M7.lib(gl_cursor.o)
    0x900055b8   0x0000002c   Code   RO         8289    i.GL_CursorFix      emXGUI100_MDK_M7.lib(gl_cursor.o)
    0x900055e4   0x000000fc   Code   RO         8290    i.GL_CursorInit     emXGUI100_MDK_M7.lib(gl_cursor.o)
    0x900056e0   0x0000012c   Code   RO         8373    i.GL_DrawArc        emXGUI100_MDK_M7.lib(gd_arc.o)
    0x9000580c   0x00000018   Code   RO         8291    i.GL_GetCursorPos   emXGUI100_MDK_M7.lib(gl_cursor.o)
    0x90005824   0x000000e4   Code   RO         8660    i.GL_MEM_16BPP_Init  emXGUI100_MDK_M7.lib(gl_mem_16bpp.o)
    0x90005908   0x000000e4   Code   RO         8723    i.GL_MEM_32BPP_Init  emXGUI100_MDK_M7.lib(gl_mem_32bpp.o)
    0x900059ec   0x000000d4   Code   RO         8603    i.GL_MEM_8BPP_Init  emXGUI100_MDK_M7.lib(gl_mem_8bpp.o)
    0x90005ac0   0x0000006c   Code   RO         8293    i.GL_SetCursorPos   emXGUI100_MDK_M7.lib(gl_cursor.o)
    0x90005b2c   0x00000034   Code   RO         8294    i.GL_ShowCursor     emXGUI100_MDK_M7.lib(gl_cursor.o)
    0x90005b60   0x0000000c   Code   RO         7203    i.GPU_CopyBits      gui_gpu.o
    0x90005b6c   0x0000000c   Code   RO         7204    i.GPU_DrawBitmap    gui_gpu.o
    0x90005b78   0x0000000c   Code   RO         7205    i.GPU_FillRect      gui_gpu.o
    0x90005b84   0x00000012   Code   RO         7206    i.GPU_FillRectARGB  gui_gpu.o
    0x90005b96   0x0000000c   Code   RO         7207    i.GPU_ScaleBitmap   gui_gpu.o
    0x90005ba2   0x00000002   PAD
    0x90005ba4   0x0000013c   Code   RO         5869    i.GTP_Execu         bsp_touch_gtxx.o
    0x90005ce0   0x00000130   Code   RO         5870    i.GTP_Get_Info      bsp_touch_gtxx.o
    0x90005e10   0x00000084   Code   RO         5871    i.GTP_I2C_Read      bsp_touch_gtxx.o
    0x90005e94   0x0000009c   Code   RO         5873    i.GTP_I2C_Test      bsp_touch_gtxx.o
    0x90005f30   0x00000060   Code   RO         5874    i.GTP_I2C_Write     bsp_touch_gtxx.o
    0x90005f90   0x000002a4   Code   RO         5877    i.GTP_Init_Panel    bsp_touch_gtxx.o
    0x90006234   0x00000298   Code   RO         5878    i.GTP_Read_Version  bsp_touch_gtxx.o
    0x900064cc   0x0000000c   Code   RO         5881    i.GTP_TouchProcess  bsp_touch_gtxx.o
    0x900064d8   0x0000000a   Code   RO         5882    i.GTP_Touch_Down    bsp_touch_gtxx.o
    0x900064e2   0x00000006   Code   RO         5883    i.GTP_Touch_Up      bsp_touch_gtxx.o
    0x900064e8   0x00000068   Code   RO         8426    i.GUI_AA_Begin      emXGUI100_MDK_M7.lib(gui_aa_core.o)
    0x90006550   0x0000001c   Code   RO         8427    i.GUI_AA_End        emXGUI100_MDK_M7.lib(gui_aa_core.o)
    0x9000656c   0x0000000e   Code   RO         8310    i.GUI_AlphaBlendValue  emXGUI100_MDK_M7.lib(gui_libc.o)
    0x9000657a   0x00000004   Code   RO         7161    i.GUI_Arch_Init     gui_arch.o
    0x9000657e   0x00000002   PAD
    0x90006580   0x0000001c   Code   RO         7997    i.GUI_ClrInputWindow  emXGUI100_MDK_M7.lib(gui_input.o)
    0x9000659c   0x000000e8   Code   RO         8088    i.GUI_CreateDesktop  emXGUI100_MDK_M7.lib(gui_window.o)
    0x90006684   0x000000c4   Code   RO         8020    i.GUI_CreateMsgQ    emXGUI100_MDK_M7.lib(gui_message.o)
    0x90006748   0x00000160   Code   RO         7913    i.GUI_CreateSurface  emXGUI100_MDK_M7.lib(x_gui.o)
    0x900068a8   0x00000044   Code   RO         7296    i.GUI_Default_FontInit  gui_font_port.o
    0x900068ec   0x0000008e   Code   RO         8021    i.GUI_DeleteMsgQ    emXGUI100_MDK_M7.lib(gui_message.o)
    0x9000697a   0x00000024   Code   RO         7914    i.GUI_DeleteSurface  emXGUI100_MDK_M7.lib(x_gui.o)
    0x9000699e   0x00000002   PAD
    0x900069a0   0x00000094   Code   RO         7611    i.GUI_DesktopStartup  gui_desktop.o
    0x90006a34   0x000000c4   Code   RO         7374    i.GUI_DisplayInit   gui_lcd_port.o
    0x90006af8   0x00000200   Code   RO         8089    i.GUI_FlushHandler  emXGUI100_MDK_M7.lib(gui_window.o)
    0x90006cf8   0x0000000c   Code   RO         7444    i.GUI_GRAM_Alloc    gui_mem_port.o
    0x90006d04   0x0000000c   Code   RO         7445    i.GUI_GRAM_Free     gui_mem_port.o
    0x90006d10   0x00000008   Code   RO         7004    i.GUI_GetCurThreadHandle  x_gui_freertos.o
    0x90006d18   0x00000018   Code   RO         7005    i.GUI_GetTickCount  x_gui_freertos.o
    0x90006d30   0x00000008   Code   RO         7339    i.GUI_InputHandler  gui_input_port.o
    0x90006d38   0x0000000e   Code   RO         7340    i.GUI_InputInit     gui_input_port.o
    0x90006d46   0x00000002   PAD
    0x90006d48   0x0000004c   Code   RO         7998    i.GUI_Input_Init    emXGUI100_MDK_M7.lib(gui_input.o)
    0x90006d94   0x0000005c   Code   RO         8061    i.GUI_KillWindowTimers  emXGUI100_MDK_M7.lib(gui_timer.o)
    0x90006df0   0x00000010   Code   RO         7915    i.GUI_Lock          emXGUI100_MDK_M7.lib(x_gui.o)
    0x90006e00   0x00000004   Code   RO         7412    i.GUI_Log_Init      gui_log_port.o
    0x90006e04   0x00000012   Code   RO         7541    i.GUI_LowLevelInit  gui_startup.o
    0x90006e16   0x00000002   PAD
    0x90006e18   0x0000003c   Code   RO         7446    i.GUI_MEM_Alloc     gui_mem_port.o
    0x90006e54   0x0000000c   Code   RO         7447    i.GUI_MEM_Free      gui_mem_port.o
    0x90006e60   0x00000002   Code   RO         7448    i.GUI_MEM_Init      gui_mem_port.o
    0x90006e62   0x00000004   Code   RO         8022    i.GUI_Message_Init  emXGUI100_MDK_M7.lib(gui_message.o)
    0x90006e66   0x0000000a   Code   RO         7006    i.GUI_MutexCreate   x_gui_freertos.o
    0x90006e70   0x0000000c   Code   RO         7007    i.GUI_MutexDelete   x_gui_freertos.o
    0x90006e7c   0x00000026   Code   RO         7008    i.GUI_MutexLock     x_gui_freertos.o
    0x90006ea2   0x0000000c   Code   RO         7009    i.GUI_MutexUnlock   x_gui_freertos.o
    0x90006eae   0x0000009e   Code   RO         8091    i.GUI_PaintHandler  emXGUI100_MDK_M7.lib(gui_window.o)
    0x90006f4c   0x00000002   Code   RO         7413    i.GUI_Printf        gui_log_port.o
    0x90006f4e   0x00000002   PAD
    0x90006f50   0x0000005c   Code   RO         7916    i.GUI_RectLL_Alloc  emXGUI100_MDK_M7.lib(x_gui.o)
    0x90006fac   0x00000058   Code   RO         7917    i.GUI_RectLL_Free   emXGUI100_MDK_M7.lib(x_gui.o)
    0x90007004   0x000000b0   Code   RO         8023    i.GUI_RemoveWindowMessage  emXGUI100_MDK_M7.lib(gui_message.o)
    0x900070b4   0x00000010   Code   RO         7010    i.GUI_SemCreate     x_gui_freertos.o
    0x900070c4   0x0000000c   Code   RO         7011    i.GUI_SemDelete     x_gui_freertos.o
    0x900070d0   0x00000012   Code   RO         7012    i.GUI_SemPost       x_gui_freertos.o
    0x900070e2   0x0000002a   Code   RO         7014    i.GUI_SemWait       x_gui_freertos.o
    0x9000710c   0x0000000c   Code   RO         7918    i.GUI_SetDefFont    emXGUI100_MDK_M7.lib(x_gui.o)
    0x90007118   0x0000000c   Code   RO         7920    i.GUI_SetScreenSurface  emXGUI100_MDK_M7.lib(x_gui.o)
    0x90007124   0x0000017c   Code   RO         7542    i.GUI_Startup       gui_startup.o
    0x900072a0   0x00000078   Code   RO         7016    i.GUI_Thread_Create  x_gui_freertos.o
    0x90007318   0x000000e4   Code   RO         5301    i.GUI_Thread_Entry  main.o
    0x900073fc   0x0000007e   Code   RO         8062    i.GUI_TimerHandler  emXGUI100_MDK_M7.lib(gui_timer.o)
    0x9000747a   0x00000002   Code   RO         8063    i.GUI_Timer_Init    emXGUI100_MDK_M7.lib(gui_timer.o)
    0x9000747c   0x0000002e   Code   RO         7572    i.GUI_TouchHandler  gui_touch_port.o
    0x900074aa   0x00000002   PAD
    0x900074ac   0x0000000c   Code   RO         7921    i.GUI_Unlock        emXGUI100_MDK_M7.lib(x_gui.o)
    0x900074b8   0x00000078   Code   RO         7449    i.GUI_VMEM_Alloc    gui_mem_port.o
    0x90007530   0x0000002c   Code   RO         7450    i.GUI_VMEM_Free     gui_mem_port.o
    0x9000755c   0x00000028   Code   RO         7451    i.GUI_VMEM_Init     gui_mem_port.o
    0x90007584   0x00000014   Code   RO         8092    i.GUI_Window_Init   emXGUI100_MDK_M7.lib(gui_window.o)
    0x90007598   0x0000000a   Code   RO         7018    i.GUI_Yield         x_gui_freertos.o
    0x900075a2   0x00000008   Code   RO         8311    i.GUI_abs           emXGUI100_MDK_M7.lib(gui_libc.o)
    0x900075aa   0x0000006c   Code   RO         8314    i.GUI_memset16      emXGUI100_MDK_M7.lib(gui_libc.o)
    0x90007616   0x0000008a   Code   RO         8315    i.GUI_memset16_step  emXGUI100_MDK_M7.lib(gui_libc.o)
    0x900076a0   0x0000006c   Code   RO         8316    i.GUI_memset32      emXGUI100_MDK_M7.lib(gui_libc.o)
    0x9000770c   0x0000008a   Code   RO         8317    i.GUI_memset32_step  emXGUI100_MDK_M7.lib(gui_libc.o)
    0x90007796   0x0000000a   Code   RO         8318    i.GUI_memset8       emXGUI100_MDK_M7.lib(gui_libc.o)
    0x900077a0   0x0000007a   Code   RO         8319    i.GUI_memset8_step  emXGUI100_MDK_M7.lib(gui_libc.o)
    0x9000781a   0x0000001a   Code   RO         7019    i.GUI_msleep        x_gui_freertos.o
    0x90007834   0x00000040   Code   RO         8320    i.GUI_wstr_alloc    emXGUI100_MDK_M7.lib(gui_libc.o)
    0x90007874   0x00000004   Code   RO         8321    i.GUI_wstr_free     emXGUI100_MDK_M7.lib(gui_libc.o)
    0x90007878   0x00000016   Code   RO         8322    i.GUI_wstrchr       emXGUI100_MDK_M7.lib(gui_libc.o)
    0x9000788e   0x00000012   Code   RO         8323    i.GUI_wstrlen       emXGUI100_MDK_M7.lib(gui_libc.o)
    0x900078a0   0x00000022   Code   RO         8325    i.GUI_wstrncpy      emXGUI100_MDK_M7.lib(gui_libc.o)
    0x900078c2   0x00000002   PAD
    0x900078c4   0x00000018   Code   RO         8093    i.GetCapture        emXGUI100_MDK_M7.lib(gui_window.o)
    0x900078dc   0x0000002a   Code   RO         8094    i.GetClientRect     emXGUI100_MDK_M7.lib(gui_window.o)
    0x90007906   0x0000002c   Code   RO         8095    i.GetClientRectToScreen  emXGUI100_MDK_M7.lib(gui_window.o)
    0x90007932   0x0000002c   Code   RO         7657    i.GetCursorPos      emXGUI100_MDK_M7.lib(gui_cursor.o)
    0x9000795e   0x00000002   PAD
    0x90007960   0x00000244   Code   RO         8097    i.GetDCEx           emXGUI100_MDK_M7.lib(gui_window.o)
    0x90007ba4   0x00000018   Code   RO         8098    i.GetDesktopWindow  emXGUI100_MDK_M7.lib(gui_window.o)
    0x90007bbc   0x00000018   Code   RO         8101    i.GetForegroundWindow  emXGUI100_MDK_M7.lib(gui_window.o)
    0x90007bd4   0x00000034   Code   RO         8024    i.GetMessage        emXGUI100_MDK_M7.lib(gui_message.o)
    0x90007c08   0x00000018   Code   RO         8102    i.GetParent         emXGUI100_MDK_M7.lib(gui_window.o)
    0x90007c20   0x0000001c   Code   RO         7713    i.GetRGB            emXGUI100_MDK_M7.lib(gui_gdi.o)
    0x90007c3c   0x0000001c   Code   RO         7922    i.GetSystemMetrics  emXGUI100_MDK_M7.lib(x_gui.o)
    0x90007c58   0x0000009e   Code   RO         7673    i.GetTextExtent     emXGUI100_MDK_M7.lib(gui_font.o)
    0x90007cf6   0x00000084   Code   RO         7674    i.GetTextWidth      emXGUI100_MDK_M7.lib(gui_font.o)
    0x90007d7a   0x00000022   Code   RO         8103    i.GetWindow         emXGUI100_MDK_M7.lib(gui_window.o)
    0x90007d9c   0x00000008   Code   RO         8104    i.GetWindowDC       emXGUI100_MDK_M7.lib(gui_window.o)
    0x90007da4   0x00000038   Code   RO         8107    i.GetWindowFromPoint  emXGUI100_MDK_M7.lib(gui_window.o)
    0x90007ddc   0x00000050   Code   RO         8108    i.GetWindowLong     emXGUI100_MDK_M7.lib(gui_window.o)
    0x90007e2c   0x00000004   Code   RO         8109    i.GetWindowMsgQ     emXGUI100_MDK_M7.lib(gui_window.o)
    0x90007e30   0x0000002c   Code   RO         8111    i.GetWindowRect     emXGUI100_MDK_M7.lib(gui_window.o)
    0x90007e5c   0x000001f0   Code   RO         5885    i.Goodix_TS_Work_Func  bsp_touch_gtxx.o
    0x9000804c   0x0000024c   Code   RO         1571    i.HAL_GPIO_Init     stm32h7xx_hal_gpio.o
    0x90008298   0x00000010   Code   RO         1573    i.HAL_GPIO_ReadPin  stm32h7xx_hal_gpio.o
    0x900082a8   0x0000000a   Code   RO         1575    i.HAL_GPIO_WritePin  stm32h7xx_hal_gpio.o
    0x900082b2   0x00000002   PAD
    0x900082b4   0x0000001c   Code   RO         5694    i.HAL_GetTick       core_delay.o
    0x900082d0   0x0000002c   Code   RO         5695    i.HAL_InitTick      core_delay.o
    0x900082fc   0x0000005e   Code   RO         2411    i.HAL_LTDC_ConfigLayer  stm32h7xx_hal_ltdc.o
    0x9000835a   0x00000002   PAD
    0x9000835c   0x0000011c   Code   RO         2428    i.HAL_LTDC_Init     stm32h7xx_hal_ltdc.o
    0x90008478   0x00000002   Code   RO         2431    i.HAL_LTDC_MspInit  stm32h7xx_hal_ltdc.o
    0x9000847a   0x00000002   PAD
    0x9000847c   0x00000044   Code   RO          566    i.HAL_NVIC_DisableIRQ  stm32h7xx_hal_cortex.o
    0x900084c0   0x00000020   Code   RO          567    i.HAL_NVIC_EnableIRQ  stm32h7xx_hal_cortex.o
    0x900084e0   0x0000007c   Code   RO          573    i.HAL_NVIC_SetPriority  stm32h7xx_hal_cortex.o
    0x9000855c   0x00000028   Code   RO          574    i.HAL_NVIC_SetPriorityGrouping  stm32h7xx_hal_cortex.o
    0x90008584   0x00000038   Code   RO         3725    i.HAL_RCCEx_GetD1SysClockFreq  stm32h7xx_hal_rcc_ex.o
    0x900085bc   0x0000002c   Code   RO         3726    i.HAL_RCCEx_GetD3PCLK1Freq  stm32h7xx_hal_rcc_ex.o
    0x900085e8   0x0000022c   Code   RO         3728    i.HAL_RCCEx_GetPLL2ClockFreq  stm32h7xx_hal_rcc_ex.o
    0x90008814   0x0000022c   Code   RO         3729    i.HAL_RCCEx_GetPLL3ClockFreq  stm32h7xx_hal_rcc_ex.o
    0x90008a40   0x00000c88   Code   RO         3733    i.HAL_RCCEx_PeriphCLKConfig  stm32h7xx_hal_rcc_ex.o
    0x900096c8   0x00000250   Code   RO         3616    i.HAL_RCC_ClockConfig  stm32h7xx_hal_rcc.o
    0x90009918   0x00000038   Code   RO         3620    i.HAL_RCC_GetHCLKFreq  stm32h7xx_hal_rcc.o
    0x90009950   0x0000002c   Code   RO         3622    i.HAL_RCC_GetPCLK1Freq  stm32h7xx_hal_rcc.o
    0x9000997c   0x0000002c   Code   RO         3623    i.HAL_RCC_GetPCLK2Freq  stm32h7xx_hal_rcc.o
    0x900099a8   0x00000244   Code   RO         3624    i.HAL_RCC_GetSysClockFreq  stm32h7xx_hal_rcc.o
    0x90009bec   0x000006bc   Code   RO         3627    i.HAL_RCC_OscConfig  stm32h7xx_hal_rcc.o
    0x9000a2a8   0x00000050   Code   RO         4093    i.HAL_SDRAM_Init    stm32h7xx_hal_sdram.o
    0x9000a2f8   0x00000002   Code   RO         4095    i.HAL_SDRAM_MspInit  stm32h7xx_hal_sdram.o
    0x9000a2fa   0x00000028   Code   RO         4096    i.HAL_SDRAM_ProgramRefreshRate  stm32h7xx_hal_sdram.o
    0x9000a322   0x0000003a   Code   RO         4102    i.HAL_SDRAM_SendCommand  stm32h7xx_hal_sdram.o
    0x9000a35c   0x00000078   Code   RO         4471    i.HAL_UART_Init     stm32h7xx_hal_uart.o
    0x9000a3d4   0x00000002   Code   RO         4473    i.HAL_UART_MspInit  stm32h7xx_hal_uart.o
    0x9000a3d6   0x000000c6   Code   RO         4479    i.HAL_UART_Transmit  stm32h7xx_hal_uart.o
    0x9000a49c   0x00000004   Code   RO         7716    i.HDC_Lock          emXGUI100_MDK_M7.lib(gui_gdi.o)
    0x9000a4a0   0x00000002   Code   RO         7717    i.HDC_Unlock        emXGUI100_MDK_M7.lib(gui_gdi.o)
    0x9000a4a2   0x0000004e   Code   RO         8381    i.HLine             emXGUI100_MDK_M7.lib(gd_line.o)
    0x9000a4f0   0x000000bc   Code   RO         5740    i.I2C_GPIO_Config   bsp_i2c_touch.o
    0x9000a5ac   0x00000050   Code   RO         5741    i.I2C_GTP_IRQDisable  bsp_i2c_touch.o
    0x9000a5fc   0x00000054   Code   RO         5742    i.I2C_GTP_IRQEnable  bsp_i2c_touch.o
    0x9000a650   0x0000004a   Code   RO         5744    i.I2C_ReadBytes     bsp_i2c_touch.o
    0x9000a69a   0x00000002   PAD
    0x9000a69c   0x00000080   Code   RO         5745    i.I2C_ResetChip     bsp_i2c_touch.o
    0x9000a71c   0x00000010   Code   RO         5746    i.I2C_Touch_Init    bsp_i2c_touch.o
    0x9000a72c   0x0000007e   Code   RO         5886    i.I2C_Transfer      bsp_touch_gtxx.o
    0x9000a7aa   0x00000066   Code   RO         5747    i.I2C_WriteBytes    bsp_i2c_touch.o
    0x9000a810   0x00000026   Code   RO         7822    i.InflateRect       emXGUI100_MDK_M7.lib(gui_region.o)
    0x9000a836   0x00000032   Code   RO         7823    i.InflateRectEx     emXGUI100_MDK_M7.lib(gui_region.o)
    0x9000a868   0x000000bc   Code   RO         7718    i.InitDC            emXGUI100_MDK_M7.lib(gui_gdi.o)
    0x9000a924   0x000000de   Code   RO         7824    i.InsertRECT_LL     emXGUI100_MDK_M7.lib(gui_region.o)
    0x9000aa02   0x0000007c   Code   RO         7825    i.IntersectRect     emXGUI100_MDK_M7.lib(gui_region.o)
    0x9000aa7e   0x00000032   Code   RO         8114    i.InvalidateRect    emXGUI100_MDK_M7.lib(gui_window.o)
    0x9000aab0   0x0000003c   Code   RO         7826    i.IsCoveredRect     emXGUI100_MDK_M7.lib(gui_region.o)
    0x9000aaec   0x0000000c   Code   RO         7719    i.IsEnableAlpha     emXGUI100_MDK_M7.lib(gui_gdi.o)
    0x9000aaf8   0x00000020   Code   RO         8115    i.IsEnableDragWindow  emXGUI100_MDK_M7.lib(gui_window.o)
    0x9000ab18   0x00000018   Code   RO         8116    i.IsHWND            emXGUI100_MDK_M7.lib(gui_window.o)
    0x9000ab30   0x0000000c   Code   RO         7720    i.IsMemDC           emXGUI100_MDK_M7.lib(gui_gdi.o)
    0x9000ab3c   0x00000018   Code   RO         7829    i.IsRectEmpty       emXGUI100_MDK_M7.lib(gui_region.o)
    0x9000ab54   0x00000036   Code   RO         8117    i.IsWindowEnabled   emXGUI100_MDK_M7.lib(gui_window.o)
    0x9000ab8a   0x00000002   PAD
    0x9000ab8c   0x00000024   Code   RO         5637    i.LCD_BackLed_Control  bsp_lcd.o
    0x9000abb0   0x0000000c   Code   RO         7375    i.LCD_BkLight       gui_lcd_port.o
    0x9000abbc   0x00000030   Code   RO         5638    i.LCD_ClockConfig   bsp_lcd.o
    0x9000abec   0x00000518   Code   RO         5639    i.LCD_GPIO_Config   bsp_lcd.o
    0x9000b104   0x00000010   Code   RO         7376    i.LCD_HardInit      gui_lcd_port.o
    0x9000b114   0x00000268   Code   RO         5640    i.LCD_Init          bsp_lcd.o
    0x9000b37c   0x000000a4   Code   RO         5641    i.LCD_LayerInit     bsp_lcd.o
    0x9000b420   0x000000a4   Code   RO         5507    i.LED_GPIO_Config   bsp_led.o
    0x9000b4c4   0x00000212   Code   RO         2447    i.LTDC_SetConfig    stm32h7xx_hal_ltdc.o
    0x9000b6d6   0x00000336   Code   RO         8382    i.Line              emXGUI100_MDK_M7.lib(gd_line.o)
    0x9000ba0c   0x00000018   Code   RO         7728    i.MapRGB            emXGUI100_MDK_M7.lib(gui_gdi.o)
    0x9000ba24   0x0000000a   Code   RO         7733    i.MapXRGB8888       emXGUI100_MDK_M7.lib(gui_gdi.o)
    0x9000ba2e   0x00000004   Code   RO         5444    i.MemManage_Handler  stm32h7xx_it.o
    0x9000ba32   0x00000002   PAD
    0x9000ba34   0x00000280   Code   RO         8003    i.MouseEventHandler  emXGUI100_MDK_M7.lib(gui_input.o)
    0x9000bcb4   0x000000cc   Code   RO         8004    i.MouseInput        emXGUI100_MDK_M7.lib(gui_input.o)
    0x9000bd80   0x000001b0   Code   RO         8005    i.MouseInputHandler  emXGUI100_MDK_M7.lib(gui_input.o)
    0x9000bf30   0x00000002   Code   RO         5445    i.NMI_Handler       stm32h7xx_it.o
    0x9000bf32   0x00000186   Code   RO         8027    i.PeekMessage       emXGUI100_MDK_M7.lib(gui_message.o)
    0x9000c0b8   0x0000003a   Code   RO         8029    i.PostCloseMessage  emXGUI100_MDK_M7.lib(gui_message.o)
    0x9000c0f2   0x00000126   Code   RO         8030    i.PostMessage       emXGUI100_MDK_M7.lib(gui_message.o)
    0x9000c218   0x00000036   Code   RO         8031    i.PostQuitMessage   emXGUI100_MDK_M7.lib(gui_message.o)
    0x9000c24e   0x00000002   PAD
    0x9000c250   0x000000f8   Code   RO         3736    i.RCCEx_PLL2_Config  stm32h7xx_hal_rcc_ex.o
    0x9000c348   0x000000f8   Code   RO         3737    i.RCCEx_PLL3_Config  stm32h7xx_hal_rcc_ex.o
    0x9000c440   0x00000004   Code   RO         7836    i.RECT_LLAddRect    emXGUI100_MDK_M7.lib(gui_region.o)
    0x9000c444   0x00000034   Code   RO         8346    i.RGB32_AVG         emXGUI100_MDK_M7.lib(gui_core.o)
    0x9000c478   0x00000046   Code   RO         8347    i.RGB32_Offset      emXGUI100_MDK_M7.lib(gui_core.o)
    0x9000c4be   0x000000ee   Code   RO         7840    i.RGN_SubtractRect  emXGUI100_MDK_M7.lib(gui_region.o)
    0x9000c5ac   0x00000174   Code   RO         8122    i.ReleaseDC         emXGUI100_MDK_M7.lib(gui_window.o)
    0x9000c720   0x0000009c   Code   RO         5302    i.SCB_EnableDCache  main.o
    0x9000c7bc   0x0000007c   Code   RO         5303    i.SCB_EnableICache  main.o
    0x9000c838   0x000008f0   Code   RO         5576    i.SDRAM_GPIO_Config  bsp_sdram.o
    0x9000d128   0x000000c0   Code   RO         5577    i.SDRAM_Init        bsp_sdram.o
    0x9000d1e8   0x00000090   Code   RO         5578    i.SDRAM_InitSequence  bsp_sdram.o
    0x9000d278   0x00000024   Code   RO         5582    i.SDRAM_delay       bsp_sdram.o
    0x9000d29c   0x00000028   Code   RO         8123    i.ScreenToClient    emXGUI100_MDK_M7.lib(gui_window.o)
    0x9000d2c4   0x00000040   Code   RO         8124    i.ScreenToWindow    emXGUI100_MDK_M7.lib(gui_window.o)
    0x9000d304   0x0000009e   Code   RO         8032    i.SendMessage       emXGUI100_MDK_M7.lib(gui_message.o)
    0x9000d3a2   0x00000008   Code   RO         7738    i.SetBrushColor     emXGUI100_MDK_M7.lib(gui_gdi.o)
    0x9000d3aa   0x0000001c   Code   RO         7659    i.SetCursorPos      emXGUI100_MDK_M7.lib(gui_cursor.o)
    0x9000d3c6   0x00000002   PAD
    0x9000d3c8   0x00000024   Code   RO         7676    i.SetFont           emXGUI100_MDK_M7.lib(gui_font.o)
    0x9000d3ec   0x00000174   Code   RO         8127    i.SetForegroundWindow  emXGUI100_MDK_M7.lib(gui_window.o)
    0x9000d560   0x00000008   Code   RO         7741    i.SetPenColor       emXGUI100_MDK_M7.lib(gui_gdi.o)
    0x9000d568   0x00000004   Code   RO         8411    i.SetPixel          emXGUI100_MDK_M7.lib(gd_pixel.o)
    0x9000d56c   0x00000008   Code   RO         7745    i.SetTextColor      emXGUI100_MDK_M7.lib(gui_gdi.o)
    0x9000d574   0x000000d4   Code   RO         8066    i.SetTimer          emXGUI100_MDK_M7.lib(gui_timer.o)
    0x9000d648   0x0000003e   Code   RO         8133    i.SetWindowPos      emXGUI100_MDK_M7.lib(gui_window.o)
    0x9000d686   0x00000018   Code   RO         7660    i.ShowCursor        emXGUI100_MDK_M7.lib(gui_cursor.o)
    0x9000d69e   0x00000088   Code   RO         8137    i.ShowWindow        emXGUI100_MDK_M7.lib(gui_window.o)
    0x9000d726   0x00000104   Code   RO         7852    i.SubtractRectEx    emXGUI100_MDK_M7.lib(gui_region.o)
    0x9000d82a   0x00000002   PAD
    0x9000d82c   0x00000020   Code   RO         8451    i.SurfaceInit_ARGB4444  emXGUI100_MDK_M7.lib(surface_argb4444.o)
    0x9000d84c   0x00000020   Code   RO         8467    i.SurfaceInit_ARGB8888  emXGUI100_MDK_M7.lib(surface_argb8888.o)
    0x9000d86c   0x00000020   Code   RO         8490    i.SurfaceInit_RGB332  emXGUI100_MDK_M7.lib(surface_rgb332.o)
    0x9000d88c   0x00000020   Code   RO         8513    i.SurfaceInit_RGB565  emXGUI100_MDK_M7.lib(surface_rgb565.o)
    0x9000d8ac   0x00000020   Code   RO         8536    i.SurfaceInit_XRGB8888  emXGUI100_MDK_M7.lib(surface_xrgb8888.o)
    0x9000d8cc   0x00000010   Code   RO         5446    i.SysTick_Handler   stm32h7xx_it.o
    0x9000d8dc   0x000000bc   Code   RO         5304    i.SystemClock_Config  main.o
    0x9000d998   0x00000094   Code   RO           14    i.SystemInit        system_stm32h7xx.o
    0x9000da2c   0x00000008   Code   RO         5305    i.Test1_Task        main.o
    0x9000da34   0x00000070   Code   RO         5306    i.Test2_Task        main.o
    0x9000daa4   0x00000040   Code   RO         7991    i.TextOut           emXGUI100_MDK_M7.lib(gd_text.o)
    0x9000dae4   0x00000038   Code   RO         7573    i.TouchDev_GetPoint  gui_touch_port.o
    0x9000db1c   0x00000010   Code   RO         7574    i.TouchDev_Init     gui_touch_port.o
    0x9000db2c   0x00000054   Code   RO         8033    i.TranslateMessage  emXGUI100_MDK_M7.lib(gui_message.o)
    0x9000db80   0x000000ea   Code   RO         4484    i.UART_AdvFeatureConfig  stm32h7xx_hal_uart.o
    0x9000dc6a   0x00000074   Code   RO         4485    i.UART_CheckIdleState  stm32h7xx_hal_uart.o
    0x9000dcde   0x00000002   PAD
    0x9000dce0   0x000009a4   Code   RO         4500    i.UART_SetConfig    stm32h7xx_hal_uart.o
    0x9000e684   0x0000006c   Code   RO         4502    i.UART_WaitOnFlagUntilTimeout  stm32h7xx_hal_uart.o
    0x9000e6f0   0x000000cc   Code   RO         5533    i.UARTx_Config      bsp_usart.o
    0x9000e7bc   0x0000002a   Code   RO         8138    i.UpdateWindow      emXGUI100_MDK_M7.lib(gui_window.o)
    0x9000e7e6   0x00000004   Code   RO         5447    i.UsageFault_Handler  stm32h7xx_it.o
    0x9000e7ea   0x0000004c   Code   RO         8385    i.VLine             emXGUI100_MDK_M7.lib(gd_line.o)
    0x9000e836   0x00000002   PAD
    0x9000e838   0x00000024   Code   RO         8141    i.WIN_Lock          emXGUI100_MDK_M7.lib(gui_window.o)
    0x9000e85c   0x0000003c   Code   RO         8142    i.WIN_Unlock        emXGUI100_MDK_M7.lib(gui_window.o)
    0x9000e898   0x0000000c   Code   RO         7944    i.XFT_CreateFont    emXGUI100_MDK_M7.lib(gui_font_xft.o)
    0x9000e8a4   0x00000134   Code   RO         7925    i.X_GUI_Init        emXGUI100_MDK_M7.lib(x_gui.o)
    0x9000e9d8   0x0000015a   Code   RO         8144    i._CalculateWindowClipRgn  emXGUI100_MDK_M7.lib(gui_window.o)
    0x9000eb32   0x0000002a   Code   RO         8145    i._ClientToScreen   emXGUI100_MDK_M7.lib(gui_window.o)
    0x9000eb5c   0x00000012   Code   RO         7855    i._CopyRect         emXGUI100_MDK_M7.lib(gui_region.o)
    0x9000eb6e   0x00000002   PAD
    0x9000eb70   0x000000b0   Code   RO         8295    i._CursorHide       emXGUI100_MDK_M7.lib(gl_cursor.o)
    0x9000ec20   0x0000009c   Code   RO         8296    i._CursorShow       emXGUI100_MDK_M7.lib(gl_cursor.o)
    0x9000ecbc   0x0000027c   Code   RO         8374    i._DrawArc          emXGUI100_MDK_M7.lib(gd_arc.o)
    0x9000ef38   0x00000024   Code   RO         7677    i._DrawChar         emXGUI100_MDK_M7.lib(gui_font.o)
    0x9000ef5c   0x0000017e   Code   RO         7968    i._DrawRoundRect1   emXGUI100_MDK_M7.lib(gd_rect.o)
    0x9000f0da   0x000000f4   Code   RO         7969    i._DrawRoundRectEx  emXGUI100_MDK_M7.lib(gd_rect.o)
    0x9000f1ce   0x0000006a   Code   RO         7992    i._DrawString       emXGUI100_MDK_M7.lib(gd_text.o)
    0x9000f238   0x000000d4   Code   RO         7612    i._EraseBackgnd     gui_desktop.o
    0x9000f30c   0x000000a4   Code   RO         8761    i._FillPolygon      emXGUI100_MDK_M7.lib(gd_polygon.o)
    0x9000f3b0   0x000001a4   Code   RO         8429    i._FlushLine        emXGUI100_MDK_M7.lib(gui_aa_core.o)
    0x9000f554   0x0000001e   Code   RO         8468    i._GetARGB          emXGUI100_MDK_M7.lib(surface_argb8888.o)
    0x9000f572   0x00000024   Code   RO         8491    i._GetARGB          emXGUI100_MDK_M7.lib(surface_rgb332.o)
    0x9000f596   0x0000002a   Code   RO         8514    i._GetARGB          emXGUI100_MDK_M7.lib(surface_rgb565.o)
    0x9000f5c0   0x0000001e   Code   RO         8537    i._GetARGB          emXGUI100_MDK_M7.lib(surface_xrgb8888.o)
    0x9000f5de   0x0000005a   Code   RO         8150    i._GetCaptionRect   emXGUI100_MDK_M7.lib(gui_window.o)
    0x9000f638   0x00000054   Code   RO         8152    i._GetCloseBoxRect  emXGUI100_MDK_M7.lib(gui_window.o)
    0x9000f68c   0x0000000a   Code   RO         7679    i._GetFontInfo      emXGUI100_MDK_M7.lib(gui_font.o)
    0x9000f696   0x00000010   Code   RO         8469    i._GetRGB           emXGUI100_MDK_M7.lib(surface_argb8888.o)
    0x9000f6a6   0x00000018   Code   RO         8492    i._GetRGB           emXGUI100_MDK_M7.lib(surface_rgb332.o)
    0x9000f6be   0x00000022   Code   RO         8515    i._GetRGB           emXGUI100_MDK_M7.lib(surface_rgb565.o)
    0x9000f6e0   0x00000010   Code   RO         8538    i._GetRGB           emXGUI100_MDK_M7.lib(surface_xrgb8888.o)
    0x9000f6f0   0x00000076   Code   RO         8154    i._GetWindow        emXGUI100_MDK_M7.lib(gui_window.o)
    0x9000f766   0x000000a2   Code   RO         8155    i._GetWindowClipRgn  emXGUI100_MDK_M7.lib(gui_window.o)
    0x9000f808   0x0000009a   Code   RO         8156    i._GetWindowFromPoint  emXGUI100_MDK_M7.lib(gui_window.o)
    0x9000f8a2   0x00000012   Code   RO         8157    i._GetWindowRect    emXGUI100_MDK_M7.lib(gui_window.o)
    0x9000f8b4   0x000000e8   Code   RO         8158    i._HideWindow       emXGUI100_MDK_M7.lib(gui_window.o)
    0x9000f99c   0x0000001e   Code   RO         7856    i._InflateRect      emXGUI100_MDK_M7.lib(gui_region.o)
    0x9000f9ba   0x00000002   PAD
    0x9000f9bc   0x00000138   Code   RO         8159    i._InitWindow       emXGUI100_MDK_M7.lib(gui_window.o)
    0x9000faf4   0x00000114   Code   RO         8160    i._InsertInvRect    emXGUI100_MDK_M7.lib(gui_window.o)
    0x9000fc08   0x00000072   Code   RO         7857    i._IntersectRect    emXGUI100_MDK_M7.lib(gui_region.o)
    0x9000fc7a   0x0000000c   Code   RO         8161    i._IsChild          emXGUI100_MDK_M7.lib(gui_window.o)
    0x9000fc86   0x0000000e   Code   RO         8430    i._IsEnableAA       emXGUI100_MDK_M7.lib(gui_aa_core.o)
    0x9000fc94   0x0000003e   Code   RO         7858    i._IsIntersectRect  emXGUI100_MDK_M7.lib(gui_region.o)
    0x9000fcd2   0x0000001c   Code   RO         8166    i._IsWindowVisible  emXGUI100_MDK_M7.lib(gui_window.o)
    0x9000fcee   0x00000040   Code   RO         7750    i._LPtoDP           emXGUI100_MDK_M7.lib(gui_gdi.o)
    0x9000fd2e   0x0000000e   Code   RO         8470    i._MapARGB          emXGUI100_MDK_M7.lib(surface_argb8888.o)
    0x9000fd3c   0x00000010   Code   RO         8493    i._MapARGB          emXGUI100_MDK_M7.lib(surface_rgb332.o)
    0x9000fd4c   0x00000010   Code   RO         8516    i._MapARGB          emXGUI100_MDK_M7.lib(surface_rgb565.o)
    0x9000fd5c   0x0000000e   Code   RO         8539    i._MapARGB          emXGUI100_MDK_M7.lib(surface_xrgb8888.o)
    0x9000fd6a   0x0000000e   Code   RO         8471    i._MapRGB           emXGUI100_MDK_M7.lib(surface_argb8888.o)
    0x9000fd78   0x00000010   Code   RO         8494    i._MapRGB           emXGUI100_MDK_M7.lib(surface_rgb332.o)
    0x9000fd88   0x00000010   Code   RO         8517    i._MapRGB           emXGUI100_MDK_M7.lib(surface_rgb565.o)
    0x9000fd98   0x0000000a   Code   RO         8540    i._MapRGB           emXGUI100_MDK_M7.lib(surface_xrgb8888.o)
    0x9000fda2   0x0000001c   Code   RO         8472    i._MapRGB332        emXGUI100_MDK_M7.lib(surface_argb8888.o)
    0x9000fdbe   0x00000002   Code   RO         8495    i._MapRGB332        emXGUI100_MDK_M7.lib(surface_rgb332.o)
    0x9000fdc0   0x0000001e   Code   RO         8518    i._MapRGB332        emXGUI100_MDK_M7.lib(surface_rgb565.o)
    0x9000fdde   0x00000018   Code   RO         8541    i._MapRGB332        emXGUI100_MDK_M7.lib(surface_xrgb8888.o)
    0x9000fdf6   0x0000001e   Code   RO         8473    i._MapRGB565        emXGUI100_MDK_M7.lib(surface_argb8888.o)
    0x9000fe14   0x00000016   Code   RO         8496    i._MapRGB565        emXGUI100_MDK_M7.lib(surface_rgb332.o)
    0x9000fe2a   0x00000002   Code   RO         8519    i._MapRGB565        emXGUI100_MDK_M7.lib(surface_rgb565.o)
    0x9000fe2c   0x0000001a   Code   RO         8542    i._MapRGB565        emXGUI100_MDK_M7.lib(surface_xrgb8888.o)
    0x9000fe46   0x0000001c   Code   RO         8474    i._MapXRGB1555      emXGUI100_MDK_M7.lib(surface_argb8888.o)
    0x9000fe62   0x00000016   Code   RO         8497    i._MapXRGB1555      emXGUI100_MDK_M7.lib(surface_rgb332.o)
    0x9000fe78   0x00000018   Code   RO         8520    i._MapXRGB1555      emXGUI100_MDK_M7.lib(surface_rgb565.o)
    0x9000fe90   0x00000018   Code   RO         8543    i._MapXRGB1555      emXGUI100_MDK_M7.lib(surface_xrgb8888.o)
    0x9000fea8   0x0000001c   Code   RO         8475    i._MapXRGB4444      emXGUI100_MDK_M7.lib(surface_argb8888.o)
    0x9000fec4   0x00000016   Code   RO         8498    i._MapXRGB4444      emXGUI100_MDK_M7.lib(surface_rgb332.o)
    0x9000feda   0x00000018   Code   RO         8521    i._MapXRGB4444      emXGUI100_MDK_M7.lib(surface_rgb565.o)
    0x9000fef2   0x00000018   Code   RO         8544    i._MapXRGB4444      emXGUI100_MDK_M7.lib(surface_xrgb8888.o)
    0x9000ff0a   0x00000006   Code   RO         8476    i._MapXRGB8888      emXGUI100_MDK_M7.lib(surface_argb8888.o)
    0x9000ff10   0x00000016   Code   RO         8499    i._MapXRGB8888      emXGUI100_MDK_M7.lib(surface_rgb332.o)
    0x9000ff26   0x00000016   Code   RO         8522    i._MapXRGB8888      emXGUI100_MDK_M7.lib(surface_rgb565.o)
    0x9000ff3c   0x00000002   Code   RO         8545    i._MapXRGB8888      emXGUI100_MDK_M7.lib(surface_xrgb8888.o)
    0x9000ff3e   0x0000000e   Code   RO         7859    i._OffsetRect       emXGUI100_MDK_M7.lib(gui_region.o)
    0x9000ff4c   0x00000046   Code   RO         8167    i._OffsetWindowRect  emXGUI100_MDK_M7.lib(gui_window.o)
    0x9000ff92   0x0000003a   Code   RO         7861    i._PosInRgn         emXGUI100_MDK_M7.lib(gui_region.o)
    0x9000ffcc   0x00000058   Code   RO         8035    i._PostFlushMessage  emXGUI100_MDK_M7.lib(gui_message.o)
    0x90010024   0x0000002a   Code   RO         8037    i._PostNCPaintMessage  emXGUI100_MDK_M7.lib(gui_message.o)
    0x9001004e   0x00000020   Code   RO         8038    i._PostPaintMessage  emXGUI100_MDK_M7.lib(gui_message.o)
    0x9001006e   0x0000002a   Code   RO         7862    i._PtInRect         emXGUI100_MDK_M7.lib(gui_region.o)
    0x90010098   0x00000136   Code   RO         8168    i._RedrawWindow     emXGUI100_MDK_M7.lib(gui_window.o)
    0x900101ce   0x0000002e   Code   RO         8169    i._ScreenToClient   emXGUI100_MDK_M7.lib(gui_window.o)
    0x900101fc   0x0000002e   Code   RO         8170    i._ScreenToWindow   emXGUI100_MDK_M7.lib(gui_window.o)
    0x9001022a   0x00000032   Code   RO         8171    i._SendMessage_WM_MOVE_AllChild  emXGUI100_MDK_M7.lib(gui_window.o)
    0x9001025c   0x00000032   Code   RO         8172    i._SendMessage_WM_SIZE_AllChild  emXGUI100_MDK_M7.lib(gui_window.o)
    0x9001028e   0x0000004a   Code   RO         7752    i._SetDrawRect      emXGUI100_MDK_M7.lib(gui_gdi.o)
    0x900102d8   0x0000000c   Code   RO         7864    i._SetRectEmpty     emXGUI100_MDK_M7.lib(gui_region.o)
    0x900102e4   0x0000008c   Code   RO         8173    i._SetWindowClipFlag  emXGUI100_MDK_M7.lib(gui_window.o)
    0x90010370   0x00000338   Code   RO         8175    i._SetWindowPos     emXGUI100_MDK_M7.lib(gui_window.o)
    0x900106a8   0x0000009a   Code   RO         8176    i._SetWindowSize    emXGUI100_MDK_M7.lib(gui_window.o)
    0x90010742   0x00000002   PAD
    0x90010744   0x00000054   Code   RO         8177    i._SetWindowToTop   emXGUI100_MDK_M7.lib(gui_window.o)
    0x90010798   0x00000040   Code   RO         8178    i._ShowWindow       emXGUI100_MDK_M7.lib(gui_window.o)
    0x900107d8   0x00000002   Code   RO         8477    i._ToARGB           emXGUI100_MDK_M7.lib(surface_argb8888.o)
    0x900107da   0x0000001c   Code   RO         8500    i._ToARGB           emXGUI100_MDK_M7.lib(surface_rgb332.o)
    0x900107f6   0x0000001e   Code   RO         8523    i._ToARGB           emXGUI100_MDK_M7.lib(surface_rgb565.o)
    0x90010814   0x00000002   Code   RO         8546    i._ToARGB           emXGUI100_MDK_M7.lib(surface_xrgb8888.o)
    0x90010816   0x00000002   PAD
    0x90010818   0x00000078   Code   RO         8179    i._WindowCleanup    emXGUI100_MDK_M7.lib(gui_window.o)
    0x90010890   0x0000002a   Code   RO         8180    i._WindowToScreen   emXGUI100_MDK_M7.lib(gui_window.o)
    0x900108ba   0x00000002   PAD
    0x900108bc   0x000001c4   Code   RO         8386    i._Wu_DrawBoldLine  emXGUI100_MDK_M7.lib(gd_line.o)
    0x90010a80   0x0000013c   Code   RO         8387    i._Wu_DrawLine      emXGUI100_MDK_M7.lib(gd_line.o)
    0x90010bbc   0x00000020   Code   RO         9140    i.__0printf$8       mc_w.l(printf8.o)
    0x90010bdc   0x00000028   Code   RO         9142    i.__0sprintf$8      mc_w.l(printf8.o)
    0x90010c04   0x00000030   Code   RO         9333    i.__ARM_fpclassify  m_wv.l(fpclassify.o)
    0x90010c34   0x00000010   Code   RO          580    i.__NVIC_GetPriorityGrouping  stm32h7xx_hal_cortex.o
    0x90010c44   0x00000028   Code   RO          581    i.__NVIC_SetPriority  stm32h7xx_hal_cortex.o
    0x90010c6c   0x000000f2   Code   RO         8661    i.__blend_argb      emXGUI100_MDK_M7.lib(gl_mem_16bpp.o)
    0x90010d5e   0x000000f2   Code   RO         8724    i.__blend_argb      emXGUI100_MDK_M7.lib(gl_mem_32bpp.o)
    0x90010e50   0x0000003e   Code   RO         7945    i.__create_font     emXGUI100_MDK_M7.lib(gui_font_xft.o)
    0x90010e8e   0x0000000a   Code   RO         7946    i.__delete_font     emXGUI100_MDK_M7.lib(gui_font_xft.o)
    0x90010e98   0x00000120   Code   RO         7947    i.__draw_char       emXGUI100_MDK_M7.lib(gui_font_xft.o)
    0x90010fb8   0x00000080   Code   RO         7948    i.__get_char_info   emXGUI100_MDK_M7.lib(gui_font_xft.o)
    0x90011038   0x0000000c   Code   RO         7949    i.__get_font_info   emXGUI100_MDK_M7.lib(gui_font_xft.o)
    0x90011044   0x00000004   PAD
    0x90011048   0x000000f0   Code   RO         8876    i.__hardfp_ceil     m_wv.l(ceil.o)
    0x90011138   0x000000b0   Code   RO         8882    i.__hardfp_cos      m_wv.l(cos.o)
    0x900111e8   0x000000f0   Code   RO         8894    i.__hardfp_floor    m_wv.l(floor.o)
    0x900112d8   0x000000b0   Code   RO         8900    i.__hardfp_sin      m_wv.l(sin.o)
    0x90011388   0x00000310   Code   RO         9275    i.__ieee754_rem_pio2  m_wv.l(rred.o)
    0x90011698   0x000000e0   Code   RO         9258    i.__kernel_cos      m_wv.l(cos_i.o)
    0x90011778   0x00000070   Code   RO         9335    i.__kernel_poly     m_wv.l(poly.o)
    0x900117e8   0x000000a8   Code   RO         9280    i.__kernel_sin      m_wv.l(sin_i.o)
    0x90011890   0x00000018   Code   RO         9264    i.__mathlib_dbl_invalid  m_wv.l(dunder.o)
    0x900118a8   0x00000018   Code   RO         9267    i.__mathlib_dbl_underflow  m_wv.l(dunder.o)
    0x900118c0   0x0000000c   Code   RO         9313    i.__set_errno       mc_w.l(errno.o)
    0x900118cc   0x00000410   Code   RO         9147    i._printf_core      mc_w.l(printf8.o)
    0x90011cdc   0x00000024   Code   RO         9148    i._printf_post_padding  mc_w.l(printf8.o)
    0x90011d00   0x0000002e   Code   RO         9149    i._printf_pre_padding  mc_w.l(printf8.o)
    0x90011d2e   0x0000000a   Code   RO         9151    i._sputc            mc_w.l(printf8.o)
    0x90011d38   0x00000010   Code   RO         8878    i.ceil              m_wv.l(ceil.o)
    0x90011d48   0x00000128   Code   RO         6908    i.cm_backtrace_call_stack  cm_backtrace.o
    0x90011e70   0x000002c4   Code   RO         6909    i.cm_backtrace_fault  cm_backtrace.o
    0x90012134   0x0000002c   Code   RO         6910    i.cm_backtrace_firmware_info  cm_backtrace.o
    0x90012160   0x00000080   Code   RO         6911    i.cm_backtrace_init  cm_backtrace.o
    0x900121e0   0x00000010   Code   RO         8884    i.cos               m_wv.l(cos.o)
    0x900121f0   0x000000bc   Code   RO         7613    i.desktop_proc      gui_desktop.o
    0x900122ac   0x000000fc   Code   RO         8564    i.draw_window_frame  emXGUI100_MDK_M7.lib(gui_face.o)
    0x900123a8   0x000000d0   Code   RO         6912    i.dump_stack        cm_backtrace.o
    0x90012478   0x00000018   Code   RO         9329    i.fabs              m_wv.l(fabs.o)
    0x90012490   0x00000308   Code   RO         6913    i.fault_diagnosis   cm_backtrace.o
    0x90012798   0x00000010   Code   RO         8896    i.floor             m_wv.l(floor.o)
    0x900127a8   0x0000001c   Code   RO         5535    i.fputc             bsp_usart.o
    0x900127c4   0x00000050   Code   RO         9194    i.free              mc_w.l(malloc.o)
    0x90012814   0x0000005a   Code   RO         7970    i.gdDraw3DRect      emXGUI100_MDK_M7.lib(gd_rect.o)
    0x9001286e   0x0000024a   Code   RO         8764    i.gdFillPolygon     emXGUI100_MDK_M7.lib(gd_polygon.o)
    0x90012ab8   0x00000120   Code   RO         7973    i.gdFillRect        emXGUI100_MDK_M7.lib(gd_rect.o)
    0x90012bd8   0x000001b8   Code   RO         7974    i.gdFillRoundRect   emXGUI100_MDK_M7.lib(gd_rect.o)
    0x90012d90   0x00000136   Code   RO         8388    i.gdHLine           emXGUI100_MDK_M7.lib(gd_line.o)
    0x90012ec6   0x00000110   Code   RO         8389    i.gdLine            emXGUI100_MDK_M7.lib(gd_line.o)
    0x90012fd6   0x000000a2   Code   RO         8414    i.gdSetPixel        emXGUI100_MDK_M7.lib(gd_pixel.o)
    0x90013078   0x00000076   Code   RO         8415    i.gdSetPixelARGB    emXGUI100_MDK_M7.lib(gd_pixel.o)
    0x900130ee   0x00000134   Code   RO         8392    i.gdVLine           emXGUI100_MDK_M7.lib(gd_line.o)
    0x90013222   0x00000008   Code   RO         6914    i.get_cur_thread_name  cm_backtrace.o
    0x9001322a   0x00000002   PAD
    0x9001322c   0x00000080   Code   RO         6915    i.get_cur_thread_stack_info  cm_backtrace.o
    0x900132ac   0x0000000c   Code   RO         7614    i.gui_app_thread    gui_desktop.o
    0x900132b8   0x0000003c   Code   RO         5748    i.i2c_Ack           bsp_i2c_touch.o
    0x900132f4   0x0000000e   Code   RO         5749    i.i2c_Delay         bsp_i2c_touch.o
    0x90013302   0x00000002   PAD
    0x90013304   0x00000034   Code   RO         5750    i.i2c_NAck          bsp_i2c_touch.o
    0x90013338   0x00000048   Code   RO         5751    i.i2c_ReadByte      bsp_i2c_touch.o
    0x90013380   0x00000064   Code   RO         5752    i.i2c_SendByte      bsp_i2c_touch.o
    0x900133e4   0x0000003c   Code   RO         5753    i.i2c_Start         bsp_i2c_touch.o
    0x90013420   0x0000002c   Code   RO         5754    i.i2c_Stop          bsp_i2c_touch.o
    0x9001344c   0x00000044   Code   RO         5755    i.i2c_WaitAck       bsp_i2c_touch.o
    0x90013490   0x00000040   Code   RO         5307    i.main              main.o
    0x900134d0   0x0000006c   Code   RO         9195    i.malloc            mc_w.l(malloc.o)
    0x9001353c   0x00000098   Code   RO         6916    i.print_call_stack  cm_backtrace.o
    0x900135d4   0x00000098   Code   RO         6395    i.prvAddCurrentTaskToDelayedList  tasks.o
    0x9001366c   0x000000b4   Code   RO         6396    i.prvAddNewTaskToReadyList  tasks.o
    0x90013720   0x00000064   Code   RO         6397    i.prvCheckTasksWaitingTermination  tasks.o
    0x90013784   0x0000002a   Code   RO         6205    i.prvCopyDataFromQueue  queue.o
    0x900137ae   0x0000007c   Code   RO         6206    i.prvCopyDataToQueue  queue.o
    0x9001382a   0x00000012   Code   RO         6398    i.prvDeleteTCB      tasks.o
    0x9001383c   0x0000007c   Code   RO         6754    i.prvHeapInit       heap_4.o
    0x900138b8   0x00000028   Code   RO         6399    i.prvIdleTask       tasks.o
    0x900138e0   0x0000001c   Code   RO         6207    i.prvInitialiseMutex  queue.o
    0x900138fc   0x00000026   Code   RO         6208    i.prvInitialiseNewQueue  queue.o
    0x90013922   0x00000002   PAD
    0x90013924   0x000000d0   Code   RO         6400    i.prvInitialiseNewTask  tasks.o
    0x900139f4   0x00000068   Code   RO         6401    i.prvInitialiseTaskLists  tasks.o
    0x90013a5c   0x00000068   Code   RO         6755    i.prvInsertBlockIntoFreeList  heap_4.o
    0x90013ac4   0x0000001a   Code   RO         6209    i.prvIsQueueEmpty   queue.o
    0x90013ade   0x0000001e   Code   RO         6210    i.prvIsQueueFull    queue.o
    0x90013afc   0x00000034   Code   RO         6402    i.prvResetNextTaskUnblockTime  tasks.o
    0x90013b30   0x0000007c   Code   RO         6817    i.prvTaskExitError  port.o
    0x90013bac   0x0000007e   Code   RO         6211    i.prvUnlockQueue    queue.o
    0x90013c2a   0x00000002   PAD
    0x90013c2c   0x00000154   Code   RO         6756    i.pvPortMalloc      heap_4.o
    0x90013d80   0x00000020   Code   RO         6404    i.pvTaskIncrementMutexHeldCount  tasks.o
    0x90013da0   0x0000002c   Code   RO         6818    i.pxPortInitialiseStack  port.o
    0x90013dcc   0x00000010   Code   RO         8902    i.sin               m_wv.l(sin.o)
    0x90013ddc   0x00000250   Code   RO         8393    i.solid_line        emXGUI100_MDK_M7.lib(gd_line.o)
    0x9001402c   0x00000024   Code   RO         6917    i.statck_del_fpu_regs  cm_backtrace.o
    0x90014050   0x00000028   Code   RO         6154    i.uxListRemove      list.o
    0x90014078   0x0000001a   Code   RO         6155    i.vListInitialise   list.o
    0x90014092   0x00000006   Code   RO         6156    i.vListInitialiseItem  list.o
    0x90014098   0x00000034   Code   RO         6157    i.vListInsert       list.o
    0x900140cc   0x00000018   Code   RO         6158    i.vListInsertEnd    list.o
    0x900140e4   0x00000090   Code   RO         6820    i.vPortEnterCritical  port.o
    0x90014174   0x00000074   Code   RO         6821    i.vPortExitCritical  port.o
    0x900141e8   0x000000b8   Code   RO         6757    i.vPortFree         heap_4.o
    0x900142a0   0x00000020   Code   RO         6822    i.vPortSetupTimerInterrupt  port.o
    0x900142c0   0x00000050   Code   RO         6216    i.vQueueDelete      queue.o
    0x90014310   0x00000030   Code   RO         6217    i.vQueueUnregisterQueue  queue.o
    0x90014340   0x0000007c   Code   RO         6410    i.vTaskDelay        tasks.o
    0x900143bc   0x00000114   Code   RO         6412    i.vTaskDelete       tasks.o
    0x900144d0   0x0000000c   Code   RO         6414    i.vTaskMissedYield  tasks.o
    0x900144dc   0x0000000c   Code   RO         6415    i.vTaskName         tasks.o
    0x900144e8   0x0000005c   Code   RO         6417    i.vTaskPlaceOnEventList  tasks.o
    0x90014544   0x000000b0   Code   RO         6419    i.vTaskPriorityInherit  tasks.o
    0x900145f4   0x00000054   Code   RO         6422    i.vTaskSetTimeOutState  tasks.o
    0x90014648   0x0000000c   Code   RO         6423    i.vTaskStackAddr    tasks.o
    0x90014654   0x0000000c   Code   RO         6424    i.vTaskStackSize    tasks.o
    0x90014660   0x000000b0   Code   RO         6425    i.vTaskStartScheduler  tasks.o
    0x90014710   0x00000010   Code   RO         6427    i.vTaskSuspendAll   tasks.o
    0x90014720   0x000000b0   Code   RO         6428    i.vTaskSwitchContext  tasks.o
    0x900147d0   0x00000118   Code   RO         6824    i.xPortStartScheduler  port.o
    0x900148e8   0x00000038   Code   RO         6825    i.xPortSysTickHandler  port.o
    0x90014920   0x00000074   Code   RO         6218    i.xQueueCreateCountingSemaphore  queue.o
    0x90014994   0x00000022   Code   RO         6219    i.xQueueCreateMutex  queue.o
    0x900149b6   0x00000002   PAD
    0x900149b8   0x0000007c   Code   RO         6220    i.xQueueGenericCreate  queue.o
    0x90014a34   0x000001d0   Code   RO         6221    i.xQueueGenericReceive  queue.o
    0x90014c04   0x000000b8   Code   RO         6222    i.xQueueGenericReset  queue.o
    0x90014cbc   0x000001ac   Code   RO         6223    i.xQueueGenericSend  queue.o
    0x90014e68   0x0000006c   Code   RO         6226    i.xQueueGiveMutexRecursive  queue.o
    0x90014ed4   0x00000074   Code   RO         6231    i.xQueueTakeMutexRecursive  queue.o
    0x90014f48   0x000000a8   Code   RO         6429    i.xTaskCheckForTimeOut  tasks.o
    0x90014ff0   0x00000060   Code   RO         6430    i.xTaskCreate       tasks.o
    0x90015050   0x0000000c   Code   RO         6433    i.xTaskGetCurrentTaskHandle  tasks.o
    0x9001505c   0x00000020   Code   RO         6434    i.xTaskGetSchedulerState  tasks.o
    0x9001507c   0x0000000c   Code   RO         6435    i.xTaskGetTickCount  tasks.o
    0x90015088   0x00000168   Code   RO         6437    i.xTaskIncrementTick  tasks.o
    0x900151f0   0x000000e0   Code   RO         6440    i.xTaskPriorityDisinherit  tasks.o
    0x900152d0   0x000000bc   Code   RO         6441    i.xTaskRemoveFromEventList  tasks.o
    0x9001538c   0x00000128   Code   RO         6443    i.xTaskResumeAll    tasks.o
    0x900154b4   0x00000040   Data   RO           15    .constdata          system_stm32h7xx.o
    0x900154f4   0x00000030   Data   RO         4503    .constdata          stm32h7xx_hal_uart.o
    0x90015524   0x00000054   Data   RO         5643    .constdata          bsp_lcd.o
    0x90015578   0x000003c0   Data   RO         5887    .constdata          bsp_touch_gtxx.o
    0x90015938   0x00000128   Data   RO         6919    .constdata          cm_backtrace.o
    0x90015a60   0x00005af8   Data   RO         7265    .constdata          ascii_16_4bpp.o
    0x9001b558   0x00009db8   Data   RO         7279    .constdata          ascii_24_4bpp.o
    0x90025310   0x00000048   Data   RO         7297    .constdata          gui_font_port.o
    0x90025358   0x00000014   Data   RO         7952    .constdata          emXGUI100_MDK_M7.lib(gui_font_xft.o)
    0x9002536c   0x00000140   Data   RO         8298    .constdata          emXGUI100_MDK_M7.lib(gl_cursor.o)
    0x900254ac   0x00000044   Data   RO         8394    .constdata          emXGUI100_MDK_M7.lib(gd_line.o)
    0x900254f0   0x00000034   Data   RO         8452    .constdata          emXGUI100_MDK_M7.lib(surface_argb4444.o)
    0x90025524   0x00000034   Data   RO         8478    .constdata          emXGUI100_MDK_M7.lib(surface_argb8888.o)
    0x90025558   0x00000034   Data   RO         8501    .constdata          emXGUI100_MDK_M7.lib(surface_rgb332.o)
    0x9002558c   0x00000034   Data   RO         8524    .constdata          emXGUI100_MDK_M7.lib(surface_rgb565.o)
    0x900255c0   0x00000034   Data   RO         8547    .constdata          emXGUI100_MDK_M7.lib(surface_xrgb8888.o)
    0x900255f4   0x00000014   Data   RO         8662    .constdata          emXGUI100_MDK_M7.lib(gl_mem_16bpp.o)
    0x90025608   0x00000014   Data   RO         8725    .constdata          emXGUI100_MDK_M7.lib(gl_mem_32bpp.o)
    0x9002561c   0x00000004   PAD
    0x90025620   0x00000030   Data   RO         9259    .constdata          m_wv.l(cos_i.o)
    0x90025650   0x000000c8   Data   RO         9277    .constdata          m_wv.l(rred.o)
    0x90025718   0x00000028   Data   RO         9281    .constdata          m_wv.l(sin_i.o)
    0x90025740   0x000000a1   Data   RO         5888    .conststring        bsp_touch_gtxx.o
    0x900257e1   0x00000003   PAD
    0x900257e4   0x00000815   Data   RO         6920    .conststring        cm_backtrace.o
    0x90025ff9   0x00000003   PAD
    0x90025ffc   0x00000027   Data   RO         7298    .conststring        gui_font_port.o
    0x90026023   0x00000001   PAD
    0x90026024   0x00000042   Data   RO         7616    .constwstring       gui_desktop.o
    0x90026066   0x00000002   PAD
    0x90026068   0x00000000   Data   RO         9339    Region$$Table       anon$$obj.o



  Load Region LR$$.ARM.__AT_0xD00BB800 (Base: 0xd00bb800, Size: 0x00000000, Max: 0x03f44800, ABSOLUTE)

    Execution Region ER$$.ARM.__AT_0xD00BB800 (Base: 0xd00bb800, Size: 0x00000000, Max: 0x03f44800, ABSOLUTE, UNINIT)

    **** No section assigned to this execution region ****

