Component: ARM Compiler 5.06 update 4 (build 422) Tool: armlink [4d35d2]

==============================================================================

Section Cross References

    startup_stm32h743xx.o(RESET) refers to startup_stm32h743xx.o(STACK) for __initial_sp
    startup_stm32h743xx.o(RESET) refers to startup_stm32h743xx.o(.text) for Reset_Handler
    startup_stm32h743xx.o(RESET) refers to stm32h7xx_it.o(i.NMI_Handler) for NMI_Handler
    startup_stm32h743xx.o(RESET) refers to cmb_fault.o(.text) for HardFault_Handler
    startup_stm32h743xx.o(RESET) refers to stm32h7xx_it.o(i.MemManage_Handler) for MemManage_Handler
    startup_stm32h743xx.o(RESET) refers to stm32h7xx_it.o(i.BusFault_Handler) for BusFault_Handler
    startup_stm32h743xx.o(RESET) refers to stm32h7xx_it.o(i.UsageFault_Handler) for UsageFault_Handler
    startup_stm32h743xx.o(RESET) refers to port.o(.emb_text) for SVC_Handler
    startup_stm32h743xx.o(RESET) refers to stm32h7xx_it.o(i.DebugMon_Handler) for DebugMon_Handler
    startup_stm32h743xx.o(RESET) refers to stm32h7xx_it.o(i.SysTick_Handler) for SysTick_Handler
    startup_stm32h743xx.o(RESET) refers to bsp_touch_gtxx.o(i.EXTI3_IRQHandler) for EXTI3_IRQHandler
    startup_stm32h743xx.o(.text) refers to system_stm32h7xx.o(i.SystemInit) for SystemInit
    startup_stm32h743xx.o(.text) refers to entry.o(.ARM.Collect$$$$00000000) for __main
    system_stm32h7xx.o(i.SystemCoreClockUpdate) refers to system_stm32h7xx.o(.data) for .data
    system_stm32h7xx.o(i.SystemCoreClockUpdate) refers to system_stm32h7xx.o(.constdata) for .constdata
    stm32h7xx_hal.o(i.HAL_DeInit) refers to stm32h7xx_hal.o(i.HAL_MspDeInit) for HAL_MspDeInit
    stm32h7xx_hal.o(i.HAL_Delay) refers to core_delay.o(i.HAL_GetTick) for HAL_GetTick
    stm32h7xx_hal.o(i.HAL_Delay) refers to stm32h7xx_hal.o(.data) for .data
    stm32h7xx_hal.o(i.HAL_GetTick) refers to stm32h7xx_hal.o(.data) for .data
    stm32h7xx_hal.o(i.HAL_GetTickFreq) refers to stm32h7xx_hal.o(.data) for .data
    stm32h7xx_hal.o(i.HAL_GetTickPrio) refers to stm32h7xx_hal.o(.data) for .data
    stm32h7xx_hal.o(i.HAL_IncTick) refers to stm32h7xx_hal.o(.data) for .data
    stm32h7xx_hal.o(i.HAL_Init) refers to stm32h7xx_hal_cortex.o(i.HAL_NVIC_SetPriorityGrouping) for HAL_NVIC_SetPriorityGrouping
    stm32h7xx_hal.o(i.HAL_Init) refers to core_delay.o(i.HAL_InitTick) for HAL_InitTick
    stm32h7xx_hal.o(i.HAL_Init) refers to stm32h7xx_hal.o(i.HAL_MspInit) for HAL_MspInit
    stm32h7xx_hal.o(i.HAL_InitTick) refers to stm32h7xx_hal_cortex.o(i.HAL_SYSTICK_Config) for HAL_SYSTICK_Config
    stm32h7xx_hal.o(i.HAL_InitTick) refers to stm32h7xx_hal_cortex.o(i.HAL_NVIC_SetPriority) for HAL_NVIC_SetPriority
    stm32h7xx_hal.o(i.HAL_InitTick) refers to stm32h7xx_hal.o(.data) for .data
    stm32h7xx_hal.o(i.HAL_InitTick) refers to system_stm32h7xx.o(.data) for SystemCoreClock
    stm32h7xx_hal.o(i.HAL_SYSCFG_EnableVREFBUF) refers to core_delay.o(i.HAL_GetTick) for HAL_GetTick
    stm32h7xx_hal.o(i.HAL_SetTickFreq) refers to core_delay.o(i.HAL_InitTick) for HAL_InitTick
    stm32h7xx_hal.o(i.HAL_SetTickFreq) refers to stm32h7xx_hal.o(.data) for .data
    stm32h7xx_hal_cortex.o(i.HAL_NVIC_SetPriority) refers to stm32h7xx_hal_cortex.o(i.__NVIC_SetPriority) for __NVIC_SetPriority
    stm32h7xx_hal_cortex.o(i.HAL_SYSTICK_Config) refers to stm32h7xx_hal_cortex.o(i.__NVIC_SetPriority) for __NVIC_SetPriority
    stm32h7xx_hal_cortex.o(i.HAL_SYSTICK_IRQHandler) refers to stm32h7xx_hal_cortex.o(i.HAL_SYSTICK_Callback) for HAL_SYSTICK_Callback
    stm32h7xx_hal_dma.o(i.DMA_CalcBaseAndBitshift) refers to stm32h7xx_hal_dma.o(.constdata) for .constdata
    stm32h7xx_hal_dma.o(i.HAL_DMA_Abort) refers to core_delay.o(i.HAL_GetTick) for HAL_GetTick
    stm32h7xx_hal_dma.o(i.HAL_DMA_DeInit) refers to stm32h7xx_hal_dma.o(i.DMA_CalcBaseAndBitshift) for DMA_CalcBaseAndBitshift
    stm32h7xx_hal_dma.o(i.HAL_DMA_DeInit) refers to stm32h7xx_hal_dma.o(i.DMA_CalcDMAMUXChannelBaseAndMask) for DMA_CalcDMAMUXChannelBaseAndMask
    stm32h7xx_hal_dma.o(i.HAL_DMA_DeInit) refers to stm32h7xx_hal_dma.o(i.DMA_CalcDMAMUXRequestGenBaseAndMask) for DMA_CalcDMAMUXRequestGenBaseAndMask
    stm32h7xx_hal_dma.o(i.HAL_DMA_IRQHandler) refers to system_stm32h7xx.o(.data) for SystemCoreClock
    stm32h7xx_hal_dma.o(i.HAL_DMA_Init) refers to core_delay.o(i.HAL_GetTick) for HAL_GetTick
    stm32h7xx_hal_dma.o(i.HAL_DMA_Init) refers to stm32h7xx_hal_dma.o(i.DMA_CheckFifoParam) for DMA_CheckFifoParam
    stm32h7xx_hal_dma.o(i.HAL_DMA_Init) refers to stm32h7xx_hal_dma.o(i.DMA_CalcBaseAndBitshift) for DMA_CalcBaseAndBitshift
    stm32h7xx_hal_dma.o(i.HAL_DMA_Init) refers to stm32h7xx_hal_dma.o(i.DMA_CalcDMAMUXChannelBaseAndMask) for DMA_CalcDMAMUXChannelBaseAndMask
    stm32h7xx_hal_dma.o(i.HAL_DMA_Init) refers to stm32h7xx_hal_dma.o(i.DMA_CalcDMAMUXRequestGenBaseAndMask) for DMA_CalcDMAMUXRequestGenBaseAndMask
[...]
    vPortExitCritical                        0x900128e9   Thumb Code    38  port.o(i.vPortExitCritical)
    vPortFree                                0x90012955   Thumb Code    94  heap_4.o(i.vPortFree)
    vPortSetupTimerInterrupt                 0x900129f1   Thumb Code    26  port.o(i.vPortSetupTimerInterrupt)
    vQueueDelete                             0x90012a11   Thumb Code    36  queue.o(i.vQueueDelete)
    vQueueUnregisterQueue                    0x90012a61   Thumb Code    36  queue.o(i.vQueueUnregisterQueue)
    vTaskDelay                               0x90012a89   Thumb Code    66  tasks.o(i.vTaskDelay)
    vTaskDelete                              0x90012b01   Thumb Code   152  tasks.o(i.vTaskDelete)
    vTaskMissedYield                         0x90012bd5   Thumb Code     8  tasks.o(i.vTaskMissedYield)
    vTaskName                                0x90012be1   Thumb Code     8  tasks.o(i.vTaskName)
    vTaskPlaceOnEventList                    0x90012bed   Thumb Code    46  tasks.o(i.vTaskPlaceOnEventList)
    vTaskPriorityInherit                     0x90012c4d   Thumb Code   126  tasks.o(i.vTaskPriorityInherit)
    vTaskSetTimeOutState                     0x90012cd5   Thumb Code    32  tasks.o(i.vTaskSetTimeOutState)
    vTaskStackAddr                           0x90012d25   Thumb Code     8  tasks.o(i.vTaskStackAddr)
    vTaskStackSize                           0x90012d31   Thumb Code     8  tasks.o(i.vTaskStackSize)
    vTaskStartScheduler                      0x90012d3d   Thumb Code    92  tasks.o(i.vTaskStartScheduler)
    vTaskSuspendAll                          0x90012dd5   Thumb Code    10  tasks.o(i.vTaskSuspendAll)
    vTaskSwitchContext                       0x90012de5   Thumb Code    84  tasks.o(i.vTaskSwitchContext)
    xPortStartScheduler                      0x90012e6d   Thumb Code   146  port.o(i.xPortStartScheduler)
    xPortSysTickHandler                      0x90012f51   Thumb Code    42  port.o(i.xPortSysTickHandler)
    xQueueCreateCountingSemaphore            0x90012f81   Thumb Code    56  queue.o(i.xQueueCreateCountingSemaphore)
    xQueueCreateMutex                        0x90012fe5   Thumb Code    24  queue.o(i.xQueueCreateMutex)
    xQueueGenericCreate                      0x90012ffd   Thumb Code    64  queue.o(i.xQueueGenericCreate)
    xQueueGenericReceive                     0x90013069   Thumb Code   374  queue.o(i.xQueueGenericReceive)
    xQueueGenericReset                       0x90013211   Thumb Code   130  queue.o(i.xQueueGenericReset)
    xQueueGenericSend                        0x900132c5   Thumb Code   334  queue.o(i.xQueueGenericSend)
    xQueueGiveMutexRecursive                 0x90013445   Thumb Code    58  queue.o(i.xQueueGiveMutexRecursive)
    xQueueTakeMutexRecursive                 0x900134ad   Thumb Code    66  queue.o(i.xQueueTakeMutexRecursive)
    xTaskCheckForTimeOut                     0x9001351d   Thumb Code   104  tasks.o(i.xTaskCheckForTimeOut)
    xTaskCreate                              0x900135b5   Thumb Code    96  tasks.o(i.xTaskCreate)
    xTaskGetCurrentTaskHandle                0x90013615   Thumb Code     6  tasks.o(i.xTaskGetCurrentTaskHandle)
    xTaskGetSchedulerState                   0x90013621   Thumb Code    24  tasks.o(i.xTaskGetSchedulerState)
    xTaskGetTickCount                        0x9001363d   Thumb Code     6  tasks.o(i.xTaskGetTickCount)
    xTaskIncrementTick                       0x90013649   Thumb Code   192  tasks.o(i.xTaskIncrementTick)
    xTaskPriorityDisinherit                  0x9001373d   Thumb Code   136  tasks.o(i.xTaskPriorityDisinherit)
    xTaskRemoveFromEventList                 0x900137f9   Thumb Code   108  tasks.o(i.xTaskRemoveFromEventList)
    xTaskResumeAll                           0x9001389d   Thumb Code   184  tasks.o(i.xTaskResumeAll)
    x_heap_alloc                             0x90013991   Thumb Code   276  x_heap.o(i.x_heap_alloc)
    x_heap_free                              0x90013aa5   Thumb Code    68  x_heap.o(i.x_heap_free)
    x_heap_init                              0x90013ae9   Thumb Code   118  x_heap.o(i.x_heap_init)
    D1CorePrescTable                         0x90013b5e   Data          16  system_stm32h7xx.o(.constdata)
    lcd_param                                0x90013b86   Data          36  bsp_lcd.o(.constdata)
    CTP_CFG_GT9157                           0x90013bbc   Data         186  bsp_touch_gtxx.o(.constdata)
    CTP_CFG_GT911                            0x90013c76   Data         186  bsp_touch_gtxx.o(.constdata)
    CTP_CFG_GT5688                           0x90013d30   Data         239  bsp_touch_gtxx.o(.constdata)
    touch_param                              0x90013e20   Data          18  bsp_touch_gtxx.o(.constdata)
    ASCII_16_4BPP                            0x90013f38   Data       23288  ascii_16_4bpp.o(.constdata)
    ASCII_24_4BPP                            0x90019a30   Data       40376  ascii_24_4bpp.o(.constdata)
    gui_font_param                           0x900237e8   Data          24  gui_font_port.o(.constdata)
    ARGB4444_ColorConvert                    0x90023998   Data          52  surface_argb4444.o(.constdata)
    ARGB8888_ColorConvert                    0x900239cc   Data          52  surface_argb8888.o(.constdata)
    RGB332_ColorConvert                      0x90023a00   Data          52  surface_rgb332.o(.constdata)
    RGB565_ColorConvert                      0x90023a34   Data          52  surface_rgb565.o(.constdata)
    XRGB8888_ColorConvert                    0x90023a68   Data          52  surface_xrgb8888.o(.constdata)
    Region$$Table$$Base                      0x90024510   Number         0  anon$$obj.o(Region$$Table)
    Image$$ER_ROM1$$Limit                    0x90024530   Number         0  anon$$obj.o ABSOLUTE
    Region$$Table$$Limit                     0x90024530   Number         0  anon$$obj.o(Region$$Table)



==============================================================================

Memory Map of the image

  Image Entry point : 0x90000299

  Load Region LR_ROM1 (Base: 0x90000000, Size: 0x00024668, Max: 0x00200000, ABSOLUTE, COMPRESSED[0x00024544])

    Execution Region RW_IRAM1 (Base: 0x20000000, Size: 0x00000000, Max: 0x00020000, ABSOLUTE)

    **** No section assigned to this execution region ****


    Execution Region RW_IRAM2 (Base: 0x24000000, Size: 0x0000b860, Max: 0x00080000, ABSOLUTE, COMPRESSED[0x00000014])

    Base Addr    Size         Type   Attr      Idx    E Section Name        Object

    0x24000000   0x00000004   Data   RW           16    .data               system_stm32h7xx.o
    0x24000004   0x00000004   Data   RW           17    .data               system_stm32h7xx.o
    0x24000008   0x0000000c   Data   RW         5165    .data               main.o
    0x24000014   0x00000001   Data   RW         5486    .data               bsp_lcd.o
    0x24000015   0x00000001   PAD
    0x24000016   0x00000009   Data   RW         5739    .data               bsp_touch_gtxx.o
    0x2400001f   0x00000001   PAD
    0x24000020   0x0000003c   Data   RW         6289    .data               tasks.o
    0x2400005c   0x00000018   Data   RW         6602    .data               heap_4.o
    0x24000074   0x0000000c   Data   RW         6665    .data               port.o
    0x24000080   0x00000018   Data   RW         6759    .data               cm_backtrace.o
    0x24000098   0x00000008   Data   RW         7132    .data               gui_font_port.o
    0x240000a0   0x00000004   Data   RW         7251    .data               gui_mem_port.o
    0x240000a4   0x00000004   Data   RW         7400    .data               gui_touch_port.o
    0x240000a8   0x00000004   Data   RW         7439    .data               gui_desktop.o
    0x240000ac   0x00000020   Data   RW         7751    .data               emXGUI100_MDK_M7.lib(x_gui.o)
    0x240000cc   0x00000034   Data   RW         7830    .data               emXGUI100_MDK_M7.lib(gui_input.o)
    0x24000100   0x00000010   Data   RW         8003    .data               emXGUI100_MDK_M7.lib(gui_window.o)
    0x24000110   0x00000018   Data   RW         8121    .data               emXGUI100_MDK_M7.lib(gl_cursor.o)
    0x24000128   0x00000004   Data   RW         9175    .data               mc_w.l(stdout.o)
    0x2400012c   0x00000004   Data   RW         9184    .data               mc_w.l(mvars.o)
    0x24000130   0x00000004   Data   RW         9185    .data               mc_w.l(mvars.o)
    0x24000134   0x00000004   Data   RW         9189    .data               mc_w.l(errno.o)
    0x24000138   0x00000080   Zero   RW         5380    .bss                bsp_usart.o
    0x240001b8   0x00000044   Zero   RW         5426    .bss                bsp_sdram.o
    0x240001fc   0x00000164   Zero   RW         5484    .bss                bsp_lcd.o
    0x24000360   0x00000050   Zero   RW         6076    .bss                queue.o
    0x240003b0   0x000002e4   Zero   RW         6288    .bss                tasks.o
    0x24000694   0x00008000   Zero   RW         6601    .bss                heap_4.o
    0x24008694   0x00000134   Zero   RW         6756    .bss                cm_backtrace.o
    0x240087c8   0x0000001c   Zero   RW         7250    .bss                gui_mem_port.o
    0x240087e4   0x0000295c   Zero   RW         7749    .bss                emXGUI100_MDK_M7.lib(x_gui.o)
    0x2400b140   0x00000100   Zero   RW         7829    .bss                emXGUI100_MDK_M7.lib(gui_input.o)
    0x2400b240   0x00000020   Zero   RW         8119    .bss                emXGUI100_MDK_M7.lib(gl_cursor.o)
    0x2400b260   0x00000200   Zero   RW            2    HEAP                startup_stm32h743xx.o
    0x2400b460   0x00000400   Zero   RW            1    STACK               startup_stm32h743xx.o


    Execution Region ER_ROM1 (Base: 0x90000000, Size: 0x00024530, Max: 0x00200000, ABSOLUTE)

    Base Addr    Size         Type   Attr      Idx    E Section Name        Object

    0x90000000   0x00000298   Data   RO            3    RESET               startup_stm32h743xx.o
    0x90000298   0x00000000   Code   RO         8787  * .ARM.Collect$$$$00000000  mc_w.l(entry.o)
    0x90000298   0x00000004   Code   RO         9161    .ARM.Collect$$$$00000001  mc_w.l(entry2.o)
    0x9000029c   0x00000004   Code   RO         9164    .ARM.Collect$$$$00000004  mc_w.l(entry5.o)
    0x900002a0   0x00000000   Code   RO         9166    .ARM.Collect$$$$00000008  mc_w.l(entry7b.o)
    0x900002a0   0x00000000   Code   RO         9168    .ARM.Collect$$$$0000000A  mc_w.l(entry8b.o)
    0x900002a0   0x00000008   Code   RO         9169    .ARM.Collect$$$$0000000B  mc_w.l(entry9a.o)
    0x900002a8   0x00000000   Code   RO         9171    .ARM.Collect$$$$0000000D  mc_w.l(entry10a.o)
    0x900002a8   0x00000000   Code   RO         9173    .ARM.Collect$$$$0000000F  mc_w.l(entry11a.o)
    0x900002a8   0x00000004   Code   RO         9162    .ARM.Collect$$$$00002712  mc_w.l(entry2.o)
    0x900002ac   0x000000ba   Code   RO         6655    .emb_text           port.o
    0x90000366   0x00000002   PAD
    0x90000368   0x00000010   Code   RO         6744    .emb_text           cm_backtrace.o
    0x90000378   0x00000024   Code   RO            4    .text               startup_stm32h743xx.o
    0x9000039c   0x0000000c   Code   RO         6835    .text               cmb_fault.o
    0x900003a8   0x00000062   Code   RO         8790    .text               mc_w.l(uldiv.o)
    0x9000040a   0x00000028   Code   RO         8792    .text               mc_w.l(memcpy.o)
    0x90000432   0x00000024   Code   RO         8798    .text               mc_w.l(memseta.o)
    0x90000456   0x00000018   Code   RO         8800    .text               mc_w.l(strncpy.o)
    0x9000046e   0x000000b0   Code   RO         9097    .text               mf_w.l(fadd.o)
    0x9000051e   0x00000064   Code   RO         9099    .text               mf_w.l(fmul.o)
    0x90000582   0x0000007c   Code   RO         9101    .text               mf_w.l(fdiv.o)
    0x900005fe   0x0000014e   Code   RO         9103    .text               mf_w.l(dadd.o)
    0x9000074c   0x000000e4   Code   RO         9105    .text               mf_w.l(dmul.o)
    0x90000830   0x000000de   Code   RO         9107    .text               mf_w.l(ddiv.o)
    0x9000090e   0x0000002e   Code   RO         9109    .text               mf_w.l(dscalb.o)
    0x9000093c   0x00000012   Code   RO         9111    .text               mf_w.l(fflti.o)
    0x9000094e   0x00000022   Code   RO         9113    .text               mf_w.l(dflti.o)
    0x90000970   0x0000001a   Code   RO         9115    .text               mf_w.l(dfltui.o)
    0x9000098a   0x00000032   Code   RO         9117    .text               mf_w.l(ffixi.o)
    0x900009bc   0x00000028   Code   RO         9119    .text               mf_w.l(ffixui.o)
    0x900009e4   0x0000003e   Code   RO         9121    .text               mf_w.l(dfixi.o)
    0x90000a22   0x00000032   Code   RO         9123    .text               mf_w.l(dfixui.o)
    0x90000a54   0x00000026   Code   RO         9125    .text               mf_w.l(f2d.o)
    0x90000a7a   0x00000038   Code   RO         9127    .text               mf_w.l(d2f.o)
    0x90000ab2   0x00000002   PAD
    0x90000ab4   0x00000014   Code   RO         9129    .text               mf_w.l(cfcmple.o)
    0x90000ac8   0x00000014   Code   RO         9131    .text               mf_w.l(cfrcmple.o)
    0x90000adc   0x0000001e   Code   RO         9178    .text               mc_w.l(llshl.o)
    0x90000afa   0x00000020   Code   RO         9180    .text               mc_w.l(llushr.o)
    0x90000b1a   0x00000024   Code   RO         9182    .text               mc_w.l(llsshr.o)
    0x90000b3e   0x00000000   Code   RO         9193    .text               mc_w.l(iusefp.o)
    0x90000b3e   0x0000006e   Code   RO         9194    .text               mf_w.l(fepilogue.o)
    0x90000bac   0x000000ba   Code   RO         9196    .text               mf_w.l(depilogue.o)
    0x90000c66   0x00000002   PAD
    0x90000c68   0x00000024   Code   RO         9212    .text               mc_w.l(init.o)
    0x90000c8c   0x00000056   Code   RO         9222    .text               mc_w.l(__dczerorl2.o)
    0x90000ce2   0x00000016   Code   RO         8254    i.AA_DrawBoldLine   emXGUI100_MDK_M7.lib(gd_line.o)
    0x90000cf8   0x000000f6   Code   RO         8299    i.AA_gdHLine        emXGUI100_MDK_M7.lib(gui_aa_core.o)
    0x90000dee   0x00000028   Code   RO         8313    i.ARGB4444_GetARGB  emXGUI100_MDK_M7.lib(surface_argb4444.o)
    0x90000e16   0x00000020   Code   RO         8314    i.ARGB4444_GetRGB   emXGUI100_MDK_M7.lib(surface_argb4444.o)
    0x90000e36   0x00000016   Code   RO         8315    i.ARGB4444_MapARGB  emXGUI100_MDK_M7.lib(surface_argb4444.o)
    0x90000e4c   0x0000001e   Code   RO         8316    i.ARGB4444_MapARGB1555  emXGUI100_MDK_M7.lib(surface_argb4444.o)
    0x90000e6a   0x00000002   Code   RO         8317    i.ARGB4444_MapARGB4444  emXGUI100_MDK_M7.lib(surface_argb4444.o)
    0x90000e6c   0x0000001c   Code   RO         8318    i.ARGB4444_MapARGB8888  emXGUI100_MDK_M7.lib(surface_argb4444.o)
    0x90000e88   0x00000014   Code   RO         8319    i.ARGB4444_MapRGB   emXGUI100_MDK_M7.lib(surface_argb4444.o)
    0x90000e9c   0x0000001e   Code   RO         8320    i.ARGB4444_MapRGB332  emXGUI100_MDK_M7.lib(surface_argb4444.o)
    0x90000eba   0x0000001a   Code   RO         8321    i.ARGB4444_MapRGB565  emXGUI100_MDK_M7.lib(surface_argb4444.o)
    0x90000ed4   0x0000001a   Code   RO         8322    i.ARGB4444_MapXRGB1555  emXGUI100_MDK_M7.lib(surface_argb4444.o)
    0x90000eee   0x00000002   Code   RO         8323    i.ARGB4444_MapXRGB4444  emXGUI100_MDK_M7.lib(surface_argb4444.o)
    0x90000ef0   0x0000001c   Code   RO         8324    i.ARGB4444_MapXRGB8888  emXGUI100_MDK_M7.lib(surface_argb4444.o)
    0x90000f0c   0x00000020   Code   RO         8325    i.ARGB4444_ToARGB   emXGUI100_MDK_M7.lib(surface_argb4444.o)
    0x90000f2c   0x000000c0   Code   RO         5159    i.BSP_Init          main.o
    0x90000fec   0x0000002c   Code   RO         8218    i.BeginDraw         emXGUI100_MDK_M7.lib(gui_core.o)
    0x90001018   0x0000009a   Code   RO         7899    i.BeginPaint        emXGUI100_MDK_M7.lib(gui_window.o)
    0x900010b2   0x0000012e   Code   RO         8239    i.BitBlt            emXGUI100_MDK_M7.lib(gui_blt.o)
    0x900011e0   0x00000002   Code   RO         5290    i.BusFault_Handler  stm32h7xx_it.o
    0x900011e2   0x0000010e   Code   RO         7900    i.CheckWindowHit    emXGUI100_MDK_M7.lib(gui_window.o)
    0x900012f0   0x000000f0   Code   RO         8437    i.CommFace_DrawWindowNC  emXGUI100_MDK_M7.lib(gui_face.o)
    0x900013e0   0x0000001a   Code   RO         7639    i.CopyRect          emXGUI100_MDK_M7.lib(gui_region.o)
    0x900013fa   0x00000002   PAD
    0x900013fc   0x00000070   Code   RO         7516    i.CreateDC          emXGUI100_MDK_M7.lib(gui_gdi.o)
    0x9000146c   0x00000040   Code   RO         7491    i.CreateFont        emXGUI100_MDK_M7.lib(gui_font.o)
    0x900014ac   0x0000002c   Code   RO         7641    i.CreateRectRgnIndirect  emXGUI100_MDK_M7.lib(gui_region.o)
    0x900014d8   0x00000018   Code   RO         7476    i.CursorCheck       emXGUI100_MDK_M7.lib(gui_cursor.o)
    0x900014f0   0x00000014   Code   RO         7477    i.CursorFix         emXGUI100_MDK_M7.lib(gui_cursor.o)
    0x90001504   0x00000020   Code   RO         7519    i.DC_Alloc          emXGUI100_MDK_M7.lib(gui_gdi.o)
    0x90001524   0x00000002   Code   RO         5291    i.DebugMon_Handler  stm32h7xx_it.o
    0x90001526   0x00000016   Code   RO         7904    i.DefDesktopProc    emXGUI100_MDK_M7.lib(gui_window.o)
    0x9000153c   0x000001ec   Code   RO         7905    i.DefWindowProc     emXGUI100_MDK_M7.lib(gui_window.o)
    0x90001728   0x00000012   Code   RO         5579    i.Delay             bsp_i2c_touch.o
    0x9000173a   0x00000012   Code   RO         5701    i.Delay             bsp_touch_gtxx.o
    0x9000174c   0x00000058   Code   RO         7523    i.DeleteDC          emXGUI100_MDK_M7.lib(gui_gdi.o)
    0x900017a4   0x00000010   Code   RO         7642    i.DeleteRgn         emXGUI100_MDK_M7.lib(gui_region.o)
    0x900017b4   0x000000a0   Code   RO         7906    i.DestroyWindow     emXGUI100_MDK_M7.lib(gui_window.o)
    0x90001854   0x00000028   Code   RO         7841    i.DispatchMessage   emXGUI100_MDK_M7.lib(gui_message.o)
    0x9000187c   0x00000004   Code   RO         7783    i.Draw3DRect        emXGUI100_MDK_M7.lib(gd_rect.o)
    0x90001880   0x000000ec   Code   RO         8246    i.DrawArc           emXGUI100_MDK_M7.lib(gd_arc.o)
    0x9000196c   0x000003e2   Code   RO         8232    i.DrawBitmap        emXGUI100_MDK_M7.lib(gui_bitmap.o)
    0x90001d4e   0x0000008e   Code   RO         7784    i.DrawRect          emXGUI100_MDK_M7.lib(gd_rect.o)
    0x90001ddc   0x00000032   Code   RO         7785    i.DrawRoundRect     emXGUI100_MDK_M7.lib(gd_rect.o)
    0x90001e0e   0x0000028e   Code   RO         7811    i.DrawTextEx        emXGUI100_MDK_M7.lib(gd_text.o)
    0x9000209c   0x000002d4   Code   RO         8438    i.DrawWindowNC      emXGUI100_MDK_M7.lib(gui_face.o)
    0x90002370   0x0000001a   Code   RO         5702    i.EXTI3_IRQHandler  bsp_touch_gtxx.o
    0x9000238a   0x0000006e   Code   RO         7908    i.EnableWindow      emXGUI100_MDK_M7.lib(gui_window.o)
    0x900023f8   0x0000002a   Code   RO         8219    i.EndDraw           emXGUI100_MDK_M7.lib(gui_core.o)
    0x90002422   0x000000ee   Code   RO         7909    i.EndPaint          emXGUI100_MDK_M7.lib(gui_window.o)
    0x90002510   0x00000052   Code   RO         5023    i.FMC_SDRAM_Init    stm32h7xx_ll_fmc.o
    0x90002562   0x0000000c   Code   RO         5024    i.FMC_SDRAM_ProgramRefreshRate  stm32h7xx_ll_fmc.o
    0x9000256e   0x00000020   Code   RO         5025    i.FMC_SDRAM_SendCommand  stm32h7xx_ll_fmc.o
    0x9000258e   0x00000002   PAD
    0x90002590   0x00000070   Code   RO         5027    i.FMC_SDRAM_Timing_Init  stm32h7xx_ll_fmc.o
    0x90002600   0x00000006   Code   RO         7787    i.FillRect          emXGUI100_MDK_M7.lib(gd_rect.o)
    0x90002606   0x0000009c   Code   RO         7788    i.FillRoundRect     emXGUI100_MDK_M7.lib(gd_rect.o)
    0x900026a2   0x00000004   Code   RO         7526    i.GDI_Init          emXGUI100_MDK_M7.lib(gui_gdi.o)
    0x900026a6   0x00000078   Code   RO         8506    i.GL16_FillRectARGB  emXGUI100_MDK_M7.lib(gl_mem_16bpp.o)
    0x9000271e   0x0000002c   Code   RO         8507    i.GL16_SetPixel_ARGB  emXGUI100_MDK_M7.lib(gl_mem_16bpp.o)
    0x9000274a   0x0000005c   Code   RO         8509    i.GL16_copy_bits    emXGUI100_MDK_M7.lib(gl_mem_16bpp.o)
    0x900027a6   0x0000010e   Code   RO         8510    i.GL16_draw_bitmap_AL1  emXGUI100_MDK_M7.lib(gl_mem_16bpp.o)
    0x900028b4   0x00000188   Code   RO         8511    i.GL16_draw_bitmap_AL2  emXGUI100_MDK_M7.lib(gl_mem_16bpp.o)
    0x90002a3c   0x000000f0   Code   RO         8512    i.GL16_draw_bitmap_AL4  emXGUI100_MDK_M7.lib(gl_mem_16bpp.o)
    0x90002b2c   0x0000008e   Code   RO         8513    i.GL16_draw_bitmap_AL8  emXGUI100_MDK_M7.lib(gl_mem_16bpp.o)
    0x90002bba   0x00000090   Code   RO         8514    i.GL16_draw_bitmap_ARGB1555  emXGUI100_MDK_M7.lib(gl_mem_16bpp.o)
    0x90002c4a   0x000000c8   Code   RO         8515    i.GL16_draw_bitmap_ARGB4444  emXGUI100_MDK_M7.lib(gl_mem_16bpp.o)
    0x90002d12   0x000000c0   Code   RO         8516    i.GL16_draw_bitmap_ARGB8888  emXGUI100_MDK_M7.lib(gl_mem_16bpp.o)
    0x90002dd2   0x00000116   Code   RO         8517    i.GL16_draw_bitmap_LUT1  emXGUI100_MDK_M7.lib(gl_mem_16bpp.o)
    0x90002ee8   0x00000002   Code   RO         8518    i.GL16_draw_bitmap_LUT2  emXGUI100_MDK_M7.lib(gl_mem_16bpp.o)
    0x90002eea   0x00000082   Code   RO         8519    i.GL16_draw_bitmap_LUT4  emXGUI100_MDK_M7.lib(gl_mem_16bpp.o)
    0x90002f6c   0x00000050   Code   RO         8520    i.GL16_draw_bitmap_LUT8  emXGUI100_MDK_M7.lib(gl_mem_16bpp.o)
    0x90002fbc   0x00000086   Code   RO         8521    i.GL16_draw_bitmap_RGB332  emXGUI100_MDK_M7.lib(gl_mem_16bpp.o)
    0x90003042   0x000000ca   Code   RO         8522    i.GL16_draw_bitmap_RGB565  emXGUI100_MDK_M7.lib(gl_mem_16bpp.o)
    0x9000310c   0x00000094   Code   RO         8523    i.GL16_draw_bitmap_RGB888  emXGUI100_MDK_M7.lib(gl_mem_16bpp.o)
    0x900031a0   0x00000086   Code   RO         8524    i.GL16_draw_bitmap_XRGB1555  emXGUI100_MDK_M7.lib(gl_mem_16bpp.o)
    0x90003226   0x00000094   Code   RO         8525    i.GL16_draw_bitmap_XRGB8888  emXGUI100_MDK_M7.lib(gl_mem_16bpp.o)
    0x900032ba   0x0000001e   Code   RO         8526    i.GL16_draw_hline   emXGUI100_MDK_M7.lib(gl_mem_16bpp.o)
    0x900032d8   0x00000022   Code   RO         8527    i.GL16_draw_vline   emXGUI100_MDK_M7.lib(gl_mem_16bpp.o)
    0x900032fa   0x0000005a   Code   RO         8528    i.GL16_fill_rect    emXGUI100_MDK_M7.lib(gl_mem_16bpp.o)
    0x90003354   0x0000000e   Code   RO         8529    i.GL16_get_pixel    emXGUI100_MDK_M7.lib(gl_mem_16bpp.o)
    0x90003362   0x00000002   PAD
    0x90003364   0x000003bc   Code   RO         8530    i.GL16_rotate_bitmap  emXGUI100_MDK_M7.lib(gl_mem_16bpp.o)
    0x90003720   0x000000fe   Code   RO         8531    i.GL16_scale_bitmap  emXGUI100_MDK_M7.lib(gl_mem_16bpp.o)
    0x9000381e   0x0000000e   Code   RO         8532    i.GL16_set_addr     emXGUI100_MDK_M7.lib(gl_mem_16bpp.o)
    0x9000382c   0x0000000e   Code   RO         8533    i.GL16_set_pixel    emXGUI100_MDK_M7.lib(gl_mem_16bpp.o)
    0x9000383a   0x00000018   Code   RO         8534    i.GL16_xor_pixel    emXGUI100_MDK_M7.lib(gl_mem_16bpp.o)
    0x90003852   0x00000058   Code   RO         8569    i.GL32_FillRectARGB  emXGUI100_MDK_M7.lib(gl_mem_32bpp.o)
    0x900038aa   0x0000002c   Code   RO         8570    i.GL32_SetPixel_ARGB  emXGUI100_MDK_M7.lib(gl_mem_32bpp.o)
    0x900038d6   0x00000044   Code   RO         8572    i.GL32_copy_bits    emXGUI100_MDK_M7.lib(gl_mem_32bpp.o)
    0x9000391a   0x0000010c   Code   RO         8573    i.GL32_draw_bitmap_AL1  emXGUI100_MDK_M7.lib(gl_mem_32bpp.o)
    0x90003a26   0x00000002   PAD
    0x90003a28   0x00000184   Code   RO         8574    i.GL32_draw_bitmap_AL2  emXGUI100_MDK_M7.lib(gl_mem_32bpp.o)
    0x90003bac   0x000000ec   Code   RO         8575    i.GL32_draw_bitmap_AL4  emXGUI100_MDK_M7.lib(gl_mem_32bpp.o)
    0x90003c98   0x0000008a   Code   RO         8576    i.GL32_draw_bitmap_AL8  emXGUI100_MDK_M7.lib(gl_mem_32bpp.o)
    0x90003d22   0x0000006e   Code   RO         8577    i.GL32_draw_bitmap_ARGB1555  emXGUI100_MDK_M7.lib(gl_mem_32bpp.o)
    0x90003d90   0x000000a8   Code   RO         8578    i.GL32_draw_bitmap_ARGB4444  emXGUI100_MDK_M7.lib(gl_mem_32bpp.o)
    0x90003e38   0x000000a0   Code   RO         8579    i.GL32_draw_bitmap_ARGB8888  emXGUI100_MDK_M7.lib(gl_mem_32bpp.o)
    0x90003ed8   0x00000112   Code   RO         8580    i.GL32_draw_bitmap_LUT1  emXGUI100_MDK_M7.lib(gl_mem_32bpp.o)
    0x90003fea   0x00000002   Code   RO         8581    i.GL32_draw_bitmap_LUT2  emXGUI100_MDK_M7.lib(gl_mem_32bpp.o)
    0x90003fec   0x00000082   Code   RO         8582    i.GL32_draw_bitmap_LUT4  emXGUI100_MDK_M7.lib(gl_mem_32bpp.o)
    0x9000406e   0x00000050   Code   RO         8583    i.GL32_draw_bitmap_LUT8  emXGUI100_MDK_M7.lib(gl_mem_32bpp.o)
    0x900040be   0x00000064   Code   RO         8584    i.GL32_draw_bitmap_RGB332  emXGUI100_MDK_M7.lib(gl_mem_32bpp.o)
    0x90004122   0x00000064   Code   RO         8585    i.GL32_draw_bitmap_RGB565  emXGUI100_MDK_M7.lib(gl_mem_32bpp.o)
    0x90004186   0x00000072   Code   RO         8586    i.GL32_draw_bitmap_RGB888  emXGUI100_MDK_M7.lib(gl_mem_32bpp.o)
    0x900041f8   0x00000064   Code   RO         8587    i.GL32_draw_bitmap_XRGB1555  emXGUI100_MDK_M7.lib(gl_mem_32bpp.o)
    0x9000425c   0x000000b8   Code   RO         8588    i.GL32_draw_bitmap_XRGB8888  emXGUI100_MDK_M7.lib(gl_mem_32bpp.o)
    0x90004314   0x0000001c   Code   RO         8589    i.GL32_draw_hline   emXGUI100_MDK_M7.lib(gl_mem_32bpp.o)
    0x90004330   0x00000020   Code   RO         8590    i.GL32_draw_vline   emXGUI100_MDK_M7.lib(gl_mem_32bpp.o)
    0x90004350   0x0000003e   Code   RO         8591    i.GL32_fill_rect    emXGUI100_MDK_M7.lib(gl_mem_32bpp.o)
    0x9000438e   0x0000000e   Code   RO         8592    i.GL32_get_pixel    emXGUI100_MDK_M7.lib(gl_mem_32bpp.o)
    0x9000439c   0x000003b4   Code   RO         8593    i.GL32_rotate_bitmap  emXGUI100_MDK_M7.lib(gl_mem_32bpp.o)
    0x90004750   0x000000ee   Code   RO         8594    i.GL32_scale_bitmap  emXGUI100_MDK_M7.lib(gl_mem_32bpp.o)
    0x9000483e   0x0000000e   Code   RO         8595    i.GL32_set_addr     emXGUI100_MDK_M7.lib(gl_mem_32bpp.o)
    0x9000484c   0x0000000e   Code   RO         8596    i.GL32_set_pixel    emXGUI100_MDK_M7.lib(gl_mem_32bpp.o)
    0x9000485a   0x00000014   Code   RO         8597    i.GL32_xor_pixel    emXGUI100_MDK_M7.lib(gl_mem_32bpp.o)
    0x9000486e   0x0000003e   Code   RO         8452    i.GL8_copy_bits     emXGUI100_MDK_M7.lib(gl_mem_8bpp.o)
    0x900048ac   0x0000010c   Code   RO         8453    i.GL8_draw_bitmap_AL1  emXGUI100_MDK_M7.lib(gl_mem_8bpp.o)
    0x900049b8   0x00000002   Code   RO         8454    i.GL8_draw_bitmap_AL2  emXGUI100_MDK_M7.lib(gl_mem_8bpp.o)
    0x900049ba   0x00000002   Code   RO         8455    i.GL8_draw_bitmap_AL4  emXGUI100_MDK_M7.lib(gl_mem_8bpp.o)
    0x900049bc   0x000000d4   Code   RO         8456    i.GL8_draw_bitmap_AL8  emXGUI100_MDK_M7.lib(gl_mem_8bpp.o)
    0x90004a90   0x0000006c   Code   RO         8457    i.GL8_draw_bitmap_ARGB1555  emXGUI100_MDK_M7.lib(gl_mem_8bpp.o)
    0x90004afc   0x0000001e   Code   RO         8458    i.GL8_draw_bitmap_ARGB4444  emXGUI100_MDK_M7.lib(gl_mem_8bpp.o)
    0x90004b1a   0x000000da   Code   RO         8459    i.GL8_draw_bitmap_ARGB8888  emXGUI100_MDK_M7.lib(gl_mem_8bpp.o)
    0x90004bf4   0x00000110   Code   RO         8460    i.GL8_draw_bitmap_LUT1  emXGUI100_MDK_M7.lib(gl_mem_8bpp.o)
    0x90004d04   0x00000002   Code   RO         8461    i.GL8_draw_bitmap_LUT2  emXGUI100_MDK_M7.lib(gl_mem_8bpp.o)
    0x90004d06   0x00000080   Code   RO         8462    i.GL8_draw_bitmap_LUT4  emXGUI100_MDK_M7.lib(gl_mem_8bpp.o)
    0x90004d86   0x00000050   Code   RO         8463    i.GL8_draw_bitmap_LUT8  emXGUI100_MDK_M7.lib(gl_mem_8bpp.o)
    0x90004dd6   0x00000062   Code   RO         8464    i.GL8_draw_bitmap_RGB332  emXGUI100_MDK_M7.lib(gl_mem_8bpp.o)
    0x90004e38   0x00000062   Code   RO         8465    i.GL8_draw_bitmap_RGB565  emXGUI100_MDK_M7.lib(gl_mem_8bpp.o)
    0x90004e9a   0x00000070   Code   RO         8466    i.GL8_draw_bitmap_RGB888  emXGUI100_MDK_M7.lib(gl_mem_8bpp.o)
    0x90004f0a   0x00000062   Code   RO         8467    i.GL8_draw_bitmap_XRGB1555  emXGUI100_MDK_M7.lib(gl_mem_8bpp.o)
    0x90004f6c   0x00000070   Code   RO         8468    i.GL8_draw_bitmap_XRGB8888  emXGUI100_MDK_M7.lib(gl_mem_8bpp.o)
    0x90004fdc   0x0000001c   Code   RO         8469    i.GL8_draw_hline    emXGUI100_MDK_M7.lib(gl_mem_8bpp.o)
    0x90004ff8   0x0000001e   Code   RO         8470    i.GL8_draw_vline    emXGUI100_MDK_M7.lib(gl_mem_8bpp.o)
    0x90005016   0x00000038   Code   RO         8471    i.GL8_fill_rect     emXGUI100_MDK_M7.lib(gl_mem_8bpp.o)
    0x9000504e   0x0000000c   Code   RO         8472    i.GL8_get_pixel     emXGUI100_MDK_M7.lib(gl_mem_8bpp.o)
    0x9000505a   0x00000002   PAD
    0x9000505c   0x00000404   Code   RO         8473    i.GL8_rotate_bitmap  emXGUI100_MDK_M7.lib(gl_mem_8bpp.o)
    0x90005460   0x000000e4   Code   RO         8474    i.GL8_scale_bitmap  emXGUI100_MDK_M7.lib(gl_mem_8bpp.o)
    0x90005544   0x0000000c   Code   RO         8475    i.GL8_set_addr      emXGUI100_MDK_M7.lib(gl_mem_8bpp.o)
    0x90005550   0x0000000c   Code   RO         8476    i.GL8_set_pixel     emXGUI100_MDK_M7.lib(gl_mem_8bpp.o)
    0x9000555c   0x00000012   Code   RO         8477    i.GL8_xor_pixel     emXGUI100_MDK_M7.lib(gl_mem_8bpp.o)
    0x9000556e   0x00000084   Code   RO         8694    i.GL_BitBlt         emXGUI100_MDK_M7.lib(gl_bitblt_1.o)
    0x900055f2   0x00000002   PAD
    0x900055f4   0x00000038   Code   RO         8110    i.GL_CursorCheck    emXGUI100_MDK_M7.lib(gl_cursor.o)
    0x9000562c   0x0000002c   Code   RO         8111    i.GL_CursorFix      emXGUI100_MDK_M7.lib(gl_cursor.o)
    0x90005658   0x000000fc   Code   RO         8112    i.GL_CursorInit     emXGUI100_MDK_M7.lib(gl_cursor.o)
    0x90005754   0x0000012c   Code   RO         8248    i.GL_DrawArc        emXGUI100_MDK_M7.lib(gd_arc.o)
    0x90005880   0x00000018   Code   RO         8113    i.GL_GetCursorPos   emXGUI100_MDK_M7.lib(gl_cursor.o)
    0x90005898   0x000000e4   Code   RO         8535    i.GL_MEM_16BPP_Init  emXGUI100_MDK_M7.lib(gl_mem_16bpp.o)
    0x9000597c   0x000000e4   Code   RO         8598    i.GL_MEM_32BPP_Init  emXGUI100_MDK_M7.lib(gl_mem_32bpp.o)
    0x90005a60   0x000000d4   Code   RO         8478    i.GL_MEM_8BPP_Init  emXGUI100_MDK_M7.lib(gl_mem_8bpp.o)
    0x90005b34   0x0000006c   Code   RO         8115    i.GL_SetCursorPos   emXGUI100_MDK_M7.lib(gl_cursor.o)
    0x90005ba0   0x00000034   Code   RO         8116    i.GL_ShowCursor     emXGUI100_MDK_M7.lib(gl_cursor.o)
    0x90005bd4   0x00000004   Code   RO         6917    i.GPU_CopyBits      gui_gpu.o
    0x90005bd8   0x00000004   Code   RO         6918    i.GPU_DrawBitmap    gui_gpu.o
    0x90005bdc   0x00000004   Code   RO         6919    i.GPU_FillRect      gui_gpu.o
    0x90005be0   0x00000004   Code   RO         6920    i.GPU_FillRectARGB  gui_gpu.o
    0x90005be4   0x00000004   Code   RO         6921    i.GPU_ScaleBitmap   gui_gpu.o
    0x90005be8   0x00000118   Code   RO         5703    i.GTP_Execu         bsp_touch_gtxx.o
    0x90005d00   0x000000d8   Code   RO         5704    i.GTP_Get_Info      bsp_touch_gtxx.o
    0x90005dd8   0x0000006c   Code   RO         5705    i.GTP_I2C_Read      bsp_touch_gtxx.o
    0x90005e44   0x00000088   Code   RO         5707    i.GTP_I2C_Test      bsp_touch_gtxx.o
    0x90005ecc   0x00000050   Code   RO         5708    i.GTP_I2C_Write     bsp_touch_gtxx.o
    0x90005f1c   0x000001fc   Code   RO         5711    i.GTP_Init_Panel    bsp_touch_gtxx.o
    0x90006118   0x00000228   Code   RO         5712    i.GTP_Read_Version  bsp_touch_gtxx.o
    0x90006340   0x00000004   Code   RO         5715    i.GTP_TouchProcess  bsp_touch_gtxx.o
    0x90006344   0x00000002   Code   RO         5716    i.GTP_Touch_Down    bsp_touch_gtxx.o
    0x90006346   0x00000002   Code   RO         5717    i.GTP_Touch_Up      bsp_touch_gtxx.o
    0x90006348   0x00000068   Code   RO         8301    i.GUI_AA_Begin      emXGUI100_MDK_M7.lib(gui_aa_core.o)
    0x900063b0   0x0000001c   Code   RO         8302    i.GUI_AA_End        emXGUI100_MDK_M7.lib(gui_aa_core.o)
    0x900063cc   0x0000000e   Code   RO         8185    i.GUI_AlphaBlendValue  emXGUI100_MDK_M7.lib(gui_libc.o)
    0x900063da   0x00000004   Code   RO         6842    i.GUI_Arch_Init     gui_arch.o
    0x900063de   0x00000002   PAD
    0x900063e0   0x0000001c   Code   RO         7819    i.GUI_ClrInputWindow  emXGUI100_MDK_M7.lib(gui_input.o)
    0x900063fc   0x000000e8   Code   RO         7910    i.GUI_CreateDesktop  emXGUI100_MDK_M7.lib(gui_window.o)
    0x900064e4   0x000000c4   Code   RO         7842    i.GUI_CreateMsgQ    emXGUI100_MDK_M7.lib(gui_message.o)
    0x900065a8   0x00000160   Code   RO         7735    i.GUI_CreateSurface  emXGUI100_MDK_M7.lib(x_gui.o)
    0x90006708   0x00000034   Code   RO         7129    i.GUI_Default_FontInit  gui_font_port.o
    0x9000673c   0x0000008e   Code   RO         7843    i.GUI_DeleteMsgQ    emXGUI100_MDK_M7.lib(gui_message.o)
    0x900067ca   0x00000024   Code   RO         7736    i.GUI_DeleteSurface  emXGUI100_MDK_M7.lib(x_gui.o)
    0x900067ee   0x00000002   PAD
    0x900067f0   0x00000090   Code   RO         7434    i.GUI_DesktopStartup  gui_desktop.o
    0x90006880   0x00000098   Code   RO         7173    i.GUI_DisplayInit   gui_lcd_port.o
    0x90006918   0x00000200   Code   RO         7911    i.GUI_FlushHandler  emXGUI100_MDK_M7.lib(gui_window.o)
    0x90006b18   0x00000004   Code   RO         7239    i.GUI_GRAM_Alloc    gui_mem_port.o
    0x90006b1c   0x00000004   Code   RO         7240    i.GUI_GRAM_Free     gui_mem_port.o
    0x90006b20   0x00000004   Code   RO         6984    i.GUI_GetCurThreadHandle  x_gui_freertos.o
    0x90006b24   0x00000012   Code   RO         6985    i.GUI_GetTickCount  x_gui_freertos.o
    0x90006b36   0x00000004   Code   RO         7364    i.GUI_InputHandler  gui_input_port.o
    0x90006b3a   0x00000004   Code   RO         7365    i.GUI_InputInit     gui_input_port.o
    0x90006b3e   0x00000002   PAD
    0x90006b40   0x0000004c   Code   RO         7820    i.GUI_Input_Init    emXGUI100_MDK_M7.lib(gui_input.o)
    0x90006b8c   0x0000005c   Code   RO         7883    i.GUI_KillWindowTimers  emXGUI100_MDK_M7.lib(gui_timer.o)
    0x90006be8   0x00000010   Code   RO         7737    i.GUI_Lock          emXGUI100_MDK_M7.lib(x_gui.o)
    0x90006bf8   0x00000004   Code   RO         7209    i.GUI_Log_Init      gui_log_port.o
    0x90006bfc   0x00000012   Code   RO         7335    i.GUI_LowLevelInit  gui_startup.o
    0x90006c0e   0x00000002   PAD
    0x90006c10   0x00000034   Code   RO         7241    i.GUI_MEM_Alloc     gui_mem_port.o
    0x90006c44   0x00000004   Code   RO         7242    i.GUI_MEM_Free      gui_mem_port.o
    0x90006c48   0x00000002   Code   RO         7243    i.GUI_MEM_Init      gui_mem_port.o
    0x90006c4a   0x00000004   Code   RO         7844    i.GUI_Message_Init  emXGUI100_MDK_M7.lib(gui_message.o)
    0x90006c4e   0x00000006   Code   RO         6986    i.GUI_MutexCreate   x_gui_freertos.o
    0x90006c54   0x00000004   Code   RO         6987    i.GUI_MutexDelete   x_gui_freertos.o
    0x90006c58   0x0000001c   Code   RO         6988    i.GUI_MutexLock     x_gui_freertos.o
    0x90006c74   0x00000004   Code   RO         6989    i.GUI_MutexUnlock   x_gui_freertos.o
    0x90006c78   0x0000009e   Code   RO         7913    i.GUI_PaintHandler  emXGUI100_MDK_M7.lib(gui_window.o)
    0x90006d16   0x00000002   Code   RO         7210    i.GUI_Printf        gui_log_port.o
    0x90006d18   0x0000005c   Code   RO         7738    i.GUI_RectLL_Alloc  emXGUI100_MDK_M7.lib(x_gui.o)
    0x90006d74   0x00000058   Code   RO         7739    i.GUI_RectLL_Free   emXGUI100_MDK_M7.lib(x_gui.o)
    0x90006dcc   0x000000b0   Code   RO         7845    i.GUI_RemoveWindowMessage  emXGUI100_MDK_M7.lib(gui_message.o)
    0x90006e7c   0x0000000a   Code   RO         6990    i.GUI_SemCreate     x_gui_freertos.o
    0x90006e86   0x00000004   Code   RO         6991    i.GUI_SemDelete     x_gui_freertos.o
    0x90006e8a   0x0000000a   Code   RO         6992    i.GUI_SemPost       x_gui_freertos.o
    0x90006e94   0x00000020   Code   RO         6994    i.GUI_SemWait       x_gui_freertos.o
    0x90006eb4   0x0000000c   Code   RO         7740    i.GUI_SetDefFont    emXGUI100_MDK_M7.lib(x_gui.o)
    0x90006ec0   0x0000000c   Code   RO         7742    i.GUI_SetScreenSurface  emXGUI100_MDK_M7.lib(x_gui.o)
    0x90006ecc   0x00000188   Code   RO         7336    i.GUI_Startup       gui_startup.o
    0x90007054   0x0000005c   Code   RO         6996    i.GUI_Thread_Create  x_gui_freertos.o
    0x900070b0   0x000000dc   Code   RO         5160    i.GUI_Thread_Entry  main.o
    0x9000718c   0x0000007e   Code   RO         7884    i.GUI_TimerHandler  emXGUI100_MDK_M7.lib(gui_timer.o)
    0x9000720a   0x00000002   Code   RO         7885    i.GUI_Timer_Init    emXGUI100_MDK_M7.lib(gui_timer.o)
    0x9000720c   0x0000002e   Code   RO         7397    i.GUI_TouchHandler  gui_touch_port.o
    0x9000723a   0x00000002   PAD
    0x9000723c   0x0000000c   Code   RO         7743    i.GUI_Unlock        emXGUI100_MDK_M7.lib(x_gui.o)
    0x90007248   0x00000078   Code   RO         7244    i.GUI_VMEM_Alloc    gui_mem_port.o
    0x900072c0   0x0000002c   Code   RO         7245    i.GUI_VMEM_Free     gui_mem_port.o
    0x900072ec   0x0000002c   Code   RO         7246    i.GUI_VMEM_Init     gui_mem_port.o
    0x90007318   0x00000014   Code   RO         7914    i.GUI_Window_Init   emXGUI100_MDK_M7.lib(gui_window.o)
    0x9000732c   0x00000006   Code   RO         6998    i.GUI_Yield         x_gui_freertos.o
    0x90007332   0x00000008   Code   RO         8186    i.GUI_abs           emXGUI100_MDK_M7.lib(gui_libc.o)
    0x9000733a   0x0000006c   Code   RO         8189    i.GUI_memset16      emXGUI100_MDK_M7.lib(gui_libc.o)
    0x900073a6   0x0000008a   Code   RO         8190    i.GUI_memset16_step  emXGUI100_MDK_M7.lib(gui_libc.o)
    0x90007430   0x0000006c   Code   RO         8191    i.GUI_memset32      emXGUI100_MDK_M7.lib(gui_libc.o)
    0x9000749c   0x0000008a   Code   RO         8192    i.GUI_memset32_step  emXGUI100_MDK_M7.lib(gui_libc.o)
    0x90007526   0x0000000a   Code   RO         8193    i.GUI_memset8       emXGUI100_MDK_M7.lib(gui_libc.o)
    0x90007530   0x0000007a   Code   RO         8194    i.GUI_memset8_step  emXGUI100_MDK_M7.lib(gui_libc.o)
    0x900075aa   0x0000000e   Code   RO         6999    i.GUI_msleep        x_gui_freertos.o
    0x900075b8   0x00000040   Code   RO         8195    i.GUI_wstr_alloc    emXGUI100_MDK_M7.lib(gui_libc.o)
    0x900075f8   0x00000004   Code   RO         8196    i.GUI_wstr_free     emXGUI100_MDK_M7.lib(gui_libc.o)
    0x900075fc   0x00000016   Code   RO         8197    i.GUI_wstrchr       emXGUI100_MDK_M7.lib(gui_libc.o)
    0x90007612   0x00000012   Code   RO         8198    i.GUI_wstrlen       emXGUI100_MDK_M7.lib(gui_libc.o)
    0x90007624   0x00000022   Code   RO         8200    i.GUI_wstrncpy      emXGUI100_MDK_M7.lib(gui_libc.o)
    0x90007646   0x00000002   PAD
    0x90007648   0x00000018   Code   RO         7915    i.GetCapture        emXGUI100_MDK_M7.lib(gui_window.o)
    0x90007660   0x0000002a   Code   RO         7916    i.GetClientRect     emXGUI100_MDK_M7.lib(gui_window.o)
    0x9000768a   0x0000002c   Code   RO         7917    i.GetClientRectToScreen  emXGUI100_MDK_M7.lib(gui_window.o)
    0x900076b6   0x0000002c   Code   RO         7479    i.GetCursorPos      emXGUI100_MDK_M7.lib(gui_cursor.o)
    0x900076e2   0x00000002   PAD
    0x900076e4   0x00000244   Code   RO         7919    i.GetDCEx           emXGUI100_MDK_M7.lib(gui_window.o)
    0x90007928   0x00000018   Code   RO         7920    i.GetDesktopWindow  emXGUI100_MDK_M7.lib(gui_window.o)
    0x90007940   0x00000018   Code   RO         7923    i.GetForegroundWindow  emXGUI100_MDK_M7.lib(gui_window.o)
    0x90007958   0x00000034   Code   RO         7846    i.GetMessage        emXGUI100_MDK_M7.lib(gui_message.o)
    0x9000798c   0x00000018   Code   RO         7924    i.GetParent         emXGUI100_MDK_M7.lib(gui_window.o)
    0x900079a4   0x0000001c   Code   RO         7535    i.GetRGB            emXGUI100_MDK_M7.lib(gui_gdi.o)
    0x900079c0   0x0000001c   Code   RO         7744    i.GetSystemMetrics  emXGUI100_MDK_M7.lib(x_gui.o)
    0x900079dc   0x0000009e   Code   RO         7495    i.GetTextExtent     emXGUI100_MDK_M7.lib(gui_font.o)
    0x90007a7a   0x00000084   Code   RO         7496    i.GetTextWidth      emXGUI100_MDK_M7.lib(gui_font.o)
    0x90007afe   0x00000022   Code   RO         7925    i.GetWindow         emXGUI100_MDK_M7.lib(gui_window.o)
    0x90007b20   0x00000008   Code   RO         7926    i.GetWindowDC       emXGUI100_MDK_M7.lib(gui_window.o)
    0x90007b28   0x00000038   Code   RO         7929    i.GetWindowFromPoint  emXGUI100_MDK_M7.lib(gui_window.o)
    0x90007b60   0x00000050   Code   RO         7930    i.GetWindowLong     emXGUI100_MDK_M7.lib(gui_window.o)
    0x90007bb0   0x00000004   Code   RO         7931    i.GetWindowMsgQ     emXGUI100_MDK_M7.lib(gui_window.o)
    0x90007bb4   0x0000002c   Code   RO         7933    i.GetWindowRect     emXGUI100_MDK_M7.lib(gui_window.o)
    0x90007be0   0x000001a0   Code   RO         5719    i.Goodix_TS_Work_Func  bsp_touch_gtxx.o
    0x90007d80   0x000001ec   Code   RO         1526    i.HAL_GPIO_Init     stm32h7xx_hal_gpio.o
    0x90007f6c   0x0000000e   Code   RO         1528    i.HAL_GPIO_ReadPin  stm32h7xx_hal_gpio.o
    0x90007f7a   0x0000000c   Code   RO         1530    i.HAL_GPIO_WritePin  stm32h7xx_hal_gpio.o
    0x90007f86   0x00000002   PAD
    0x90007f88   0x0000001c   Code   RO         5536    i.HAL_GetTick       core_delay.o
    0x90007fa4   0x00000024   Code   RO         5537    i.HAL_InitTick      core_delay.o
    0x90007fc8   0x00000054   Code   RO         2338    i.HAL_LTDC_ConfigLayer  stm32h7xx_hal_ltdc.o
    0x9000801c   0x000000f4   Code   RO         2355    i.HAL_LTDC_Init     stm32h7xx_hal_ltdc.o
    0x90008110   0x00000002   Code   RO         2358    i.HAL_LTDC_MspInit  stm32h7xx_hal_ltdc.o
    0x90008112   0x00000022   Code   RO          558    i.HAL_NVIC_DisableIRQ  stm32h7xx_hal_cortex.o
    0x90008134   0x0000001a   Code   RO          559    i.HAL_NVIC_EnableIRQ  stm32h7xx_hal_cortex.o
    0x9000814e   0x00000002   PAD
    0x90008150   0x00000040   Code   RO          565    i.HAL_NVIC_SetPriority  stm32h7xx_hal_cortex.o
    0x90008190   0x00000024   Code   RO          566    i.HAL_NVIC_SetPriorityGrouping  stm32h7xx_hal_cortex.o
    0x900081b4   0x00000034   Code   RO         3622    i.HAL_RCCEx_GetD1SysClockFreq  stm32h7xx_hal_rcc_ex.o
    0x900081e8   0x0000002c   Code   RO         3623    i.HAL_RCCEx_GetD3PCLK1Freq  stm32h7xx_hal_rcc_ex.o
    0x90008214   0x00000194   Code   RO         3625    i.HAL_RCCEx_GetPLL2ClockFreq  stm32h7xx_hal_rcc_ex.o
    0x900083a8   0x00000194   Code   RO         3626    i.HAL_RCCEx_GetPLL3ClockFreq  stm32h7xx_hal_rcc_ex.o
    0x9000853c   0x000009ec   Code   RO         3630    i.HAL_RCCEx_PeriphCLKConfig  stm32h7xx_hal_rcc_ex.o
    0x90008f28   0x000001ec   Code   RO         3515    i.HAL_RCC_ClockConfig  stm32h7xx_hal_rcc.o
    0x90009114   0x00000034   Code   RO         3519    i.HAL_RCC_GetHCLKFreq  stm32h7xx_hal_rcc.o
    0x90009148   0x0000002c   Code   RO         3521    i.HAL_RCC_GetPCLK1Freq  stm32h7xx_hal_rcc.o
    0x90009174   0x0000002c   Code   RO         3522    i.HAL_RCC_GetPCLK2Freq  stm32h7xx_hal_rcc.o
    0x900091a0   0x00000188   Code   RO         3523    i.HAL_RCC_GetSysClockFreq  stm32h7xx_hal_rcc.o
    0x90009328   0x00000578   Code   RO         3526    i.HAL_RCC_OscConfig  stm32h7xx_hal_rcc.o
    0x900098a0   0x00000054   Code   RO         3974    i.HAL_SDRAM_Init    stm32h7xx_hal_sdram.o
    0x900098f4   0x00000002   Code   RO         3976    i.HAL_SDRAM_MspInit  stm32h7xx_hal_sdram.o
    0x900098f6   0x00000026   Code   RO         3977    i.HAL_SDRAM_ProgramRefreshRate  stm32h7xx_hal_sdram.o
    0x9000991c   0x00000038   Code   RO         3983    i.HAL_SDRAM_SendCommand  stm32h7xx_hal_sdram.o
    0x90009954   0x00000070   Code   RO         4330    i.HAL_UART_Init     stm32h7xx_hal_uart.o
    0x900099c4   0x00000002   Code   RO         4332    i.HAL_UART_MspInit  stm32h7xx_hal_uart.o
    0x900099c6   0x000000ba   Code   RO         4338    i.HAL_UART_Transmit  stm32h7xx_hal_uart.o
    0x90009a80   0x00000004   Code   RO         7538    i.HDC_Lock          emXGUI100_MDK_M7.lib(gui_gdi.o)
    0x90009a84   0x00000002   Code   RO         7539    i.HDC_Unlock        emXGUI100_MDK_M7.lib(gui_gdi.o)
    0x90009a86   0x0000004e   Code   RO         8256    i.HLine             emXGUI100_MDK_M7.lib(gd_line.o)
    0x90009ad4   0x00000098   Code   RO         5580    i.I2C_GPIO_Config   bsp_i2c_touch.o
    0x90009b6c   0x00000044   Code   RO         5581    i.I2C_GTP_IRQDisable  bsp_i2c_touch.o
    0x90009bb0   0x0000004c   Code   RO         5582    i.I2C_GTP_IRQEnable  bsp_i2c_touch.o
    0x90009bfc   0x00000046   Code   RO         5583    i.I2C_ReadBytes     bsp_i2c_touch.o
    0x90009c42   0x00000002   PAD
    0x90009c44   0x0000007c   Code   RO         5584    i.I2C_ResetChip     bsp_i2c_touch.o
    0x90009cc0   0x00000012   Code   RO         5585    i.I2C_Touch_Init    bsp_i2c_touch.o
    0x90009cd2   0x00000044   Code   RO         5720    i.I2C_Transfer      bsp_touch_gtxx.o
    0x90009d16   0x00000058   Code   RO         5586    i.I2C_WriteBytes    bsp_i2c_touch.o
    0x90009d6e   0x00000026   Code   RO         7644    i.InflateRect       emXGUI100_MDK_M7.lib(gui_region.o)
    0x90009d94   0x00000032   Code   RO         7645    i.InflateRectEx     emXGUI100_MDK_M7.lib(gui_region.o)
    0x90009dc6   0x00000002   PAD
    0x90009dc8   0x000000bc   Code   RO         7540    i.InitDC            emXGUI100_MDK_M7.lib(gui_gdi.o)
    0x90009e84   0x000000de   Code   RO         7646    i.InsertRECT_LL     emXGUI100_MDK_M7.lib(gui_region.o)
    0x90009f62   0x0000007c   Code   RO         7647    i.IntersectRect     emXGUI100_MDK_M7.lib(gui_region.o)
    0x90009fde   0x00000032   Code   RO         7936    i.InvalidateRect    emXGUI100_MDK_M7.lib(gui_window.o)
    0x9000a010   0x0000003c   Code   RO         7648    i.IsCoveredRect     emXGUI100_MDK_M7.lib(gui_region.o)
    0x9000a04c   0x0000000c   Code   RO         7541    i.IsEnableAlpha     emXGUI100_MDK_M7.lib(gui_gdi.o)
    0x9000a058   0x00000020   Code   RO         7937    i.IsEnableDragWindow  emXGUI100_MDK_M7.lib(gui_window.o)
    0x9000a078   0x00000018   Code   RO         7938    i.IsHWND            emXGUI100_MDK_M7.lib(gui_window.o)
    0x9000a090   0x0000000c   Code   RO         7542    i.IsMemDC           emXGUI100_MDK_M7.lib(gui_gdi.o)
    0x9000a09c   0x00000018   Code   RO         7651    i.IsRectEmpty       emXGUI100_MDK_M7.lib(gui_region.o)
    0x9000a0b4   0x00000036   Code   RO         7939    i.IsWindowEnabled   emXGUI100_MDK_M7.lib(gui_window.o)
    0x9000a0ea   0x00000002   PAD
    0x9000a0ec   0x00000020   Code   RO         5479    i.LCD_BackLed_Control  bsp_lcd.o
    0x9000a10c   0x00000004   Code   RO         7174    i.LCD_BkLight       gui_lcd_port.o
    0x9000a110   0x00000024   Code   RO         5480    i.LCD_ClockConfig   bsp_lcd.o
    0x9000a134   0x000003d0   Code   RO         5481    i.LCD_GPIO_Config   bsp_lcd.o
    0x9000a504   0x00000008   Code   RO         7175    i.LCD_HardInit      gui_lcd_port.o
    0x9000a50c   0x0000010c   Code   RO         5482    i.LCD_Init          bsp_lcd.o
    0x9000a618   0x0000006c   Code   RO         5483    i.LCD_LayerInit     bsp_lcd.o
    0x9000a684   0x00000080   Code   RO         5353    i.LED_GPIO_Config   bsp_led.o
    0x9000a704   0x0000015e   Code   RO         2374    i.LTDC_SetConfig    stm32h7xx_hal_ltdc.o
    0x9000a862   0x00000336   Code   RO         8257    i.Line              emXGUI100_MDK_M7.lib(gd_line.o)
    0x9000ab98   0x00000018   Code   RO         7550    i.MapRGB            emXGUI100_MDK_M7.lib(gui_gdi.o)
    0x9000abb0   0x0000000a   Code   RO         7555    i.MapXRGB8888       emXGUI100_MDK_M7.lib(gui_gdi.o)
    0x9000abba   0x00000002   Code   RO         5292    i.MemManage_Handler  stm32h7xx_it.o
    0x9000abbc   0x00000280   Code   RO         7825    i.MouseEventHandler  emXGUI100_MDK_M7.lib(gui_input.o)
    0x9000ae3c   0x000000cc   Code   RO         7826    i.MouseInput        emXGUI100_MDK_M7.lib(gui_input.o)
    0x9000af08   0x000001b0   Code   RO         7827    i.MouseInputHandler  emXGUI100_MDK_M7.lib(gui_input.o)
    0x9000b0b8   0x00000002   Code   RO         5293    i.NMI_Handler       stm32h7xx_it.o
    0x9000b0ba   0x00000186   Code   RO         7849    i.PeekMessage       emXGUI100_MDK_M7.lib(gui_message.o)
    0x9000b240   0x0000003a   Code   RO         7851    i.PostCloseMessage  emXGUI100_MDK_M7.lib(gui_message.o)
    0x9000b27a   0x00000126   Code   RO         7852    i.PostMessage       emXGUI100_MDK_M7.lib(gui_message.o)
    0x9000b3a0   0x00000036   Code   RO         7853    i.PostQuitMessage   emXGUI100_MDK_M7.lib(gui_message.o)
    0x9000b3d6   0x00000002   PAD
    0x9000b3d8   0x000000d4   Code   RO         3633    i.RCCEx_PLL2_Config  stm32h7xx_hal_rcc_ex.o
    0x9000b4ac   0x000000d4   Code   RO         3634    i.RCCEx_PLL3_Config  stm32h7xx_hal_rcc_ex.o
    0x9000b580   0x00000004   Code   RO         7658    i.RECT_LLAddRect    emXGUI100_MDK_M7.lib(gui_region.o)
    0x9000b584   0x00000034   Code   RO         8221    i.RGB32_AVG         emXGUI100_MDK_M7.lib(gui_core.o)
    0x9000b5b8   0x00000046   Code   RO         8222    i.RGB32_Offset      emXGUI100_MDK_M7.lib(gui_core.o)
    0x9000b5fe   0x000000ee   Code   RO         7662    i.RGN_SubtractRect  emXGUI100_MDK_M7.lib(gui_region.o)
    0x9000b6ec   0x00000174   Code   RO         7944    i.ReleaseDC         emXGUI100_MDK_M7.lib(gui_window.o)
    0x9000b860   0x00000684   Code   RO         5419    i.SDRAM_GPIO_Config  bsp_sdram.o
    0x9000bee4   0x0000009c   Code   RO         5420    i.SDRAM_Init        bsp_sdram.o
    0x9000bf80   0x00000084   Code   RO         5421    i.SDRAM_InitSequence  bsp_sdram.o
    0x9000c004   0x00000020   Code   RO         5425    i.SDRAM_delay       bsp_sdram.o
    0x9000c024   0x00000028   Code   RO         7945    i.ScreenToClient    emXGUI100_MDK_M7.lib(gui_window.o)
    0x9000c04c   0x00000040   Code   RO         7946    i.ScreenToWindow    emXGUI100_MDK_M7.lib(gui_window.o)
    0x9000c08c   0x0000009e   Code   RO         7854    i.SendMessage       emXGUI100_MDK_M7.lib(gui_message.o)
    0x9000c12a   0x00000008   Code   RO         7560    i.SetBrushColor     emXGUI100_MDK_M7.lib(gui_gdi.o)
    0x9000c132   0x0000001c   Code   RO         7481    i.SetCursorPos      emXGUI100_MDK_M7.lib(gui_cursor.o)
    0x9000c14e   0x00000002   PAD
    0x9000c150   0x00000024   Code   RO         7498    i.SetFont           emXGUI100_MDK_M7.lib(gui_font.o)
    0x9000c174   0x00000174   Code   RO         7949    i.SetForegroundWindow  emXGUI100_MDK_M7.lib(gui_window.o)
    0x9000c2e8   0x00000008   Code   RO         7563    i.SetPenColor       emXGUI100_MDK_M7.lib(gui_gdi.o)
    0x9000c2f0   0x00000004   Code   RO         8286    i.SetPixel          emXGUI100_MDK_M7.lib(gd_pixel.o)
    0x9000c2f4   0x00000008   Code   RO         7567    i.SetTextColor      emXGUI100_MDK_M7.lib(gui_gdi.o)
    0x9000c2fc   0x000000d4   Code   RO         7888    i.SetTimer          emXGUI100_MDK_M7.lib(gui_timer.o)
    0x9000c3d0   0x0000003e   Code   RO         7955    i.SetWindowPos      emXGUI100_MDK_M7.lib(gui_window.o)
    0x9000c40e   0x00000018   Code   RO         7482    i.ShowCursor        emXGUI100_MDK_M7.lib(gui_cursor.o)
    0x9000c426   0x00000088   Code   RO         7959    i.ShowWindow        emXGUI100_MDK_M7.lib(gui_window.o)
    0x9000c4ae   0x00000104   Code   RO         7674    i.SubtractRectEx    emXGUI100_MDK_M7.lib(gui_region.o)
    0x9000c5b2   0x00000002   PAD
    0x9000c5b4   0x00000020   Code   RO         8326    i.SurfaceInit_ARGB4444  emXGUI100_MDK_M7.lib(surface_argb4444.o)
    0x9000c5d4   0x00000020   Code   RO         8342    i.SurfaceInit_ARGB8888  emXGUI100_MDK_M7.lib(surface_argb8888.o)
    0x9000c5f4   0x00000020   Code   RO         8365    i.SurfaceInit_RGB332  emXGUI100_MDK_M7.lib(surface_rgb332.o)
    0x9000c614   0x00000020   Code   RO         8388    i.SurfaceInit_RGB565  emXGUI100_MDK_M7.lib(surface_rgb565.o)
    0x9000c634   0x00000020   Code   RO         8411    i.SurfaceInit_XRGB8888  emXGUI100_MDK_M7.lib(surface_xrgb8888.o)
    0x9000c654   0x00000014   Code   RO         5294    i.SysTick_Handler   stm32h7xx_it.o
    0x9000c668   0x00000088   Code   RO         5161    i.SystemClock_Config  main.o
    0x9000c6f0   0x00000084   Code   RO           14    i.SystemInit        system_stm32h7xx.o
    0x9000c774   0x00000006   Code   RO         5162    i.Test1_Task        main.o
    0x9000c77a   0x00000002   PAD
    0x9000c77c   0x00000068   Code   RO         5163    i.Test2_Task        main.o
    0x9000c7e4   0x00000040   Code   RO         7813    i.TextOut           emXGUI100_MDK_M7.lib(gd_text.o)
    0x9000c824   0x0000002c   Code   RO         7398    i.TouchDev_GetPoint  gui_touch_port.o
    0x9000c850   0x00000010   Code   RO         7399    i.TouchDev_Init     gui_touch_port.o
    0x9000c860   0x00000054   Code   RO         7855    i.TranslateMessage  emXGUI100_MDK_M7.lib(gui_message.o)
    0x9000c8b4   0x000000c8   Code   RO         4343    i.UART_AdvFeatureConfig  stm32h7xx_hal_uart.o
    0x9000c97c   0x0000005c   Code   RO         4344    i.UART_CheckIdleState  stm32h7xx_hal_uart.o
    0x9000c9d8   0x00000736   Code   RO         4359    i.UART_SetConfig    stm32h7xx_hal_uart.o
    0x9000d10e   0x00000064   Code   RO         4361    i.UART_WaitOnFlagUntilTimeout  stm32h7xx_hal_uart.o
    0x9000d172   0x00000002   PAD
    0x9000d174   0x000000a0   Code   RO         5377    i.UARTx_Config      bsp_usart.o
    0x9000d214   0x0000002a   Code   RO         7960    i.UpdateWindow      emXGUI100_MDK_M7.lib(gui_window.o)
    0x9000d23e   0x00000002   Code   RO         5295    i.UsageFault_Handler  stm32h7xx_it.o
    0x9000d240   0x0000004c   Code   RO         8260    i.VLine             emXGUI100_MDK_M7.lib(gd_line.o)
    0x9000d28c   0x00000024   Code   RO         7963    i.WIN_Lock          emXGUI100_MDK_M7.lib(gui_window.o)
    0x9000d2b0   0x0000003c   Code   RO         7964    i.WIN_Unlock        emXGUI100_MDK_M7.lib(gui_window.o)
    0x9000d2ec   0x0000000c   Code   RO         7766    i.XFT_CreateFont    emXGUI100_MDK_M7.lib(gui_font_xft.o)
    0x9000d2f8   0x00000134   Code   RO         7747    i.X_GUI_Init        emXGUI100_MDK_M7.lib(x_gui.o)
    0x9000d42c   0x0000015a   Code   RO         7966    i._CalculateWindowClipRgn  emXGUI100_MDK_M7.lib(gui_window.o)
    0x9000d586   0x0000002a   Code   RO         7967    i._ClientToScreen   emXGUI100_MDK_M7.lib(gui_window.o)
    0x9000d5b0   0x00000012   Code   RO         7677    i._CopyRect         emXGUI100_MDK_M7.lib(gui_region.o)
    0x9000d5c2   0x00000002   PAD
    0x9000d5c4   0x000000b0   Code   RO         8117    i._CursorHide       emXGUI100_MDK_M7.lib(gl_cursor.o)
    0x9000d674   0x0000009c   Code   RO         8118    i._CursorShow       emXGUI100_MDK_M7.lib(gl_cursor.o)
    0x9000d710   0x0000027c   Code   RO         8249    i._DrawArc          emXGUI100_MDK_M7.lib(gd_arc.o)
    0x9000d98c   0x00000024   Code   RO         7499    i._DrawChar         emXGUI100_MDK_M7.lib(gui_font.o)
    0x9000d9b0   0x0000017e   Code   RO         7790    i._DrawRoundRect1   emXGUI100_MDK_M7.lib(gd_rect.o)
    0x9000db2e   0x000000f4   Code   RO         7791    i._DrawRoundRectEx  emXGUI100_MDK_M7.lib(gd_rect.o)
    0x9000dc22   0x0000006a   Code   RO         7814    i._DrawString       emXGUI100_MDK_M7.lib(gd_text.o)
    0x9000dc8c   0x000000c8   Code   RO         7435    i._EraseBackgnd     gui_desktop.o
    0x9000dd54   0x000000a4   Code   RO         8636    i._FillPolygon      emXGUI100_MDK_M7.lib(gd_polygon.o)
    0x9000ddf8   0x000001a4   Code   RO         8304    i._FlushLine        emXGUI100_MDK_M7.lib(gui_aa_core.o)
    0x9000df9c   0x0000001e   Code   RO         8343    i._GetARGB          emXGUI100_MDK_M7.lib(surface_argb8888.o)
    0x9000dfba   0x00000024   Code   RO         8366    i._GetARGB          emXGUI100_MDK_M7.lib(surface_rgb332.o)
    0x9000dfde   0x0000002a   Code   RO         8389    i._GetARGB          emXGUI100_MDK_M7.lib(surface_rgb565.o)
    0x9000e008   0x0000001e   Code   RO         8412    i._GetARGB          emXGUI100_MDK_M7.lib(surface_xrgb8888.o)
    0x9000e026   0x0000005a   Code   RO         7972    i._GetCaptionRect   emXGUI100_MDK_M7.lib(gui_window.o)
    0x9000e080   0x00000054   Code   RO         7974    i._GetCloseBoxRect  emXGUI100_MDK_M7.lib(gui_window.o)
    0x9000e0d4   0x0000000a   Code   RO         7501    i._GetFontInfo      emXGUI100_MDK_M7.lib(gui_font.o)
    0x9000e0de   0x00000010   Code   RO         8344    i._GetRGB           emXGUI100_MDK_M7.lib(surface_argb8888.o)
    0x9000e0ee   0x00000018   Code   RO         8367    i._GetRGB           emXGUI100_MDK_M7.lib(surface_rgb332.o)
    0x9000e106   0x00000022   Code   RO         8390    i._GetRGB           emXGUI100_MDK_M7.lib(surface_rgb565.o)
    0x9000e128   0x00000010   Code   RO         8413    i._GetRGB           emXGUI100_MDK_M7.lib(surface_xrgb8888.o)
    0x9000e138   0x00000076   Code   RO         7976    i._GetWindow        emXGUI100_MDK_M7.lib(gui_window.o)
    0x9000e1ae   0x000000a2   Code   RO         7977    i._GetWindowClipRgn  emXGUI100_MDK_M7.lib(gui_window.o)
    0x9000e250   0x0000009a   Code   RO         7978    i._GetWindowFromPoint  emXGUI100_MDK_M7.lib(gui_window.o)
    0x9000e2ea   0x00000012   Code   RO         7979    i._GetWindowRect    emXGUI100_MDK_M7.lib(gui_window.o)
    0x9000e2fc   0x000000e8   Code   RO         7980    i._HideWindow       emXGUI100_MDK_M7.lib(gui_window.o)
    0x9000e3e4   0x0000001e   Code   RO         7678    i._InflateRect      emXGUI100_MDK_M7.lib(gui_region.o)
    0x9000e402   0x00000002   PAD
    0x9000e404   0x00000138   Code   RO         7981    i._InitWindow       emXGUI100_MDK_M7.lib(gui_window.o)
    0x9000e53c   0x00000114   Code   RO         7982    i._InsertInvRect    emXGUI100_MDK_M7.lib(gui_window.o)
    0x9000e650   0x00000072   Code   RO         7679    i._IntersectRect    emXGUI100_MDK_M7.lib(gui_region.o)
    0x9000e6c2   0x0000000c   Code   RO         7983    i._IsChild          emXGUI100_MDK_M7.lib(gui_window.o)
    0x9000e6ce   0x0000000e   Code   RO         8305    i._IsEnableAA       emXGUI100_MDK_M7.lib(gui_aa_core.o)
    0x9000e6dc   0x0000003e   Code   RO         7680    i._IsIntersectRect  emXGUI100_MDK_M7.lib(gui_region.o)
    0x9000e71a   0x0000001c   Code   RO         7988    i._IsWindowVisible  emXGUI100_MDK_M7.lib(gui_window.o)
    0x9000e736   0x00000040   Code   RO         7572    i._LPtoDP           emXGUI100_MDK_M7.lib(gui_gdi.o)
    0x9000e776   0x0000000e   Code   RO         8345    i._MapARGB          emXGUI100_MDK_M7.lib(surface_argb8888.o)
    0x9000e784   0x00000010   Code   RO         8368    i._MapARGB          emXGUI100_MDK_M7.lib(surface_rgb332.o)
    0x9000e794   0x00000010   Code   RO         8391    i._MapARGB          emXGUI100_MDK_M7.lib(surface_rgb565.o)
    0x9000e7a4   0x0000000e   Code   RO         8414    i._MapARGB          emXGUI100_MDK_M7.lib(surface_xrgb8888.o)
    0x9000e7b2   0x0000000e   Code   RO         8346    i._MapRGB           emXGUI100_MDK_M7.lib(surface_argb8888.o)
    0x9000e7c0   0x00000010   Code   RO         8369    i._MapRGB           emXGUI100_MDK_M7.lib(surface_rgb332.o)
    0x9000e7d0   0x00000010   Code   RO         8392    i._MapRGB           emXGUI100_MDK_M7.lib(surface_rgb565.o)
    0x9000e7e0   0x0000000a   Code   RO         8415    i._MapRGB           emXGUI100_MDK_M7.lib(surface_xrgb8888.o)
    0x9000e7ea   0x0000001c   Code   RO         8347    i._MapRGB332        emXGUI100_MDK_M7.lib(surface_argb8888.o)
    0x9000e806   0x00000002   Code   RO         8370    i._MapRGB332        emXGUI100_MDK_M7.lib(surface_rgb332.o)
    0x9000e808   0x0000001e   Code   RO         8393    i._MapRGB332        emXGUI100_MDK_M7.lib(surface_rgb565.o)
    0x9000e826   0x00000018   Code   RO         8416    i._MapRGB332        emXGUI100_MDK_M7.lib(surface_xrgb8888.o)
    0x9000e83e   0x0000001e   Code   RO         8348    i._MapRGB565        emXGUI100_MDK_M7.lib(surface_argb8888.o)
    0x9000e85c   0x00000016   Code   RO         8371    i._MapRGB565        emXGUI100_MDK_M7.lib(surface_rgb332.o)
    0x9000e872   0x00000002   Code   RO         8394    i._MapRGB565        emXGUI100_MDK_M7.lib(surface_rgb565.o)
    0x9000e874   0x0000001a   Code   RO         8417    i._MapRGB565        emXGUI100_MDK_M7.lib(surface_xrgb8888.o)
    0x9000e88e   0x0000001c   Code   RO         8349    i._MapXRGB1555      emXGUI100_MDK_M7.lib(surface_argb8888.o)
    0x9000e8aa   0x00000016   Code   RO         8372    i._MapXRGB1555      emXGUI100_MDK_M7.lib(surface_rgb332.o)
    0x9000e8c0   0x00000018   Code   RO         8395    i._MapXRGB1555      emXGUI100_MDK_M7.lib(surface_rgb565.o)
    0x9000e8d8   0x00000018   Code   RO         8418    i._MapXRGB1555      emXGUI100_MDK_M7.lib(surface_xrgb8888.o)
    0x9000e8f0   0x0000001c   Code   RO         8350    i._MapXRGB4444      emXGUI100_MDK_M7.lib(surface_argb8888.o)
    0x9000e90c   0x00000016   Code   RO         8373    i._MapXRGB4444      emXGUI100_MDK_M7.lib(surface_rgb332.o)
    0x9000e922   0x00000018   Code   RO         8396    i._MapXRGB4444      emXGUI100_MDK_M7.lib(surface_rgb565.o)
    0x9000e93a   0x00000018   Code   RO         8419    i._MapXRGB4444      emXGUI100_MDK_M7.lib(surface_xrgb8888.o)
    0x9000e952   0x00000006   Code   RO         8351    i._MapXRGB8888      emXGUI100_MDK_M7.lib(surface_argb8888.o)
    0x9000e958   0x00000016   Code   RO         8374    i._MapXRGB8888      emXGUI100_MDK_M7.lib(surface_rgb332.o)
    0x9000e96e   0x00000016   Code   RO         8397    i._MapXRGB8888      emXGUI100_MDK_M7.lib(surface_rgb565.o)
    0x9000e984   0x00000002   Code   RO         8420    i._MapXRGB8888      emXGUI100_MDK_M7.lib(surface_xrgb8888.o)
    0x9000e986   0x0000000e   Code   RO         7681    i._OffsetRect       emXGUI100_MDK_M7.lib(gui_region.o)
    0x9000e994   0x00000046   Code   RO         7989    i._OffsetWindowRect  emXGUI100_MDK_M7.lib(gui_window.o)
    0x9000e9da   0x0000003a   Code   RO         7683    i._PosInRgn         emXGUI100_MDK_M7.lib(gui_region.o)
    0x9000ea14   0x00000058   Code   RO         7857    i._PostFlushMessage  emXGUI100_MDK_M7.lib(gui_message.o)
    0x9000ea6c   0x0000002a   Code   RO         7859    i._PostNCPaintMessage  emXGUI100_MDK_M7.lib(gui_message.o)
    0x9000ea96   0x00000020   Code   RO         7860    i._PostPaintMessage  emXGUI100_MDK_M7.lib(gui_message.o)
    0x9000eab6   0x0000002a   Code   RO         7684    i._PtInRect         emXGUI100_MDK_M7.lib(gui_region.o)
    0x9000eae0   0x00000136   Code   RO         7990    i._RedrawWindow     emXGUI100_MDK_M7.lib(gui_window.o)
    0x9000ec16   0x0000002e   Code   RO         7991    i._ScreenToClient   emXGUI100_MDK_M7.lib(gui_window.o)
    0x9000ec44   0x0000002e   Code   RO         7992    i._ScreenToWindow   emXGUI100_MDK_M7.lib(gui_window.o)
    0x9000ec72   0x00000032   Code   RO         7993    i._SendMessage_WM_MOVE_AllChild  emXGUI100_MDK_M7.lib(gui_window.o)
    0x9000eca4   0x00000032   Code   RO         7994    i._SendMessage_WM_SIZE_AllChild  emXGUI100_MDK_M7.lib(gui_window.o)
    0x9000ecd6   0x0000004a   Code   RO         7574    i._SetDrawRect      emXGUI100_MDK_M7.lib(gui_gdi.o)
    0x9000ed20   0x0000000c   Code   RO         7686    i._SetRectEmpty     emXGUI100_MDK_M7.lib(gui_region.o)
    0x9000ed2c   0x0000008c   Code   RO         7995    i._SetWindowClipFlag  emXGUI100_MDK_M7.lib(gui_window.o)
    0x9000edb8   0x00000338   Code   RO         7997    i._SetWindowPos     emXGUI100_MDK_M7.lib(gui_window.o)
    0x9000f0f0   0x0000009a   Code   RO         7998    i._SetWindowSize    emXGUI100_MDK_M7.lib(gui_window.o)
    0x9000f18a   0x00000002   PAD
    0x9000f18c   0x00000054   Code   RO         7999    i._SetWindowToTop   emXGUI100_MDK_M7.lib(gui_window.o)
    0x9000f1e0   0x00000040   Code   RO         8000    i._ShowWindow       emXGUI100_MDK_M7.lib(gui_window.o)
    0x9000f220   0x00000002   Code   RO         8352    i._ToARGB           emXGUI100_MDK_M7.lib(surface_argb8888.o)
    0x9000f222   0x0000001c   Code   RO         8375    i._ToARGB           emXGUI100_MDK_M7.lib(surface_rgb332.o)
    0x9000f23e   0x0000001e   Code   RO         8398    i._ToARGB           emXGUI100_MDK_M7.lib(surface_rgb565.o)
    0x9000f25c   0x00000002   Code   RO         8421    i._ToARGB           emXGUI100_MDK_M7.lib(surface_xrgb8888.o)
    0x9000f25e   0x00000002   PAD
    0x9000f260   0x00000078   Code   RO         8001    i._WindowCleanup    emXGUI100_MDK_M7.lib(gui_window.o)
    0x9000f2d8   0x0000002a   Code   RO         8002    i._WindowToScreen   emXGUI100_MDK_M7.lib(gui_window.o)
    0x9000f302   0x00000002   PAD
    0x9000f304   0x000001c4   Code   RO         8261    i._Wu_DrawBoldLine  emXGUI100_MDK_M7.lib(gd_line.o)
    0x9000f4c8   0x0000013c   Code   RO         8262    i._Wu_DrawLine      emXGUI100_MDK_M7.lib(gd_line.o)
    0x9000f604   0x00000020   Code   RO         9015    i.__0printf$8       mc_w.l(printf8.o)
    0x9000f624   0x00000028   Code   RO         9017    i.__0sprintf$8      mc_w.l(printf8.o)
    0x9000f64c   0x00000030   Code   RO         9208    i.__ARM_fpclassify  m_wv.l(fpclassify.o)
    0x9000f67c   0x00000020   Code   RO          572    i.__NVIC_SetPriority  stm32h7xx_hal_cortex.o
    0x9000f69c   0x000000f2   Code   RO         8536    i.__blend_argb      emXGUI100_MDK_M7.lib(gl_mem_16bpp.o)
    0x9000f78e   0x000000f2   Code   RO         8599    i.__blend_argb      emXGUI100_MDK_M7.lib(gl_mem_32bpp.o)
    0x9000f880   0x0000003e   Code   RO         7767    i.__create_font     emXGUI100_MDK_M7.lib(gui_font_xft.o)
    0x9000f8be   0x0000000a   Code   RO         7768    i.__delete_font     emXGUI100_MDK_M7.lib(gui_font_xft.o)
    0x9000f8c8   0x00000120   Code   RO         7769    i.__draw_char       emXGUI100_MDK_M7.lib(gui_font_xft.o)
    0x9000f9e8   0x00000080   Code   RO         7770    i.__get_char_info   emXGUI100_MDK_M7.lib(gui_font_xft.o)
    0x9000fa68   0x0000000c   Code   RO         7771    i.__get_font_info   emXGUI100_MDK_M7.lib(gui_font_xft.o)
    0x9000fa74   0x00000004   PAD
    0x9000fa78   0x000000f0   Code   RO         8751    i.__hardfp_ceil     m_wv.l(ceil.o)
    0x9000fb68   0x000000b0   Code   RO         8757    i.__hardfp_cos      m_wv.l(cos.o)
    0x9000fc18   0x000000f0   Code   RO         8769    i.__hardfp_floor    m_wv.l(floor.o)
    0x9000fd08   0x000000b0   Code   RO         8775    i.__hardfp_sin      m_wv.l(sin.o)
    0x9000fdb8   0x00000310   Code   RO         9150    i.__ieee754_rem_pio2  m_wv.l(rred.o)
    0x900100c8   0x000000e0   Code   RO         9133    i.__kernel_cos      m_wv.l(cos_i.o)
    0x900101a8   0x00000070   Code   RO         9210    i.__kernel_poly     m_wv.l(poly.o)
    0x90010218   0x000000a8   Code   RO         9155    i.__kernel_sin      m_wv.l(sin_i.o)
    0x900102c0   0x00000018   Code   RO         9139    i.__mathlib_dbl_invalid  m_wv.l(dunder.o)
    0x900102d8   0x00000018   Code   RO         9142    i.__mathlib_dbl_underflow  m_wv.l(dunder.o)
    0x900102f0   0x0000000e   Code   RO         9216    i.__scatterload_copy  mc_w.l(handlers.o)
    0x900102fe   0x00000002   Code   RO         9217    i.__scatterload_null  mc_w.l(handlers.o)
    0x90010300   0x0000000e   Code   RO         9218    i.__scatterload_zeroinit  mc_w.l(handlers.o)
    0x9001030e   0x00000002   PAD
    0x90010310   0x0000000c   Code   RO         9188    i.__set_errno       mc_w.l(errno.o)
    0x9001031c   0x00000410   Code   RO         9022    i._printf_core      mc_w.l(printf8.o)
    0x9001072c   0x00000024   Code   RO         9023    i._printf_post_padding  mc_w.l(printf8.o)
    0x90010750   0x0000002e   Code   RO         9024    i._printf_pre_padding  mc_w.l(printf8.o)
    0x9001077e   0x0000000a   Code   RO         9026    i._sputc            mc_w.l(printf8.o)
    0x90010788   0x00000010   Code   RO         8753    i.ceil              m_wv.l(ceil.o)
    0x90010798   0x000000ec   Code   RO         6746    i.cm_backtrace_call_stack  cm_backtrace.o
    0x90010884   0x00000274   Code   RO         6747    i.cm_backtrace_fault  cm_backtrace.o
    0x90010af8   0x0000002c   Code   RO         6748    i.cm_backtrace_firmware_info  cm_backtrace.o
    0x90010b24   0x0000005c   Code   RO         6749    i.cm_backtrace_init  cm_backtrace.o
    0x90010b80   0x00000010   Code   RO         8759    i.cos               m_wv.l(cos.o)
    0x90010b90   0x000000a0   Code   RO         7436    i.desktop_proc      gui_desktop.o
    0x90010c30   0x000000fc   Code   RO         8439    i.draw_window_frame  emXGUI100_MDK_M7.lib(gui_face.o)
    0x90010d2c   0x000000c8   Code   RO         6750    i.dump_stack        cm_backtrace.o
    0x90010df4   0x00000018   Code   RO         9204    i.fabs              m_wv.l(fabs.o)
    0x90010e0c   0x00000240   Code   RO         6751    i.fault_diagnosis   cm_backtrace.o
    0x9001104c   0x00000010   Code   RO         8771    i.floor             m_wv.l(floor.o)
    0x9001105c   0x00000018   Code   RO         5379    i.fputc             bsp_usart.o
    0x90011074   0x00000050   Code   RO         9069    i.free              mc_w.l(malloc.o)
    0x900110c4   0x0000005a   Code   RO         7792    i.gdDraw3DRect      emXGUI100_MDK_M7.lib(gd_rect.o)
    0x9001111e   0x0000024a   Code   RO         8639    i.gdFillPolygon     emXGUI100_MDK_M7.lib(gd_polygon.o)
    0x90011368   0x00000120   Code   RO         7795    i.gdFillRect        emXGUI100_MDK_M7.lib(gd_rect.o)
    0x90011488   0x000001b8   Code   RO         7796    i.gdFillRoundRect   emXGUI100_MDK_M7.lib(gd_rect.o)
    0x90011640   0x00000136   Code   RO         8263    i.gdHLine           emXGUI100_MDK_M7.lib(gd_line.o)
    0x90011776   0x00000110   Code   RO         8264    i.gdLine            emXGUI100_MDK_M7.lib(gd_line.o)
    0x90011886   0x000000a2   Code   RO         8289    i.gdSetPixel        emXGUI100_MDK_M7.lib(gd_pixel.o)
    0x90011928   0x00000076   Code   RO         8290    i.gdSetPixelARGB    emXGUI100_MDK_M7.lib(gd_pixel.o)
    0x9001199e   0x00000134   Code   RO         8267    i.gdVLine           emXGUI100_MDK_M7.lib(gd_line.o)
    0x90011ad2   0x00000004   Code   RO         6752    i.get_cur_thread_name  cm_backtrace.o
    0x90011ad6   0x00000002   PAD
    0x90011ad8   0x0000007c   Code   RO         6753    i.get_cur_thread_stack_info  cm_backtrace.o
    0x90011b54   0x0000000c   Code   RO         7437    i.gui_app_thread    gui_desktop.o
    0x90011b60   0x00000040   Code   RO         5587    i.i2c_Ack           bsp_i2c_touch.o
    0x90011ba0   0x0000000c   Code   RO         5588    i.i2c_Delay         bsp_i2c_touch.o
    0x90011bac   0x00000038   Code   RO         5589    i.i2c_NAck          bsp_i2c_touch.o
    0x90011be4   0x00000048   Code   RO         5590    i.i2c_ReadByte      bsp_i2c_touch.o
    0x90011c2c   0x00000064   Code   RO         5591    i.i2c_SendByte      bsp_i2c_touch.o
    0x90011c90   0x00000040   Code   RO         5592    i.i2c_Start         bsp_i2c_touch.o
    0x90011cd0   0x00000030   Code   RO         5593    i.i2c_Stop          bsp_i2c_touch.o
    0x90011d00   0x00000048   Code   RO         5594    i.i2c_WaitAck       bsp_i2c_touch.o
    0x90011d48   0x0000003c   Code   RO         5164    i.main              main.o
    0x90011d84   0x0000006c   Code   RO         9070    i.malloc            mc_w.l(malloc.o)
    0x90011df0   0x0000005a   Code   RO         8131    i.plug_holes        x_libc_MDK_M4.lib(x_heap.o)
    0x90011e4a   0x00000002   PAD
    0x90011e4c   0x00000094   Code   RO         6754    i.print_call_stack  cm_backtrace.o
    0x90011ee0   0x00000070   Code   RO         6238    i.prvAddCurrentTaskToDelayedList  tasks.o
    0x90011f50   0x00000088   Code   RO         6239    i.prvAddNewTaskToReadyList  tasks.o
    0x90011fd8   0x00000054   Code   RO         6240    i.prvCheckTasksWaitingTermination  tasks.o
    0x9001202c   0x00000028   Code   RO         6049    i.prvCopyDataFromQueue  queue.o
    0x90012054   0x0000006e   Code   RO         6050    i.prvCopyDataToQueue  queue.o
    0x900120c2   0x00000014   Code   RO         6241    i.prvDeleteTCB      tasks.o
    0x900120d6   0x00000002   PAD
    0x900120d8   0x0000004c   Code   RO         6594    i.prvHeapInit       heap_4.o
    0x90012124   0x00000028   Code   RO         6242    i.prvIdleTask       tasks.o
    0x9001214c   0x00000018   Code   RO         6051    i.prvInitialiseMutex  queue.o
    0x90012164   0x00000018   Code   RO         6052    i.prvInitialiseNewQueue  queue.o
    0x9001217c   0x000000c0   Code   RO         6243    i.prvInitialiseNewTask  tasks.o
    0x9001223c   0x00000058   Code   RO         6244    i.prvInitialiseTaskLists  tasks.o
    0x90012294   0x00000054   Code   RO         6595    i.prvInsertBlockIntoFreeList  heap_4.o
    0x900122e8   0x0000001a   Code   RO         6053    i.prvIsQueueEmpty   queue.o
    0x90012302   0x0000001e   Code   RO         6054    i.prvIsQueueFull    queue.o
    0x90012320   0x00000024   Code   RO         6245    i.prvResetNextTaskUnblockTime  tasks.o
    0x90012344   0x0000006c   Code   RO         6656    i.prvTaskExitError  port.o
    0x900123b0   0x0000006a   Code   RO         6055    i.prvUnlockQueue    queue.o
    0x9001241a   0x00000002   PAD
    0x9001241c   0x0000010c   Code   RO         6596    i.pvPortMalloc      heap_4.o
    0x90012528   0x00000018   Code   RO         6247    i.pvTaskIncrementMutexHeldCount  tasks.o
    0x90012540   0x00000024   Code   RO         6657    i.pxPortInitialiseStack  port.o
    0x90012564   0x00000010   Code   RO         8777    i.sin               m_wv.l(sin.o)
    0x90012574   0x00000250   Code   RO         8268    i.solid_line        emXGUI100_MDK_M7.lib(gd_line.o)
    0x900127c4   0x0000001c   Code   RO         6755    i.statck_del_fpu_regs  cm_backtrace.o
    0x900127e0   0x00000024   Code   RO         6000    i.uxListRemove      list.o
    0x90012804   0x00000016   Code   RO         6001    i.vListInitialise   list.o
    0x9001281a   0x00000006   Code   RO         6002    i.vListInitialiseItem  list.o
    0x90012820   0x00000030   Code   RO         6003    i.vListInsert       list.o
    0x90012850   0x00000018   Code   RO         6004    i.vListInsertEnd    list.o
    0x90012868   0x00000080   Code   RO         6659    i.vPortEnterCritical  port.o
    0x900128e8   0x0000006c   Code   RO         6660    i.vPortExitCritical  port.o
    0x90012954   0x0000009c   Code   RO         6597    i.vPortFree         heap_4.o
    0x900129f0   0x00000020   Code   RO         6661    i.vPortSetupTimerInterrupt  port.o
    0x90012a10   0x00000050   Code   RO         6060    i.vQueueDelete      queue.o
    0x90012a60   0x00000028   Code   RO         6061    i.vQueueUnregisterQueue  queue.o
    0x90012a88   0x00000078   Code   RO         6253    i.vTaskDelay        tasks.o
    0x90012b00   0x000000d4   Code   RO         6255    i.vTaskDelete       tasks.o
    0x90012bd4   0x0000000c   Code   RO         6257    i.vTaskMissedYield  tasks.o
    0x90012be0   0x0000000c   Code   RO         6258    i.vTaskName         tasks.o
    0x90012bec   0x00000060   Code   RO         6260    i.vTaskPlaceOnEventList  tasks.o
    0x90012c4c   0x00000088   Code   RO         6262    i.vTaskPriorityInherit  tasks.o
    0x90012cd4   0x00000050   Code   RO         6265    i.vTaskSetTimeOutState  tasks.o
    0x90012d24   0x0000000c   Code   RO         6266    i.vTaskStackAddr    tasks.o
    0x90012d30   0x0000000c   Code   RO         6267    i.vTaskStackSize    tasks.o
    0x90012d3c   0x00000098   Code   RO         6268    i.vTaskStartScheduler  tasks.o
    0x90012dd4   0x00000010   Code   RO         6270    i.vTaskSuspendAll   tasks.o
    0x90012de4   0x00000088   Code   RO         6271    i.vTaskSwitchContext  tasks.o
    0x90012e6c   0x000000e4   Code   RO         6663    i.xPortStartScheduler  port.o
    0x90012f50   0x00000030   Code   RO         6664    i.xPortSysTickHandler  port.o
    0x90012f80   0x00000064   Code   RO         6062    i.xQueueCreateCountingSemaphore  queue.o
    0x90012fe4   0x00000018   Code   RO         6063    i.xQueueCreateMutex  queue.o
    0x90012ffc   0x0000006c   Code   RO         6064    i.xQueueGenericCreate  queue.o
    0x90013068   0x000001a8   Code   RO         6065    i.xQueueGenericReceive  queue.o
    0x90013210   0x000000b4   Code   RO         6066    i.xQueueGenericReset  queue.o
    0x900132c4   0x00000180   Code   RO         6067    i.xQueueGenericSend  queue.o
    0x90013444   0x00000068   Code   RO         6070    i.xQueueGiveMutexRecursive  queue.o
    0x900134ac   0x00000070   Code   RO         6075    i.xQueueTakeMutexRecursive  queue.o
    0x9001351c   0x00000098   Code   RO         6272    i.xTaskCheckForTimeOut  tasks.o
    0x900135b4   0x00000060   Code   RO         6273    i.xTaskCreate       tasks.o
    0x90013614   0x0000000c   Code   RO         6276    i.xTaskGetCurrentTaskHandle  tasks.o
    0x90013620   0x0000001c   Code   RO         6277    i.xTaskGetSchedulerState  tasks.o
    0x9001363c   0x0000000c   Code   RO         6278    i.xTaskGetTickCount  tasks.o
    0x90013648   0x000000f4   Code   RO         6280    i.xTaskIncrementTick  tasks.o
    0x9001373c   0x000000bc   Code   RO         6283    i.xTaskPriorityDisinherit  tasks.o
    0x900137f8   0x000000a4   Code   RO         6284    i.xTaskRemoveFromEventList  tasks.o
    0x9001389c   0x000000f4   Code   RO         6286    i.xTaskResumeAll    tasks.o
    0x90013990   0x00000114   Code   RO         8132    i.x_heap_alloc      x_libc_MDK_M4.lib(x_heap.o)
    0x90013aa4   0x00000044   Code   RO         8133    i.x_heap_free       x_libc_MDK_M4.lib(x_heap.o)
    0x90013ae8   0x00000076   Code   RO         8134    i.x_heap_init       x_libc_MDK_M4.lib(x_heap.o)
    0x90013b5e   0x00000010   Data   RO           15    .constdata          system_stm32h7xx.o
    0x90013b6e   0x00000018   Data   RO         4362    .constdata          stm32h7xx_hal_uart.o
    0x90013b86   0x00000024   Data   RO         5485    .constdata          bsp_lcd.o
    0x90013baa   0x00000002   PAD
    0x90013bac   0x00000294   Data   RO         5721    .constdata          bsp_touch_gtxx.o
    0x90013e40   0x000000f8   Data   RO         6757    .constdata          cm_backtrace.o
    0x90013f38   0x00005af8   Data   RO         7098    .constdata          ascii_16_4bpp.o
    0x90019a30   0x00009db8   Data   RO         7112    .constdata          ascii_24_4bpp.o
    0x900237e8   0x00000018   Data   RO         7130    .constdata          gui_font_port.o
    0x90023800   0x00000014   Data   RO         7774    .constdata          emXGUI100_MDK_M7.lib(gui_font_xft.o)
    0x90023814   0x00000140   Data   RO         8120    .constdata          emXGUI100_MDK_M7.lib(gl_cursor.o)
    0x90023954   0x00000044   Data   RO         8269    .constdata          emXGUI100_MDK_M7.lib(gd_line.o)
    0x90023998   0x00000034   Data   RO         8327    .constdata          emXGUI100_MDK_M7.lib(surface_argb4444.o)
    0x900239cc   0x00000034   Data   RO         8353    .constdata          emXGUI100_MDK_M7.lib(surface_argb8888.o)
    0x90023a00   0x00000034   Data   RO         8376    .constdata          emXGUI100_MDK_M7.lib(surface_rgb332.o)
    0x90023a34   0x00000034   Data   RO         8399    .constdata          emXGUI100_MDK_M7.lib(surface_rgb565.o)
    0x90023a68   0x00000034   Data   RO         8422    .constdata          emXGUI100_MDK_M7.lib(surface_xrgb8888.o)
    0x90023a9c   0x00000014   Data   RO         8537    .constdata          emXGUI100_MDK_M7.lib(gl_mem_16bpp.o)
    0x90023ab0   0x00000014   Data   RO         8600    .constdata          emXGUI100_MDK_M7.lib(gl_mem_32bpp.o)
    0x90023ac4   0x00000004   PAD
    0x90023ac8   0x00000030   Data   RO         9134    .constdata          m_wv.l(cos_i.o)
    0x90023af8   0x000000c8   Data   RO         9152    .constdata          m_wv.l(rred.o)
    0x90023bc0   0x00000028   Data   RO         9156    .constdata          m_wv.l(sin_i.o)
    0x90023be8   0x000000a1   Data   RO         5738    .conststring        bsp_touch_gtxx.o
    0x90023c89   0x00000003   PAD
    0x90023c8c   0x00000815   Data   RO         6758    .conststring        cm_backtrace.o
    0x900244a1   0x00000003   PAD
    0x900244a4   0x00000027   Data   RO         7131    .conststring        gui_font_port.o
    0x900244cb   0x00000001   PAD
    0x900244cc   0x00000042   Data   RO         7438    .constwstring       gui_desktop.o
    0x9002450e   0x00000002   PAD
    0x90024510   0x00000020   Data   RO         9214    Region$$Table       anon$$obj.o



  Load Region LR$$.ARM.__AT_0xD00BB800 (Base: 0xd00bb800, Size: 0x00000000, Max: 0x03f44800, ABSOLUTE)

    Execution Region ER$$.ARM.__AT_0xD00BB800 (Base: 0xd00bb800, Size: 0x03f44800, Max: 0x03f44800, ABSOLUTE, UNINIT)

    Base Addr    Size         Type   Attr      Idx    E Section Name        Object

    0xd00bb800   0x03f44800   Zero   RW         7249    .ARM.__AT_0xD00BB800  gui_mem_port.o


==============================================================================

Image component sizes


      Code (inc. data)   RO Data    RW Data    ZI Data      Debug   Object Name

         0          0      23288          0          0        544   ascii_16_4bpp.o
         0          0      40376          0          0        544   ascii_24_4bpp.o
      1102         80          0          0          0      10947   bsp_i2c_touch.o
      1420         66         36          1        356      10667   bsp_lcd.o
       128         14          0          0          0       1070   bsp_led.o
      1988         58          0          0         68       5827   bsp_sdram.o
      2416        712        821          9          0      16360   bsp_touch_gtxx.o
       184         20          0          0        128       2012   bsp_usart.o
      2096        428       2317         24        308      12236   cm_backtrace.o
        12          0          0          0          0        488   cmb_fault.o
        64         18          0          0          0       1133   core_delay.o
         0          0          0          0          0       9480   event_groups.o
         4          0          0          0          0      27452   gui_arch.o
       516         96         66          4          0       3471   gui_desktop.o
        52         16         63          8          0       2554   gui_font_port.o
        20          0          0          0          0      30844   gui_gpu.o
         8          0          0          0          0       1115   gui_input_port.o
       164         46          0          0          0       2251   gui_lcd_port.o
         6          0          0          0          0       1124   gui_log_port.o
       274        134          0          4   66340892       6612   gui_mem_port.o
       410        254          0          0          0       1902   gui_startup.o
       106          4          0          4          0       2463   gui_touch_port.o
       584        138          0         24      32768       4323   heap_4.o
       136          0          0          0          0       3486   list.o
       718        246          0         12          0      52386   main.o
       874        328          0         12          0      10372   port.o
      1916        378          0          0         80      18148   queue.o
        36          8        664          0       1536        992   startup_stm32h743xx.o
       192         14          0          0          0      38672   stm32h7xx_hal_cortex.o
       518         50          0          0          0       3567   stm32h7xx_hal_gpio.o
       680          4          0          0          0       3894   stm32h7xx_hal_ltdc.o
      2424         96          0          0          0       7480   stm32h7xx_hal_rcc.o
      3868        128          0          0          0       8811   stm32h7xx_hal_rcc_ex.o
       180          6          0          0          0       3616   stm32h7xx_hal_sdram.o
      2538        102         24          0          0      28784   stm32h7xx_hal_uart.o
        30          0          0          0          0       3083   stm32h7xx_it.o
       238          4          0          0          0       3748   stm32h7xx_ll_fmc.o
       132         16         16          8          0    1185134   system_stm32h7xx.o
      2868        750          0         60        740      32923   tasks.o
       232         48          0          0          0       8991   x_gui_freertos.o

    ----------------------------------------------------------------------
     29162       4262      67714        172   66376876    1569506   Object Totals
         0          0         32          0          0          0   (incl. Generated)
        28          0         11          2          0          0   (incl. Padding)

    ----------------------------------------------------------------------

      Code (inc. data)   RO Data    RW Data    ZI Data      Debug   Library Member Name

      1172         18          0          0          0        328   gd_arc.o
      3248         48         68          0          0        992   gd_line.o
       284          0          0          0          0        272   gd_pixel.o
       750          0          0          0          0        236   gd_polygon.o
      1802          6          0          0          0        936   gd_rect.o
       824          0          0          0          0        292   gd_text.o
       132          8          0          0          0        100   gl_bitblt_1.o
       868         68        320         24         32        652   gl_cursor.o
      4992        152         20          0          0       2880   gl_mem_16bpp.o
      4592        152         20          0          0       2784   gl_mem_32bpp.o
      3538        136          0          0          0       2384   gl_mem_8bpp.o
       812         16          0          0          0        404   gui_aa_core.o
       994         20          0          0          0        100   gui_bitmap.o
       302          0          0          0          0        112   gui_blt.o
       208          0          0          0          0        316   gui_core.o
       140         10          0          0          0        376   gui_cursor.o
      1216         18          0          0          0        304   gui_face.o
       436         16          0          0          0        508   gui_font.o
       512          4         20          0          0        508   gui_font_xft.o
       678         34          0          0          0       1288   gui_gdi.o
      1380         50          0         52        256        488   gui_input.o
       788         40          0          0          0        944   gui_libc.o
      1810          0          0          0          0       1252   gui_message.o
      1456          0          0          0          0       1552   gui_region.o
       432          6          0          0          0        324   gui_timer.o
      8574        170          0         16          0       5308   gui_window.o
       350          6         52          0          0        988   surface_argb4444.o
       228          6         52          0          0        772   surface_argb8888.o
       242          6         52          0          0        772   surface_rgb332.o
       272          6         52          0          0        784   surface_rgb565.o
       204          6         52          0          0        772   surface_xrgb8888.o
       956        258          0         32      10588        768   x_gui.o
       256         26          0          0          0        256   ceil.o
       192         18          0          0          0        280   cos.o
       224         42         48          0          0        184   cos_i.o
        48         28          0          0          0        232   dunder.o
        24          0          0          0          0        124   fabs.o
       256         26          0          0          0        256   floor.o
        48          0          0          0          0        124   fpclassify.o
       112          0          0          0          0        116   poly.o
       784        138        200          0          0        172   rred.o
       192         18          0          0          0        284   sin.o
       168         24         40          0          0        196   sin_i.o
        86          0          0          0          0          0   __dczerorl2.o
         0          0          0          0          0          0   entry.o
         0          0          0          0          0          0   entry10a.o
         0          0          0          0          0          0   entry11a.o
         8          4          0          0          0          0   entry2.o
         4          0          0          0          0          0   entry5.o
         0          0          0          0          0          0   entry7b.o
         0          0          0          0          0          0   entry8b.o
         8          4          0          0          0          0   entry9a.o
        12          6          0          4          0         68   errno.o
        30          0          0          0          0          0   handlers.o
        36          8          0          0          0         68   init.o
         0          0          0          0          0          0   iusefp.o
        30          0          0          0          0         68   llshl.o
        36          0          0          0          0         68   llsshr.o
        32          0          0          0          0         68   llushr.o
       188         20          0          0          0        160   malloc.o
        40          0          0          0          0         76   memcpy.o
        36          0          0          0          0        108   memseta.o
         0          0          0          8          0          0   mvars.o
      1204         60          0          0          0        504   printf8.o
         0          0          0          4          0          0   stdout.o
        24          0          0          0          0         76   strncpy.o
        98          0          0          0          0         92   uldiv.o
        20          0          0          0          0         68   cfcmple.o
        20          0          0          0          0         68   cfrcmple.o
        56          0          0          0          0         88   d2f.o
       334          0          0          0          0        148   dadd.o
       222          0          0          0          0        100   ddiv.o
       186          0          0          0          0        176   depilogue.o
        62          0          0          0          0         80   dfixi.o
        50          0          0          0          0         76   dfixui.o
        34          0          0          0          0         76   dflti.o
        26          0          0          0          0         76   dfltui.o
       228          0          0          0          0         96   dmul.o
        46          0          0          0          0         80   dscalb.o
        38          0          0          0          0         68   f2d.o
       176          0          0          0          0        140   fadd.o
       124          0          0          0          0         88   fdiv.o
       110          0          0          0          0        168   fepilogue.o
        50          0          0          0          0         68   ffixi.o
        40          0          0          0          0         68   ffixui.o
        18          0          0          0          0         68   fflti.o
       100          0          0          0          0         76   fmul.o
       552          0          0          0          0       5619   x_heap.o

    ----------------------------------------------------------------------
     50908       1682       1000        140      10876      41571   Library Totals
        48          0          4          0          0          0   (incl. Padding)

    ----------------------------------------------------------------------

      Code (inc. data)   RO Data    RW Data    ZI Data      Debug   Library Name

     44192       1260        708        124      10876      30496   emXGUI100_MDK_M7.lib
      2304        320        288          0          0       2224   m_wv.l
      1872        102          0         16          0       1356   mc_w.l
      1940          0          0          0          0       1876   mf_w.l
       552          0          0          0          0       5619   x_libc_MDK_M4.lib

    ----------------------------------------------------------------------
     50908       1682       1000        140      10876      41571   Library Totals

    ----------------------------------------------------------------------

==============================================================================


      Code (inc. data)   RO Data    RW Data    ZI Data      Debug   

     80070       5944      68714        312   66387752    1568013   Grand Totals
     80070       5944      68714         20   66387752    1568013   ELF Image Totals (compressed)
     80070       5944      68714         20          0          0   ROM Totals

==============================================================================

    Total RO  Size (Code + RO Data)               148784 ( 145.30kB)
    Total RW  Size (RW Data + ZI Data)          66388064 (64832.09kB)
    Total ROM Size (Code + RO Data + RW Data)     148804 ( 145.32kB)

==============================================================================

