<!doctype html public "-//w3c//dtd html 4.0 transitional//en">
<html><head>
<title>Static Call Graph - [..\..\Output\ExtFlash\Fire_H7.axf]</title></head>
<body><HR>
<H1>Static Call Graph for image ..\..\Output\ExtFlash\Fire_H7.axf</H1><HR>
<BR><P>#&#060CALLGRAPH&#062# ARM Linker, 5060750: Last Updated: Fri Oct 18 00:30:58 2019
<BR><P>
<H3>Maximum Stack Usage =       4968 bytes + Unknown(Functions without stacksize, Cycles, Untraceable Function Pointers)</H3><H3>
Call chain for Maximum Stack Depth:</H3>
GUI_Task &rArr; Create_XBF24 &rArr; f_open &rArr; dir_register &rArr; dir_find &rArr; dir_next &rArr; create_chain &rArr; put_fat &rArr; move_window &rArr; sync_window &rArr; disk_write
<P>
<H3>
Functions with no stack information
</H3><UL>
 <LI><a href="#[af]">BUTTON_Callback</a>
 <LI><a href="#[1b8]">BUTTON_CreateAsChild</a>
 <LI><a href="#[11f]">BUTTON_CreateIndirect</a>
 <LI><a href="#[5]">BUTTON_DrawSkinFlex</a>
 <LI><a href="#[1ce]">BUTTON_IsPressed</a>
 <LI><a href="#[1cf]">BUTTON_SetFont</a>
 <LI><a href="#[1d0]">BUTTON_SetSelfDraw</a>
 <LI><a href="#[1d3]">BUTTON_SetText</a>
 <LI><a href="#[1d2]">BUTTON__SetDrawObj</a>
 <LI><a href="#[1d4]">FRAMEWIN_AddButton</a>
 <LI><a href="#[1d9]">FRAMEWIN_AddCloseButton</a>
 <LI><a href="#[b2]">FRAMEWIN_Callback</a>
 <LI><a href="#[11e]">FRAMEWIN_CreateIndirect</a>
 <LI><a href="#[7]">FRAMEWIN_DrawSkinFlex</a>
 <LI><a href="#[1e5]">FRAMEWIN_GetActive</a>
 <LI><a href="#[1d6]">FRAMEWIN_GetBorderSize</a>
 <LI><a href="#[1d5]">FRAMEWIN_GetTitleHeight</a>
 <LI><a href="#[1e9]">FRAMEWIN_SetFont</a>
 <LI><a href="#[1ed]">FRAMEWIN_SetText</a>
 <LI><a href="#[1ee]">FRAMEWIN_SetTextAlign</a>
 <LI><a href="#[1ef]">FRAMEWIN_SetTitleHeight</a>
 <LI><a href="#[1d7]">FRAMEWIN__CalcPositions</a>
 <LI><a href="#[1f4]">FRAMEWIN__CalcTitleHeight</a>
 <LI><a href="#[6]">FRAMEWIN__GetBorderSize</a>
 <LI><a href="#[1f3]">FRAMEWIN__GetTitleLimits</a>
 <LI><a href="#[1ec]">FRAMEWIN__UpdateButtons</a>
 <LI><a href="#[1eb]">FRAMEWIN__UpdatePositions</a>
 <LI><a href="#[1ff]">GL_DrawBitmap</a>
 <LI><a href="#[202]">GL_SetDefault</a>
 <LI><a href="#[40d]">GUICC_M1555I_SetCustColorConv</a>
 <LI><a href="#[40f]">GUICC_M4444I_SetCustColorConv</a>
 <LI><a href="#[40e]">GUICC_M565_SetCustColorConv</a>
 <LI><a href="#[411]">GUICC_M8888I_SetCustColorConv</a>
 <LI><a href="#[410]">GUICC_M888_SetCustColorConv</a>
 <LI><a href="#[184]">GUIMONO_DispChar</a>
 <LI><a href="#[185]">GUIMONO_GetCharDistX</a>
 <LI><a href="#[186]">GUIMONO_GetFontInfo</a>
 <LI><a href="#[187]">GUIMONO_IsInFont</a>
 <LI><a href="#[172]">GUIPROP_DispChar</a>
 <LI><a href="#[9]">GUIPROP_EXT__ClearLine</a>
 <LI><a href="#[17f]">GUIPROP_EXT__DispLine</a>
 <LI><a href="#[209]">GUIPROP_EXT__FindChar</a>
 <LI><a href="#[346]">GUIPROP_EXT__SetfpClearLine</a>
 <LI><a href="#[173]">GUIPROP_GetCharDistX</a>
 <LI><a href="#[174]">GUIPROP_GetFontInfo</a>
 <LI><a href="#[175]">GUIPROP_IsInFont</a>
 <LI><a href="#[20b]">GUITASK_CopyContext</a>
 <LI><a href="#[20d]">GUITASK_Init</a>
 <LI><a href="#[211]">GUI_AA__DrawCharAA2</a>
 <LI><a href="#[215]">GUI_ALLOC_AllocInit</a>
 <LI><a href="#[217]">GUI_ALLOC_AllocNoInit</a>
 <LI><a href="#[218]">GUI_ALLOC_AllocZero</a>
 <LI><a href="#[397]">GUI_ALLOC_AssignMemory</a>
 <LI><a href="#[219]">GUI_ALLOC_Free</a>
 <LI><a href="#[23c]">GUI_ALLOC_FreeFixedBlock</a>
 <LI><a href="#[1b4]">GUI_ALLOC_FreePtr</a>
 <LI><a href="#[1b5]">GUI_ALLOC_FreePtrArray</a>
 <LI><a href="#[20f]">GUI_ALLOC_GetFixedBlock</a>
 <LI><a href="#[21d]">GUI_ALLOC_GetMaxSize</a>
 <LI><a href="#[2d6]">GUI_ALLOC_GetSize</a>
 <LI><a href="#[240]">GUI_ALLOC_Lock</a>
 <LI><a href="#[1b1]">GUI_ALLOC_LockH</a>
 <LI><a href="#[21e]">GUI_ALLOC_Realloc</a>
 <LI><a href="#[21f]">GUI_ALLOC_RequestSize</a>
 <LI><a href="#[398]">GUI_ALLOC_SetAvBlockSize</a>
 <LI><a href="#[242]">GUI_ALLOC_Unlock</a>
 <LI><a href="#[1b2]">GUI_ALLOC_UnlockH</a>
 <LI><a href="#[238]">GUI_ALLOC_h2p</a>
 <LI><a href="#[220]">GUI_ARRAY_AddItem</a>
 <LI><a href="#[221]">GUI_ARRAY_Create</a>
 <LI><a href="#[222]">GUI_ARRAY_Delete</a>
 <LI><a href="#[223]">GUI_ARRAY_DeleteItem</a>
 <LI><a href="#[225]">GUI_ARRAY_GetNumItems</a>
 <LI><a href="#[226]">GUI_ARRAY_GethItem</a>
 <LI><a href="#[227]">GUI_ARRAY_GetpItemLocked</a>
 <LI><a href="#[228]">GUI_CURSOR_SetPositionEx</a>
 <LI><a href="#[345]">GUI_CalcColorDist</a>
 <LI><a href="#[1fd]">GUI_Clear</a>
 <LI><a href="#[22f]">GUI_ClearRect</a>
 <LI><a href="#[230]">GUI_ClearRectEx</a>
 <LI><a href="#[231]">GUI_CreateDialogBox</a>
 <LI><a href="#[2a2]">GUI_DCACHE_Clear</a>
 <LI><a href="#[239]">GUI_DEVICE_Create</a>
 <LI><a href="#[23a]">GUI_DEVICE_CreateAndLink</a>
 <LI><a href="#[23b]">GUI_DEVICE_Delete</a>
 <LI><a href="#[278]">GUI_DEVICE_Link</a>
 <LI><a href="#[271]">GUI_DEVICE_LinkDevices</a>
 <LI><a href="#[2b2]">GUI_DEVICE_Unlink</a>
 <LI><a href="#[270]">GUI_DEVICE_UnlinkTaskDevices</a>
 <LI><a href="#[2b0]">GUI_DEVICE__GetpDevice</a>
 <LI><a href="#[27f]">GUI_DEVICE__GetpDriver</a>
 <LI><a href="#[1d1]">GUI_DRAW_SELF_Create</a>
 <LI><a href="#[1c8]">GUI_DRAW__Draw</a>
 <LI><a href="#[23d]">GUI_Delay</a>
 <LI><a href="#[24a]">GUI_DispStringAt</a>
 <LI><a href="#[1c6]">GUI_DispStringInRect</a>
 <LI><a href="#[24e]">GUI_DispStringInRectMax</a>
 <LI><a href="#[24f]">GUI_DispStringInRectWrap</a>
 <LI><a href="#[253]">GUI_DrawBitmap</a>
 <LI><a href="#[1c1]">GUI_DrawGradientV</a>
 <LI><a href="#[1cb]">GUI_DrawHLine</a>
 <LI><a href="#[1e8]">GUI_DrawPixel</a>
 <LI><a href="#[1c0]">GUI_DrawRect</a>
 <LI><a href="#[1cc]">GUI_DrawVLine</a>
 <LI><a href="#[255]">GUI_EndDialog</a>
 <LI><a href="#[23f]">GUI_Exec</a>
 <LI><a href="#[1cd]">GUI_FillRect</a>
 <LI><a href="#[1e7]">GUI_FillRectEx</a>
 <LI><a href="#[2ab]">GUI_GetBitmapPixelIndex</a>
 <LI><a href="#[29a]">GUI_GetBitsPerPixelEx</a>
 <LI><a href="#[207]">GUI_GetBkColor</a>
 <LI><a href="#[25a]">GUI_GetCharDistX</a>
 <LI><a href="#[25b]">GUI_GetCharDistXEx</a>
 <LI><a href="#[1c3]">GUI_GetClientRect</a>
 <LI><a href="#[206]">GUI_GetColor</a>
 <LI><a href="#[229]">GUI_GetCursorLayer</a>
 <LI><a href="#[25e]">GUI_GetDrawMode</a>
 <LI><a href="#[244]">GUI_GetFontDistY</a>
 <LI><a href="#[25f]">GUI_GetLayerPosEx</a>
 <LI><a href="#[261]">GUI_GetOrg</a>
 <LI><a href="#[262]">GUI_GetTime</a>
 <LI><a href="#[2c9]">GUI_GetVersionString</a>
 <LI><a href="#[245]">GUI_GetYAdjust</a>
 <LI><a href="#[1ea]">GUI_GetYSizeOfFont</a>
 <LI><a href="#[29c]">GUI_GetpfColor2IndexEx</a>
 <LI><a href="#[29b]">GUI_GetpfIndex2ColorEx</a>
 <LI><a href="#[22c]">GUI_GotoXY</a>
 <LI><a href="#[263]">GUI_Init</a>
 <LI><a href="#[1b9]">GUI_Lock</a>
 <LI><a href="#[272]">GUI_MEMDEV_Clear</a>
 <LI><a href="#[273]">GUI_MEMDEV_CopyToLCD</a>
 <LI><a href="#[27d]">GUI_MEMDEV_CreateEx</a>
 <LI><a href="#[280]">GUI_MEMDEV_Delete</a>
 <LI><a href="#[282]">GUI_MEMDEV_Draw</a>
 <LI><a href="#[28c]">GUI_MEMDEV_GetBitsPerPixel</a>
 <LI><a href="#[28e]">GUI_MEMDEV_GetDataPtr</a>
 <LI><a href="#[28f]">GUI_MEMDEV_GetXPos</a>
 <LI><a href="#[290]">GUI_MEMDEV_GetXSize</a>
 <LI><a href="#[291]">GUI_MEMDEV_GetYPos</a>
 <LI><a href="#[285]">GUI_MEMDEV_GetYSize</a>
 <LI><a href="#[c9]">GUI_MEMDEV_Paint1Static</a>
 <LI><a href="#[287]">GUI_MEMDEV_ReduceYSize</a>
 <LI><a href="#[286]">GUI_MEMDEV_Select</a>
 <LI><a href="#[415]">GUI_MEMDEV_SetDrawMemdev16bppFunc</a>
 <LI><a href="#[288]">GUI_MEMDEV_SetOrg</a>
 <LI><a href="#[294]">GUI_MEMDEV_Write</a>
 <LI><a href="#[27e]">GUI_MEMDEV__CreateFixed</a>
 <LI><a href="#[2b1]">GUI_MEMDEV__SetAlphaCallback</a>
 <LI><a href="#[e0]">GUI_MEMDEV__WriteToActiveAlpha</a>
 <LI><a href="#[297]">GUI_MEMDEV__WriteToActiveAt</a>
 <LI><a href="#[27b]">GUI_MEMDEV__WriteToActiveOpaque</a>
 <LI><a href="#[29f]">GUI_MULTIBUF_BeginEx</a>
 <LI><a href="#[2a0]">GUI_MULTIBUF_ConfigEx</a>
 <LI><a href="#[3af]">GUI_MULTIBUF_ConfirmEx</a>
 <LI><a href="#[2a1]">GUI_MULTIBUF_EndEx</a>
 <LI><a href="#[336]">GUI_MergeRect</a>
 <LI><a href="#[1c4]">GUI_MoveRect</a>
 <LI><a href="#[325]">GUI_PID_GetState</a>
 <LI><a href="#[324]">GUI_PID_IsEmpty</a>
 <LI><a href="#[2a3]">GUI_PID_StoreState</a>
 <LI><a href="#[2a5]">GUI_PollKeyMsg</a>
 <LI><a href="#[2a7]">GUI_ReadRectEx</a>
 <LI><a href="#[33a]">GUI_RectsIntersect</a>
 <LI><a href="#[2a9]">GUI_RestoreContext</a>
 <LI><a href="#[22b]">GUI_SPRITE_SetPosition</a>
 <LI><a href="#[2ae]">GUI_SaveContext_W</a>
 <LI><a href="#[27c]">GUI_SelectLCD</a>
 <LI><a href="#[275]">GUI_SelectLayer</a>
 <LI><a href="#[b9]">GUI_SetAlpha</a>
 <LI><a href="#[2b4]">GUI_SetBkColor</a>
 <LI><a href="#[1bf]">GUI_SetColor</a>
 <LI><a href="#[2b5]">GUI_SetColorIndex</a>
 <LI><a href="#[200]">GUI_SetDrawMode</a>
 <LI><a href="#[1c2]">GUI_SetFont</a>
 <LI><a href="#[412]">GUI_SetFuncAlphaBlending</a>
 <LI><a href="#[416]">GUI_SetFuncDrawAlpha</a>
 <LI><a href="#[413]">GUI_SetFuncGetpPalConvTable</a>
 <LI><a href="#[414]">GUI_SetFuncMixColorsBulk</a>
 <LI><a href="#[22a]">GUI_SetLayerPosEx</a>
 <LI><a href="#[26d]">GUI_SetOrg</a>
 <LI><a href="#[1c5]">GUI_SetTextMode</a>
 <LI><a href="#[2a4]">GUI_SignalEvent</a>
 <LI><a href="#[1b7]">GUI_StoreKey</a>
 <LI><a href="#[2b8]">GUI_TIMER_Create</a>
 <LI><a href="#[2ba]">GUI_TIMER_Delete</a>
 <LI><a href="#[ba]">GUI_TIMER_Exec</a>
 <LI><a href="#[2bb]">GUI_TIMER_GetFlag</a>
 <LI><a href="#[2bc]">GUI_TIMER_Restart</a>
 <LI><a href="#[2bd]">GUI_TIMER_SetPeriod</a>
 <LI><a href="#[2be]">GUI_TIMER__GetFirstTimer</a>
 <LI><a href="#[2bf]">GUI_TIMER__GetNextTimerLin</a>
 <LI><a href="#[2c0]">GUI_TOUCH_StoreStateEx</a>
 <LI><a href="#[208]">GUI_UC__GetCharCodeInc</a>
 <LI><a href="#[249]">GUI_UC__NumChars2NumBytes</a>
 <LI><a href="#[349]">GUI_USAGE_AddRect</a>
 <LI><a href="#[298]">GUI_USAGE_BM_Create</a>
 <LI><a href="#[281]">GUI_USAGE_DecUseCnt</a>
 <LI><a href="#[1bc]">GUI_Unlock</a>
 <LI><a href="#[2c3]">GUI_XBF_CreateFont</a>
 <LI><a href="#[cb]">GUI_XBF__ClearLine</a>
 <LI><a href="#[128]">GUI_XBF__GetCharDistX</a>
 <LI><a href="#[12b]">GUI_XBF__GetCharInfo</a>
 <LI><a href="#[129]">GUI_XBF__GetFontInfo</a>
 <LI><a href="#[2c6]">GUI_XBF__GetOffAndSize</a>
 <LI><a href="#[12a]">GUI_XBF__IsInFont</a>
 <LI><a href="#[2c7]">GUI__AllocAlphaBuffer</a>
 <LI><a href="#[292]">GUI__AlphaPreserveTrans</a>
 <LI><a href="#[29d]">GUI__CompactPixelIndices</a>
 <LI><a href="#[350]">GUI__CompactPixelIndicesEx</a>
 <LI><a href="#[264]">GUI__Config</a>
 <LI><a href="#[248]">GUI__DispLine</a>
 <LI><a href="#[24d]">GUI__DispStringInRect</a>
 <LI><a href="#[2ce]">GUI__DoAlphaBlending</a>
 <LI><a href="#[2d0]">GUI__DrawBitmap16bpp</a>
 <LI><a href="#[1e6]">GUI__DrawTwinArc2</a>
 <LI><a href="#[1ca]">GUI__DrawTwinArc4</a>
 <LI><a href="#[34d]">GUI__ExpandPixelIndices</a>
 <LI><a href="#[2cf]">GUI__ExpandPixelIndicesEx</a>
 <LI><a href="#[2d1]">GUI__GetAlphaBuffer</a>
 <LI><a href="#[247]">GUI__GetLineDistX</a>
 <LI><a href="#[246]">GUI__GetLineNumChars</a>
 <LI><a href="#[20a]">GUI__GetOverlap</a>
 <LI><a href="#[2cd]">GUI__HandleEOLine</a>
 <LI><a href="#[31b]">GUI__IntersectRect</a>
 <LI><a href="#[24c]">GUI__IntersectRects</a>
 <LI><a href="#[2d5]">GUI__ManageCache</a>
 <LI><a href="#[2]">GUI__MixColors</a>
 <LI><a href="#[3]">GUI__MixColorsBulk</a>
 <LI><a href="#[2c5]">GUI__Read16</a>
 <LI><a href="#[2c4]">GUI__Read32</a>
 <LI><a href="#[30c]">GUI__ReduceRect</a>
 <LI><a href="#[20e]">GUI__RegisterExit</a>
 <LI><a href="#[1bd]">GUI__SetText</a>
 <LI><a href="#[251]">GUI__WrapGetNumBytesToNextLine</a>
 <LI><a href="#[252]">GUI__WrapGetNumCharsDisp</a>
 <LI><a href="#[2d8]">GUI__memset</a>
 <LI><a href="#[2d4]">GUI__sqrt32</a>
 <LI><a href="#[2fe]">GUI__strlen</a>
 <LI><a href="#[e]">LCD_AA_MixColors16</a>
 <LI><a href="#[2c8]">LCD_AA_SetOrMask</a>
 <LI><a href="#[2e3]">LCD_Color2Index</a>
 <LI><a href="#[12d]">LCD_Color2Index_8666</a>
 <LI><a href="#[201]">LCD_DrawBitmap</a>
 <LI><a href="#[14b]">LCD_DrawHLine</a>
 <LI><a href="#[14c]">LCD_DrawPixel</a>
 <LI><a href="#[254]">LCD_DrawVLine</a>
 <LI><a href="#[205]">LCD_FillRect</a>
 <LI><a href="#[2d3]">LCD_GetBitsPerPixelEx</a>
 <LI><a href="#[259]">LCD_GetBkColorIndex</a>
 <LI><a href="#[25d]">LCD_GetColorIndex</a>
 <LI><a href="#[44f]">LCD_GetDevFunc</a>
 <LI><a href="#[2d9]">LCD_GetMirrorXEx</a>
 <LI><a href="#[2da]">LCD_GetMirrorYEx</a>
 <LI><a href="#[2d2]">LCD_GetNextPixelAPI</a>
 <LI><a href="#[2db]">LCD_GetNumColors</a>
 <LI><a href="#[2dc]">LCD_GetNumColorsEx</a>
 <LI><a href="#[2dd]">LCD_GetNumLayers</a>
 <LI><a href="#[2de]">LCD_GetPalette</a>
 <LI><a href="#[2df]">LCD_GetPixelColor</a>
 <LI><a href="#[2e0]">LCD_GetPixelIndex</a>
 <LI><a href="#[260]">LCD_GetPosEx</a>
 <LI><a href="#[2e1]">LCD_GetSwapXYEx</a>
 <LI><a href="#[28a]">LCD_GetVXSizeEx</a>
 <LI><a href="#[2b3]">LCD_GetVXSizeMax</a>
 <LI><a href="#[28b]">LCD_GetVYSizeEx</a>
 <LI><a href="#[295]">LCD_GetXSize</a>
 <LI><a href="#[268]">LCD_GetXSizeDisplay</a>
 <LI><a href="#[283]">LCD_GetXSizeEx</a>
 <LI><a href="#[26a]">LCD_GetXSizeMax</a>
 <LI><a href="#[296]">LCD_GetYSize</a>
 <LI><a href="#[269]">LCD_GetYSizeDisplay</a>
 <LI><a href="#[284]">LCD_GetYSizeEx</a>
 <LI><a href="#[26b]">LCD_GetYSizeMax</a>
 <LI><a href="#[2e2]">LCD_GetpPalConvTable</a>
 <LI><a href="#[0]">LCD_GetpPalConvTableBM</a>
 <LI><a href="#[214]">LCD_GetpPalConvTableUncached</a>
 <LI><a href="#[213]">LCD_Index2Color</a>
 <LI><a href="#[cc]">LCD_Index2Color_565</a>
 <LI><a href="#[12e]">LCD_Index2Color_8666</a>
 <LI><a href="#[ce]">LCD_Index2Color_8888</a>
 <LI><a href="#[cd]">LCD_Index2Color_M565</a>
 <LI><a href="#[be]">LCD_Index2Color_M888</a>
 <LI><a href="#[bf]">LCD_Index2Color_M8888I</a>
 <LI><a href="#[2e4]">LCD_InitColors</a>
 <LI><a href="#[2e5]">LCD_InitLUT</a>
 <LI><a href="#[2af]">LCD_SelectLCD</a>
 <LI><a href="#[1fc]">LCD_SetBkColor</a>
 <LI><a href="#[2ec]">LCD_SetBkColorIndex</a>
 <LI><a href="#[2e7]">LCD_SetClipRectEx</a>
 <LI><a href="#[27a]">LCD_SetClipRectMax</a>
 <LI><a href="#[203]">LCD_SetColor</a>
 <LI><a href="#[2b6]">LCD_SetColorIndex</a>
 <LI><a href="#[2e8]">LCD_SetDevFunc</a>
 <LI><a href="#[26c]">LCD_SetDisplaySize</a>
 <LI><a href="#[204]">LCD_SetDrawMode</a>
 <LI><a href="#[2e6]">LCD_SetLUTEntryEx</a>
 <LI><a href="#[212]">LCD_SetPixelAA4_Trans</a>
 <LI><a href="#[2b7]">LCD_SetPosEx</a>
 <LI><a href="#[2e9]">LCD_SetSizeEx</a>
 <LI><a href="#[2ea]">LCD_SetVRAMAddrEx</a>
 <LI><a href="#[2eb]">LCD_SetVSizeEx</a>
 <LI><a href="#[279]">LCD_UpdateColorIndices</a>
 <LI><a href="#[29e]">LCD__DrawBitmap_1bpp</a>
 <LI><a href="#[28d]">LCD__GetBPPDevice</a>
 <LI><a href="#[2ed]">LISTWHEEL_AddString</a>
 <LI><a href="#[c1]">LISTWHEEL_Callback</a>
 <LI><a href="#[121]">LISTWHEEL_CreateIndirect</a>
 <LI><a href="#[2fa]">LISTWHEEL_CreateUser</a>
 <LI><a href="#[2fb]">LISTWHEEL_GetItemText</a>
 <LI><a href="#[2fc]">LISTWHEEL_GetPos</a>
 <LI><a href="#[c2]">LISTWHEEL_OwnerDraw</a>
 <LI><a href="#[2ff]">LISTWHEEL_SetFont</a>
 <LI><a href="#[301]">LISTWHEEL_SetLineHeight</a>
 <LI><a href="#[302]">LISTWHEEL_SetOwnerDraw</a>
 <LI><a href="#[303]">LISTWHEEL_SetSel</a>
 <LI><a href="#[304]">LISTWHEEL_SetSnapPosition</a>
 <LI><a href="#[305]">LISTWHEEL_SetTextAlign</a>
 <LI><a href="#[306]">LISTWHEEL_SetTextColor</a>
 <LI><a href="#[c3]">TEXT_Callback</a>
 <LI><a href="#[120]">TEXT_CreateIndirect</a>
 <LI><a href="#[307]">TEXT_SetFont</a>
 <LI><a href="#[308]">TEXT_SetText</a>
 <LI><a href="#[309]">TEXT_SetTextAlign</a>
 <LI><a href="#[1b6]">WIDGET_AndState</a>
 <LI><a href="#[1ae]">WIDGET_HandleActive</a>
 <LI><a href="#[1b0]">WIDGET_OrState</a>
 <LI><a href="#[1d8]">WIDGET_SetFocusable</a>
 <LI><a href="#[1bb]">WIDGET__Init</a>
 <LI><a href="#[276]">WM_Activate</a>
 <LI><a href="#[30d]">WM_BringToBottom</a>
 <LI><a href="#[1de]">WM_BringToTop</a>
 <LI><a href="#[313]">WM_CreateTimer</a>
 <LI><a href="#[1ba]">WM_CreateWindowAsChild</a>
 <LI><a href="#[277]">WM_Deactivate</a>
 <LI><a href="#[1af]">WM_DefaultProc</a>
 <LI><a href="#[2f5]">WM_DeleteTimer</a>
 <LI><a href="#[234]">WM_DeleteWindow</a>
 <LI><a href="#[1e4]">WM_DisableMemdev</a>
 <LI><a href="#[258]">WM_Exec</a>
 <LI><a href="#[312]">WM_ForEachDesc</a>
 <LI><a href="#[323]">WM_GetActiveWindow</a>
 <LI><a href="#[25c]">WM_GetClientRect</a>
 <LI><a href="#[2f3]">WM_GetClientRectEx</a>
 <LI><a href="#[232]">WM_GetClientWindow</a>
 <LI><a href="#[235]">WM_GetDesktopWindow</a>
 <LI><a href="#[338]">WM_GetDesktopWindowEx</a>
 <LI><a href="#[31e]">WM_GetDialogItem</a>
 <LI><a href="#[1f5]">WM_GetFirstChild</a>
 <LI><a href="#[237]">WM_GetFocusedWindow</a>
 <LI><a href="#[2fd]">WM_GetHasTrans</a>
 <LI><a href="#[320]">WM_GetId</a>
 <LI><a href="#[2ee]">WM_GetInsideRect</a>
 <LI><a href="#[2f0]">WM_GetInsideRectEx</a>
 <LI><a href="#[1f6]">WM_GetNextSibling</a>
 <LI><a href="#[1fb]">WM_GetParent</a>
 <LI><a href="#[293]">WM_GetWindowOrgX</a>
 <LI><a href="#[321]">WM_GetWindowRectEx</a>
 <LI><a href="#[322]">WM_GetWindowSizeX</a>
 <LI><a href="#[1f2]">WM_GetWindowSizeY</a>
 <LI><a href="#[b6]">WM_HandlePID</a>
 <LI><a href="#[2f2]">WM_HasCaptured</a>
 <LI><a href="#[1e2]">WM_HasFocus</a>
 <LI><a href="#[26e]">WM_Init</a>
 <LI><a href="#[1be]">WM_InvalidateWindow</a>
 <LI><a href="#[32e]">WM_InvalidateWindowAndDescs</a>
 <LI><a href="#[32f]">WM_InvalidateWindowAndDescsEx</a>
 <LI><a href="#[330]">WM_IsFocusable</a>
 <LI><a href="#[1e1]">WM_IsWindow</a>
 <LI><a href="#[47f]">WM_MULTIBUF_Enable</a>
 <LI><a href="#[1f9]">WM_MoveChildTo</a>
 <LI><a href="#[1f7]">WM_MoveWindow</a>
 <LI><a href="#[1b3]">WM_NotifyParent</a>
 <LI><a href="#[2a6]">WM_OnKey</a>
 <LI><a href="#[327]">WM_PID__SetPrevState</a>
 <LI><a href="#[2f4]">WM_ReleaseCapture</a>
 <LI><a href="#[1f8]">WM_ResizeWindow</a>
 <LI><a href="#[2f1]">WM_RestartTimer</a>
 <LI><a href="#[32a]">WM_Screen2hWin</a>
 <LI><a href="#[256]">WM_SendMessage</a>
 <LI><a href="#[236]">WM_SendMessageNoPara</a>
 <LI><a href="#[316]">WM_SendToParent</a>
 <LI><a href="#[1da]">WM_SetCallback</a>
 <LI><a href="#[2f6]">WM_SetCapture</a>
 <LI><a href="#[1df]">WM_SetCaptureMove</a>
 <LI><a href="#[1db]">WM_SetFocus</a>
 <LI><a href="#[1e3]">WM_SetFocusOnNextChild</a>
 <LI><a href="#[1fe]">WM_SetFocusOnPrevChild</a>
 <LI><a href="#[1c9]">WM_SetHasTrans</a>
 <LI><a href="#[1fa]">WM_SetSize</a>
 <LI><a href="#[24b]">WM_SetUserClipRect</a>
 <LI><a href="#[233]">WM_ShowWindow</a>
 <LI><a href="#[33e]">WM_ValidateWindow</a>
 <LI><a href="#[33f]">WM__ActivateClipRect</a>
 <LI><a href="#[326]">WM__AddCriticalHandle</a>
 <LI><a href="#[318]">WM__DeleteAssocTimer</a>
 <LI><a href="#[257]">WM__DeleteSecure</a>
 <LI><a href="#[31d]">WM__ForEachDesc</a>
 <LI><a href="#[315]">WM__GetClientRectEx</a>
 <LI><a href="#[30b]">WM__GetClientRectWin</a>
 <LI><a href="#[33b]">WM__GetFocusedChild</a>
 <LI><a href="#[33d]">WM__GetLastSibling</a>
 <LI><a href="#[22e]">WM__GetNextIVR</a>
 <LI><a href="#[30e]">WM__GetPrevSibling</a>
 <LI><a href="#[33c]">WM__GetTopLevelLayer</a>
 <LI><a href="#[1f0]">WM__GetWindowSizeX</a>
 <LI><a href="#[1f1]">WM__GetWindowSizeY</a>
 <LI><a href="#[22d]">WM__InitIVRSearch</a>
 <LI><a href="#[311]">WM__InsertWindowIntoList</a>
 <LI><a href="#[32d]">WM__InvalidateDrawAndDescs</a>
 <LI><a href="#[334]">WM__InvalidateParent</a>
 <LI><a href="#[319]">WM__InvalidateRect</a>
 <LI><a href="#[30f]">WM__InvalidateRectEx</a>
 <LI><a href="#[1dd]">WM__IsAncestor</a>
 <LI><a href="#[1dc]">WM__IsAncestorOrSelf</a>
 <LI><a href="#[1c7]">WM__IsEnabled</a>
 <LI><a href="#[331]">WM__IsWindow</a>
 <LI><a href="#[332]">WM__MoveWindow</a>
 <LI><a href="#[ca]">WM__Paint1</a>
 <LI><a href="#[328]">WM__RemoveCriticalHandle</a>
 <LI><a href="#[310]">WM__RemoveWindowFromList</a>
 <LI><a href="#[1e0]">WM__SendMessage</a>
 <LI><a href="#[32b]">WM__SendMessageIfEnabled</a>
 <LI><a href="#[289]">WM__SendMessageNoPara</a>
 <LI><a href="#[337]">WM__SendMsgNoData</a>
 <LI><a href="#[329]">WM__SendTouchMessage</a>
 <LI><a href="#[30a]">WM__UpdateChildPositions</a>
 <LI><a href="#[267]">emWin_LCD_Init</a>
 <LI><a href="#[12c]">_DispLine</a>
 <LI><a href="#[127]">_DispChar</a>
 <LI><a href="#[12f]">_GetIndexMask_8666</a>
 <LI><a href="#[130]">_Color2Index_88666I</a>
 <LI><a href="#[131]">_Index2Color_88666I</a>
 <LI><a href="#[132]">_GetIndexMask_88666I</a>
 <LI><a href="#[133]">_Color2IndexBulk_88666I</a>
 <LI><a href="#[134]">_Index2ColorBulk_88666I</a>
 <LI><a href="#[135]">_Color2Index_M1555I</a>
 <LI><a href="#[136]">_Index2Color_M1555I</a>
 <LI><a href="#[137]">_GetIndexMask_M1555I</a>
 <LI><a href="#[138]">_Color2IndexBulk_M1555I</a>
 <LI><a href="#[139]">_Index2ColorBulk_M1555I</a>
 <LI><a href="#[13a]">_Color2Index_M4444I</a>
 <LI><a href="#[13b]">_Index2Color_M4444I</a>
 <LI><a href="#[13c]">_GetIndexMask_M4444I</a>
 <LI><a href="#[13d]">_Color2IndexBulk_M4444I</a>
 <LI><a href="#[13e]">_Index2ColorBulk_M4444I</a>
 <LI><a href="#[13f]">_Color2Index_M8888I</a>
 <LI><a href="#[140]">_GetIndexMask_M8888I</a>
 <LI><a href="#[141]">_Color2IndexBulk_M8888I</a>
 <LI><a href="#[142]">_Index2ColorBulk_M8888I</a>
 <LI><a href="#[143]">_Color2Index_M565</a>
 <LI><a href="#[144]">_GetIndexMask_M565</a>
 <LI><a href="#[145]">_Color2IndexBulk</a>
 <LI><a href="#[146]">_Index2ColorBulk</a>
 <LI><a href="#[147]">_Color2Index_M888</a>
 <LI><a href="#[148]">_GetIndexMask_M888</a>
 <LI><a href="#[149]">_Color2IndexBulk</a>
 <LI><a href="#[14a]">_Index2ColorBulk</a>
 <LI><a href="#[21a]">_AddFreeMemory</a>
 <LI><a href="#[21c]">_RemoveHoles</a>
 <LI><a href="#[21b]">_EnlargeBlocks</a>
 <LI><a href="#[216]">_Alloc</a>
 <LI><a href="#[266]">_InitContext</a>
 <LI><a href="#[bd]">_OnExit</a>
 <LI><a href="#[243]">GUI_DispString.part.0</a>
 <LI><a href="#[250]">GUI_DispStringInRectWrap.part.1</a>
 <LI><a href="#[14e]">_DrawBitmap</a>
 <LI><a href="#[14d]">_DrawBitmapSwapRB</a>
 <LI><a href="#[1]">_SetPixelAlpha</a>
 <LI><a href="#[347]">_DrawBitmap</a>
 <LI><a href="#[150]">_DrawBitmap_8888</a>
 <LI><a href="#[14f]">_DrawBitmap_M8888I</a>
 <LI><a href="#[151]">_DrawBitmapHW_8888</a>
 <LI><a href="#[b5]">_OnExit</a>
 <LI><a href="#[152]">_Color2Index</a>
 <LI><a href="#[153]">_Index2Color</a>
 <LI><a href="#[154]">_GetIndexMask</a>
 <LI><a href="#[15b]">_GetPixelIndex</a>
 <LI><a href="#[161]">_GetDevData</a>
 <LI><a href="#[15e]">_SetOrg</a>
 <LI><a href="#[15f]">_GetDevFunc</a>
 <LI><a href="#[160]">_GetDevProp</a>
 <LI><a href="#[162]">_GetRect</a>
 <LI><a href="#[b8]">_OnExit</a>
 <LI><a href="#[34e]">_ReadRectFromMemdev</a>
 <LI><a href="#[348]">_GetLine</a>
 <LI><a href="#[155]">_Color2IndexBulk</a>
 <LI><a href="#[156]">_Index2ColorBulk</a>
 <LI><a href="#[15c]">_SetPixelIndex</a>
 <LI><a href="#[15d]">_XorPixel</a>
 <LI><a href="#[158]">_DrawHLine</a>
 <LI><a href="#[15a]">_FillRect</a>
 <LI><a href="#[159]">_DrawVLine</a>
 <LI><a href="#[157]">_DrawBitmap</a>
 <LI><a href="#[bc]">_OnExit</a>
 <LI><a href="#[164]">_SetBkColor</a>
 <LI><a href="#[163]">_SetColor</a>
 <LI><a href="#[165]">_SetDrawMode</a>
 <LI><a href="#[c0]">_OnExit</a>
 <LI><a href="#[171]">_GetRect</a>
 <LI><a href="#[16b]">_SetPixelIndex</a>
 <LI><a href="#[16a]">_GetPixelIndex</a>
 <LI><a href="#[16f]">_GetDevProp</a>
 <LI><a href="#[170]">_GetDevData</a>
 <LI><a href="#[16e]">_GetDevFunc</a>
 <LI><a href="#[cf]">_SetVRAMAddr</a>
 <LI><a href="#[d0]">_SetVis</a>
 <LI><a href="#[d1]">_GetPos</a>
 <LI><a href="#[d2]">_SetPos</a>
 <LI><a href="#[d3]">_SetAlpha</a>
 <LI><a href="#[d4]">_SetVRAM_BufferPTR</a>
 <LI><a href="#[d5]">_ShowBuffer</a>
 <LI><a href="#[d6]">_CopyBuffer</a>
 <LI><a href="#[d7]">_SetDevFunc</a>
 <LI><a href="#[d8]">_SetChroma</a>
 <LI><a href="#[d9]">_SetChromaMode</a>
 <LI><a href="#[da]">_SetAlphaMode</a>
 <LI><a href="#[db]">_Off</a>
 <LI><a href="#[dc]">_On</a>
 <LI><a href="#[dd]">_Init</a>
 <LI><a href="#[de]">_SetSize</a>
 <LI><a href="#[df]">_SetVSize</a>
 <LI><a href="#[16d]">_SetOrg</a>
 <LI><a href="#[169]">_FillRect</a>
 <LI><a href="#[167]">_DrawHLine</a>
 <LI><a href="#[168]">_DrawVLine</a>
 <LI><a href="#[166]">_DrawBitmap</a>
 <LI><a href="#[16c]">_XorPixel</a>
 <LI><a href="#[c8]">_OnExit</a>
 <LI><a href="#[34b]">_Findy1</a>
 <LI><a href="#[34a]">_Findx0</a>
 <LI><a href="#[341]">_Findx1</a>
 <LI><a href="#[344]">_Paint1Trans</a>
 <LI><a href="#[343]">_PaintTransChildren</a>
 <LI><a href="#[340]">_Findx0.constprop.10</a>
 <LI><a href="#[342]">_Findy1.constprop.11</a>
 <LI><a href="#[31c]">WM__PaintWinAndOverlays</a>
 <LI><a href="#[c6]">_cbPaintMemDev</a>
 <LI><a href="#[32c]">_Invalidate1Abs</a>
 <LI><a href="#[314]">WM_InvalidateRect.part.2</a>
 <LI><a href="#[c7]">_cbBackWin</a>
 <LI><a href="#[317]">WM_DeleteWindow.part.3</a>
 <LI><a href="#[31a]">_Exec1Input</a>
 <LI><a href="#[335]">WM_ResizeWindow.part.11</a>
 <LI><a href="#[34c]">_GetDialogItem.part.4</a>
 <LI><a href="#[31f]">_GetDialogItem</a>
 <LI><a href="#[177]">_MULTIBUF_End</a>
 <LI><a href="#[176]">_MULTIBUF_Begin</a>
 <LI><a href="#[c5]">_cbTimer</a>
 <LI><a href="#[4]">_OnTouchDefault</a>
 <LI><a href="#[b3]">FRAMEWIN__cbClient</a>
 <LI><a href="#[b0]">_Draw</a>
 <LI><a href="#[b1]">_cbClose</a>
 <LI><a href="#[2f7]">_OnPressed</a>
 <LI><a href="#[2f8]">_GetDistToNextItem</a>
 <LI><a href="#[300]">_RecalcDatasizeY</a>
 <LI><a href="#[2f9]">_CreateTimer.constprop.4</a>
 <LI><a href="#[17a]">_GetIndexMask_0</a>
 <LI><a href="#[179]">_Index2Color_0</a>
 <LI><a href="#[178]">_Color2Index_0</a>
 <LI><a href="#[17b]">_Color2Index_565</a>
 <LI><a href="#[17c]">_GetIndexMask_565</a>
 <LI><a href="#[17d]">_Color2IndexBulk</a>
 <LI><a href="#[17e]">_Index2ColorBulk</a>
 <LI><a href="#[8]">_Log2VisBuffered</a>
 <LI><a href="#[2cc]">_DispLine</a>
 <LI><a href="#[b7]">_OnExit</a>
 <LI><a href="#[2aa]">_CreateBuffer.isra.4</a>
 <LI><a href="#[2ac]">_SetBkIndexBuffered</a>
 <LI><a href="#[2ad]">_ReleaseBuffer.isra.7</a>
 <LI><a href="#[b4]">_OnExit</a>
 <LI><a href="#[bb]">_OnExit</a>
 <LI><a href="#[2b9]">_Link</a>
 <LI><a href="#[180]">_GetCharCode</a>
 <LI><a href="#[181]">_GetCharSize</a>
 <LI><a href="#[182]">_CalcSizeOfChar</a>
 <LI><a href="#[183]">_Encode</a>
 <LI><a href="#[c]">_GetWordWrap</a>
 <LI><a href="#[d]">_GetCharWrap</a>
 <LI><a href="#[2a8]">LCD_ReadRectEx</a>
 <LI><a href="#[274]">GUI_MEMDEV_CopyToLCDAt.part.0</a>
 <LI><a href="#[192]">_GetDevData</a>
 <LI><a href="#[190]">_GetDevFunc</a>
 <LI><a href="#[191]">_GetDevProp</a>
 <LI><a href="#[18f]">_SetOrg</a>
 <LI><a href="#[193]">_GetRect</a>
 <LI><a href="#[188]">_DrawBitmap</a>
 <LI><a href="#[18c]">_GetPixelIndex</a>
 <LI><a href="#[18d]">_SetPixelIndex</a>
 <LI><a href="#[18e]">_XorPixel</a>
 <LI><a href="#[18b]">_FillRect</a>
 <LI><a href="#[189]">_DrawHLine</a>
 <LI><a href="#[18a]">_DrawVLine</a>
 <LI><a href="#[c4]">_cbInvalidateOne</a>
 <LI><a href="#[333]">_MoveDescendents</a>
 <LI><a href="#[10]">_Create</a>
 <LI><a href="#[f]">_Paint</a>
 <LI><a href="#[13]">_GetBorderSize</a>
 <LI><a href="#[12]">_Create</a>
 <LI><a href="#[11]">_Paint</a>
 <LI><a href="#[195]">_DrawUpRect</a>
 <LI><a href="#[198]">_DrawFlat</a>
 <LI><a href="#[197]">_DrawDownRect</a>
 <LI><a href="#[196]">_DrawDown</a>
 <LI><a href="#[194]">_DrawUp</a>
 <LI><a href="#[15]">_NextPixel_SetPixel</a>
 <LI><a href="#[14]">_NextPixel_Start</a>
 <LI><a href="#[16]">_NextPixel_NextLine</a>
 <LI><a href="#[17]">_NextPixel_End</a>
 <LI><a href="#[199]">GUI_USAGE_BM_AddPixel</a>
 <LI><a href="#[19d]">GUI_USAGE_BM_GetNextDirty</a>
 <LI><a href="#[19c]">_GUI_USAGE_BM_Delete</a>
 <LI><a href="#[19b]">GUI_USAGE_BM_Clear</a>
 <LI><a href="#[19a]">GUI_USAGE_BM_AddHLine</a>
 <LI><a href="#[299]">_WriteToActiveAlpha</a>
 <LI><a href="#[339]">_Screen2hWin</a>
 <LI><a href="#[1a0]">_GetYSize</a>
 <LI><a href="#[19e]">_Draw</a>
 <LI><a href="#[19f]">_GetXSize</a>
 <LI><a href="#[1a4]">_DrawDownRect</a>
 <LI><a href="#[1a1]">_DrawUp</a>
 <LI><a href="#[1a2]">_DrawUpRect</a>
 <LI><a href="#[1a3]">_DrawDown</a>
</UL>
</UL>
<P>
<H3>
Mutually Recursive functions
</H3> <LI><a href="#[99]">ADC3_IRQHandler</a>&nbsp;&nbsp;&nbsp;&rArr;&nbsp;&nbsp;&nbsp;<a href="#[99]">ADC3_IRQHandler</a><BR>
 <LI><a href="#[1e0]">WM__SendMessage</a>&nbsp;&nbsp;&nbsp;&rArr;&nbsp;&nbsp;&nbsp;<a href="#[1af]">WM_DefaultProc</a><BR>
 <LI><a href="#[319]">WM__InvalidateRect</a>&nbsp;&nbsp;&nbsp;&rArr;&nbsp;&nbsp;&nbsp;<a href="#[319]">WM__InvalidateRect</a><BR>
 <LI><a href="#[32f]">WM_InvalidateWindowAndDescsEx</a>&nbsp;&nbsp;&nbsp;&rArr;&nbsp;&nbsp;&nbsp;<a href="#[32f]">WM_InvalidateWindowAndDescsEx</a><BR>
 <LI><a href="#[32d]">WM__InvalidateDrawAndDescs</a>&nbsp;&nbsp;&nbsp;&rArr;&nbsp;&nbsp;&nbsp;<a href="#[32d]">WM__InvalidateDrawAndDescs</a><BR>
 <LI><a href="#[31d]">WM__ForEachDesc</a>&nbsp;&nbsp;&nbsp;&rArr;&nbsp;&nbsp;&nbsp;<a href="#[31d]">WM__ForEachDesc</a><BR>
 <LI><a href="#[335]">WM_ResizeWindow.part.11</a>&nbsp;&nbsp;&nbsp;&rArr;&nbsp;&nbsp;&nbsp;<a href="#[30a]">WM__UpdateChildPositions</a><BR>
 <LI><a href="#[333]">_MoveDescendents</a>&nbsp;&nbsp;&nbsp;&rArr;&nbsp;&nbsp;&nbsp;<a href="#[333]">_MoveDescendents</a><BR>
 <LI><a href="#[21b]">_EnlargeBlocks</a>&nbsp;&nbsp;&nbsp;&rArr;&nbsp;&nbsp;&nbsp;<a href="#[216]">_Alloc</a><BR>
 <LI><a href="#[34b]">_Findy1</a>&nbsp;&nbsp;&nbsp;&rArr;&nbsp;&nbsp;&nbsp;<a href="#[34b]">_Findy1</a><BR>
 <LI><a href="#[34a]">_Findx0</a>&nbsp;&nbsp;&nbsp;&rArr;&nbsp;&nbsp;&nbsp;<a href="#[34a]">_Findx0</a><BR>
 <LI><a href="#[341]">_Findx1</a>&nbsp;&nbsp;&nbsp;&rArr;&nbsp;&nbsp;&nbsp;<a href="#[341]">_Findx1</a><BR>
 <LI><a href="#[339]">_Screen2hWin</a>&nbsp;&nbsp;&nbsp;&rArr;&nbsp;&nbsp;&nbsp;<a href="#[339]">_Screen2hWin</a><BR>
 <LI><a href="#[317]">WM_DeleteWindow.part.3</a>&nbsp;&nbsp;&nbsp;&rArr;&nbsp;&nbsp;&nbsp;<a href="#[317]">WM_DeleteWindow.part.3</a><BR>
 <LI><a href="#[343]">_PaintTransChildren</a>&nbsp;&nbsp;&nbsp;&rArr;&nbsp;&nbsp;&nbsp;<a href="#[343]">_PaintTransChildren</a><BR>
 <LI><a href="#[32e]">WM_InvalidateWindowAndDescs</a>&nbsp;&nbsp;&nbsp;&rArr;&nbsp;&nbsp;&nbsp;<a href="#[32e]">WM_InvalidateWindowAndDescs</a><BR>
 <LI><a href="#[34c]">_GetDialogItem.part.4</a>&nbsp;&nbsp;&nbsp;&rArr;&nbsp;&nbsp;&nbsp;<a href="#[34c]">_GetDialogItem.part.4</a><BR>
</UL>
<P>
<H3>
Function Pointers
</H3><UL>
 <LI><a href="#[99]">ADC3_IRQHandler</a> from startup_stm32h743xx.o(.text) referenced from startup_stm32h743xx.o(RESET)
 <LI><a href="#[34]">ADC_IRQHandler</a> from startup_stm32h743xx.o(.text) referenced from startup_stm32h743xx.o(RESET)
 <LI><a href="#[11b]">AppTaskCreate</a> from main.o(i.AppTaskCreate) referenced from main.o(i.main)
 <LI><a href="#[9b]">BDMA_Channel0_IRQHandler</a> from startup_stm32h743xx.o(.text) referenced from startup_stm32h743xx.o(RESET)
 <LI><a href="#[9c]">BDMA_Channel1_IRQHandler</a> from startup_stm32h743xx.o(.text) referenced from startup_stm32h743xx.o(RESET)
 <LI><a href="#[9d]">BDMA_Channel2_IRQHandler</a> from startup_stm32h743xx.o(.text) referenced from startup_stm32h743xx.o(RESET)
 <LI><a href="#[9e]">BDMA_Channel3_IRQHandler</a> from startup_stm32h743xx.o(.text) referenced from startup_stm32h743xx.o(RESET)
 <LI><a href="#[9f]">BDMA_Channel4_IRQHandler</a> from startup_stm32h743xx.o(.text) referenced from startup_stm32h743xx.o(RESET)
 <LI><a href="#[a0]">BDMA_Channel5_IRQHandler</a> from startup_stm32h743xx.o(.text) referenced from startup_stm32h743xx.o(RESET)
 <LI><a href="#[a1]">BDMA_Channel6_IRQHandler</a> from startup_stm32h743xx.o(.text) referenced from startup_stm32h743xx.o(RESET)
 <LI><a href="#[a2]">BDMA_Channel7_IRQHandler</a> from startup_stm32h743xx.o(.text) referenced from startup_stm32h743xx.o(RESET)
 <LI><a href="#[af]">BUTTON_Callback</a> from BUTTON.o(.text.BUTTON_Callback) referenced from BUTTON.o(.text.BUTTON_CreateAsChild)
 <LI><a href="#[af]">BUTTON_Callback</a> from BUTTON.o(.text.BUTTON_Callback) referenced from BUTTON.o(.text.BUTTON_CreateIndirect)
 <LI><a href="#[11f]">BUTTON_CreateIndirect</a> from BUTTON.o(.text.BUTTON_CreateIndirect) referenced 16 times from dormdlg.o(.constdata)
 <LI><a href="#[5]">BUTTON_DrawSkinFlex</a> from BUTTON_SkinFlex.o(.text.BUTTON_DrawSkinFlex) referenced 2 times from BUTTON.o(.data)
 <LI><a href="#[1c]">BusFault_Handler</a> from stm32h7xx_it.o(i.BusFault_Handler) referenced from startup_stm32h743xx.o(RESET)
 <LI><a href="#[7a]">CEC_IRQHandler</a> from startup_stm32h743xx.o(.text) referenced from startup_stm32h743xx.o(RESET)
 <LI><a href="#[a3]">COMP1_IRQHandler</a> from startup_stm32h743xx.o(.text) referenced from startup_stm32h743xx.o(RESET)
 <LI><a href="#[a9]">CRS_IRQHandler</a> from startup_stm32h743xx.o(.text) referenced from startup_stm32h743xx.o(RESET)
 <LI><a href="#[e5]">Clock_Task</a> from main.o(i.Clock_Task) referenced from main.o(i.AppTaskCreate)
 <LI><a href="#[6b]">DCMI_IRQHandler</a> from startup_stm32h743xx.o(.text) referenced from startup_stm32h743xx.o(RESET)
 <LI><a href="#[8a]">DFSDM1_FLT0_IRQHandler</a> from startup_stm32h743xx.o(.text) referenced from startup_stm32h743xx.o(RESET)
 <LI><a href="#[8b]">DFSDM1_FLT1_IRQHandler</a> from startup_stm32h743xx.o(.text) referenced from startup_stm32h743xx.o(RESET)
 <LI><a href="#[8c]">DFSDM1_FLT2_IRQHandler</a> from startup_stm32h743xx.o(.text) referenced from startup_stm32h743xx.o(RESET)
 <LI><a href="#[8d]">DFSDM1_FLT3_IRQHandler</a> from startup_stm32h743xx.o(.text) referenced from startup_stm32h743xx.o(RESET)
 <LI><a href="#[e2]">DHT11_Task</a> from main.o(i.DHT11_Task) referenced from main.o(i.AppTaskCreate)
 <LI><a href="#[2d]">DMA1_Stream0_IRQHandler</a> from startup_stm32h743xx.o(.text) referenced from startup_stm32h743xx.o(RESET)
 <LI><a href="#[2e]">DMA1_Stream1_IRQHandler</a> from startup_stm32h743xx.o(.text) referenced from startup_stm32h743xx.o(RESET)
 <LI><a href="#[2f]">DMA1_Stream2_IRQHandler</a> from startup_stm32h743xx.o(.text) referenced from startup_stm32h743xx.o(RESET)
 <LI><a href="#[30]">DMA1_Stream3_IRQHandler</a> from startup_stm32h743xx.o(.text) referenced from startup_stm32h743xx.o(RESET)
 <LI><a href="#[31]">DMA1_Stream4_IRQHandler</a> from startup_stm32h743xx.o(.text) referenced from startup_stm32h743xx.o(RESET)
 <LI><a href="#[32]">DMA1_Stream5_IRQHandler</a> from startup_stm32h743xx.o(.text) referenced from startup_stm32h743xx.o(RESET)
 <LI><a href="#[33]">DMA1_Stream6_IRQHandler</a> from startup_stm32h743xx.o(.text) referenced from startup_stm32h743xx.o(RESET)
 <LI><a href="#[50]">DMA1_Stream7_IRQHandler</a> from startup_stm32h743xx.o(.text) referenced from startup_stm32h743xx.o(RESET)
 <LI><a href="#[76]">DMA2D_IRQHandler</a> from startup_stm32h743xx.o(.text) referenced from startup_stm32h743xx.o(RESET)
 <LI><a href="#[59]">DMA2_Stream0_IRQHandler</a> from startup_stm32h743xx.o(.text) referenced from startup_stm32h743xx.o(RESET)
 <LI><a href="#[5a]">DMA2_Stream1_IRQHandler</a> from startup_stm32h743xx.o(.text) referenced from startup_stm32h743xx.o(RESET)
 <LI><a href="#[5b]">DMA2_Stream2_IRQHandler</a> from startup_stm32h743xx.o(.text) referenced from startup_stm32h743xx.o(RESET)
 <LI><a href="#[5c]">DMA2_Stream3_IRQHandler</a> from startup_stm32h743xx.o(.text) referenced from startup_stm32h743xx.o(RESET)
 <LI><a href="#[5d]">DMA2_Stream4_IRQHandler</a> from startup_stm32h743xx.o(.text) referenced from startup_stm32h743xx.o(RESET)
 <LI><a href="#[61]">DMA2_Stream5_IRQHandler</a> from startup_stm32h743xx.o(.text) referenced from startup_stm32h743xx.o(RESET)
 <LI><a href="#[62]">DMA2_Stream6_IRQHandler</a> from startup_stm32h743xx.o(.text) referenced from startup_stm32h743xx.o(RESET)
 <LI><a href="#[63]">DMA2_Stream7_IRQHandler</a> from startup_stm32h743xx.o(.text) referenced from startup_stm32h743xx.o(RESET)
 <LI><a href="#[82]">DMAMUX1_OVR_IRQHandler</a> from startup_stm32h743xx.o(.text) referenced from startup_stm32h743xx.o(RESET)
 <LI><a href="#[9a]">DMAMUX2_OVR_IRQHandler</a> from startup_stm32h743xx.o(.text) referenced from startup_stm32h743xx.o(RESET)
 <LI><a href="#[1f]">DebugMon_Handler</a> from stm32h7xx_it.o(i.DebugMon_Handler) referenced from startup_stm32h743xx.o(RESET)
 <LI><a href="#[5e]">ETH_IRQHandler</a> from startup_stm32h743xx.o(.text) referenced from startup_stm32h743xx.o(RESET)
 <LI><a href="#[5f]">ETH_WKUP_IRQHandler</a> from startup_stm32h743xx.o(.text) referenced from startup_stm32h743xx.o(RESET)
 <LI><a href="#[28]">EXTI0_IRQHandler</a> from startup_stm32h743xx.o(.text) referenced from startup_stm32h743xx.o(RESET)
 <LI><a href="#[4a]">EXTI15_10_IRQHandler</a> from startup_stm32h743xx.o(.text) referenced from startup_stm32h743xx.o(RESET)
 <LI><a href="#[29]">EXTI1_IRQHandler</a> from startup_stm32h743xx.o(.text) referenced from startup_stm32h743xx.o(RESET)
 <LI><a href="#[2a]">EXTI2_IRQHandler</a> from startup_stm32h743xx.o(.text) referenced from startup_stm32h743xx.o(RESET)
 <LI><a href="#[2b]">EXTI3_IRQHandler</a> from startup_stm32h743xx.o(.text) referenced from startup_stm32h743xx.o(RESET)
 <LI><a href="#[2c]">EXTI4_IRQHandler</a> from startup_stm32h743xx.o(.text) referenced from startup_stm32h743xx.o(RESET)
 <LI><a href="#[39]">EXTI9_5_IRQHandler</a> from startup_stm32h743xx.o(.text) referenced from startup_stm32h743xx.o(RESET)
 <LI><a href="#[35]">FDCAN1_IT0_IRQHandler</a> from startup_stm32h743xx.o(.text) referenced from startup_stm32h743xx.o(RESET)
 <LI><a href="#[37]">FDCAN1_IT1_IRQHandler</a> from startup_stm32h743xx.o(.text) referenced from startup_stm32h743xx.o(RESET)
 <LI><a href="#[36]">FDCAN2_IT0_IRQHandler</a> from startup_stm32h743xx.o(.text) referenced from startup_stm32h743xx.o(RESET)
 <LI><a href="#[38]">FDCAN2_IT1_IRQHandler</a> from startup_stm32h743xx.o(.text) referenced from startup_stm32h743xx.o(RESET)
 <LI><a href="#[60]">FDCAN_CAL_IRQHandler</a> from startup_stm32h743xx.o(.text) referenced from startup_stm32h743xx.o(RESET)
 <LI><a href="#[26]">FLASH_IRQHandler</a> from startup_stm32h743xx.o(.text) referenced from startup_stm32h743xx.o(RESET)
 <LI><a href="#[51]">FMC_IRQHandler</a> from startup_stm32h743xx.o(.text) referenced from startup_stm32h743xx.o(RESET)
 <LI><a href="#[6d]">FPU_IRQHandler</a> from startup_stm32h743xx.o(.text) referenced from startup_stm32h743xx.o(RESET)
 <LI><a href="#[b2]">FRAMEWIN_Callback</a> from FRAMEWIN.o(.text.FRAMEWIN_Callback) referenced from FRAMEWIN.o(.text.FRAMEWIN_CreateIndirect)
 <LI><a href="#[11e]">FRAMEWIN_CreateIndirect</a> from FRAMEWIN.o(.text.FRAMEWIN_CreateIndirect) referenced 6 times from dormdlg.o(.constdata)
 <LI><a href="#[7]">FRAMEWIN_DrawSkinFlex</a> from FRAMEWIN_SkinFlex.o(.text.FRAMEWIN_DrawSkinFlex) referenced 4 times from FRAMEWIN.o(.data)
 <LI><a href="#[6]">FRAMEWIN__GetBorderSize</a> from FRAMEWIN.o(.text.FRAMEWIN__GetBorderSize) referenced 2 times from FRAMEWIN.o(.data)
 <LI><a href="#[b3]">FRAMEWIN__cbClient</a> from FRAMEWIN.o(.text.FRAMEWIN__cbClient) referenced from FRAMEWIN.o(.text.FRAMEWIN_CreateIndirect)
 <LI><a href="#[184]">GUIMONO_DispChar</a> from GUI_CharM.o(.text.GUIMONO_DispChar) referenced 2 times from F6x8.o(.rodata)
 <LI><a href="#[185]">GUIMONO_GetCharDistX</a> from GUI_CharM.o(.text.GUIMONO_GetCharDistX) referenced 2 times from F6x8.o(.rodata)
 <LI><a href="#[186]">GUIMONO_GetFontInfo</a> from GUI_CharM.o(.text.GUIMONO_GetFontInfo) referenced 2 times from F6x8.o(.rodata)
 <LI><a href="#[187]">GUIMONO_IsInFont</a> from GUI_CharM.o(.text.GUIMONO_IsInFont) referenced 2 times from F6x8.o(.rodata)
 <LI><a href="#[172]">GUIPROP_DispChar</a> from GUI_CharP.o(.text.GUIPROP_DispChar) referenced 6 times from F16B_ASCII.o(.rodata)
 <LI><a href="#[9]">GUIPROP_EXT__ClearLine</a> from GUI_EncExt.o(.text.GUIPROP_EXT__ClearLine) referenced 2 times from GUI_EncExt.o(.data)
 <LI><a href="#[9]">GUIPROP_EXT__ClearLine</a> from GUI_EncExt.o(.text.GUIPROP_EXT__ClearLine) referenced from GUIAA_Char2Ext_XBF.o(.text._DispLine)
 <LI><a href="#[17f]">GUIPROP_EXT__DispLine</a> from GUI_EncExt.o(.text.GUIPROP_EXT__DispLine) referenced from GUI_EncExt.o(.rodata)
 <LI><a href="#[173]">GUIPROP_GetCharDistX</a> from GUI_CharP.o(.text.GUIPROP_GetCharDistX) referenced 6 times from F16B_ASCII.o(.rodata)
 <LI><a href="#[174]">GUIPROP_GetFontInfo</a> from GUI_CharP.o(.text.GUIPROP_GetFontInfo) referenced 6 times from F16B_ASCII.o(.rodata)
 <LI><a href="#[175]">GUIPROP_IsInFont</a> from GUI_CharP.o(.text.GUIPROP_IsInFont) referenced 6 times from F16B_ASCII.o(.rodata)
 <LI><a href="#[c9]">GUI_MEMDEV_Paint1Static</a> from GUIDEV_StaticDevices.o(.text.GUI_MEMDEV_Paint1Static) referenced from WM.o(.text.WM__PaintWinAndOverlays)
 <LI><a href="#[c9]">GUI_MEMDEV_Paint1Static</a> from GUIDEV_StaticDevices.o(.text.GUI_MEMDEV_Paint1Static) referenced from WM.o(.text._Paint1Trans)
 <LI><a href="#[e0]">GUI_MEMDEV__WriteToActiveAlpha</a> from GUIDEV_WriteToActiveAlpha.o(.text.GUI_MEMDEV__WriteToActiveAlpha) referenced from GUIDEV_32.o(.text._GetDevFunc)
 <LI><a href="#[b9]">GUI_SetAlpha</a> from GUI_SetAlpha.o(.text.GUI_SetAlpha) referenced from GUI_SetAlpha.o(.text.GUI_SetAlpha)
 <LI><a href="#[ba]">GUI_TIMER_Exec</a> from GUI_Timer.o(.text.GUI_TIMER_Exec) referenced from GUI_Timer.o(.text.GUI_TIMER_Create)
 <LI><a href="#[e7]">GUI_Task</a> from main.o(i.GUI_Task) referenced from main.o(i.AppTaskCreate)
 <LI><a href="#[19a]">GUI_USAGE_BM_AddHLine</a> from GUIDEV_UsageBM.o(.text.GUI_USAGE_BM_AddHLine) referenced from GUIDEV_UsageBM.o(.rodata)
 <LI><a href="#[199]">GUI_USAGE_BM_AddPixel</a> from GUIDEV_UsageBM.o(.text.GUI_USAGE_BM_AddPixel) referenced from GUIDEV_UsageBM.o(.rodata)
 <LI><a href="#[19b]">GUI_USAGE_BM_Clear</a> from GUIDEV_UsageBM.o(.text.GUI_USAGE_BM_Clear) referenced from GUIDEV_UsageBM.o(.rodata)
 <LI><a href="#[19d]">GUI_USAGE_BM_GetNextDirty</a> from GUIDEV_UsageBM.o(.text.GUI_USAGE_BM_GetNextDirty) referenced from GUIDEV_UsageBM.o(.rodata)
 <LI><a href="#[cb]">GUI_XBF__ClearLine</a> from GUI_XBF.o(.text.GUI_XBF__ClearLine) referenced from GUIAA_Char2Ext_XBF.o(.text._DispLine)
 <LI><a href="#[128]">GUI_XBF__GetCharDistX</a> from GUI_XBF.o(.text.GUI_XBF__GetCharDistX) referenced from GUIAA_Char2Ext_XBF.o(.rodata)
 <LI><a href="#[12b]">GUI_XBF__GetCharInfo</a> from GUI_XBF.o(.text.GUI_XBF__GetCharInfo) referenced from GUIAA_Char2Ext_XBF.o(.rodata)
 <LI><a href="#[129]">GUI_XBF__GetFontInfo</a> from GUI_XBF.o(.text.GUI_XBF__GetFontInfo) referenced from GUIAA_Char2Ext_XBF.o(.rodata)
 <LI><a href="#[12a]">GUI_XBF__IsInFont</a> from GUI_XBF.o(.text.GUI_XBF__IsInFont) referenced from GUIAA_Char2Ext_XBF.o(.rodata)
 <LI><a href="#[2]">GUI__MixColors</a> from GUI__Alpha.o(.text.GUI__MixColors) referenced 2 times from GUI__Alpha.o(.data)
 <LI><a href="#[3]">GUI__MixColorsBulk</a> from GUI__Alpha.o(.text.GUI__MixColorsBulk) referenced 2 times from GUI__Alpha.o(.data)
 <LI><a href="#[89]">HRTIM1_FLT_IRQHandler</a> from startup_stm32h743xx.o(.text) referenced from startup_stm32h743xx.o(RESET)
 <LI><a href="#[83]">HRTIM1_Master_IRQHandler</a> from startup_stm32h743xx.o(.text) referenced from startup_stm32h743xx.o(RESET)
 <LI><a href="#[84]">HRTIM1_TIMA_IRQHandler</a> from startup_stm32h743xx.o(.text) referenced from startup_stm32h743xx.o(RESET)
 <LI><a href="#[85]">HRTIM1_TIMB_IRQHandler</a> from startup_stm32h743xx.o(.text) referenced from startup_stm32h743xx.o(RESET)
 <LI><a href="#[86]">HRTIM1_TIMC_IRQHandler</a> from startup_stm32h743xx.o(.text) referenced from startup_stm32h743xx.o(RESET)
 <LI><a href="#[87]">HRTIM1_TIMD_IRQHandler</a> from startup_stm32h743xx.o(.text) referenced from startup_stm32h743xx.o(RESET)
 <LI><a href="#[88]">HRTIM1_TIME_IRQHandler</a> from startup_stm32h743xx.o(.text) referenced from startup_stm32h743xx.o(RESET)
 <LI><a href="#[98]">HSEM1_IRQHandler</a> from startup_stm32h743xx.o(.text) referenced from startup_stm32h743xx.o(RESET)
 <LI><a href="#[1a]">HardFault_Handler</a> from stm32h7xx_it.o(i.HardFault_Handler) referenced from startup_stm32h743xx.o(RESET)
 <LI><a href="#[42]">I2C1_ER_IRQHandler</a> from startup_stm32h743xx.o(.text) referenced from startup_stm32h743xx.o(RESET)
 <LI><a href="#[41]">I2C1_EV_IRQHandler</a> from startup_stm32h743xx.o(.text) referenced from startup_stm32h743xx.o(RESET)
 <LI><a href="#[44]">I2C2_ER_IRQHandler</a> from startup_stm32h743xx.o(.text) referenced from startup_stm32h743xx.o(RESET)
 <LI><a href="#[43]">I2C2_EV_IRQHandler</a> from startup_stm32h743xx.o(.text) referenced from startup_stm32h743xx.o(RESET)
 <LI><a href="#[66]">I2C3_ER_IRQHandler</a> from startup_stm32h743xx.o(.text) referenced from startup_stm32h743xx.o(RESET)
 <LI><a href="#[65]">I2C3_EV_IRQHandler</a> from startup_stm32h743xx.o(.text) referenced from startup_stm32h743xx.o(RESET)
 <LI><a href="#[7c]">I2C4_ER_IRQHandler</a> from startup_stm32h743xx.o(.text) referenced from startup_stm32h743xx.o(RESET)
 <LI><a href="#[7b]">I2C4_EV_IRQHandler</a> from startup_stm32h743xx.o(.text) referenced from startup_stm32h743xx.o(RESET)
 <LI><a href="#[95]">JPEG_IRQHandler</a> from startup_stm32h743xx.o(.text) referenced from startup_stm32h743xx.o(RESET)
 <LI><a href="#[e]">LCD_AA_MixColors16</a> from LCD_AA.o(.text.LCD_AA_MixColors16) referenced 2 times from LCD_AA.o(.data)
 <LI><a href="#[12d]">LCD_Color2Index_8666</a> from GUICC_8666.o(.text.LCD_Color2Index_8666) referenced from GUICC_8666.o(.rodata)
 <LI><a href="#[14b]">LCD_DrawHLine</a> from LCD.o(.text.LCD_DrawHLine) referenced from GUI_Core.o(.rodata)
 <LI><a href="#[14c]">LCD_DrawPixel</a> from LCD.o(.text.LCD_DrawPixel) referenced from GUI_Core.o(.rodata)
 <LI><a href="#[0]">LCD_GetpPalConvTableBM</a> from LCD_Color.o(.text.LCD_GetpPalConvTableBM) referenced 2 times from GUI_Core.o(.data)
 <LI><a href="#[cc]">LCD_Index2Color_565</a> from GUICC_565.o(.text.LCD_Index2Color_565) referenced 2 times from GUI_DrawBitmap_565.o(.rodata)
 <LI><a href="#[cc]">LCD_Index2Color_565</a> from GUICC_565.o(.text.LCD_Index2Color_565) referenced from GUI_DrawBitmap_565.o(.text._DrawBitmap)
 <LI><a href="#[12e]">LCD_Index2Color_8666</a> from GUICC_8666.o(.text.LCD_Index2Color_8666) referenced from GUICC_8666.o(.rodata)
 <LI><a href="#[ce]">LCD_Index2Color_8888</a> from GUICC_8888_Index2Color.o(.text.LCD_Index2Color_8888) referenced from GUI_DrawBitmap_8888.o(.rodata)
 <LI><a href="#[ce]">LCD_Index2Color_8888</a> from GUICC_8888_Index2Color.o(.text.LCD_Index2Color_8888) referenced from GUI_DrawBitmap_8888.o(.text._DrawBitmap_8888)
 <LI><a href="#[cd]">LCD_Index2Color_M565</a> from GUICC_M565.o(.text.LCD_Index2Color_M565) referenced 2 times from GUICC_M565.o(.rodata)
 <LI><a href="#[cd]">LCD_Index2Color_M565</a> from GUICC_M565.o(.text.LCD_Index2Color_M565) referenced from GUI_DrawBitmap_565.o(.text._DrawBitmapSwapRB)
 <LI><a href="#[be]">LCD_Index2Color_M888</a> from GUICC_M888_Index2Color.o(.text.LCD_Index2Color_M888) referenced from GUICC_M888.o(.rodata)
 <LI><a href="#[be]">LCD_Index2Color_M888</a> from GUICC_M888_Index2Color.o(.text.LCD_Index2Color_M888) referenced from GUI__Alpha.o(.text.GUI__DoAlphaBlending)
 <LI><a href="#[bf]">LCD_Index2Color_M8888I</a> from GUICC_M8888I_Index2Color.o(.text.LCD_Index2Color_M8888I) referenced 2 times from GUICC_M8888I.o(.rodata)
 <LI><a href="#[bf]">LCD_Index2Color_M8888I</a> from GUICC_M8888I_Index2Color.o(.text.LCD_Index2Color_M8888I) referenced from GUI__Alpha.o(.text.GUI__DoAlphaBlending)
 <LI><a href="#[bf]">LCD_Index2Color_M8888I</a> from GUICC_M8888I_Index2Color.o(.text.LCD_Index2Color_M8888I) referenced from GUI_DrawBitmap_8888.o(.text._DrawBitmap_M8888I)
 <LI><a href="#[bf]">LCD_Index2Color_M8888I</a> from GUICC_M8888I_Index2Color.o(.text.LCD_Index2Color_M8888I) referenced from GUIDEV_WriteToActiveAlpha.o(.text._WriteToActiveAlpha)
 <LI><a href="#[e3]">LDR_Task</a> from main.o(i.LDR_Task) referenced from main.o(i.AppTaskCreate)
 <LI><a href="#[e1]">LED_Task</a> from main.o(i.LED_Task) referenced from main.o(i.AppTaskCreate)
 <LI><a href="#[c1]">LISTWHEEL_Callback</a> from LISTWHEEL.o(.text.LISTWHEEL_Callback) referenced from LISTWHEEL.o(.text.LISTWHEEL_CreateUser)
 <LI><a href="#[121]">LISTWHEEL_CreateIndirect</a> from LISTWHEEL_Create.o(.text.LISTWHEEL_CreateIndirect) referenced 9 times from alarm_clockdlg.o(.constdata)
 <LI><a href="#[c2]">LISTWHEEL_OwnerDraw</a> from LISTWHEEL.o(.text.LISTWHEEL_OwnerDraw) referenced from LISTWHEEL.o(.text.LISTWHEEL_CreateUser)
 <LI><a href="#[c2]">LISTWHEEL_OwnerDraw</a> from LISTWHEEL.o(.text.LISTWHEEL_OwnerDraw) referenced from LISTWHEEL.o(.text.LISTWHEEL_SetOwnerDraw)
 <LI><a href="#[79]">LPTIM1_IRQHandler</a> from startup_stm32h743xx.o(.text) referenced from startup_stm32h743xx.o(RESET)
 <LI><a href="#[a4]">LPTIM2_IRQHandler</a> from startup_stm32h743xx.o(.text) referenced from startup_stm32h743xx.o(RESET)
 <LI><a href="#[a5]">LPTIM3_IRQHandler</a> from startup_stm32h743xx.o(.text) referenced from startup_stm32h743xx.o(RESET)
 <LI><a href="#[a6]">LPTIM4_IRQHandler</a> from startup_stm32h743xx.o(.text) referenced from startup_stm32h743xx.o(RESET)
 <LI><a href="#[a7]">LPTIM5_IRQHandler</a> from startup_stm32h743xx.o(.text) referenced from startup_stm32h743xx.o(RESET)
 <LI><a href="#[a8]">LPUART1_IRQHandler</a> from startup_stm32h743xx.o(.text) referenced from startup_stm32h743xx.o(RESET)
 <LI><a href="#[75]">LTDC_ER_IRQHandler</a> from startup_stm32h743xx.o(.text) referenced from startup_stm32h743xx.o(RESET)
 <LI><a href="#[74]">LTDC_IRQHandler</a> from stm32h7xx_it.o(i.LTDC_IRQHandler) referenced from startup_stm32h743xx.o(RESET)
 <LI><a href="#[113]">ListWheel0_OwnerDraw</a> from alarm_clockdlg.o(i.ListWheel0_OwnerDraw) referenced 2 times from alarm_clockdlg.o(i._cbDialog)
 <LI><a href="#[114]">ListWheel1_OwnerDraw</a> from alarm_clockdlg.o(i.ListWheel1_OwnerDraw) referenced 2 times from alarm_clockdlg.o(i._cbDialog)
 <LI><a href="#[115]">ListWheel2_OwnerDraw</a> from alarm_clockdlg.o(i.ListWheel2_OwnerDraw) referenced 2 times from alarm_clockdlg.o(i._cbDialog)
 <LI><a href="#[94]">MDIOS_IRQHandler</a> from startup_stm32h743xx.o(.text) referenced from startup_stm32h743xx.o(RESET)
 <LI><a href="#[93]">MDIOS_WKUP_IRQHandler</a> from startup_stm32h743xx.o(.text) referenced from startup_stm32h743xx.o(RESET)
 <LI><a href="#[96]">MDMA_IRQHandler</a> from startup_stm32h743xx.o(.text) referenced from startup_stm32h743xx.o(RESET)
 <LI><a href="#[e4]">MQ_Task</a> from main.o(i.MQ_Task) referenced from main.o(i.AppTaskCreate)
 <LI><a href="#[1b]">MemManage_Handler</a> from stm32h7xx_it.o(i.MemManage_Handler) referenced from startup_stm32h743xx.o(RESET)
 <LI><a href="#[19]">NMI_Handler</a> from stm32h7xx_it.o(i.NMI_Handler) referenced from startup_stm32h743xx.o(RESET)
 <LI><a href="#[7f]">OTG_FS_EP1_IN_IRQHandler</a> from startup_stm32h743xx.o(.text) referenced from startup_stm32h743xx.o(RESET)
 <LI><a href="#[7e]">OTG_FS_EP1_OUT_IRQHandler</a> from startup_stm32h743xx.o(.text) referenced from startup_stm32h743xx.o(RESET)
 <LI><a href="#[81]">OTG_FS_IRQHandler</a> from startup_stm32h743xx.o(.text) referenced from startup_stm32h743xx.o(RESET)
 <LI><a href="#[80]">OTG_FS_WKUP_IRQHandler</a> from startup_stm32h743xx.o(.text) referenced from startup_stm32h743xx.o(RESET)
 <LI><a href="#[68]">OTG_HS_EP1_IN_IRQHandler</a> from startup_stm32h743xx.o(.text) referenced from startup_stm32h743xx.o(RESET)
 <LI><a href="#[67]">OTG_HS_EP1_OUT_IRQHandler</a> from startup_stm32h743xx.o(.text) referenced from startup_stm32h743xx.o(RESET)
 <LI><a href="#[6a]">OTG_HS_IRQHandler</a> from startup_stm32h743xx.o(.text) referenced from startup_stm32h743xx.o(RESET)
 <LI><a href="#[69]">OTG_HS_WKUP_IRQHandler</a> from startup_stm32h743xx.o(.text) referenced from startup_stm32h743xx.o(RESET)
 <LI><a href="#[23]">PVD_AVD_IRQHandler</a> from startup_stm32h743xx.o(.text) referenced from startup_stm32h743xx.o(RESET)
 <LI><a href="#[20]">PendSV_Handler</a> from port.o(.emb_text) referenced from startup_stm32h743xx.o(RESET)
 <LI><a href="#[78]">QUADSPI_IRQHandler</a> from startup_stm32h743xx.o(.text) referenced from startup_stm32h743xx.o(RESET)
 <LI><a href="#[27]">RCC_IRQHandler</a> from startup_stm32h743xx.o(.text) referenced from startup_stm32h743xx.o(RESET)
 <LI><a href="#[6c]">RNG_IRQHandler</a> from startup_stm32h743xx.o(.text) referenced from startup_stm32h743xx.o(RESET)
 <LI><a href="#[4b]">RTC_Alarm_IRQHandler</a> from stm32h7xx_it.o(i.RTC_Alarm_IRQHandler) referenced from startup_stm32h743xx.o(RESET)
 <LI><a href="#[25]">RTC_WKUP_IRQHandler</a> from startup_stm32h743xx.o(.text) referenced from startup_stm32h743xx.o(RESET)
 <LI><a href="#[18]">Reset_Handler</a> from startup_stm32h743xx.o(.text) referenced from startup_stm32h743xx.o(RESET)
 <LI><a href="#[73]">SAI1_IRQHandler</a> from startup_stm32h743xx.o(.text) referenced from startup_stm32h743xx.o(RESET)
 <LI><a href="#[77]">SAI2_IRQHandler</a> from startup_stm32h743xx.o(.text) referenced from startup_stm32h743xx.o(RESET)
 <LI><a href="#[8e]">SAI3_IRQHandler</a> from startup_stm32h743xx.o(.text) referenced from startup_stm32h743xx.o(RESET)
 <LI><a href="#[aa]">SAI4_IRQHandler</a> from startup_stm32h743xx.o(.text) referenced from startup_stm32h743xx.o(RESET)
 <LI><a href="#[52]">SDMMC1_IRQHandler</a> from stm32h7xx_it.o(i.SDMMC1_IRQHandler) referenced from startup_stm32h743xx.o(RESET)
 <LI><a href="#[97]">SDMMC2_IRQHandler</a> from startup_stm32h743xx.o(.text) referenced from startup_stm32h743xx.o(RESET)
 <LI><a href="#[122]">SD_initialize</a> from fatfs_sd_sdio.o(i.SD_initialize) referenced from fatfs_sd_sdio.o(.constdata)
 <LI><a href="#[126]">SD_ioctl</a> from fatfs_sd_sdio.o(i.SD_ioctl) referenced from fatfs_sd_sdio.o(.constdata)
 <LI><a href="#[124]">SD_read</a> from fatfs_sd_sdio.o(i.SD_read) referenced from fatfs_sd_sdio.o(.constdata)
 <LI><a href="#[123]">SD_status</a> from fatfs_sd_sdio.o(i.SD_status) referenced from fatfs_sd_sdio.o(.constdata)
 <LI><a href="#[125]">SD_write</a> from fatfs_sd_sdio.o(i.SD_write) referenced from fatfs_sd_sdio.o(.constdata)
 <LI><a href="#[7d]">SPDIF_RX_IRQHandler</a> from startup_stm32h743xx.o(.text) referenced from startup_stm32h743xx.o(RESET)
 <LI><a href="#[45]">SPI1_IRQHandler</a> from startup_stm32h743xx.o(.text) referenced from startup_stm32h743xx.o(RESET)
 <LI><a href="#[46]">SPI2_IRQHandler</a> from startup_stm32h743xx.o(.text) referenced from startup_stm32h743xx.o(RESET)
 <LI><a href="#[54]">SPI3_IRQHandler</a> from startup_stm32h743xx.o(.text) referenced from startup_stm32h743xx.o(RESET)
 <LI><a href="#[70]">SPI4_IRQHandler</a> from startup_stm32h743xx.o(.text) referenced from startup_stm32h743xx.o(RESET)
 <LI><a href="#[71]">SPI5_IRQHandler</a> from startup_stm32h743xx.o(.text) referenced from startup_stm32h743xx.o(RESET)
 <LI><a href="#[72]">SPI6_IRQHandler</a> from startup_stm32h743xx.o(.text) referenced from startup_stm32h743xx.o(RESET)
 <LI><a href="#[1e]">SVC_Handler</a> from port.o(.emb_text) referenced from startup_stm32h743xx.o(RESET)
 <LI><a href="#[8f]">SWPMI1_IRQHandler</a> from startup_stm32h743xx.o(.text) referenced from startup_stm32h743xx.o(RESET)
 <LI><a href="#[21]">SysTick_Handler</a> from stm32h7xx_it.o(i.SysTick_Handler) referenced from startup_stm32h743xx.o(RESET)
 <LI><a href="#[ad]">SystemInit</a> from system_stm32h7xx.o(i.SystemInit) referenced from startup_stm32h743xx.o(.text)
 <LI><a href="#[24]">TAMP_STAMP_IRQHandler</a> from startup_stm32h743xx.o(.text) referenced from startup_stm32h743xx.o(RESET)
 <LI><a href="#[c3]">TEXT_Callback</a> from TEXT.o(.text.TEXT_Callback) referenced from TEXT.o(.text.TEXT_CreateIndirect)
 <LI><a href="#[120]">TEXT_CreateIndirect</a> from TEXT.o(.text.TEXT_CreateIndirect) referenced 20 times from dormdlg.o(.constdata)
 <LI><a href="#[90]">TIM15_IRQHandler</a> from startup_stm32h743xx.o(.text) referenced from startup_stm32h743xx.o(RESET)
 <LI><a href="#[91]">TIM16_IRQHandler</a> from startup_stm32h743xx.o(.text) referenced from startup_stm32h743xx.o(RESET)
 <LI><a href="#[92]">TIM17_IRQHandler</a> from startup_stm32h743xx.o(.text) referenced from startup_stm32h743xx.o(RESET)
 <LI><a href="#[3a]">TIM1_BRK_IRQHandler</a> from startup_stm32h743xx.o(.text) referenced from startup_stm32h743xx.o(RESET)
 <LI><a href="#[3d]">TIM1_CC_IRQHandler</a> from startup_stm32h743xx.o(.text) referenced from startup_stm32h743xx.o(RESET)
 <LI><a href="#[3c]">TIM1_TRG_COM_IRQHandler</a> from startup_stm32h743xx.o(.text) referenced from startup_stm32h743xx.o(RESET)
 <LI><a href="#[3b]">TIM1_UP_IRQHandler</a> from startup_stm32h743xx.o(.text) referenced from startup_stm32h743xx.o(RESET)
 <LI><a href="#[3e]">TIM2_IRQHandler</a> from startup_stm32h743xx.o(.text) referenced from startup_stm32h743xx.o(RESET)
 <LI><a href="#[3f]">TIM3_IRQHandler</a> from startup_stm32h743xx.o(.text) referenced from startup_stm32h743xx.o(RESET)
 <LI><a href="#[40]">TIM4_IRQHandler</a> from startup_stm32h743xx.o(.text) referenced from startup_stm32h743xx.o(RESET)
 <LI><a href="#[53]">TIM5_IRQHandler</a> from startup_stm32h743xx.o(.text) referenced from startup_stm32h743xx.o(RESET)
 <LI><a href="#[57]">TIM6_DAC_IRQHandler</a> from startup_stm32h743xx.o(.text) referenced from startup_stm32h743xx.o(RESET)
 <LI><a href="#[58]">TIM7_IRQHandler</a> from startup_stm32h743xx.o(.text) referenced from startup_stm32h743xx.o(RESET)
 <LI><a href="#[4c]">TIM8_BRK_TIM12_IRQHandler</a> from startup_stm32h743xx.o(.text) referenced from startup_stm32h743xx.o(RESET)
 <LI><a href="#[4f]">TIM8_CC_IRQHandler</a> from startup_stm32h743xx.o(.text) referenced from startup_stm32h743xx.o(RESET)
 <LI><a href="#[4e]">TIM8_TRG_COM_TIM14_IRQHandler</a> from startup_stm32h743xx.o(.text) referenced from startup_stm32h743xx.o(RESET)
 <LI><a href="#[4d]">TIM8_UP_TIM13_IRQHandler</a> from startup_stm32h743xx.o(.text) referenced from startup_stm32h743xx.o(RESET)
 <LI><a href="#[e6]">Touch_Task</a> from main.o(i.Touch_Task) referenced from main.o(i.AppTaskCreate)
 <LI><a href="#[55]">UART4_IRQHandler</a> from startup_stm32h743xx.o(.text) referenced from startup_stm32h743xx.o(RESET)
 <LI><a href="#[56]">UART5_IRQHandler</a> from startup_stm32h743xx.o(.text) referenced from startup_stm32h743xx.o(RESET)
 <LI><a href="#[6e]">UART7_IRQHandler</a> from startup_stm32h743xx.o(.text) referenced from startup_stm32h743xx.o(RESET)
 <LI><a href="#[6f]">UART8_IRQHandler</a> from startup_stm32h743xx.o(.text) referenced from startup_stm32h743xx.o(RESET)
 <LI><a href="#[47]">USART1_IRQHandler</a> from startup_stm32h743xx.o(.text) referenced from startup_stm32h743xx.o(RESET)
 <LI><a href="#[48]">USART2_IRQHandler</a> from startup_stm32h743xx.o(.text) referenced from startup_stm32h743xx.o(RESET)
 <LI><a href="#[49]">USART3_IRQHandler</a> from startup_stm32h743xx.o(.text) referenced from startup_stm32h743xx.o(RESET)
 <LI><a href="#[64]">USART6_IRQHandler</a> from startup_stm32h743xx.o(.text) referenced from startup_stm32h743xx.o(RESET)
 <LI><a href="#[1d]">UsageFault_Handler</a> from stm32h7xx_it.o(i.UsageFault_Handler) referenced from startup_stm32h743xx.o(RESET)
 <LI><a href="#[ab]">WAKEUP_PIN_IRQHandler</a> from startup_stm32h743xx.o(.text) referenced from startup_stm32h743xx.o(RESET)
 <LI><a href="#[b6]">WM_HandlePID</a> from WM_Touch.o(.text.WM_HandlePID) referenced from GUI_PID.o(.text.GUI_PID_StoreState)
 <LI><a href="#[ca]">WM__Paint1</a> from WM.o(.text.WM__Paint1) referenced from WM.o(.text.WM__PaintWinAndOverlays)
 <LI><a href="#[ca]">WM__Paint1</a> from WM.o(.text.WM__Paint1) referenced from WM.o(.text._Paint1Trans)
 <LI><a href="#[22]">WWDG_IRQHandler</a> from startup_stm32h743xx.o(.text) referenced from startup_stm32h743xx.o(RESET)
 <LI><a href="#[182]">_CalcSizeOfChar</a> from GUI_UC_EncodeNone.o(.text._CalcSizeOfChar) referenced from GUI_UC_EncodeNone.o(.rodata)
 <LI><a href="#[152]">_Color2Index</a> from GUI_SetAlpha.o(.text._Color2Index) referenced from GUI_SetAlpha.o(.rodata)
 <LI><a href="#[145]">_Color2IndexBulk</a> from GUICC_M565.o(.text._Color2IndexBulk) referenced 4 times from GUICC_M565.o(.rodata)
 <LI><a href="#[133]">_Color2IndexBulk_88666I</a> from GUICC_88666I.o(.text._Color2IndexBulk_88666I) referenced from GUICC_88666I.o(.rodata)
 <LI><a href="#[138]">_Color2IndexBulk_M1555I</a> from GUICC_M1555I.o(.text._Color2IndexBulk_M1555I) referenced from GUICC_M1555I.o(.rodata)
 <LI><a href="#[f6]">_Color2IndexBulk_M1555I_DMA2D</a> from lcdconf_lin_template.o(i._Color2IndexBulk_M1555I_DMA2D) referenced from lcdconf_lin_template.o(i.LCD_X_Config)
 <LI><a href="#[13d]">_Color2IndexBulk_M4444I</a> from GUICC_M4444I.o(.text._Color2IndexBulk_M4444I) referenced from GUICC_M4444I.o(.rodata)
 <LI><a href="#[fa]">_Color2IndexBulk_M4444I_DMA2D</a> from lcdconf_lin_template.o(i._Color2IndexBulk_M4444I_DMA2D) referenced from lcdconf_lin_template.o(i.LCD_X_Config)
 <LI><a href="#[f8]">_Color2IndexBulk_M565_DMA2D</a> from lcdconf_lin_template.o(i._Color2IndexBulk_M565_DMA2D) referenced from lcdconf_lin_template.o(i.LCD_X_Config)
 <LI><a href="#[141]">_Color2IndexBulk_M8888I</a> from GUICC_M8888I.o(.text._Color2IndexBulk_M8888I) referenced from GUICC_M8888I.o(.rodata)
 <LI><a href="#[fe]">_Color2IndexBulk_M8888I_DMA2D</a> from lcdconf_lin_template.o(i._Color2IndexBulk_M8888I_DMA2D) referenced from lcdconf_lin_template.o(i.LCD_X_Config)
 <LI><a href="#[fc]">_Color2IndexBulk_M888_DMA2D</a> from lcdconf_lin_template.o(i._Color2IndexBulk_M888_DMA2D) referenced from lcdconf_lin_template.o(i.LCD_X_Config)
 <LI><a href="#[178]">_Color2Index_0</a> from GUICC_0.o(.text._Color2Index_0) referenced from GUICC_0.o(.rodata)
 <LI><a href="#[17b]">_Color2Index_565</a> from GUICC_565.o(.text._Color2Index_565) referenced from GUICC_565.o(.rodata)
 <LI><a href="#[130]">_Color2Index_88666I</a> from GUICC_88666I.o(.text._Color2Index_88666I) referenced from GUICC_88666I.o(.rodata)
 <LI><a href="#[135]">_Color2Index_M1555I</a> from GUICC_M1555I.o(.text._Color2Index_M1555I) referenced from GUICC_M1555I.o(.rodata)
 <LI><a href="#[13a]">_Color2Index_M4444I</a> from GUICC_M4444I.o(.text._Color2Index_M4444I) referenced from GUICC_M4444I.o(.rodata)
 <LI><a href="#[143]">_Color2Index_M565</a> from GUICC_M565.o(.text._Color2Index_M565) referenced from GUICC_M565.o(.rodata)
 <LI><a href="#[147]">_Color2Index_M888</a> from GUICC_M888.o(.text._Color2Index_M888) referenced from GUICC_M888.o(.rodata)
 <LI><a href="#[13f]">_Color2Index_M8888I</a> from GUICC_M8888I.o(.text._Color2Index_M8888I) referenced from GUICC_M8888I.o(.rodata)
 <LI><a href="#[d6]">_CopyBuffer</a> from GUIDRV_Lin_24.o(.text._CopyBuffer) referenced from GUIDRV_Lin_24.o(.text._GetDevFunc)
 <LI><a href="#[10]">_Create</a> from BUTTON_Skin.o(.text._Create) referenced 4 times from BUTTON_Skin.o(.data)
 <LI><a href="#[ff]">_DMA_AlphaBlendingBulk</a> from lcdconf_lin_template.o(i._DMA_AlphaBlendingBulk) referenced from lcdconf_lin_template.o(i.LCD_X_Config)
 <LI><a href="#[127]">_DispChar</a> from GUIAA_Char2Ext_XBF.o(.text._DispChar) referenced from GUIAA_Char2Ext_XBF.o(.rodata)
 <LI><a href="#[12c]">_DispLine</a> from GUIAA_Char2Ext_XBF.o(.text._DispLine) referenced from GUIAA_Char2Ext_XBF.o(.rodata)
 <LI><a href="#[19e]">_Draw</a> from GUI_DRAW_Self.o(.text._Draw) referenced from GUI_DRAW_Self.o(.rodata)
 <LI><a href="#[b0]">_Draw</a> from FRAMEWIN_ButtonClose.o(.text._Draw) referenced from FRAMEWIN_ButtonClose.o(.text.FRAMEWIN_AddCloseButton)
 <LI><a href="#[14e]">_DrawBitmap</a> from GUI_DrawBitmap_565.o(.text._DrawBitmap) referenced 4 times from GUI_DrawBitmap_565.o(.rodata)
 <LI><a href="#[151]">_DrawBitmapHW_8888</a> from GUI_DrawBitmap_8888.o(.text._DrawBitmapHW_8888) referenced from GUI_DrawBitmap_8888.o(.rodata)
 <LI><a href="#[14d]">_DrawBitmapSwapRB</a> from GUI_DrawBitmap_565.o(.text._DrawBitmapSwapRB) referenced from GUI_DrawBitmap_565.o(.rodata)
 <LI><a href="#[150]">_DrawBitmap_8888</a> from GUI_DrawBitmap_8888.o(.text._DrawBitmap_8888) referenced from GUI_DrawBitmap_8888.o(.rodata)
 <LI><a href="#[14f]">_DrawBitmap_M8888I</a> from GUI_DrawBitmap_8888.o(.text._DrawBitmap_M8888I) referenced from GUI_DrawBitmap_8888.o(.rodata)
 <LI><a href="#[196]">_DrawDown</a> from WIDGET_Effect_None.o(.text._DrawDown) referenced 2 times from WIDGET_Effect_None.o(.rodata)
 <LI><a href="#[197]">_DrawDownRect</a> from WIDGET_Effect_None.o(.text._DrawDownRect) referenced 2 times from WIDGET_Effect_None.o(.rodata)
 <LI><a href="#[198]">_DrawFlat</a> from WIDGET_Effect_None.o(.text._DrawFlat) referenced from WIDGET_Effect_None.o(.rodata)
 <LI><a href="#[158]">_DrawHLine</a> from GUI_SetAlpha.o(.text._DrawHLine) referenced 3 times from GUI_SetAlpha.o(.rodata)
 <LI><a href="#[194]">_DrawUp</a> from WIDGET_Effect_None.o(.text._DrawUp) referenced 2 times from WIDGET_Effect_None.o(.rodata)
 <LI><a href="#[195]">_DrawUpRect</a> from WIDGET_Effect_None.o(.text._DrawUpRect) referenced 2 times from WIDGET_Effect_None.o(.rodata)
 <LI><a href="#[159]">_DrawVLine</a> from GUI_SetAlpha.o(.text._DrawVLine) referenced 3 times from GUI_SetAlpha.o(.rodata)
 <LI><a href="#[183]">_Encode</a> from GUI_UC_EncodeNone.o(.text._Encode) referenced from GUI_UC_EncodeNone.o(.rodata)
 <LI><a href="#[15a]">_FillRect</a> from GUI_SetAlpha.o(.text._FillRect) referenced 3 times from GUI_SetAlpha.o(.rodata)
 <LI><a href="#[19c]">_GUI_USAGE_BM_Delete</a> from GUIDEV_UsageBM.o(.text._GUI_USAGE_BM_Delete) referenced from GUIDEV_UsageBM.o(.rodata)
 <LI><a href="#[13]">_GetBorderSize</a> from FRAMEWIN_Skin.o(.text._GetBorderSize) referenced 2 times from FRAMEWIN_Skin.o(.data)
 <LI><a href="#[180]">_GetCharCode</a> from GUI_UC_EncodeNone.o(.text._GetCharCode) referenced from GUI_UC_EncodeNone.o(.rodata)
 <LI><a href="#[181]">_GetCharSize</a> from GUI_UC_EncodeNone.o(.text._GetCharSize) referenced from GUI_UC_EncodeNone.o(.rodata)
 <LI><a href="#[d]">_GetCharWrap</a> from GUI__Wrap.o(.text._GetCharWrap) referenced 2 times from GUI__Wrap.o(.data)
 <LI><a href="#[161]">_GetDevData</a> from GUI_SetAlpha.o(.text._GetDevData) referenced 3 times from GUI_SetAlpha.o(.rodata)
 <LI><a href="#[15f]">_GetDevFunc</a> from GUI_SetAlpha.o(.text._GetDevFunc) referenced 3 times from GUI_SetAlpha.o(.rodata)
 <LI><a href="#[160]">_GetDevProp</a> from GUI_SetAlpha.o(.text._GetDevProp) referenced 3 times from GUI_SetAlpha.o(.rodata)
 <LI><a href="#[154]">_GetIndexMask</a> from GUI_SetAlpha.o(.text._GetIndexMask) referenced from GUI_SetAlpha.o(.rodata)
 <LI><a href="#[17a]">_GetIndexMask_0</a> from GUICC_0.o(.text._GetIndexMask_0) referenced from GUICC_0.o(.rodata)
 <LI><a href="#[17c]">_GetIndexMask_565</a> from GUICC_565.o(.text._GetIndexMask_565) referenced from GUICC_565.o(.rodata)
 <LI><a href="#[12f]">_GetIndexMask_8666</a> from GUICC_8666.o(.text._GetIndexMask_8666) referenced from GUICC_8666.o(.rodata)
 <LI><a href="#[132]">_GetIndexMask_88666I</a> from GUICC_88666I.o(.text._GetIndexMask_88666I) referenced from GUICC_88666I.o(.rodata)
 <LI><a href="#[137]">_GetIndexMask_M1555I</a> from GUICC_M1555I.o(.text._GetIndexMask_M1555I) referenced from GUICC_M1555I.o(.rodata)
 <LI><a href="#[13c]">_GetIndexMask_M4444I</a> from GUICC_M4444I.o(.text._GetIndexMask_M4444I) referenced from GUICC_M4444I.o(.rodata)
 <LI><a href="#[144]">_GetIndexMask_M565</a> from GUICC_M565.o(.text._GetIndexMask_M565) referenced from GUICC_M565.o(.rodata)
 <LI><a href="#[148]">_GetIndexMask_M888</a> from GUICC_M888.o(.text._GetIndexMask_M888) referenced from GUICC_M888.o(.rodata)
 <LI><a href="#[140]">_GetIndexMask_M8888I</a> from GUICC_M8888I.o(.text._GetIndexMask_M8888I) referenced from GUICC_M8888I.o(.rodata)
 <LI><a href="#[15b]">_GetPixelIndex</a> from GUI_SetAlpha.o(.text._GetPixelIndex) referenced 3 times from GUI_SetAlpha.o(.rodata)
 <LI><a href="#[d1]">_GetPos</a> from GUIDRV_Lin_24.o(.text._GetPos) referenced from GUIDRV_Lin_24.o(.text._GetDevFunc)
 <LI><a href="#[162]">_GetRect</a> from GUI_SetAlpha.o(.text._GetRect) referenced 3 times from GUI_SetAlpha.o(.rodata)
 <LI><a href="#[c]">_GetWordWrap</a> from GUI__Wrap.o(.text._GetWordWrap) referenced 2 times from GUI__Wrap.o(.data)
 <LI><a href="#[19f]">_GetXSize</a> from GUI_DRAW_Self.o(.text._GetXSize) referenced from GUI_DRAW_Self.o(.rodata)
 <LI><a href="#[1a0]">_GetYSize</a> from GUI_DRAW_Self.o(.text._GetYSize) referenced from GUI_DRAW_Self.o(.rodata)
 <LI><a href="#[153]">_Index2Color</a> from GUI_SetAlpha.o(.text._Index2Color) referenced from GUI_SetAlpha.o(.rodata)
 <LI><a href="#[146]">_Index2ColorBulk</a> from GUICC_M565.o(.text._Index2ColorBulk) referenced 4 times from GUICC_M565.o(.rodata)
 <LI><a href="#[134]">_Index2ColorBulk_88666I</a> from GUICC_88666I.o(.text._Index2ColorBulk_88666I) referenced from GUICC_88666I.o(.rodata)
 <LI><a href="#[139]">_Index2ColorBulk_M1555I</a> from GUICC_M1555I.o(.text._Index2ColorBulk_M1555I) referenced from GUICC_M1555I.o(.rodata)
 <LI><a href="#[f5]">_Index2ColorBulk_M1555I_DMA2D</a> from lcdconf_lin_template.o(i._Index2ColorBulk_M1555I_DMA2D) referenced from lcdconf_lin_template.o(i.LCD_X_Config)
 <LI><a href="#[13e]">_Index2ColorBulk_M4444I</a> from GUICC_M4444I.o(.text._Index2ColorBulk_M4444I) referenced from GUICC_M4444I.o(.rodata)
 <LI><a href="#[f9]">_Index2ColorBulk_M4444I_DMA2D</a> from lcdconf_lin_template.o(i._Index2ColorBulk_M4444I_DMA2D) referenced from lcdconf_lin_template.o(i.LCD_X_Config)
 <LI><a href="#[f7]">_Index2ColorBulk_M565_DMA2D</a> from lcdconf_lin_template.o(i._Index2ColorBulk_M565_DMA2D) referenced from lcdconf_lin_template.o(i.LCD_X_Config)
 <LI><a href="#[142]">_Index2ColorBulk_M8888I</a> from GUICC_M8888I.o(.text._Index2ColorBulk_M8888I) referenced from GUICC_M8888I.o(.rodata)
 <LI><a href="#[fd]">_Index2ColorBulk_M8888I_DMA2D</a> from lcdconf_lin_template.o(i._Index2ColorBulk_M8888I_DMA2D) referenced from lcdconf_lin_template.o(i.LCD_X_Config)
 <LI><a href="#[fb]">_Index2ColorBulk_M888_DMA2D</a> from lcdconf_lin_template.o(i._Index2ColorBulk_M888_DMA2D) referenced from lcdconf_lin_template.o(i.LCD_X_Config)
 <LI><a href="#[179]">_Index2Color_0</a> from GUICC_0.o(.text._Index2Color_0) referenced from GUICC_0.o(.rodata)
 <LI><a href="#[131]">_Index2Color_88666I</a> from GUICC_88666I.o(.text._Index2Color_88666I) referenced from GUICC_88666I.o(.rodata)
 <LI><a href="#[136]">_Index2Color_M1555I</a> from GUICC_M1555I.o(.text._Index2Color_M1555I) referenced from GUICC_M1555I.o(.rodata)
 <LI><a href="#[13b]">_Index2Color_M4444I</a> from GUICC_M4444I.o(.text._Index2Color_M4444I) referenced from GUICC_M4444I.o(.rodata)
 <LI><a href="#[dd]">_Init</a> from GUIDRV_Lin_24.o(.text._Init) referenced from GUIDRV_Lin_24.o(.text._GetDevFunc)
 <LI><a href="#[ef]">_LCD_CopyBuffer</a> from lcdconf_lin_template.o(i._LCD_CopyBuffer) referenced from lcdconf_lin_template.o(i.LCD_X_Config)
 <LI><a href="#[f0]">_LCD_CopyRect</a> from lcdconf_lin_template.o(i._LCD_CopyRect) referenced from lcdconf_lin_template.o(i.LCD_X_Config)
 <LI><a href="#[f3]">_LCD_DrawBitmap16bpp</a> from lcdconf_lin_template.o(i._LCD_DrawBitmap16bpp) referenced from lcdconf_lin_template.o(i.LCD_X_Config)
 <LI><a href="#[f4]">_LCD_DrawBitmap32bpp</a> from lcdconf_lin_template.o(i._LCD_DrawBitmap32bpp) referenced from lcdconf_lin_template.o(i.LCD_X_Config)
 <LI><a href="#[f2]">_LCD_DrawBitmap8bpp</a> from lcdconf_lin_template.o(i._LCD_DrawBitmap8bpp) referenced from lcdconf_lin_template.o(i.LCD_X_Config)
 <LI><a href="#[103]">_LCD_DrawBitmapAlpha</a> from lcdconf_lin_template.o(i._LCD_DrawBitmapAlpha) referenced from lcdconf_lin_template.o(i.LCD_X_Config)
 <LI><a href="#[102]">_LCD_DrawMemdev16bpp</a> from lcdconf_lin_template.o(i._LCD_DrawMemdev16bpp) referenced from lcdconf_lin_template.o(i.LCD_X_Config)
 <LI><a href="#[104]">_LCD_DrawMemdevAlpha</a> from lcdconf_lin_template.o(i._LCD_DrawMemdevAlpha) referenced from lcdconf_lin_template.o(i.LCD_X_Config)
 <LI><a href="#[f1]">_LCD_FillRect</a> from lcdconf_lin_template.o(i._LCD_FillRect) referenced from lcdconf_lin_template.o(i.LCD_X_Config)
 <LI><a href="#[f1]">_LCD_FillRect</a> from lcdconf_lin_template.o(i._LCD_FillRect) referenced from lcdconf_lin_template.o(i._LCD_FillRect)
 <LI><a href="#[100]">_LCD_GetpPalConvTable</a> from lcdconf_lin_template.o(i._LCD_GetpPalConvTable) referenced from lcdconf_lin_template.o(i.LCD_X_Config)
 <LI><a href="#[101]">_LCD_MixColorsBulk</a> from lcdconf_lin_template.o(i._LCD_MixColorsBulk) referenced from lcdconf_lin_template.o(i.LCD_X_Config)
 <LI><a href="#[8]">_Log2VisBuffered</a> from GUI_CharLine.o(.text._Log2VisBuffered) referenced 2 times from GUI_CharLine.o(.data)
 <LI><a href="#[176]">_MULTIBUF_Begin</a> from WM_MULTIBUF.o(.text._MULTIBUF_Begin) referenced from WM_MULTIBUF.o(.rodata)
 <LI><a href="#[177]">_MULTIBUF_End</a> from WM_MULTIBUF.o(.text._MULTIBUF_End) referenced from WM_MULTIBUF.o(.rodata)
 <LI><a href="#[17]">_NextPixel_End</a> from LCD_NextPixelAPI.o(.text._NextPixel_End) referenced 2 times from LCD_NextPixelAPI.o(.data)
 <LI><a href="#[16]">_NextPixel_NextLine</a> from LCD_NextPixelAPI.o(.text._NextPixel_NextLine) referenced 2 times from LCD_NextPixelAPI.o(.data)
 <LI><a href="#[15]">_NextPixel_SetPixel</a> from LCD_NextPixelAPI.o(.text._NextPixel_SetPixel) referenced 2 times from LCD_NextPixelAPI.o(.data)
 <LI><a href="#[14]">_NextPixel_Start</a> from LCD_NextPixelAPI.o(.text._NextPixel_Start) referenced 2 times from LCD_NextPixelAPI.o(.data)
 <LI><a href="#[db]">_Off</a> from GUIDRV_Lin_24.o(.text._Off) referenced from GUIDRV_Lin_24.o(.text._GetDevFunc)
 <LI><a href="#[dc]">_On</a> from GUIDRV_Lin_24.o(.text._On) referenced from GUIDRV_Lin_24.o(.text._GetDevFunc)
 <LI><a href="#[b4]">_OnExit</a> from GUI_Task.o(.text._OnExit) referenced from GUI_Task.o(.text.GUITASK_Init)
 <LI><a href="#[b5]">_OnExit</a> from GUI_MULTIBUF.o(.text._OnExit) referenced from GUI_MULTIBUF.o(.text.GUI_MULTIBUF_ConfigEx)
 <LI><a href="#[b7]">_OnExit</a> from GUI_PID.o(.text._OnExit) referenced from GUI_PID.o(.text.GUI_PID_StoreState)
 <LI><a href="#[b8]">_OnExit</a> from GUI_SetAlpha.o(.text._OnExit) referenced from GUI_SetAlpha.o(.text.GUI_SetAlpha)
 <LI><a href="#[bb]">_OnExit</a> from GUI_Timer.o(.text._OnExit) referenced from GUI_Timer.o(.text.GUI_TIMER_Create)
 <LI><a href="#[bc]">_OnExit</a> from GUI__Alpha.o(.text._OnExit) referenced from GUI__Alpha.o(.text.GUI__AllocAlphaBuffer)
 <LI><a href="#[bd]">_OnExit</a> from GUI_Core.o(.text._OnExit) referenced from GUI_Core.o(.text.GUI__Config)
 <LI><a href="#[bc]">_OnExit</a> from GUI__Alpha.o(.text._OnExit) referenced from GUI__Alpha.o(.text.GUI__DoAlphaBlending)
 <LI><a href="#[bc]">_OnExit</a> from GUI__Alpha.o(.text._OnExit) referenced from GUI__Alpha.o(.text.GUI__GetAlphaBuffer)
 <LI><a href="#[c0]">_OnExit</a> from LCD_Color.o(.text._OnExit) referenced from LCD_Color.o(.text.LCD_InitColors)
 <LI><a href="#[c8]">_OnExit</a> from WM.o(.text._OnExit) referenced from WM.o(.text.WM_Init)
 <LI><a href="#[4]">_OnTouchDefault</a> from BUTTON.o(.text._OnTouchDefault) referenced 2 times from BUTTON.o(.data)
 <LI><a href="#[f]">_Paint</a> from BUTTON_Skin.o(.text._Paint) referenced 4 times from BUTTON_Skin.o(.data)
 <LI><a href="#[d3]">_SetAlpha</a> from GUIDRV_Lin_24.o(.text._SetAlpha) referenced from GUIDRV_Lin_24.o(.text._GetDevFunc)
 <LI><a href="#[da]">_SetAlphaMode</a> from GUIDRV_Lin_24.o(.text._SetAlphaMode) referenced from GUIDRV_Lin_24.o(.text._GetDevFunc)
 <LI><a href="#[164]">_SetBkColor</a> from LCD.o(.text._SetBkColor) referenced from LCD.o(.rodata)
 <LI><a href="#[d8]">_SetChroma</a> from GUIDRV_Lin_24.o(.text._SetChroma) referenced from GUIDRV_Lin_24.o(.text._GetDevFunc)
 <LI><a href="#[d9]">_SetChromaMode</a> from GUIDRV_Lin_24.o(.text._SetChromaMode) referenced from GUIDRV_Lin_24.o(.text._GetDevFunc)
 <LI><a href="#[163]">_SetColor</a> from LCD.o(.text._SetColor) referenced from LCD.o(.rodata)
 <LI><a href="#[d7]">_SetDevFunc</a> from GUIDRV_Lin_24.o(.text._SetDevFunc) referenced from GUIDRV_Lin_24.o(.text._GetDevFunc)
 <LI><a href="#[165]">_SetDrawMode</a> from LCD.o(.text._SetDrawMode) referenced from LCD.o(.rodata)
 <LI><a href="#[15e]">_SetOrg</a> from GUI_SetAlpha.o(.text._SetOrg) referenced 3 times from GUI_SetAlpha.o(.rodata)
 <LI><a href="#[1]">_SetPixelAlpha</a> from GUI_DrawBitmap_8888.o(.text._SetPixelAlpha) referenced 2 times from GUI_DrawBitmap_8888.o(.data)
 <LI><a href="#[15c]">_SetPixelIndex</a> from GUI_SetAlpha.o(.text._SetPixelIndex) referenced 3 times from GUI_SetAlpha.o(.rodata)
 <LI><a href="#[d2]">_SetPos</a> from GUIDRV_Lin_24.o(.text._SetPos) referenced from GUIDRV_Lin_24.o(.text._GetDevFunc)
 <LI><a href="#[de]">_SetSize</a> from GUIDRV_Lin_24.o(.text._SetSize) referenced from GUIDRV_Lin_24.o(.text._GetDevFunc)
 <LI><a href="#[cf]">_SetVRAMAddr</a> from GUIDRV_Lin_24.o(.text._SetVRAMAddr) referenced from GUIDRV_Lin_24.o(.text._GetDevFunc)
 <LI><a href="#[d4]">_SetVRAM_BufferPTR</a> from GUIDRV_Lin_24.o(.text._SetVRAM_BufferPTR) referenced from GUIDRV_Lin_24.o(.text._GetDevFunc)
 <LI><a href="#[df]">_SetVSize</a> from GUIDRV_Lin_24.o(.text._SetVSize) referenced from GUIDRV_Lin_24.o(.text._GetDevFunc)
 <LI><a href="#[d0]">_SetVis</a> from GUIDRV_Lin_24.o(.text._SetVis) referenced from GUIDRV_Lin_24.o(.text._GetDevFunc)
 <LI><a href="#[d5]">_ShowBuffer</a> from GUIDRV_Lin_24.o(.text._ShowBuffer) referenced from GUIDRV_Lin_24.o(.text._GetDevFunc)
 <LI><a href="#[15d]">_XorPixel</a> from GUI_SetAlpha.o(.text._XorPixel) referenced 3 times from GUI_SetAlpha.o(.rodata)
 <LI><a href="#[ae]">__main</a> from entry.o(.ARM.Collect$$$$00000000) referenced from startup_stm32h743xx.o(.text)
 <LI><a href="#[c7]">_cbBackWin</a> from WM.o(.text._cbBackWin) referenced from WM.o(.text.WM_Init)
 <LI><a href="#[10a]">_cbCameraButton</a> from dormdlg.o(i._cbCameraButton) referenced from dormdlg.o(i._cbDialog)
 <LI><a href="#[109]">_cbClockButton</a> from dormdlg.o(i._cbClockButton) referenced from dormdlg.o(i._cbDialog)
 <LI><a href="#[b1]">_cbClose</a> from FRAMEWIN_ButtonClose.o(.text._cbClose) referenced from FRAMEWIN_ButtonClose.o(.text.FRAMEWIN_AddCloseButton)
 <LI><a href="#[10c]">_cbCurtainButton</a> from dormdlg.o(i._cbCurtainButton) referenced from dormdlg.o(i._cbDialog)
 <LI><a href="#[e8]">_cbDialog</a> from alarm_clockdlg.o(i._cbDialog) referenced from alarm_clockdlg.o(i.CreateAlarmClock)
 <LI><a href="#[e9]">_cbDialog</a> from calendardlg.o(i._cbDialog) referenced from calendardlg.o(i.CreateCalendar)
 <LI><a href="#[ea]">_cbDialog</a> from doordlg.o(i._cbDialog) referenced from doordlg.o(i.CreateDOOR)
 <LI><a href="#[eb]">_cbDialog</a> from dampdlg.o(i._cbDialog) referenced from dampdlg.o(i.CreateDamp)
 <LI><a href="#[ec]">_cbDialog</a> from temperaturedlg.o(i._cbDialog) referenced from temperaturedlg.o(i.CreateTemperature)
 <LI><a href="#[ee]">_cbDialog</a> from dormdlg.o(i._cbDialog) referenced from dormdlg.o(i.Createdorm)
 <LI><a href="#[10d]">_cbDoorButton</a> from dormdlg.o(i._cbDoorButton) referenced from dormdlg.o(i._cbDialog)
 <LI><a href="#[108]">_cbFengshanButton</a> from dormdlg.o(i._cbFengshanButton) referenced from dormdlg.o(i._cbDialog)
 <LI><a href="#[ed]">_cbGetData</a> from xbffontcreate.o(i._cbGetData) referenced from xbffontcreate.o(i.Create_XBF12)
 <LI><a href="#[ed]">_cbGetData</a> from xbffontcreate.o(i._cbGetData) referenced from xbffontcreate.o(i.Create_XBF16)
 <LI><a href="#[ed]">_cbGetData</a> from xbffontcreate.o(i._cbGetData) referenced from xbffontcreate.o(i.Create_XBF24)
 <LI><a href="#[c4]">_cbInvalidateOne</a> from WM_BringToTop.o(.text._cbInvalidateOne) referenced from WM_BringToTop.o(.text.WM_BringToTop)
 <LI><a href="#[107]">_cbLightButton</a> from dormdlg.o(i._cbLightButton) referenced from dormdlg.o(i._cbDialog)
 <LI><a href="#[119]">_cbONButton</a> from dampdlg.o(i._cbONButton) referenced 2 times from dampdlg.o(i._cbDialog)
 <LI><a href="#[c6]">_cbPaintMemDev</a> from WM.o(.text._cbPaintMemDev) referenced from WM.o(.text.WM_Exec)
 <LI><a href="#[10b]">_cbTelephoneButton</a> from dormdlg.o(i._cbTelephoneButton) referenced from dormdlg.o(i._cbDialog)
 <LI><a href="#[c5]">_cbTimer</a> from WM_Timer.o(.text._cbTimer) referenced from WM_Timer.o(.text.WM_CreateTimer)
 <LI><a href="#[112]">_cbWifiButton</a> from dormdlg.o(i._cbWifiButton) referenced from dormdlg.o(i._cbDialog)
 <LI><a href="#[10e]">_cbcalendarButton</a> from dormdlg.o(i._cbcalendarButton) referenced from dormdlg.o(i._cbDialog)
 <LI><a href="#[111]">_cbmessageButton</a> from dormdlg.o(i._cbmessageButton) referenced from dormdlg.o(i._cbDialog)
 <LI><a href="#[10f]">_cbmusicButton</a> from dormdlg.o(i._cbmusicButton) referenced from dormdlg.o(i._cbDialog)
 <LI><a href="#[110]">_cbtempatureButton</a> from dormdlg.o(i._cbtempatureButton) referenced from dormdlg.o(i._cbDialog)
 <LI><a href="#[106]">_sputc</a> from printf8.o(i._sputc) referenced from printf8.o(i.__0sprintf$8)
[...]
<BR>[Address Reference Count : 1]<UL><LI> GUIDEV_32.o(.rodata)
</UL>
<P><STRONG><a name="[190]"></a>_GetDevFunc</STRONG> (Thumb, 16 bytes, Stack size unknown bytes, GUIDEV_32.o(.text._GetDevFunc))
<BR>[Address Reference Count : 1]<UL><LI> GUIDEV_32.o(.rodata)
</UL>
<P><STRONG><a name="[191]"></a>_GetDevProp</STRONG> (Thumb, 10 bytes, Stack size unknown bytes, GUIDEV_32.o(.text._GetDevProp))
<BR>[Address Reference Count : 1]<UL><LI> GUIDEV_32.o(.rodata)
</UL>
<P><STRONG><a name="[18f]"></a>_SetOrg</STRONG> (Thumb, 8 bytes, Stack size unknown bytes, GUIDEV_32.o(.text._SetOrg))
<BR>[Address Reference Count : 1]<UL><LI> GUIDEV_32.o(.rodata)
</UL>
<P><STRONG><a name="[193]"></a>_GetRect</STRONG> (Thumb, 56 bytes, Stack size unknown bytes, GUIDEV_32.o(.text._GetRect))
<BR><BR>[Calls]<UL><LI><a href="#[1b2]">&gt;&gt;</a>&nbsp;&nbsp;&nbsp;GUI_ALLOC_UnlockH
<LI><a href="#[1b1]">&gt;&gt;</a>&nbsp;&nbsp;&nbsp;GUI_ALLOC_LockH
</UL>
<BR>[Address Reference Count : 1]<UL><LI> GUIDEV_32.o(.rodata)
</UL>
<P><STRONG><a name="[188]"></a>_DrawBitmap</STRONG> (Thumb, 2496 bytes, Stack size unknown bytes, GUIDEV_32.o(.text._DrawBitmap))
<BR><BR>[Calls]<UL><LI><a href="#[1b2]">&gt;&gt;</a>&nbsp;&nbsp;&nbsp;GUI_ALLOC_UnlockH
<LI><a href="#[1b1]">&gt;&gt;</a>&nbsp;&nbsp;&nbsp;GUI_ALLOC_LockH
<LI><a href="#[349]">&gt;&gt;</a>&nbsp;&nbsp;&nbsp;GUI_USAGE_AddRect
</UL>
<BR>[Address Reference Count : 1]<UL><LI> GUIDEV_32.o(.rodata)
</UL>
<P><STRONG><a name="[18c]"></a>_GetPixelIndex</STRONG> (Thumb, 64 bytes, Stack size unknown bytes, GUIDEV_32.o(.text._GetPixelIndex))
<BR><BR>[Calls]<UL><LI><a href="#[1b2]">&gt;&gt;</a>&nbsp;&nbsp;&nbsp;GUI_ALLOC_UnlockH
<LI><a href="#[1b1]">&gt;&gt;</a>&nbsp;&nbsp;&nbsp;GUI_ALLOC_LockH
</UL>
<BR>[Address Reference Count : 1]<UL><LI> GUIDEV_32.o(.rodata)
</UL>
<P><STRONG><a name="[18d]"></a>_SetPixelIndex</STRONG> (Thumb, 120 bytes, Stack size unknown bytes, GUIDEV_32.o(.text._SetPixelIndex))
<BR><BR>[Calls]<UL><LI><a href="#[1b2]">&gt;&gt;</a>&nbsp;&nbsp;&nbsp;GUI_ALLOC_UnlockH
<LI><a href="#[1b1]">&gt;&gt;</a>&nbsp;&nbsp;&nbsp;GUI_ALLOC_LockH
</UL>
<BR>[Address Reference Count : 1]<UL><LI> GUIDEV_32.o(.rodata)
</UL>
<P><STRONG><a name="[18e]"></a>_XorPixel</STRONG> (Thumb, 132 bytes, Stack size unknown bytes, GUIDEV_32.o(.text._XorPixel))
<BR><BR>[Calls]<UL><LI><a href="#[1b2]">&gt;&gt;</a>&nbsp;&nbsp;&nbsp;GUI_ALLOC_UnlockH
<LI><a href="#[1b1]">&gt;&gt;</a>&nbsp;&nbsp;&nbsp;GUI_ALLOC_LockH
</UL>
<BR>[Address Reference Count : 1]<UL><LI> GUIDEV_32.o(.rodata)
</UL>
<P><STRONG><a name="[18b]"></a>_FillRect</STRONG> (Thumb, 236 bytes, Stack size unknown bytes, GUIDEV_32.o(.text._FillRect))
<BR><BR>[Calls]<UL><LI><a href="#[1b2]">&gt;&gt;</a>&nbsp;&nbsp;&nbsp;GUI_ALLOC_UnlockH
<LI><a href="#[1b1]">&gt;&gt;</a>&nbsp;&nbsp;&nbsp;GUI_ALLOC_LockH
<LI><a href="#[349]">&gt;&gt;</a>&nbsp;&nbsp;&nbsp;GUI_USAGE_AddRect
</UL>
<BR>[Called By]<UL><LI><a href="#[189]">&gt;&gt;</a>&nbsp;&nbsp;&nbsp;_DrawHLine
</UL>
<BR>[Address Reference Count : 1]<UL><LI> GUIDEV_32.o(.rodata)
</UL>
<P><STRONG><a name="[189]"></a>_DrawHLine</STRONG> (Thumb, 16 bytes, Stack size unknown bytes, GUIDEV_32.o(.text._DrawHLine))
<BR><BR>[Calls]<UL><LI><a href="#[18b]">&gt;&gt;</a>&nbsp;&nbsp;&nbsp;_FillRect
</UL>
<BR>[Address Reference Count : 1]<UL><LI> GUIDEV_32.o(.rodata)
</UL>
<P><STRONG><a name="[18a]"></a>_DrawVLine</STRONG> (Thumb, 228 bytes, Stack size unknown bytes, GUIDEV_32.o(.text._DrawVLine))
<BR><BR>[Calls]<UL><LI><a href="#[1b2]">&gt;&gt;</a>&nbsp;&nbsp;&nbsp;GUI_ALLOC_UnlockH
<LI><a href="#[1b1]">&gt;&gt;</a>&nbsp;&nbsp;&nbsp;GUI_ALLOC_LockH
</UL>
<BR>[Address Reference Count : 1]<UL><LI> GUIDEV_32.o(.rodata)
</UL>
<P><STRONG><a name="[c4]"></a>_cbInvalidateOne</STRONG> (Thumb, 4 bytes, Stack size unknown bytes, WM_BringToTop.o(.text._cbInvalidateOne))
<BR><BR>[Stack]<UL><LI>Max Depth = 168 + Unknown Stack Size
<LI>Call Chain = _cbInvalidateOne &rArr; WM_InvalidateWindow &rArr; WM__InvalidateRect &rArr;  WM__InvalidateRect (Cycle)
</UL>
<BR>[Calls]<UL><LI><a href="#[1be]">&gt;&gt;</a>&nbsp;&nbsp;&nbsp;WM_InvalidateWindow
</UL>
<BR>[Address Reference Count : 1]<UL><LI> WM_BringToTop.o(.text.WM_BringToTop)
</UL>
<P><STRONG><a name="[333]"></a>_MoveDescendents</STRONG> (Thumb, 598 bytes, Stack size unknown bytes, WM_Move.o(.text._MoveDescendents))
<BR><BR>[Calls]<UL><LI><a href="#[1e0]">&gt;&gt;</a>&nbsp;&nbsp;&nbsp;WM__SendMessage
<LI><a href="#[333]">&gt;&gt;</a>&nbsp;&nbsp;&nbsp;_MoveDescendents
<LI><a href="#[1c4]">&gt;&gt;</a>&nbsp;&nbsp;&nbsp;GUI_MoveRect
<LI><a href="#[1b2]">&gt;&gt;</a>&nbsp;&nbsp;&nbsp;GUI_ALLOC_UnlockH
<LI><a href="#[1b1]">&gt;&gt;</a>&nbsp;&nbsp;&nbsp;GUI_ALLOC_LockH
</UL>
<BR>[Called By]<UL><LI><a href="#[332]">&gt;&gt;</a>&nbsp;&nbsp;&nbsp;WM__MoveWindow
<LI><a href="#[1f7]">&gt;&gt;</a>&nbsp;&nbsp;&nbsp;WM_MoveWindow
<LI><a href="#[333]">&gt;&gt;</a>&nbsp;&nbsp;&nbsp;_MoveDescendents
</UL>

<P><STRONG><a name="[10]"></a>_Create</STRONG> (Thumb, 54 bytes, Stack size unknown bytes, BUTTON_Skin.o(.text._Create))
<BR><BR>[Stack]<UL><LI>Max Depth = 8 + Unknown Stack Size
<LI>Call Chain = _Create &rArr; memset
</UL>
<BR>[Calls]<UL><LI><a href="#[1b2]">&gt;&gt;</a>&nbsp;&nbsp;&nbsp;GUI_ALLOC_UnlockH
<LI><a href="#[1b1]">&gt;&gt;</a>&nbsp;&nbsp;&nbsp;GUI_ALLOC_LockH
<LI><a href="#[b]">&gt;&gt;</a>&nbsp;&nbsp;&nbsp;memset
</UL>
<BR>[Address Reference Count : 1]<UL><LI> BUTTON_Skin.o(.data)
</UL>
<P><STRONG><a name="[f]"></a>_Paint</STRONG> (Thumb, 134 bytes, Stack size unknown bytes, BUTTON_Skin.o(.text._Paint))
<BR><BR>[Stack]<UL><LI>Max Depth = 168 + Unknown Stack Size
<LI>Call Chain = _Paint &rArr; WM_GetWindowSizeY &rArr; GUI_Lock &rArr; GUI_X_Lock &rArr; GUI_X_InitOS &rArr; xQueueCreateMutex &rArr; prvInitialiseMutex &rArr; xQueueGenericSend &rArr; xTaskResumeAll &rArr; xTaskIncrementTick &rArr; __2printf
</UL>
<BR>[Calls]<UL><LI><a href="#[1f2]">&gt;&gt;</a>&nbsp;&nbsp;&nbsp;WM_GetWindowSizeY
<LI><a href="#[322]">&gt;&gt;</a>&nbsp;&nbsp;&nbsp;WM_GetWindowSizeX
<LI><a href="#[1b2]">&gt;&gt;</a>&nbsp;&nbsp;&nbsp;GUI_ALLOC_UnlockH
<LI><a href="#[1b1]">&gt;&gt;</a>&nbsp;&nbsp;&nbsp;GUI_ALLOC_LockH
</UL>
<BR>[Address Reference Count : 1]<UL><LI> BUTTON_Skin.o(.data)
</UL>
<P><STRONG><a name="[13]"></a>_GetBorderSize</STRONG> (Thumb, 88 bytes, Stack size unknown bytes, FRAMEWIN_Skin.o(.text._GetBorderSize))
<BR><BR>[Calls]<UL><LI><a href="#[1b2]">&gt;&gt;</a>&nbsp;&nbsp;&nbsp;GUI_ALLOC_UnlockH
<LI><a href="#[1b1]">&gt;&gt;</a>&nbsp;&nbsp;&nbsp;GUI_ALLOC_LockH
</UL>
<BR>[Address Reference Count : 1]<UL><LI> FRAMEWIN_Skin.o(.data)
</UL>
<P><STRONG><a name="[12]"></a>_Create</STRONG> (Thumb, 44 bytes, Stack size unknown bytes, FRAMEWIN_Skin.o(.text._Create))
<BR><BR>[Calls]<UL><LI><a href="#[1b2]">&gt;&gt;</a>&nbsp;&nbsp;&nbsp;GUI_ALLOC_UnlockH
<LI><a href="#[1b1]">&gt;&gt;</a>&nbsp;&nbsp;&nbsp;GUI_ALLOC_LockH
</UL>
<BR>[Address Reference Count : 1]<UL><LI> FRAMEWIN_Skin.o(.data)
</UL>
<P><STRONG><a name="[11]"></a>_Paint</STRONG> (Thumb, 402 bytes, Stack size unknown bytes, FRAMEWIN_Skin.o(.text._Paint))
<BR><BR>[Stack]<UL><LI>Max Depth = 168 + Unknown Stack Size
<LI>Call Chain = _Paint &rArr; GUI_SetFont &rArr; GUI_Lock &rArr; GUI_X_Lock &rArr; GUI_X_InitOS &rArr; xQueueCreateMutex &rArr; prvInitialiseMutex &rArr; xQueueGenericSend &rArr; xTaskResumeAll &rArr; xTaskIncrementTick &rArr; __2printf
</UL>
<BR>[Calls]<UL><LI><a href="#[1c2]">&gt;&gt;</a>&nbsp;&nbsp;&nbsp;GUI_SetFont
<LI><a href="#[1f2]">&gt;&gt;</a>&nbsp;&nbsp;&nbsp;WM_GetWindowSizeY
<LI><a href="#[1f3]">&gt;&gt;</a>&nbsp;&nbsp;&nbsp;FRAMEWIN__GetTitleLimits
<LI><a href="#[1f4]">&gt;&gt;</a>&nbsp;&nbsp;&nbsp;FRAMEWIN__CalcTitleHeight
<LI><a href="#[322]">&gt;&gt;</a>&nbsp;&nbsp;&nbsp;WM_GetWindowSizeX
<LI><a href="#[22e]">&gt;&gt;</a>&nbsp;&nbsp;&nbsp;WM__GetNextIVR
<LI><a href="#[22d]">&gt;&gt;</a>&nbsp;&nbsp;&nbsp;WM__InitIVRSearch
<LI><a href="#[1c5]">&gt;&gt;</a>&nbsp;&nbsp;&nbsp;GUI_SetTextMode
<LI><a href="#[1b2]">&gt;&gt;</a>&nbsp;&nbsp;&nbsp;GUI_ALLOC_UnlockH
<LI><a href="#[1b1]">&gt;&gt;</a>&nbsp;&nbsp;&nbsp;GUI_ALLOC_LockH
</UL>
<BR>[Address Reference Count : 1]<UL><LI> FRAMEWIN_Skin.o(.data)
</UL>
<P><STRONG><a name="[195]"></a>_DrawUpRect</STRONG> (Thumb, 2 bytes, Stack size unknown bytes, WIDGET_Effect_None.o(.text._DrawUpRect))
<BR>[Address Reference Count : 1]<UL><LI> WIDGET_Effect_None.o(.rodata)
</UL>
<P><STRONG><a name="[198]"></a>_DrawFlat</STRONG> (Thumb, 2 bytes, Stack size unknown bytes, WIDGET_Effect_None.o(.text._DrawFlat))
<BR>[Address Reference Count : 1]<UL><LI> WIDGET_Effect_None.o(.rodata)
</UL>
<P><STRONG><a name="[197]"></a>_DrawDownRect</STRONG> (Thumb, 2 bytes, Stack size unknown bytes, WIDGET_Effect_None.o(.text._DrawDownRect))
<BR>[Address Reference Count : 1]<UL><LI> WIDGET_Effect_None.o(.rodata)
</UL>
<P><STRONG><a name="[196]"></a>_DrawDown</STRONG> (Thumb, 2 bytes, Stack size unknown bytes, WIDGET_Effect_None.o(.text._DrawDown))
<BR>[Address Reference Count : 1]<UL><LI> WIDGET_Effect_None.o(.rodata)
</UL>
<P><STRONG><a name="[194]"></a>_DrawUp</STRONG> (Thumb, 2 bytes, Stack size unknown bytes, WIDGET_Effect_None.o(.text._DrawUp))
<BR>[Address Reference Count : 1]<UL><LI> WIDGET_Effect_None.o(.rodata)
</UL>
<P><STRONG><a name="[15]"></a>_NextPixel_SetPixel</STRONG> (Thumb, 372 bytes, Stack size unknown bytes, LCD_NextPixelAPI.o(.text._NextPixel_SetPixel))
<BR>[Address Reference Count : 1]<UL><LI> LCD_NextPixelAPI.o(.data)
</UL>
<P><STRONG><a name="[14]"></a>_NextPixel_Start</STRONG> (Thumb, 192 bytes, Stack size unknown bytes, LCD_NextPixelAPI.o(.text._NextPixel_Start))
<BR><BR>[Stack]<UL><LI>Max Depth = 168 + Unknown Stack Size
<LI>Call Chain = _NextPixel_Start &rArr; GUI_ALLOC_GetMaxSize &rArr; _EnlargeBlocks &rArr;  _Alloc (Cycle)
</UL>
<BR>[Calls]<UL><LI><a href="#[21d]">&gt;&gt;</a>&nbsp;&nbsp;&nbsp;GUI_ALLOC_GetMaxSize
<LI><a href="#[1b1]">&gt;&gt;</a>&nbsp;&nbsp;&nbsp;GUI_ALLOC_LockH
<LI><a href="#[217]">&gt;&gt;</a>&nbsp;&nbsp;&nbsp;GUI_ALLOC_AllocNoInit
<LI><a href="#[29a]">&gt;&gt;</a>&nbsp;&nbsp;&nbsp;GUI_GetBitsPerPixelEx
</UL>
<BR>[Address Reference Count : 1]<UL><LI> LCD_NextPixelAPI.o(.data)
</UL>
<P><STRONG><a name="[16]"></a>_NextPixel_NextLine</STRONG> (Thumb, 88 bytes, Stack size unknown bytes, LCD_NextPixelAPI.o(.text._NextPixel_NextLine))
<BR>[Address Reference Count : 1]<UL><LI> LCD_NextPixelAPI.o(.data)
</UL>
<P><STRONG><a name="[17]"></a>_NextPixel_End</STRONG> (Thumb, 104 bytes, Stack size unknown bytes, LCD_NextPixelAPI.o(.text._NextPixel_End))
<BR><BR>[Stack]<UL><LI>Max Depth = 168 + Unknown Stack Size
<LI>Call Chain = _NextPixel_End &rArr; GUI_ALLOC_Free &rArr; GUI_Lock &rArr; GUI_X_Lock &rArr; GUI_X_InitOS &rArr; xQueueCreateMutex &rArr; prvInitialiseMutex &rArr; xQueueGenericSend &rArr; xTaskResumeAll &rArr; xTaskIncrementTick &rArr; __2printf
</UL>
<BR>[Calls]<UL><LI><a href="#[219]">&gt;&gt;</a>&nbsp;&nbsp;&nbsp;GUI_ALLOC_Free
<LI><a href="#[1b2]">&gt;&gt;</a>&nbsp;&nbsp;&nbsp;GUI_ALLOC_UnlockH
</UL>
<BR>[Address Reference Count : 1]<UL><LI> LCD_NextPixelAPI.o(.data)
</UL>
<P><STRONG><a name="[199]"></a>GUI_USAGE_BM_AddPixel</STRONG> (Thumb, 44 bytes, Stack size unknown bytes, GUIDEV_UsageBM.o(.text.GUI_USAGE_BM_AddPixel))
<BR>[Address Reference Count : 1]<UL><LI> GUIDEV_UsageBM.o(.rodata)
</UL>
<P><STRONG><a name="[19d]"></a>GUI_USAGE_BM_GetNextDirty</STRONG> (Thumb, 192 bytes, Stack size unknown bytes, GUIDEV_UsageBM.o(.text.GUI_USAGE_BM_GetNextDirty))
<BR>[Address Reference Count : 1]<UL><LI> GUIDEV_UsageBM.o(.rodata)
</UL>
<P><STRONG><a name="[19c]"></a>_GUI_USAGE_BM_Delete</STRONG> (Thumb, 4 bytes, Stack size unknown bytes, GUIDEV_UsageBM.o(.text._GUI_USAGE_BM_Delete))
<BR><BR>[Stack]<UL><LI>Max Depth = 168 + Unknown Stack Size
<LI>Call Chain = _GUI_USAGE_BM_Delete &rArr; GUI_ALLOC_Free &rArr; GUI_Lock &rArr; GUI_X_Lock &rArr; GUI_X_InitOS &rArr; xQueueCreateMutex &rArr; prvInitialiseMutex &rArr; xQueueGenericSend &rArr; xTaskResumeAll &rArr; xTaskIncrementTick &rArr; __2printf
</UL>
<BR>[Calls]<UL><LI><a href="#[219]">&gt;&gt;</a>&nbsp;&nbsp;&nbsp;GUI_ALLOC_Free
</UL>
<BR>[Address Reference Count : 1]<UL><LI> GUIDEV_UsageBM.o(.rodata)
</UL>
<P><STRONG><a name="[19b]"></a>GUI_USAGE_BM_Clear</STRONG> (Thumb, 20 bytes, Stack size unknown bytes, GUIDEV_UsageBM.o(.text.GUI_USAGE_BM_Clear))
<BR><BR>[Stack]<UL><LI>Max Depth = 8 + Unknown Stack Size
<LI>Call Chain = GUI_USAGE_BM_Clear &rArr; memset
</UL>
<BR>[Calls]<UL><LI><a href="#[b]">&gt;&gt;</a>&nbsp;&nbsp;&nbsp;memset
</UL>
<BR>[Address Reference Count : 1]<UL><LI> GUIDEV_UsageBM.o(.rodata)
</UL>
<P><STRONG><a name="[19a]"></a>GUI_USAGE_BM_AddHLine</STRONG> (Thumb, 114 bytes, Stack size unknown bytes, GUIDEV_UsageBM.o(.text.GUI_USAGE_BM_AddHLine))
<BR><BR>[Stack]<UL><LI>Max Depth = 8 + Unknown Stack Size
<LI>Call Chain = GUI_USAGE_BM_AddHLine &rArr; memset
</UL>
<BR>[Calls]<UL><LI><a href="#[b]">&gt;&gt;</a>&nbsp;&nbsp;&nbsp;memset
</UL>
<BR>[Address Reference Count : 1]<UL><LI> GUIDEV_UsageBM.o(.rodata)
</UL>
<P><STRONG><a name="[299]"></a>_WriteToActiveAlpha</STRONG> (Thumb, 408 bytes, Stack size unknown bytes, GUIDEV_WriteToActiveAlpha.o(.text._WriteToActiveAlpha))
<BR><BR>[Stack]<UL><LI>Max Depth = 168 + Unknown Stack Size
<LI>Call Chain = _WriteToActiveAlpha &rArr; GUI__AllocAlphaBuffer &rArr; GUI_ALLOC_GetFixedBlock &rArr; _EnlargeBlocks &rArr;  _Alloc (Cycle)
</UL>
<BR>[Calls]<UL><LI><a href="#[350]">&gt;&gt;</a>&nbsp;&nbsp;&nbsp;GUI__CompactPixelIndicesEx
<LI><a href="#[1b2]">&gt;&gt;</a>&nbsp;&nbsp;&nbsp;GUI_ALLOC_UnlockH
<LI><a href="#[1b1]">&gt;&gt;</a>&nbsp;&nbsp;&nbsp;GUI_ALLOC_LockH
<LI><a href="#[2c7]">&gt;&gt;</a>&nbsp;&nbsp;&nbsp;GUI__AllocAlphaBuffer
<LI><a href="#[2ce]">&gt;&gt;</a>&nbsp;&nbsp;&nbsp;GUI__DoAlphaBlending
<LI><a href="#[28e]">&gt;&gt;</a>&nbsp;&nbsp;&nbsp;GUI_MEMDEV_GetDataPtr
<LI><a href="#[201]">&gt;&gt;</a>&nbsp;&nbsp;&nbsp;LCD_DrawBitmap
</UL>
<BR>[Called By]<UL><LI><a href="#[e0]">&gt;&gt;</a>&nbsp;&nbsp;&nbsp;GUI_MEMDEV__WriteToActiveAlpha
</UL>

<P><STRONG><a name="[339]"></a>_Screen2hWin</STRONG> (Thumb, 932 bytes, Stack size unknown bytes, WM_Screen2Win.o(.text._Screen2hWin))
<BR><BR>[Calls]<UL><LI><a href="#[1b2]">&gt;&gt;</a>&nbsp;&nbsp;&nbsp;GUI_ALLOC_UnlockH
<LI><a href="#[1b1]">&gt;&gt;</a>&nbsp;&nbsp;&nbsp;GUI_ALLOC_LockH
<LI><a href="#[238]">&gt;&gt;</a>&nbsp;&nbsp;&nbsp;GUI_ALLOC_h2p
<LI><a href="#[339]">&gt;&gt;</a>&nbsp;&nbsp;&nbsp;_Screen2hWin
</UL>
<BR>[Called By]<UL><LI><a href="#[32a]">&gt;&gt;</a>&nbsp;&nbsp;&nbsp;WM_Screen2hWin
<LI><a href="#[339]">&gt;&gt;</a>&nbsp;&nbsp;&nbsp;_Screen2hWin
</UL>

<P><STRONG><a name="[1a0]"></a>_GetYSize</STRONG> (Thumb, 4 bytes, Stack size unknown bytes, GUI_DRAW_Self.o(.text._GetYSize))
<BR>[Address Reference Count : 1]<UL><LI> GUI_DRAW_Self.o(.rodata)
</UL>
<P><STRONG><a name="[19e]"></a>_Draw</STRONG> (Thumb, 32 bytes, Stack size unknown bytes, GUI_DRAW_Self.o(.text._Draw))
<BR><BR>[Calls]<UL><LI><a href="#[1b2]">&gt;&gt;</a>&nbsp;&nbsp;&nbsp;GUI_ALLOC_UnlockH
<LI><a href="#[1b1]">&gt;&gt;</a>&nbsp;&nbsp;&nbsp;GUI_ALLOC_LockH
</UL>
<BR>[Address Reference Count : 1]<UL><LI> GUI_DRAW_Self.o(.rodata)
</UL>
<P><STRONG><a name="[19f]"></a>_GetXSize</STRONG> (Thumb, 4 bytes, Stack size unknown bytes, GUI_DRAW_Self.o(.text._GetXSize))
<BR>[Address Reference Count : 1]<UL><LI> GUI_DRAW_Self.o(.rodata)
</UL>
<P><STRONG><a name="[1a4]"></a>_DrawDownRect</STRONG> (Thumb, 56 bytes, Stack size unknown bytes, WIDGET_Effect_Simple.o(.text._DrawDownRect))
<BR><BR>[Stack]<UL><LI>Max Depth = 168 + Unknown Stack Size
<LI>Call Chain = _DrawDownRect &rArr; GUI_DrawRect &rArr; GUI_Lock &rArr; GUI_X_Lock &rArr; GUI_X_InitOS &rArr; xQueueCreateMutex &rArr; prvInitialiseMutex &rArr; xQueueGenericSend &rArr; xTaskResumeAll &rArr; xTaskIncrementTick &rArr; __2printf
</UL>
<BR>[Calls]<UL><LI><a href="#[1c0]">&gt;&gt;</a>&nbsp;&nbsp;&nbsp;GUI_DrawRect
<LI><a href="#[203]">&gt;&gt;</a>&nbsp;&nbsp;&nbsp;LCD_SetColor
<LI><a href="#[2a9]">&gt;&gt;</a>&nbsp;&nbsp;&nbsp;GUI_RestoreContext
<LI><a href="#[2ae]">&gt;&gt;</a>&nbsp;&nbsp;&nbsp;GUI_SaveContext_W
</UL>
<BR>[Address Reference Count : 1]<UL><LI> WIDGET_Effect_Simple.o(.rodata)
</UL>
<P><STRONG><a name="[1a1]"></a>_DrawUp</STRONG> (Thumb, 60 bytes, Stack size unknown bytes, WIDGET_Effect_Simple.o(.text._DrawUp))
<BR><BR>[Stack]<UL><LI>Max Depth = 168 + Unknown Stack Size
<LI>Call Chain = _DrawUp &rArr; GUI_DrawRect &rArr; GUI_Lock &rArr; GUI_X_Lock &rArr; GUI_X_InitOS &rArr; xQueueCreateMutex &rArr; prvInitialiseMutex &rArr; xQueueGenericSend &rArr; xTaskResumeAll &rArr; xTaskIncrementTick &rArr; __2printf
</UL>
<BR>[Calls]<UL><LI><a href="#[1c0]">&gt;&gt;</a>&nbsp;&nbsp;&nbsp;GUI_DrawRect
<LI><a href="#[203]">&gt;&gt;</a>&nbsp;&nbsp;&nbsp;LCD_SetColor
<LI><a href="#[2a9]">&gt;&gt;</a>&nbsp;&nbsp;&nbsp;GUI_RestoreContext
<LI><a href="#[2ae]">&gt;&gt;</a>&nbsp;&nbsp;&nbsp;GUI_SaveContext_W
<LI><a href="#[25c]">&gt;&gt;</a>&nbsp;&nbsp;&nbsp;WM_GetClientRect
</UL>
<BR>[Address Reference Count : 1]<UL><LI> WIDGET_Effect_Simple.o(.rodata)
</UL>
<P><STRONG><a name="[1a2]"></a>_DrawUpRect</STRONG> (Thumb, 56 bytes, Stack size unknown bytes, WIDGET_Effect_Simple.o(.text._DrawUpRect))
<BR><BR>[Stack]<UL><LI>Max Depth = 168 + Unknown Stack Size
<LI>Call Chain = _DrawUpRect &rArr; GUI_DrawRect &rArr; GUI_Lock &rArr; GUI_X_Lock &rArr; GUI_X_InitOS &rArr; xQueueCreateMutex &rArr; prvInitialiseMutex &rArr; xQueueGenericSend &rArr; xTaskResumeAll &rArr; xTaskIncrementTick &rArr; __2printf
</UL>
<BR>[Calls]<UL><LI><a href="#[1c0]">&gt;&gt;</a>&nbsp;&nbsp;&nbsp;GUI_DrawRect
<LI><a href="#[203]">&gt;&gt;</a>&nbsp;&nbsp;&nbsp;LCD_SetColor
<LI><a href="#[2a9]">&gt;&gt;</a>&nbsp;&nbsp;&nbsp;GUI_RestoreContext
<LI><a href="#[2ae]">&gt;&gt;</a>&nbsp;&nbsp;&nbsp;GUI_SaveContext_W
</UL>
<BR>[Address Reference Count : 1]<UL><LI> WIDGET_Effect_Simple.o(.rodata)
</UL>
<P><STRONG><a name="[1a3]"></a>_DrawDown</STRONG> (Thumb, 60 bytes, Stack size unknown bytes, WIDGET_Effect_Simple.o(.text._DrawDown))
<BR><BR>[Stack]<UL><LI>Max Depth = 168 + Unknown Stack Size
<LI>Call Chain = _DrawDown &rArr; GUI_DrawRect &rArr; GUI_Lock &rArr; GUI_X_Lock &rArr; GUI_X_InitOS &rArr; xQueueCreateMutex &rArr; prvInitialiseMutex &rArr; xQueueGenericSend &rArr; xTaskResumeAll &rArr; xTaskIncrementTick &rArr; __2printf
</UL>
<BR>[Calls]<UL><LI><a href="#[1c0]">&gt;&gt;</a>&nbsp;&nbsp;&nbsp;GUI_DrawRect
<LI><a href="#[203]">&gt;&gt;</a>&nbsp;&nbsp;&nbsp;LCD_SetColor
<LI><a href="#[2a9]">&gt;&gt;</a>&nbsp;&nbsp;&nbsp;GUI_RestoreContext
<LI><a href="#[2ae]">&gt;&gt;</a>&nbsp;&nbsp;&nbsp;GUI_SaveContext_W
<LI><a href="#[25c]">&gt;&gt;</a>&nbsp;&nbsp;&nbsp;WM_GetClientRect
</UL>
<BR>[Address Reference Count : 1]<UL><LI> WIDGET_Effect_Simple.o(.rodata)
</UL>
<P><STRONG><a name="[453]"></a>_printf_core</STRONG> (Thumb, 996 bytes, Stack size 104 bytes, printf8.o(i._printf_core), UNUSED)
<BR><BR>[Calls]<UL><LI><a href="#[457]">&gt;&gt;</a>&nbsp;&nbsp;&nbsp;_printf_pre_padding
<LI><a href="#[458]">&gt;&gt;</a>&nbsp;&nbsp;&nbsp;_printf_post_padding
<LI><a href="#[1a8]">&gt;&gt;</a>&nbsp;&nbsp;&nbsp;__aeabi_uldivmod
</UL>
<BR>[Called By]<UL><LI><a href="#[454]">&gt;&gt;</a>&nbsp;&nbsp;&nbsp;__0sprintf$8
<LI><a href="#[452]">&gt;&gt;</a>&nbsp;&nbsp;&nbsp;__0printf$8
</UL>

<P><STRONG><a name="[458]"></a>_printf_post_padding</STRONG> (Thumb, 36 bytes, Stack size 24 bytes, printf8.o(i._printf_post_padding), UNUSED)
<BR><BR>[Called By]<UL><LI><a href="#[453]">&gt;&gt;</a>&nbsp;&nbsp;&nbsp;_printf_core
</UL>

<P><STRONG><a name="[457]"></a>_printf_pre_padding</STRONG> (Thumb, 46 bytes, Stack size 24 bytes, printf8.o(i._printf_pre_padding), UNUSED)
<BR><BR>[Called By]<UL><LI><a href="#[453]">&gt;&gt;</a>&nbsp;&nbsp;&nbsp;_printf_core
</UL>

<P><STRONG><a name="[106]"></a>_sputc</STRONG> (Thumb, 10 bytes, Stack size 0 bytes, printf8.o(i._sputc))
<BR><BR>[Called By]<UL><LI><a href="#[454]">&gt;&gt;</a>&nbsp;&nbsp;&nbsp;__0sprintf$8
</UL>
<BR>[Address Reference Count : 1]<UL><LI> printf8.o(i.__0sprintf$8)
</UL><P>
<H3>
Undefined Global Symbols
</H3><HR></body></html>
