<!doctype html public "-//w3c//dtd html 4.0 transitional//en">
<html><head>
<title>Static Call Graph - [..\..\Output\Fire_emxgui.axf]</title></head>
<body><HR>
<H1>Static Call Graph for image ..\..\Output\Fire_emxgui.axf</H1><HR>
<BR><P>#&#060CALLGRAPH&#062# ARM Linker, 5060422: Last Updated: Fri Aug 30 13:26:19 2019
<BR><P>
<H3>Maximum Stack Usage =       1280 bytes + Unknown(Cycles, Untraceable Function Pointers)</H3><H3>
Call chain for Maximum Stack Depth:</H3>
Test1_Task &rArr;  Test1_Task (Cycle)
<P>
<H3>
Mutually Recursive functions
</H3> <LI><a href="#[82]">ADC3_IRQHandler</a>&nbsp;&nbsp;&nbsp;&rArr;&nbsp;&nbsp;&nbsp;<a href="#[82]">ADC3_IRQHandler</a><BR>
 <LI><a href="#[5]">BusFault_Handler</a>&nbsp;&nbsp;&nbsp;&rArr;&nbsp;&nbsp;&nbsp;<a href="#[5]">BusFault_Handler</a><BR>
 <LI><a href="#[4]">MemManage_Handler</a>&nbsp;&nbsp;&nbsp;&rArr;&nbsp;&nbsp;&nbsp;<a href="#[4]">MemManage_Handler</a><BR>
 <LI><a href="#[6]">UsageFault_Handler</a>&nbsp;&nbsp;&nbsp;&rArr;&nbsp;&nbsp;&nbsp;<a href="#[6]">UsageFault_Handler</a><BR>
 <LI><a href="#[29b]">_SetWindowClipFlag</a>&nbsp;&nbsp;&nbsp;&rArr;&nbsp;&nbsp;&nbsp;<a href="#[29b]">_SetWindowClipFlag</a><BR>
 <LI><a href="#[1c5]">GUI_PaintHandler</a>&nbsp;&nbsp;&nbsp;&rArr;&nbsp;&nbsp;&nbsp;<a href="#[1c5]">GUI_PaintHandler</a><BR>
 <LI><a href="#[29c]">_RedrawWindow</a>&nbsp;&nbsp;&nbsp;&rArr;&nbsp;&nbsp;&nbsp;<a href="#[29c]">_RedrawWindow</a><BR>
 <LI><a href="#[2c4]">_SendMessage_WM_SIZE_AllChild</a>&nbsp;&nbsp;&nbsp;&rArr;&nbsp;&nbsp;&nbsp;<a href="#[2c4]">_SendMessage_WM_SIZE_AllChild</a><BR>
 <LI><a href="#[2c3]">_SendMessage_WM_MOVE_AllChild</a>&nbsp;&nbsp;&nbsp;&rArr;&nbsp;&nbsp;&nbsp;<a href="#[2c3]">_SendMessage_WM_MOVE_AllChild</a><BR>
 <LI><a href="#[2c0]">_OffsetWindowRect</a>&nbsp;&nbsp;&nbsp;&rArr;&nbsp;&nbsp;&nbsp;<a href="#[2c0]">_OffsetWindowRect</a><BR>
 <LI><a href="#[ed]">Test1_Task</a>&nbsp;&nbsp;&nbsp;&rArr;&nbsp;&nbsp;&nbsp;<a href="#[ed]">Test1_Task</a><BR>
 <LI><a href="#[246]">_GetWindowFromPoint</a>&nbsp;&nbsp;&nbsp;&rArr;&nbsp;&nbsp;&nbsp;<a href="#[246]">_GetWindowFromPoint</a><BR>
</UL>
<P>
<H3>
Function Pointers
</H3><UL>
 <LI><a href="#[ea]">AA_gdHLine</a> from gui_aa_core.o(i.AA_gdHLine) referenced from gui_aa_core.o(i.GUI_AA_Begin)
 <LI><a href="#[82]">ADC3_IRQHandler</a> from startup_stm32h743xx.o(.text) referenced from startup_stm32h743xx.o(RESET)
 <LI><a href="#[1d]">ADC_IRQHandler</a> from startup_stm32h743xx.o(.text) referenced from startup_stm32h743xx.o(RESET)
 <LI><a href="#[106]">ARGB4444_GetARGB</a> from surface_argb4444.o(i.ARGB4444_GetARGB) referenced from surface_argb4444.o(.constdata)
 <LI><a href="#[105]">ARGB4444_GetRGB</a> from surface_argb4444.o(i.ARGB4444_GetRGB) referenced from surface_argb4444.o(.constdata)
 <LI><a href="#[104]">ARGB4444_MapARGB</a> from surface_argb4444.o(i.ARGB4444_MapARGB) referenced from surface_argb4444.o(.constdata)
 <LI><a href="#[fd]">ARGB4444_MapARGB1555</a> from surface_argb4444.o(i.ARGB4444_MapARGB1555) referenced from surface_argb4444.o(.constdata)
 <LI><a href="#[ff]">ARGB4444_MapARGB4444</a> from surface_argb4444.o(i.ARGB4444_MapARGB4444) referenced from surface_argb4444.o(.constdata)
 <LI><a href="#[101]">ARGB4444_MapARGB8888</a> from surface_argb4444.o(i.ARGB4444_MapARGB8888) referenced from surface_argb4444.o(.constdata)
 <LI><a href="#[103]">ARGB4444_MapRGB</a> from surface_argb4444.o(i.ARGB4444_MapRGB) referenced from surface_argb4444.o(.constdata)
 <LI><a href="#[fa]">ARGB4444_MapRGB332</a> from surface_argb4444.o(i.ARGB4444_MapRGB332) referenced from surface_argb4444.o(.constdata)
 <LI><a href="#[fb]">ARGB4444_MapRGB565</a> from surface_argb4444.o(i.ARGB4444_MapRGB565) referenced from surface_argb4444.o(.constdata)
 <LI><a href="#[fc]">ARGB4444_MapXRGB1555</a> from surface_argb4444.o(i.ARGB4444_MapXRGB1555) referenced from surface_argb4444.o(.constdata)
 <LI><a href="#[fe]">ARGB4444_MapXRGB4444</a> from surface_argb4444.o(i.ARGB4444_MapXRGB4444) referenced from surface_argb4444.o(.constdata)
 <LI><a href="#[100]">ARGB4444_MapXRGB8888</a> from surface_argb4444.o(i.ARGB4444_MapXRGB8888) referenced from surface_argb4444.o(.constdata)
 <LI><a href="#[102]">ARGB4444_ToARGB</a> from surface_argb4444.o(i.ARGB4444_ToARGB) referenced from surface_argb4444.o(.constdata)
 <LI><a href="#[84]">BDMA_Channel0_IRQHandler</a> from startup_stm32h743xx.o(.text) referenced from startup_stm32h743xx.o(RESET)
 <LI><a href="#[85]">BDMA_Channel1_IRQHandler</a> from startup_stm32h743xx.o(.text) referenced from startup_stm32h743xx.o(RESET)
 <LI><a href="#[86]">BDMA_Channel2_IRQHandler</a> from startup_stm32h743xx.o(.text) referenced from startup_stm32h743xx.o(RESET)
 <LI><a href="#[87]">BDMA_Channel3_IRQHandler</a> from startup_stm32h743xx.o(.text) referenced from startup_stm32h743xx.o(RESET)
 <LI><a href="#[88]">BDMA_Channel4_IRQHandler</a> from startup_stm32h743xx.o(.text) referenced from startup_stm32h743xx.o(RESET)
 <LI><a href="#[89]">BDMA_Channel5_IRQHandler</a> from startup_stm32h743xx.o(.text) referenced from startup_stm32h743xx.o(RESET)
 <LI><a href="#[8a]">BDMA_Channel6_IRQHandler</a> from startup_stm32h743xx.o(.text) referenced from startup_stm32h743xx.o(RESET)
 <LI><a href="#[8b]">BDMA_Channel7_IRQHandler</a> from startup_stm32h743xx.o(.text) referenced from startup_stm32h743xx.o(RESET)
 <LI><a href="#[5]">BusFault_Handler</a> from stm32h7xx_it.o(i.BusFault_Handler) referenced from startup_stm32h743xx.o(RESET)
 <LI><a href="#[63]">CEC_IRQHandler</a> from startup_stm32h743xx.o(.text) referenced from startup_stm32h743xx.o(RESET)
 <LI><a href="#[8c]">COMP1_IRQHandler</a> from startup_stm32h743xx.o(.text) referenced from startup_stm32h743xx.o(RESET)
 <LI><a href="#[92]">CRS_IRQHandler</a> from startup_stm32h743xx.o(.text) referenced from startup_stm32h743xx.o(RESET)
 <LI><a href="#[54]">DCMI_IRQHandler</a> from startup_stm32h743xx.o(.text) referenced from startup_stm32h743xx.o(RESET)
 <LI><a href="#[73]">DFSDM1_FLT0_IRQHandler</a> from startup_stm32h743xx.o(.text) referenced from startup_stm32h743xx.o(RESET)
 <LI><a href="#[74]">DFSDM1_FLT1_IRQHandler</a> from startup_stm32h743xx.o(.text) referenced from startup_stm32h743xx.o(RESET)
 <LI><a href="#[75]">DFSDM1_FLT2_IRQHandler</a> from startup_stm32h743xx.o(.text) referenced from startup_stm32h743xx.o(RESET)
 <LI><a href="#[76]">DFSDM1_FLT3_IRQHandler</a> from startup_stm32h743xx.o(.text) referenced from startup_stm32h743xx.o(RESET)
 <LI><a href="#[16]">DMA1_Stream0_IRQHandler</a> from startup_stm32h743xx.o(.text) referenced from startup_stm32h743xx.o(RESET)
 <LI><a href="#[17]">DMA1_Stream1_IRQHandler</a> from startup_stm32h743xx.o(.text) referenced from startup_stm32h743xx.o(RESET)
 <LI><a href="#[18]">DMA1_Stream2_IRQHandler</a> from startup_stm32h743xx.o(.text) referenced from startup_stm32h743xx.o(RESET)
 <LI><a href="#[19]">DMA1_Stream3_IRQHandler</a> from startup_stm32h743xx.o(.text) referenced from startup_stm32h743xx.o(RESET)
 <LI><a href="#[1a]">DMA1_Stream4_IRQHandler</a> from startup_stm32h743xx.o(.text) referenced from startup_stm32h743xx.o(RESET)
 <LI><a href="#[1b]">DMA1_Stream5_IRQHandler</a> from startup_stm32h743xx.o(.text) referenced from startup_stm32h743xx.o(RESET)
 <LI><a href="#[1c]">DMA1_Stream6_IRQHandler</a> from startup_stm32h743xx.o(.text) referenced from startup_stm32h743xx.o(RESET)
 <LI><a href="#[39]">DMA1_Stream7_IRQHandler</a> from startup_stm32h743xx.o(.text) referenced from startup_stm32h743xx.o(RESET)
 <LI><a href="#[5f]">DMA2D_IRQHandler</a> from startup_stm32h743xx.o(.text) referenced from startup_stm32h743xx.o(RESET)
 <LI><a href="#[42]">DMA2_Stream0_IRQHandler</a> from startup_stm32h743xx.o(.text) referenced from startup_stm32h743xx.o(RESET)
 <LI><a href="#[43]">DMA2_Stream1_IRQHandler</a> from startup_stm32h743xx.o(.text) referenced from startup_stm32h743xx.o(RESET)
 <LI><a href="#[44]">DMA2_Stream2_IRQHandler</a> from startup_stm32h743xx.o(.text) referenced from startup_stm32h743xx.o(RESET)
 <LI><a href="#[45]">DMA2_Stream3_IRQHandler</a> from startup_stm32h743xx.o(.text) referenced from startup_stm32h743xx.o(RESET)
 <LI><a href="#[46]">DMA2_Stream4_IRQHandler</a> from startup_stm32h743xx.o(.text) referenced from startup_stm32h743xx.o(RESET)
 <LI><a href="#[4a]">DMA2_Stream5_IRQHandler</a> from startup_stm32h743xx.o(.text) referenced from startup_stm32h743xx.o(RESET)
 <LI><a href="#[4b]">DMA2_Stream6_IRQHandler</a> from startup_stm32h743xx.o(.text) referenced from startup_stm32h743xx.o(RESET)
 <LI><a href="#[4c]">DMA2_Stream7_IRQHandler</a> from startup_stm32h743xx.o(.text) referenced from startup_stm32h743xx.o(RESET)
 <LI><a href="#[6b]">DMAMUX1_OVR_IRQHandler</a> from startup_stm32h743xx.o(.text) referenced from startup_stm32h743xx.o(RESET)
 <LI><a href="#[83]">DMAMUX2_OVR_IRQHandler</a> from startup_stm32h743xx.o(.text) referenced from startup_stm32h743xx.o(RESET)
 <LI><a href="#[8]">DebugMon_Handler</a> from stm32h7xx_it.o(i.DebugMon_Handler) referenced from startup_stm32h743xx.o(RESET)
 <LI><a href="#[47]">ETH_IRQHandler</a> from startup_stm32h743xx.o(.text) referenced from startup_stm32h743xx.o(RESET)
 <LI><a href="#[48]">ETH_WKUP_IRQHandler</a> from startup_stm32h743xx.o(.text) referenced from startup_stm32h743xx.o(RESET)
 <LI><a href="#[11]">EXTI0_IRQHandler</a> from startup_stm32h743xx.o(.text) referenced from startup_stm32h743xx.o(RESET)
 <LI><a href="#[33]">EXTI15_10_IRQHandler</a> from startup_stm32h743xx.o(.text) referenced from startup_stm32h743xx.o(RESET)
 <LI><a href="#[12]">EXTI1_IRQHandler</a> from startup_stm32h743xx.o(.text) referenced from startup_stm32h743xx.o(RESET)
 <LI><a href="#[13]">EXTI2_IRQHandler</a> from startup_stm32h743xx.o(.text) referenced from startup_stm32h743xx.o(RESET)
 <LI><a href="#[14]">EXTI3_IRQHandler</a> from bsp_touch_gtxx.o(i.EXTI3_IRQHandler) referenced from startup_stm32h743xx.o(RESET)
 <LI><a href="#[15]">EXTI4_IRQHandler</a> from startup_stm32h743xx.o(.text) referenced from startup_stm32h743xx.o(RESET)
 <LI><a href="#[22]">EXTI9_5_IRQHandler</a> from startup_stm32h743xx.o(.text) referenced from startup_stm32h743xx.o(RESET)
 <LI><a href="#[1e]">FDCAN1_IT0_IRQHandler</a> from startup_stm32h743xx.o(.text) referenced from startup_stm32h743xx.o(RESET)
 <LI><a href="#[20]">FDCAN1_IT1_IRQHandler</a> from startup_stm32h743xx.o(.text) referenced from startup_stm32h743xx.o(RESET)
 <LI><a href="#[1f]">FDCAN2_IT0_IRQHandler</a> from startup_stm32h743xx.o(.text) referenced from startup_stm32h743xx.o(RESET)
 <LI><a href="#[21]">FDCAN2_IT1_IRQHandler</a> from startup_stm32h743xx.o(.text) referenced from startup_stm32h743xx.o(RESET)
 <LI><a href="#[49]">FDCAN_CAL_IRQHandler</a> from startup_stm32h743xx.o(.text) referenced from startup_stm32h743xx.o(RESET)
 <LI><a href="#[f]">FLASH_IRQHandler</a> from startup_stm32h743xx.o(.text) referenced from startup_stm32h743xx.o(RESET)
 <LI><a href="#[3a]">FMC_IRQHandler</a> from startup_stm32h743xx.o(.text) referenced from startup_stm32h743xx.o(RESET)
 <LI><a href="#[56]">FPU_IRQHandler</a> from startup_stm32h743xx.o(.text) referenced from startup_stm32h743xx.o(RESET)
 <LI><a href="#[a0]">GL16_FillRectARGB</a> from gl_mem_16bpp.o(i.GL16_FillRectARGB) referenced from gl_mem_16bpp.o(i.GL_MEM_16BPP_Init)
 <LI><a href="#[9c]">GL16_SetPixel_ARGB</a> from gl_mem_16bpp.o(i.GL16_SetPixel_ARGB) referenced from gl_mem_16bpp.o(i.GL_MEM_16BPP_Init)
 <LI><a href="#[a1]">GL16_copy_bits</a> from gl_mem_16bpp.o(i.GL16_copy_bits) referenced from gl_mem_16bpp.o(i.GL_MEM_16BPP_Init)
 <LI><a href="#[ae]">GL16_draw_bitmap_AL1</a> from gl_mem_16bpp.o(i.GL16_draw_bitmap_AL1) referenced from gl_mem_16bpp.o(i.GL_MEM_16BPP_Init)
 <LI><a href="#[af]">GL16_draw_bitmap_AL2</a> from gl_mem_16bpp.o(i.GL16_draw_bitmap_AL2) referenced from gl_mem_16bpp.o(i.GL_MEM_16BPP_Init)
 <LI><a href="#[b0]">GL16_draw_bitmap_AL4</a> from gl_mem_16bpp.o(i.GL16_draw_bitmap_AL4) referenced from gl_mem_16bpp.o(i.GL_MEM_16BPP_Init)
 <LI><a href="#[b1]">GL16_draw_bitmap_AL8</a> from gl_mem_16bpp.o(i.GL16_draw_bitmap_AL8) referenced from gl_mem_16bpp.o(i.GL_MEM_16BPP_Init)
 <LI><a href="#[a9]">GL16_draw_bitmap_ARGB1555</a> from gl_mem_16bpp.o(i.GL16_draw_bitmap_ARGB1555) referenced from gl_mem_16bpp.o(i.GL_MEM_16BPP_Init)
 <LI><a href="#[aa]">GL16_draw_bitmap_ARGB4444</a> from gl_mem_16bpp.o(i.GL16_draw_bitmap_ARGB4444) referenced from gl_mem_16bpp.o(i.GL_MEM_16BPP_Init)
 <LI><a href="#[ad]">GL16_draw_bitmap_ARGB8888</a> from gl_mem_16bpp.o(i.GL16_draw_bitmap_ARGB8888) referenced from gl_mem_16bpp.o(i.GL_MEM_16BPP_Init)
 <LI><a href="#[a2]">GL16_draw_bitmap_LUT1</a> from gl_mem_16bpp.o(i.GL16_draw_bitmap_LUT1) referenced from gl_mem_16bpp.o(i.GL_MEM_16BPP_Init)
 <LI><a href="#[a3]">GL16_draw_bitmap_LUT2</a> from gl_mem_16bpp.o(i.GL16_draw_bitmap_LUT2) referenced from gl_mem_16bpp.o(i.GL_MEM_16BPP_Init)
 <LI><a href="#[a4]">GL16_draw_bitmap_LUT4</a> from gl_mem_16bpp.o(i.GL16_draw_bitmap_LUT4) referenced from gl_mem_16bpp.o(i.GL_MEM_16BPP_Init)
 <LI><a href="#[a5]">GL16_draw_bitmap_LUT8</a> from gl_mem_16bpp.o(i.GL16_draw_bitmap_LUT8) referenced from gl_mem_16bpp.o(i.GL_MEM_16BPP_Init)
 <LI><a href="#[a6]">GL16_draw_bitmap_RGB332</a> from gl_mem_16bpp.o(i.GL16_draw_bitmap_RGB332) referenced from gl_mem_16bpp.o(i.GL_MEM_16BPP_Init)
 <LI><a href="#[a7]">GL16_draw_bitmap_RGB565</a> from gl_mem_16bpp.o(i.GL16_draw_bitmap_RGB565) referenced from gl_mem_16bpp.o(i.GL_MEM_16BPP_Init)
 <LI><a href="#[ab]">GL16_draw_bitmap_RGB888</a> from gl_mem_16bpp.o(i.GL16_draw_bitmap_RGB888) referenced from gl_mem_16bpp.o(i.GL_MEM_16BPP_Init)
 <LI><a href="#[a8]">GL16_draw_bitmap_XRGB1555</a> from gl_mem_16bpp.o(i.GL16_draw_bitmap_XRGB1555) referenced from gl_mem_16bpp.o(i.GL_MEM_16BPP_Init)
 <LI><a href="#[ac]">GL16_draw_bitmap_XRGB8888</a> from gl_mem_16bpp.o(i.GL16_draw_bitmap_XRGB8888) referenced from gl_mem_16bpp.o(i.GL_MEM_16BPP_Init)
 <LI><a href="#[9d]">GL16_draw_hline</a> from gl_mem_16bpp.o(i.GL16_draw_hline) referenced from gl_mem_16bpp.o(i.GL_MEM_16BPP_Init)
 <LI><a href="#[9e]">GL16_draw_vline</a> from gl_mem_16bpp.o(i.GL16_draw_vline) referenced from gl_mem_16bpp.o(i.GL_MEM_16BPP_Init)
 <LI><a href="#[9f]">GL16_fill_rect</a> from gl_mem_16bpp.o(i.GL16_fill_rect) referenced from gl_mem_16bpp.o(i.GL_MEM_16BPP_Init)
 <LI><a href="#[9a]">GL16_get_pixel</a> from gl_mem_16bpp.o(i.GL16_get_pixel) referenced from gl_mem_16bpp.o(i.GL_MEM_16BPP_Init)
 <LI><a href="#[b3]">GL16_rotate_bitmap</a> from gl_mem_16bpp.o(i.GL16_rotate_bitmap) referenced from gl_mem_16bpp.o(i.GL_MEM_16BPP_Init)
 <LI><a href="#[b2]">GL16_scale_bitmap</a> from gl_mem_16bpp.o(i.GL16_scale_bitmap) referenced from gl_mem_16bpp.o(i.GL_MEM_16BPP_Init)
 <LI><a href="#[98]">GL16_set_addr</a> from gl_mem_16bpp.o(i.GL16_set_addr) referenced from gl_mem_16bpp.o(i.GL_MEM_16BPP_Init)
 <LI><a href="#[99]">GL16_set_pixel</a> from gl_mem_16bpp.o(i.GL16_set_pixel) referenced from gl_mem_16bpp.o(i.GL_MEM_16BPP_Init)
 <LI><a href="#[9b]">GL16_xor_pixel</a> from gl_mem_16bpp.o(i.GL16_xor_pixel) referenced from gl_mem_16bpp.o(i.GL_MEM_16BPP_Init)
 <LI><a href="#[bc]">GL32_FillRectARGB</a> from gl_mem_32bpp.o(i.GL32_FillRectARGB) referenced from gl_mem_32bpp.o(i.GL_MEM_32BPP_Init)
 <LI><a href="#[b8]">GL32_SetPixel_ARGB</a> from gl_mem_32bpp.o(i.GL32_SetPixel_ARGB) referenced from gl_mem_32bpp.o(i.GL_MEM_32BPP_Init)
 <LI><a href="#[bd]">GL32_copy_bits</a> from gl_mem_32bpp.o(i.GL32_copy_bits) referenced from gl_mem_32bpp.o(i.GL_MEM_32BPP_Init)
 <LI><a href="#[ca]">GL32_draw_bitmap_AL1</a> from gl_mem_32bpp.o(i.GL32_draw_bitmap_AL1) referenced from gl_mem_32bpp.o(i.GL_MEM_32BPP_Init)
 <LI><a href="#[cb]">GL32_draw_bitmap_AL2</a> from gl_mem_32bpp.o(i.GL32_draw_bitmap_AL2) referenced from gl_mem_32bpp.o(i.GL_MEM_32BPP_Init)
 <LI><a href="#[cc]">GL32_draw_bitmap_AL4</a> from gl_mem_32bpp.o(i.GL32_draw_bitmap_AL4) referenced from gl_mem_32bpp.o(i.GL_MEM_32BPP_Init)
 <LI><a href="#[cd]">GL32_draw_bitmap_AL8</a> from gl_mem_32bpp.o(i.GL32_draw_bitmap_AL8) referenced from gl_mem_32bpp.o(i.GL_MEM_32BPP_Init)
 <LI><a href="#[c5]">GL32_draw_bitmap_ARGB1555</a> from gl_mem_32bpp.o(i.GL32_draw_bitmap_ARGB1555) referenced from gl_mem_32bpp.o(i.GL_MEM_32BPP_Init)
 <LI><a href="#[c6]">GL32_draw_bitmap_ARGB4444</a> from gl_mem_32bpp.o(i.GL32_draw_bitmap_ARGB4444) referenced from gl_mem_32bpp.o(i.GL_MEM_32BPP_Init)
 <LI><a href="#[c9]">GL32_draw_bitmap_ARGB8888</a> from gl_mem_32bpp.o(i.GL32_draw_bitmap_ARGB8888) referenced from gl_mem_32bpp.o(i.GL_MEM_32BPP_Init)
 <LI><a href="#[be]">GL32_draw_bitmap_LUT1</a> from gl_mem_32bpp.o(i.GL32_draw_bitmap_LUT1) referenced from gl_mem_32bpp.o(i.GL_MEM_32BPP_Init)
 <LI><a href="#[bf]">GL32_draw_bitmap_LUT2</a> from gl_mem_32bpp.o(i.GL32_draw_bitmap_LUT2) referenced from gl_mem_32bpp.o(i.GL_MEM_32BPP_Init)
 <LI><a href="#[c0]">GL32_draw_bitmap_LUT4</a> from gl_mem_32bpp.o(i.GL32_draw_bitmap_LUT4) referenced from gl_mem_32bpp.o(i.GL_MEM_32BPP_Init)
 <LI><a href="#[c1]">GL32_draw_bitmap_LUT8</a> from gl_mem_32bpp.o(i.GL32_draw_bitmap_LUT8) referenced from gl_mem_32bpp.o(i.GL_MEM_32BPP_Init)
 <LI><a href="#[c2]">GL32_draw_bitmap_RGB332</a> from gl_mem_32bpp.o(i.GL32_draw_bitmap_RGB332) referenced from gl_mem_32bpp.o(i.GL_MEM_32BPP_Init)
 <LI><a href="#[c3]">GL32_draw_bitmap_RGB565</a> from gl_mem_32bpp.o(i.GL32_draw_bitmap_RGB565) referenced from gl_mem_32bpp.o(i.GL_MEM_32BPP_Init)
 <LI><a href="#[c7]">GL32_draw_bitmap_RGB888</a> from gl_mem_32bpp.o(i.GL32_draw_bitmap_RGB888) referenced from gl_mem_32bpp.o(i.GL_MEM_32BPP_Init)
 <LI><a href="#[c4]">GL32_draw_bitmap_XRGB1555</a> from gl_mem_32bpp.o(i.GL32_draw_bitmap_XRGB1555) referenced from gl_mem_32bpp.o(i.GL_MEM_32BPP_Init)
 <LI><a href="#[c8]">GL32_draw_bitmap_XRGB8888</a> from gl_mem_32bpp.o(i.GL32_draw_bitmap_XRGB8888) referenced from gl_mem_32bpp.o(i.GL_MEM_32BPP_Init)
 <LI><a href="#[b9]">GL32_draw_hline</a> from gl_mem_32bpp.o(i.GL32_draw_hline) referenced from gl_mem_32bpp.o(i.GL_MEM_32BPP_Init)
 <LI><a href="#[ba]">GL32_draw_vline</a> from gl_mem_32bpp.o(i.GL32_draw_vline) referenced from gl_mem_32bpp.o(i.GL_MEM_32BPP_Init)
 <LI><a href="#[bb]">GL32_fill_rect</a> from gl_mem_32bpp.o(i.GL32_fill_rect) referenced from gl_mem_32bpp.o(i.GL_MEM_32BPP_Init)
 <LI><a href="#[b6]">GL32_get_pixel</a> from gl_mem_32bpp.o(i.GL32_get_pixel) referenced from gl_mem_32bpp.o(i.GL_MEM_32BPP_Init)
 <LI><a href="#[cf]">GL32_rotate_bitmap</a> from gl_mem_32bpp.o(i.GL32_rotate_bitmap) referenced from gl_mem_32bpp.o(i.GL_MEM_32BPP_Init)
 <LI><a href="#[ce]">GL32_scale_bitmap</a> from gl_mem_32bpp.o(i.GL32_scale_bitmap) referenced from gl_mem_32bpp.o(i.GL_MEM_32BPP_Init)
 <LI><a href="#[b4]">GL32_set_addr</a> from gl_mem_32bpp.o(i.GL32_set_addr) referenced from gl_mem_32bpp.o(i.GL_MEM_32BPP_Init)
 <LI><a href="#[b5]">GL32_set_pixel</a> from gl_mem_32bpp.o(i.GL32_set_pixel) referenced from gl_mem_32bpp.o(i.GL_MEM_32BPP_Init)
 <LI><a href="#[b7]">GL32_xor_pixel</a> from gl_mem_32bpp.o(i.GL32_xor_pixel) referenced from gl_mem_32bpp.o(i.GL_MEM_32BPP_Init)
 <LI><a href="#[d7]">GL8_copy_bits</a> from gl_mem_8bpp.o(i.GL8_copy_bits) referenced from gl_mem_8bpp.o(i.GL_MEM_8BPP_Init)
 <LI><a href="#[e4]">GL8_draw_bitmap_AL1</a> from gl_mem_8bpp.o(i.GL8_draw_bitmap_AL1) referenced from gl_mem_8bpp.o(i.GL_MEM_8BPP_Init)
 <LI><a href="#[e5]">GL8_draw_bitmap_AL2</a> from gl_mem_8bpp.o(i.GL8_draw_bitmap_AL2) referenced from gl_mem_8bpp.o(i.GL_MEM_8BPP_Init)
 <LI><a href="#[e6]">GL8_draw_bitmap_AL4</a> from gl_mem_8bpp.o(i.GL8_draw_bitmap_AL4) referenced from gl_mem_8bpp.o(i.GL_MEM_8BPP_Init)
 <LI><a href="#[e7]">GL8_draw_bitmap_AL8</a> from gl_mem_8bpp.o(i.GL8_draw_bitmap_AL8) referenced from gl_mem_8bpp.o(i.GL_MEM_8BPP_Init)
 <LI><a href="#[df]">GL8_draw_bitmap_ARGB1555</a> from gl_mem_8bpp.o(i.GL8_draw_bitmap_ARGB1555) referenced from gl_mem_8bpp.o(i.GL_MEM_8BPP_Init)
 <LI><a href="#[e0]">GL8_draw_bitmap_ARGB4444</a> from gl_mem_8bpp.o(i.GL8_draw_bitmap_ARGB4444) referenced from gl_mem_8bpp.o(i.GL_MEM_8BPP_Init)
 <LI><a href="#[e3]">GL8_draw_bitmap_ARGB8888</a> from gl_mem_8bpp.o(i.GL8_draw_bitmap_ARGB8888) referenced from gl_mem_8bpp.o(i.GL_MEM_8BPP_Init)
 <LI><a href="#[d8]">GL8_draw_bitmap_LUT1</a> from gl_mem_8bpp.o(i.GL8_draw_bitmap_LUT1) referenced from gl_mem_8bpp.o(i.GL_MEM_8BPP_Init)
 <LI><a href="#[d9]">GL8_draw_bitmap_LUT2</a> from gl_mem_8bpp.o(i.GL8_draw_bitmap_LUT2) referenced from gl_mem_8bpp.o(i.GL_MEM_8BPP_Init)
 <LI><a href="#[da]">GL8_draw_bitmap_LUT4</a> from gl_mem_8bpp.o(i.GL8_draw_bitmap_LUT4) referenced from gl_mem_8bpp.o(i.GL_MEM_8BPP_Init)
 <LI><a href="#[db]">GL8_draw_bitmap_LUT8</a> from gl_mem_8bpp.o(i.GL8_draw_bitmap_LUT8) referenced from gl_mem_8bpp.o(i.GL_MEM_8BPP_Init)
 <LI><a href="#[dc]">GL8_draw_bitmap_RGB332</a> from gl_mem_8bpp.o(i.GL8_draw_bitmap_RGB332) referenced from gl_mem_8bpp.o(i.GL_MEM_8BPP_Init)
 <LI><a href="#[dd]">GL8_draw_bitmap_RGB565</a> from gl_mem_8bpp.o(i.GL8_draw_bitmap_RGB565) referenced from gl_mem_8bpp.o(i.GL_MEM_8BPP_Init)
 <LI><a href="#[e1]">GL8_draw_bitmap_RGB888</a> from gl_mem_8bpp.o(i.GL8_draw_bitmap_RGB888) referenced from gl_mem_8bpp.o(i.GL_MEM_8BPP_Init)
 <LI><a href="#[de]">GL8_draw_bitmap_XRGB1555</a> from gl_mem_8bpp.o(i.GL8_draw_bitmap_XRGB1555) referenced from gl_mem_8bpp.o(i.GL_MEM_8BPP_Init)
 <LI><a href="#[e2]">GL8_draw_bitmap_XRGB8888</a> from gl_mem_8bpp.o(i.GL8_draw_bitmap_XRGB8888) referenced from gl_mem_8bpp.o(i.GL_MEM_8BPP_Init)
 <LI><a href="#[d4]">GL8_draw_hline</a> from gl_mem_8bpp.o(i.GL8_draw_hline) referenced from gl_mem_8bpp.o(i.GL_MEM_8BPP_Init)
 <LI><a href="#[d5]">GL8_draw_vline</a> from gl_mem_8bpp.o(i.GL8_draw_vline) referenced from gl_mem_8bpp.o(i.GL_MEM_8BPP_Init)
 <LI><a href="#[d6]">GL8_fill_rect</a> from gl_mem_8bpp.o(i.GL8_fill_rect) referenced from gl_mem_8bpp.o(i.GL_MEM_8BPP_Init)
 <LI><a href="#[d2]">GL8_get_pixel</a> from gl_mem_8bpp.o(i.GL8_get_pixel) referenced from gl_mem_8bpp.o(i.GL_MEM_8BPP_Init)
 <LI><a href="#[e9]">GL8_rotate_bitmap</a> from gl_mem_8bpp.o(i.GL8_rotate_bitmap) referenced from gl_mem_8bpp.o(i.GL_MEM_8BPP_Init)
 <LI><a href="#[e8]">GL8_scale_bitmap</a> from gl_mem_8bpp.o(i.GL8_scale_bitmap) referenced from gl_mem_8bpp.o(i.GL_MEM_8BPP_Init)
 <LI><a href="#[d0]">GL8_set_addr</a> from gl_mem_8bpp.o(i.GL8_set_addr) referenced from gl_mem_8bpp.o(i.GL_MEM_8BPP_Init)
 <LI><a href="#[d1]">GL8_set_pixel</a> from gl_mem_8bpp.o(i.GL8_set_pixel) referenced from gl_mem_8bpp.o(i.GL_MEM_8BPP_Init)
 <LI><a href="#[d3]">GL8_xor_pixel</a> from gl_mem_8bpp.o(i.GL8_xor_pixel) referenced from gl_mem_8bpp.o(i.GL_MEM_8BPP_Init)
 <LI><a href="#[f2]">GUI_Thread_Entry</a> from main.o(i.GUI_Thread_Entry) referenced from main.o(i.main)
 <LI><a href="#[72]">HRTIM1_FLT_IRQHandler</a> from startup_stm32h743xx.o(.text) referenced from startup_stm32h743xx.o(RESET)
 <LI><a href="#[6c]">HRTIM1_Master_IRQHandler</a> from startup_stm32h743xx.o(.text) referenced from startup_stm32h743xx.o(RESET)
 <LI><a href="#[6d]">HRTIM1_TIMA_IRQHandler</a> from startup_stm32h743xx.o(.text) referenced from startup_stm32h743xx.o(RESET)
 <LI><a href="#[6e]">HRTIM1_TIMB_IRQHandler</a> from startup_stm32h743xx.o(.text) referenced from startup_stm32h743xx.o(RESET)
 <LI><a href="#[6f]">HRTIM1_TIMC_IRQHandler</a> from startup_stm32h743xx.o(.text) referenced from startup_stm32h743xx.o(RESET)
 <LI><a href="#[70]">HRTIM1_TIMD_IRQHandler</a> from startup_stm32h743xx.o(.text) referenced from startup_stm32h743xx.o(RESET)
 <LI><a href="#[71]">HRTIM1_TIME_IRQHandler</a> from startup_stm32h743xx.o(.text) referenced from startup_stm32h743xx.o(RESET)
 <LI><a href="#[81]">HSEM1_IRQHandler</a> from startup_stm32h743xx.o(.text) referenced from startup_stm32h743xx.o(RESET)
 <LI><a href="#[3]">HardFault_Handler</a> from cmb_fault.o(.text) referenced from startup_stm32h743xx.o(RESET)
 <LI><a href="#[2b]">I2C1_ER_IRQHandler</a> from startup_stm32h743xx.o(.text) referenced from startup_stm32h743xx.o(RESET)
 <LI><a href="#[2a]">I2C1_EV_IRQHandler</a> from startup_stm32h743xx.o(.text) referenced from startup_stm32h743xx.o(RESET)
 <LI><a href="#[2d]">I2C2_ER_IRQHandler</a> from startup_stm32h743xx.o(.text) referenced from startup_stm32h743xx.o(RESET)
 <LI><a href="#[2c]">I2C2_EV_IRQHandler</a> from startup_stm32h743xx.o(.text) referenced from startup_stm32h743xx.o(RESET)
 <LI><a href="#[4f]">I2C3_ER_IRQHandler</a> from startup_stm32h743xx.o(.text) referenced from startup_stm32h743xx.o(RESET)
 <LI><a href="#[4e]">I2C3_EV_IRQHandler</a> from startup_stm32h743xx.o(.text) referenced from startup_stm32h743xx.o(RESET)
 <LI><a href="#[65]">I2C4_ER_IRQHandler</a> from startup_stm32h743xx.o(.text) referenced from startup_stm32h743xx.o(RESET)
 <LI><a href="#[64]">I2C4_EV_IRQHandler</a> from startup_stm32h743xx.o(.text) referenced from startup_stm32h743xx.o(RESET)
 <LI><a href="#[7e]">JPEG_IRQHandler</a> from startup_stm32h743xx.o(.text) referenced from startup_stm32h743xx.o(RESET)
 <LI><a href="#[62]">LPTIM1_IRQHandler</a> from startup_stm32h743xx.o(.text) referenced from startup_stm32h743xx.o(RESET)
 <LI><a href="#[8d]">LPTIM2_IRQHandler</a> from startup_stm32h743xx.o(.text) referenced from startup_stm32h743xx.o(RESET)
 <LI><a href="#[8e]">LPTIM3_IRQHandler</a> from startup_stm32h743xx.o(.text) referenced from startup_stm32h743xx.o(RESET)
 <LI><a href="#[8f]">LPTIM4_IRQHandler</a> from startup_stm32h743xx.o(.text) referenced from startup_stm32h743xx.o(RESET)
 <LI><a href="#[90]">LPTIM5_IRQHandler</a> from startup_stm32h743xx.o(.text) referenced from startup_stm32h743xx.o(RESET)
 <LI><a href="#[91]">LPUART1_IRQHandler</a> from startup_stm32h743xx.o(.text) referenced from startup_stm32h743xx.o(RESET)
 <LI><a href="#[5e]">LTDC_ER_IRQHandler</a> from startup_stm32h743xx.o(.text) referenced from startup_stm32h743xx.o(RESET)
 <LI><a href="#[5d]">LTDC_IRQHandler</a> from startup_stm32h743xx.o(.text) referenced from startup_stm32h743xx.o(RESET)
 <LI><a href="#[7d]">MDIOS_IRQHandler</a> from startup_stm32h743xx.o(.text) referenced from startup_stm32h743xx.o(RESET)
 <LI><a href="#[7c]">MDIOS_WKUP_IRQHandler</a> from startup_stm32h743xx.o(.text) referenced from startup_stm32h743xx.o(RESET)
 <LI><a href="#[7f]">MDMA_IRQHandler</a> from startup_stm32h743xx.o(.text) referenced from startup_stm32h743xx.o(RESET)
 <LI><a href="#[4]">MemManage_Handler</a> from stm32h7xx_it.o(i.MemManage_Handler) referenced from startup_stm32h743xx.o(RESET)
 <LI><a href="#[2]">NMI_Handler</a> from stm32h7xx_it.o(i.NMI_Handler) referenced from startup_stm32h743xx.o(RESET)
 <LI><a href="#[68]">OTG_FS_EP1_IN_IRQHandler</a> from startup_stm32h743xx.o(.text) referenced from startup_stm32h743xx.o(RESET)
 <LI><a href="#[67]">OTG_FS_EP1_OUT_IRQHandler</a> from startup_stm32h743xx.o(.text) referenced from startup_stm32h743xx.o(RESET)
 <LI><a href="#[6a]">OTG_FS_IRQHandler</a> from startup_stm32h743xx.o(.text) referenced from startup_stm32h743xx.o(RESET)
 <LI><a href="#[69]">OTG_FS_WKUP_IRQHandler</a> from startup_stm32h743xx.o(.text) referenced from startup_stm32h743xx.o(RESET)
 <LI><a href="#[51]">OTG_HS_EP1_IN_IRQHandler</a> from startup_stm32h743xx.o(.text) referenced from startup_stm32h743xx.o(RESET)
 <LI><a href="#[50]">OTG_HS_EP1_OUT_IRQHandler</a> from startup_stm32h743xx.o(.text) referenced from startup_stm32h743xx.o(RESET)
 <LI><a href="#[53]">OTG_HS_IRQHandler</a> from startup_stm32h743xx.o(.text) referenced from startup_stm32h743xx.o(RESET)
 <LI><a href="#[52]">OTG_HS_WKUP_IRQHandler</a> from startup_stm32h743xx.o(.text) referenced from startup_stm32h743xx.o(RESET)
 <LI><a href="#[c]">PVD_AVD_IRQHandler</a> from startup_stm32h743xx.o(.text) referenced from startup_stm32h743xx.o(RESET)
 <LI><a href="#[9]">PendSV_Handler</a> from port.o(.emb_text) referenced from startup_stm32h743xx.o(RESET)
 <LI><a href="#[61]">QUADSPI_IRQHandler</a> from startup_stm32h743xx.o(.text) referenced from startup_stm32h743xx.o(RESET)
 <LI><a href="#[10]">RCC_IRQHandler</a> from startup_stm32h743xx.o(.text) referenced from startup_stm32h743xx.o(RESET)
 <LI><a href="#[55]">RNG_IRQHandler</a> from startup_stm32h743xx.o(.text) referenced from startup_stm32h743xx.o(RESET)
 <LI><a href="#[34]">RTC_Alarm_IRQHandler</a> from startup_stm32h743xx.o(.text) referenced from startup_stm32h743xx.o(RESET)
 <LI><a href="#[e]">RTC_WKUP_IRQHandler</a> from startup_stm32h743xx.o(.text) referenced from startup_stm32h743xx.o(RESET)
 <LI><a href="#[1]">Reset_Handler</a> from startup_stm32h743xx.o(.text) referenced from startup_stm32h743xx.o(RESET)
 <LI><a href="#[5c]">SAI1_IRQHandler</a> from startup_stm32h743xx.o(.text) referenced from startup_stm32h743xx.o(RESET)
 <LI><a href="#[60]">SAI2_IRQHandler</a> from startup_stm32h743xx.o(.text) referenced from startup_stm32h743xx.o(RESET)
 <LI><a href="#[77]">SAI3_IRQHandler</a> from startup_stm32h743xx.o(.text) referenced from startup_stm32h743xx.o(RESET)
 <LI><a href="#[93]">SAI4_IRQHandler</a> from startup_stm32h743xx.o(.text) referenced from startup_stm32h743xx.o(RESET)
 <LI><a href="#[3b]">SDMMC1_IRQHandler</a> from startup_stm32h743xx.o(.text) referenced from startup_stm32h743xx.o(RESET)
 <LI><a href="#[80]">SDMMC2_IRQHandler</a> from startup_stm32h743xx.o(.text) referenced from startup_stm32h743xx.o(RESET)
 <LI><a href="#[66]">SPDIF_RX_IRQHandler</a> from startup_stm32h743xx.o(.text) referenced from startup_stm32h743xx.o(RESET)
 <LI><a href="#[2e]">SPI1_IRQHandler</a> from startup_stm32h743xx.o(.text) referenced from startup_stm32h743xx.o(RESET)
 <LI><a href="#[2f]">SPI2_IRQHandler</a> from startup_stm32h743xx.o(.text) referenced from startup_stm32h743xx.o(RESET)
 <LI><a href="#[3d]">SPI3_IRQHandler</a> from startup_stm32h743xx.o(.text) referenced from startup_stm32h743xx.o(RESET)
 <LI><a href="#[59]">SPI4_IRQHandler</a> from startup_stm32h743xx.o(.text) referenced from startup_stm32h743xx.o(RESET)
 <LI><a href="#[5a]">SPI5_IRQHandler</a> from startup_stm32h743xx.o(.text) referenced from startup_stm32h743xx.o(RESET)
 <LI><a href="#[5b]">SPI6_IRQHandler</a> from startup_stm32h743xx.o(.text) referenced from startup_stm32h743xx.o(RESET)
 <LI><a href="#[7]">SVC_Handler</a> from port.o(.emb_text) referenced from startup_stm32h743xx.o(RESET)
 <LI><a href="#[78]">SWPMI1_IRQHandler</a> from startup_stm32h743xx.o(.text) referenced from startup_stm32h743xx.o(RESET)
 <LI><a href="#[a]">SysTick_Handler</a> from stm32h7xx_it.o(i.SysTick_Handler) referenced from startup_stm32h743xx.o(RESET)
 <LI><a href="#[96]">SystemInit</a> from system_stm32h7xx.o(i.SystemInit) referenced from startup_stm32h743xx.o(.text)
 <LI><a href="#[d]">TAMP_STAMP_IRQHandler</a> from startup_stm32h743xx.o(.text) referenced from startup_stm32h743xx.o(RESET)
 <LI><a href="#[79]">TIM15_IRQHandler</a> from startup_stm32h743xx.o(.text) referenced from startup_stm32h743xx.o(RESET)
 <LI><a href="#[7a]">TIM16_IRQHandler</a> from startup_stm32h743xx.o(.text) referenced from startup_stm32h743xx.o(RESET)
 <LI><a href="#[7b]">TIM17_IRQHandler</a> from startup_stm32h743xx.o(.text) referenced from startup_stm32h743xx.o(RESET)
 <LI><a href="#[23]">TIM1_BRK_IRQHandler</a> from startup_stm32h743xx.o(.text) referenced from startup_stm32h743xx.o(RESET)
 <LI><a href="#[26]">TIM1_CC_IRQHandler</a> from startup_stm32h743xx.o(.text) referenced from startup_stm32h743xx.o(RESET)
 <LI><a href="#[25]">TIM1_TRG_COM_IRQHandler</a> from startup_stm32h743xx.o(.text) referenced from startup_stm32h743xx.o(RESET)
 <LI><a href="#[24]">TIM1_UP_IRQHandler</a> from startup_stm32h743xx.o(.text) referenced from startup_stm32h743xx.o(RESET)
 <LI><a href="#[27]">TIM2_IRQHandler</a> from startup_stm32h743xx.o(.text) referenced from startup_stm32h743xx.o(RESET)
 <LI><a href="#[28]">TIM3_IRQHandler</a> from startup_stm32h743xx.o(.text) referenced from startup_stm32h743xx.o(RESET)
 <LI><a href="#[29]">TIM4_IRQHandler</a> from startup_stm32h743xx.o(.text) referenced from startup_stm32h743xx.o(RESET)
 <LI><a href="#[3c]">TIM5_IRQHandler</a> from startup_stm32h743xx.o(.text) referenced from startup_stm32h743xx.o(RESET)
 <LI><a href="#[40]">TIM6_DAC_IRQHandler</a> from startup_stm32h743xx.o(.text) referenced from startup_stm32h743xx.o(RESET)
 <LI><a href="#[41]">TIM7_IRQHandler</a> from startup_stm32h743xx.o(.text) referenced from startup_stm32h743xx.o(RESET)
 <LI><a href="#[35]">TIM8_BRK_TIM12_IRQHandler</a> from startup_stm32h743xx.o(.text) referenced from startup_stm32h743xx.o(RESET)
 <LI><a href="#[38]">TIM8_CC_IRQHandler</a> from startup_stm32h743xx.o(.text) referenced from startup_stm32h743xx.o(RESET)
 <LI><a href="#[37]">TIM8_TRG_COM_TIM14_IRQHandler</a> from startup_stm32h743xx.o(.text) referenced from startup_stm32h743xx.o(RESET)
 <LI><a href="#[36]">TIM8_UP_TIM13_IRQHandler</a> from startup_stm32h743xx.o(.text) referenced from startup_stm32h743xx.o(RESET)
 <LI><a href="#[ed]">Test1_Task</a> from main.o(i.Test1_Task) referenced from main.o(i.GUI_Thread_Entry)
 <LI><a href="#[ee]">Test2_Task</a> from main.o(i.Test2_Task) referenced from main.o(i.GUI_Thread_Entry)
 <LI><a href="#[3e]">UART4_IRQHandler</a> from startup_stm32h743xx.o(.text) referenced from startup_stm32h743xx.o(RESET)
 <LI><a href="#[3f]">UART5_IRQHandler</a> from startup_stm32h743xx.o(.text) referenced from startup_stm32h743xx.o(RESET)
 <LI><a href="#[57]">UART7_IRQHandler</a> from startup_stm32h743xx.o(.text) referenced from startup_stm32h743xx.o(RESET)
 <LI><a href="#[58]">UART8_IRQHandler</a> from startup_stm32h743xx.o(.text) referenced from startup_stm32h743xx.o(RESET)
 <LI><a href="#[30]">USART1_IRQHandler</a> from startup_stm32h743xx.o(.text) referenced from startup_stm32h743xx.o(RESET)
 <LI><a href="#[31]">USART2_IRQHandler</a> from startup_stm32h743xx.o(.text) referenced from startup_stm32h743xx.o(RESET)
 <LI><a href="#[32]">USART3_IRQHandler</a> from startup_stm32h743xx.o(.text) referenced from startup_stm32h743xx.o(RESET)
 <LI><a href="#[4d]">USART6_IRQHandler</a> from startup_stm32h743xx.o(.text) referenced from startup_stm32h743xx.o(RESET)
 <LI><a href="#[6]">UsageFault_Handler</a> from stm32h7xx_it.o(i.UsageFault_Handler) referenced from startup_stm32h743xx.o(RESET)
 <LI><a href="#[94]">WAKEUP_PIN_IRQHandler</a> from startup_stm32h743xx.o(.text) referenced from startup_stm32h743xx.o(RESET)
 <LI><a href="#[b]">WWDG_IRQHandler</a> from startup_stm32h743xx.o(.text) referenced from startup_stm32h743xx.o(RESET)
 <LI><a href="#[110]">_GetARGB</a> from surface_argb8888.o(i._GetARGB) referenced 4 times from surface_argb8888.o(.constdata)
 <LI><a href="#[10f]">_GetRGB</a> from surface_argb8888.o(i._GetRGB) referenced 4 times from surface_argb8888.o(.constdata)
 <LI><a href="#[10e]">_MapARGB</a> from surface_argb8888.o(i._MapARGB) referenced 4 times from surface_argb8888.o(.constdata)
 <LI><a href="#[10d]">_MapRGB</a> from surface_argb8888.o(i._MapRGB) referenced 4 times from surface_argb8888.o(.constdata)
 <LI><a href="#[107]">_MapRGB332</a> from surface_argb8888.o(i._MapRGB332) referenced 4 times from surface_argb8888.o(.constdata)
 <LI><a href="#[108]">_MapRGB565</a> from surface_argb8888.o(i._MapRGB565) referenced 4 times from surface_argb8888.o(.constdata)
 <LI><a href="#[109]">_MapXRGB1555</a> from surface_argb8888.o(i._MapXRGB1555) referenced 8 times from surface_argb8888.o(.constdata)
 <LI><a href="#[10a]">_MapXRGB4444</a> from surface_argb8888.o(i._MapXRGB4444) referenced 8 times from surface_argb8888.o(.constdata)
 <LI><a href="#[10b]">_MapXRGB8888</a> from surface_argb8888.o(i._MapXRGB8888) referenced 8 times from surface_argb8888.o(.constdata)
 <LI><a href="#[10c]">_ToARGB</a> from surface_argb8888.o(i._ToARGB) referenced 4 times from surface_argb8888.o(.constdata)
 <LI><a href="#[f5]">__create_font</a> from gui_font_xft.o(i.__create_font) referenced from gui_font_xft.o(.constdata)
 <LI><a href="#[f6]">__delete_font</a> from gui_font_xft.o(i.__delete_font) referenced from gui_font_xft.o(.constdata)
 <LI><a href="#[f9]">__draw_char</a> from gui_font_xft.o(i.__draw_char) referenced from gui_font_xft.o(.constdata)
 <LI><a href="#[f8]">__get_char_info</a> from gui_font_xft.o(i.__get_char_info) referenced from gui_font_xft.o(.constdata)
 <LI><a href="#[f7]">__get_font_info</a> from gui_font_xft.o(i.__get_font_info) referenced from gui_font_xft.o(.constdata)
 <LI><a href="#[97]">__main</a> from entry.o(.ARM.Collect$$$$00000000) referenced from startup_stm32h743xx.o(.text)
 <LI><a href="#[f0]">_sputc</a> from printf8.o(i._sputc) referenced from printf8.o(i.__0sprintf$8)
 <LI><a href="#[ec]">desktop_proc</a> from gui_desktop.o(i.desktop_proc) referenced from gui_desktop.o(i.GUI_DesktopStartup)
 <LI><a href="#[ef]">fputc</a> from bsp_usart.o(i.fputc) referenced from printf8.o(i.__0printf$8)
 <LI><a href="#[eb]">gdHLine</a> from gd_line.o(i.gdHLine) referenced from gui_aa_core.o(i.GUI_AA_End)
 <LI><a href="#[eb]">gdHLine</a> from gd_line.o(i.gdHLine) referenced from gui_gdi.o(i.InitDC)
 <LI><a href="#[f1]">gui_app_thread</a> from gui_desktop.o(i.gui_app_thread) referenced from gui_desktop.o(i.desktop_proc)
 <LI><a href="#[95]">main</a> from main.o(i.main) referenced from entry9a.o(.ARM.Collect$$$$0000000B)
 <LI><a href="#[f4]">prvIdleTask</a> from tasks.o(i.prvIdleTask) referenced from tasks.o(i.vTaskStartScheduler)
 <LI><a href="#[f3]">prvTaskExitError</a> from port.o(i.prvTaskExitError) referenced from port.o(i.pxPortInitialiseStack)
</UL>
<P>
<H3>
Global Symbols
</H3>
<P><STRONG><a name="[97]"></a>__main</STRONG> (Thumb, 0 bytes, Stack size unknown bytes, entry.o(.ARM.Collect$$$$00000000))
<BR>[Address Reference Count : 1]<UL><LI> startup_stm32h743xx.o(.text)
</UL>
<P><STRONG><a name="[317]"></a>_main_stk</STRONG> (Thumb, 0 bytes, Stack size unknown bytes, entry2.o(.ARM.Collect$$$$00000001))

<P><STRONG><a name="[12f]"></a>_main_scatterload</STRONG> (Thumb, 0 bytes, Stack size unknown bytes, entry5.o(.ARM.Collect$$$$00000004))
<BR><BR>[Calls]<UL><LI><a href="#[130]">&gt;&gt;</a>&nbsp;&nbsp;&nbsp;__scatterload
</UL>

<P><STRONG><a name="[14d]"></a>__main_after_scatterload</STRONG> (Thumb, 0 bytes, Stack size unknown bytes, entry5.o(.ARM.Collect$$$$00000004))
<BR><BR>[Called By]<UL><LI><a href="#[130]">&gt;&gt;</a>&nbsp;&nbsp;&nbsp;__scatterload
</UL>

<P><STRONG><a name="[318]"></a>_main_clock</STRONG> (Thumb, 0 bytes, Stack size unknown bytes, entry7b.o(.ARM.Collect$$$$00000008))

<P><STRONG><a name="[319]"></a>_main_cpp_init</STRONG> (Thumb, 0 bytes, Stack size unknown bytes, entry8b.o(.ARM.Collect$$$$0000000A))

<P><STRONG><a name="[31a]"></a>_main_init</STRONG> (Thumb, 0 bytes, Stack size unknown bytes, entry9a.o(.ARM.Collect$$$$0000000B))

<P><STRONG><a name="[31b]"></a>__rt_final_cpp</STRONG> (Thumb, 0 bytes, Stack size unknown bytes, entry10a.o(.ARM.Collect$$$$0000000D))

<P><STRONG><a name="[31c]"></a>__rt_final_exit</STRONG> (Thumb, 0 bytes, Stack size unknown bytes, entry11a.o(.ARM.Collect$$$$0000000F))

<P><STRONG><a name="[7]"></a>SVC_Handler</STRONG> (Thumb, 28 bytes, Stack size 0 bytes, port.o(.emb_text))
<BR>[Address Reference Count : 1]<UL><LI> startup_stm32h743xx.o(RESET)
</UL>
<P><STRONG><a name="[312]"></a>__asm___6_port_c_39a90d8d__prvStartFirstTask</STRONG> (Thumb, 28 bytes, Stack size 0 bytes, port.o(.emb_text))
<BR><BR>[Called By]<UL><LI><a href="#[30f]">&gt;&gt;</a>&nbsp;&nbsp;&nbsp;xPortStartScheduler
</UL>

<P><STRONG><a name="[311]"></a>__asm___6_port_c_39a90d8d__prvEnableVFP</STRONG> (Thumb, 16 bytes, Stack size 0 bytes, port.o(.emb_text))
<BR><BR>[Called By]<UL><LI><a href="#[30f]">&gt;&gt;</a>&nbsp;&nbsp;&nbsp;xPortStartScheduler
</UL>

<P><STRONG><a name="[9]"></a>PendSV_Handler</STRONG> (Thumb, 92 bytes, Stack size 0 bytes, port.o(.emb_text))
<BR><BR>[Stack]<UL><LI>Max Depth = 40<LI>Call Chain = PendSV_Handler &rArr; vTaskSwitchContext &rArr; __2printf
</UL>
<BR>[Calls]<UL><LI><a href="#[131]">&gt;&gt;</a>&nbsp;&nbsp;&nbsp;vTaskSwitchContext
</UL>
<BR>[Address Reference Count : 1]<UL><LI> startup_stm32h743xx.o(RESET)
</UL>
<P><STRONG><a name="[31d]"></a>vPortGetIPSR</STRONG> (Thumb, 6 bytes, Stack size 0 bytes, port.o(.emb_text), UNUSED)

<P><STRONG><a name="[31e]"></a>__asm___14_cm_backtrace_c_13c737ea__cmb_get_msp</STRONG> (Thumb, 6 bytes, Stack size 0 bytes, cm_backtrace.o(.emb_text), UNUSED)

<P><STRONG><a name="[2db]"></a>__asm___14_cm_backtrace_c_13c737ea__cmb_get_psp</STRONG> (Thumb, 6 bytes, Stack size 0 bytes, cm_backtrace.o(.emb_text))
<BR><BR>[Called By]<UL><LI><a href="#[132]">&gt;&gt;</a>&nbsp;&nbsp;&nbsp;cm_backtrace_fault
<LI><a href="#[2d8]">&gt;&gt;</a>&nbsp;&nbsp;&nbsp;cm_backtrace_call_stack
</UL>

<P><STRONG><a name="[2da]"></a>__asm___14_cm_backtrace_c_13c737ea__cmb_get_sp</STRONG> (Thumb, 4 bytes, Stack size 0 bytes, cm_backtrace.o(.emb_text))
<BR><BR>[Called By]<UL><LI><a href="#[2d8]">&gt;&gt;</a>&nbsp;&nbsp;&nbsp;cm_backtrace_call_stack
</UL>

<P><STRONG><a name="[1]"></a>Reset_Handler</STRONG> (Thumb, 8 bytes, Stack size 0 bytes, startup_stm32h743xx.o(.text))
<BR>[Address Reference Count : 1]<UL><LI> startup_stm32h743xx.o(RESET)
</UL>
<P><STRONG><a name="[82]"></a>ADC3_IRQHandler</STRONG> (Thumb, 0 bytes, Stack size 0 bytes, startup_stm32h743xx.o(.text))
<BR><BR>[Calls]<UL><LI><a href="#[82]">&gt;&gt;</a>&nbsp;&nbsp;&nbsp;ADC3_IRQHandler
</UL>
<BR>[Called By]<UL><LI><a href="#[82]">&gt;&gt;</a>&nbsp;&nbsp;&nbsp;ADC3_IRQHandler
</UL>
<BR>[Address Reference Count : 1]<UL><LI> startup_stm32h743xx.o(RESET)
</UL>
<P><STRONG><a name="[1d]"></a>ADC_IRQHandler</STRONG> (Thumb, 0 bytes, Stack size 0 bytes, startup_stm32h743xx.o(.text))
<BR>[Address Reference Count : 1]<UL><LI> startup_stm32h743xx.o(RESET)
</UL>
<P><STRONG><a name="[84]"></a>BDMA_Channel0_IRQHandler</STRONG> (Thumb, 0 bytes, Stack size 0 bytes, startup_stm32h743xx.o(.text))
<BR>[Address Reference Count : 1]<UL><LI> startup_stm32h743xx.o(RESET)
</UL>
<P><STRONG><a name="[85]"></a>BDMA_Channel1_IRQHandler</STRONG> (Thumb, 0 bytes, Stack size 0 bytes, startup_stm32h743xx.o(.text))
<BR>[Address Reference Count : 1]<UL><LI> startup_stm32h743xx.o(RESET)
</UL>
<P><STRONG><a name="[86]"></a>BDMA_Channel2_IRQHandler</STRONG> (Thumb, 0 bytes, Stack size 0 bytes, startup_stm32h743xx.o(.text))
<BR>[Address Reference Count : 1]<UL><LI> startup_stm32h743xx.o(RESET)
</UL>
<P><STRONG><a name="[87]"></a>BDMA_Channel3_IRQHandler</STRONG> (Thumb, 0 bytes, Stack size 0 bytes, startup_stm32h743xx.o(.text))
<BR>[Address Reference Count : 1]<UL><LI> startup_stm32h743xx.o(RESET)
</UL>
<P><STRONG><a name="[88]"></a>BDMA_Channel4_IRQHandler</STRONG> (Thumb, 0 bytes, Stack size 0 bytes, startup_stm32h743xx.o(.text))
<BR>[Address Reference Count : 1]<UL><LI> startup_stm32h743xx.o(RESET)
</UL>
<P><STRONG><a name="[89]"></a>BDMA_Channel5_IRQHandler</STRONG> (Thumb, 0 bytes, Stack size 0 bytes, startup_stm32h743xx.o(.text))
<BR>[Address Reference Count : 1]<UL><LI> startup_stm32h743xx.o(RESET)
</UL>
<P><STRONG><a name="[8a]"></a>BDMA_Channel6_IRQHandler</STRONG> (Thumb, 0 bytes, Stack size 0 bytes, startup_stm32h743xx.o(.text))
<BR>[Address Reference Count : 1]<UL><LI> startup_stm32h743xx.o(RESET)
</UL>
<P><STRONG><a name="[8b]"></a>BDMA_Channel7_IRQHandler</STRONG> (Thumb, 0 bytes, Stack size 0 bytes, startup_stm32h743xx.o(.text))
<BR>[Address Reference Count : 1]<UL><LI> startup_stm32h743xx.o(RESET)
</UL>
<P><STRONG><a name="[63]"></a>CEC_IRQHandler</STRONG> (Thumb, 0 bytes, Stack size 0 bytes, startup_stm32h743xx.o(.text))
<BR>[Address Reference Count : 1]<UL><LI> startup_stm32h743xx.o(RESET)
</UL>
<P><STRONG><a name="[8c]"></a>COMP1_IRQHandler</STRONG> (Thumb, 0 bytes, Stack size 0 bytes, startup_stm32h743xx.o(.text))
<BR>[Address Reference Count : 1]<UL><LI> startup_stm32h743xx.o(RESET)
</UL>
<P><STRONG><a name="[92]"></a>CRS_IRQHandler</STRONG> (Thumb, 0 bytes, Stack size 0 bytes, startup_stm32h743xx.o(.text))
<BR>[Address Reference Count : 1]<UL><LI> startup_stm32h743xx.o(RESET)
</UL>
<P><STRONG><a name="[54]"></a>DCMI_IRQHandler</STRONG> (Thumb, 0 bytes, Stack size 0 bytes, startup_stm32h743xx.o(.text))
<BR>[Address Reference Count : 1]<UL><LI> startup_stm32h743xx.o(RESET)
</UL>
<P><STRONG><a name="[73]"></a>DFSDM1_FLT0_IRQHandler</STRONG> (Thumb, 0 bytes, Stack size 0 bytes, startup_stm32h743xx.o(.text))
<BR>[Address Reference Count : 1]<UL><LI> startup_stm32h743xx.o(RESET)
</UL>
<P><STRONG><a name="[74]"></a>DFSDM1_FLT1_IRQHandler</STRONG> (Thumb, 0 bytes, Stack size 0 bytes, startup_stm32h743xx.o(.text))
<BR>[Address Reference Count : 1]<UL><LI> startup_stm32h743xx.o(RESET)
</UL>
<P><STRONG><a name="[75]"></a>DFSDM1_FLT2_IRQHandler</STRONG> (Thumb, 0 bytes, Stack size 0 bytes, startup_stm32h743xx.o(.text))
<BR>[Address Reference Count : 1]<UL><LI> startup_stm32h743xx.o(RESET)
</UL>
<P><STRONG><a name="[76]"></a>DFSDM1_FLT3_IRQHandler</STRONG> (Thumb, 0 bytes, Stack size 0 bytes, startup_stm32h743xx.o(.text))
<BR>[Address Reference Count : 1]<UL><LI> startup_stm32h743xx.o(RESET)
</UL>
<P><STRONG><a name="[16]"></a>DMA1_Stream0_IRQHandler</STRONG> (Thumb, 0 bytes, Stack size 0 bytes, startup_stm32h743xx.o(.text))
<BR>[Address Reference Count : 1]<UL><LI> startup_stm32h743xx.o(RESET)
</UL>
<P><STRONG><a name="[17]"></a>DMA1_Stream1_IRQHandler</STRONG> (Thumb, 0 bytes, Stack size 0 bytes, startup_stm32h743xx.o(.text))
<BR>[Address Reference Count : 1]<UL><LI> startup_stm32h743xx.o(RESET)
</UL>
<P><STRONG><a name="[18]"></a>DMA1_Stream2_IRQHandler</STRONG> (Thumb, 0 bytes, Stack size 0 bytes, startup_stm32h743xx.o(.text))
<BR>[Address Reference Count : 1]<UL><LI> startup_stm32h743xx.o(RESET)
</UL>
<P><STRONG><a name="[19]"></a>DMA1_Stream3_IRQHandler</STRONG> (Thumb, 0 bytes, Stack size 0 bytes, startup_stm32h743xx.o(.text))
<BR>[Address Reference Count : 1]<UL><LI> startup_stm32h743xx.o(RESET)
</UL>
<P><STRONG><a name="[1a]"></a>DMA1_Stream4_IRQHandler</STRONG> (Thumb, 0 bytes, Stack size 0 bytes, startup_stm32h743xx.o(.text))
<BR>[Address Reference Count : 1]<UL><LI> startup_stm32h743xx.o(RESET)
</UL>
<P><STRONG><a name="[1b]"></a>DMA1_Stream5_IRQHandler</STRONG> (Thumb, 0 bytes, Stack size 0 bytes, startup_stm32h743xx.o(.text))
<BR>[Address Reference Count : 1]<UL><LI> startup_stm32h743xx.o(RESET)
</UL>
<P><STRONG><a name="[1c]"></a>DMA1_Stream6_IRQHandler</STRONG> (Thumb, 0 bytes, Stack size 0 bytes, startup_stm32h743xx.o(.text))
<BR>[Address Reference Count : 1]<UL><LI> startup_stm32h743xx.o(RESET)
</UL>
<P><STRONG><a name="[39]"></a>DMA1_Stream7_IRQHandler</STRONG> (Thumb, 0 bytes, Stack size 0 bytes, startup_stm32h743xx.o(.text))
<BR>[Address Reference Count : 1]<UL><LI> startup_stm32h743xx.o(RESET)
</UL>
<P><STRONG><a name="[5f]"></a>DMA2D_IRQHandler</STRONG> (Thumb, 0 bytes, Stack size 0 bytes, startup_stm32h743xx.o(.text))
<BR>[Address Reference Count : 1]<UL><LI> startup_stm32h743xx.o(RESET)
</UL>
<P><STRONG><a name="[42]"></a>DMA2_Stream0_IRQHandler</STRONG> (Thumb, 0 bytes, Stack size 0 bytes, startup_stm32h743xx.o(.text))
<BR>[Address Reference Count : 1]<UL><LI> startup_stm32h743xx.o(RESET)
</UL>
<P><STRONG><a name="[43]"></a>DMA2_Stream1_IRQHandler</STRONG> (Thumb, 0 bytes, Stack size 0 bytes, startup_stm32h743xx.o(.text))
<BR>[Address Reference Count : 1]<UL><LI> startup_stm32h743xx.o(RESET)
</UL>
<P><STRONG><a name="[44]"></a>DMA2_Stream2_IRQHandler</STRONG> (Thumb, 0 bytes, Stack size 0 bytes, startup_stm32h743xx.o(.text))
<BR>[Address Reference Count : 1]<UL><LI> startup_stm32h743xx.o(RESET)
</UL>
<P><STRONG><a name="[45]"></a>DMA2_Stream3_IRQHandler</STRONG> (Thumb, 0 bytes, Stack size 0 bytes, startup_stm32h743xx.o(.text))
<BR>[Address Reference Count : 1]<UL><LI> startup_stm32h743xx.o(RESET)
</UL>
<P><STRONG><a name="[46]"></a>DMA2_Stream4_IRQHandler</STRONG> (Thumb, 0 bytes, Stack size 0 bytes, startup_stm32h743xx.o(.text))
<BR>[Address Reference Count : 1]<UL><LI> startup_stm32h743xx.o(RESET)
</UL>
<P><STRONG><a name="[4a]"></a>DMA2_Stream5_IRQHandler</STRONG> (Thumb, 0 bytes, Stack size 0 bytes, startup_stm32h743xx.o(.text))
<BR>[Address Reference Count : 1]<UL><LI> startup_stm32h743xx.o(RESET)
</UL>
<P><STRONG><a name="[4b]"></a>DMA2_Stream6_IRQHandler</STRONG> (Thumb, 0 bytes, Stack size 0 bytes, startup_stm32h743xx.o(.text))
<BR>[Address Reference Count : 1]<UL><LI> startup_stm32h743xx.o(RESET)
</UL>
<P><STRONG><a name="[4c]"></a>DMA2_Stream7_IRQHandler</STRONG> (Thumb, 0 bytes, Stack size 0 bytes, startup_stm32h743xx.o(.text))
<BR>[Address Reference Count : 1]<UL><LI> startup_stm32h743xx.o(RESET)
</UL>
<P><STRONG><a name="[6b]"></a>DMAMUX1_OVR_IRQHandler</STRONG> (Thumb, 0 bytes, Stack size 0 bytes, startup_stm32h743xx.o(.text))
<BR>[Address Reference Count : 1]<UL><LI> startup_stm32h743xx.o(RESET)
</UL>
<P><STRONG><a name="[83]"></a>DMAMUX2_OVR_IRQHandler</STRONG> (Thumb, 0 bytes, Stack size 0 bytes, startup_stm32h743xx.o(.text))
<BR>[Address Reference Count : 1]<UL><LI> startup_stm32h743xx.o(RESET)
</UL>
<P><STRONG><a name="[47]"></a>ETH_IRQHandler</STRONG> (Thumb, 0 bytes, Stack size 0 bytes, startup_stm32h743xx.o(.text))
<BR>[Address Reference Count : 1]<UL><LI> startup_stm32h743xx.o(RESET)
</UL>
<P><STRONG><a name="[48]"></a>ETH_WKUP_IRQHandler</STRONG> (Thumb, 0 bytes, Stack size 0 bytes, startup_stm32h743xx.o(.text))
<BR>[Address Reference Count : 1]<UL><LI> startup_stm32h743xx.o(RESET)
</UL>
<P><STRONG><a name="[11]"></a>EXTI0_IRQHandler</STRONG> (Thumb, 0 bytes, Stack size 0 bytes, startup_stm32h743xx.o(.text))
<BR>[Address Reference Count : 1]<UL><LI> startup_stm32h743xx.o(RESET)
</UL>
<P><STRONG><a name="[33]"></a>EXTI15_10_IRQHandler</STRONG> (Thumb, 0 bytes, Stack size 0 bytes, startup_stm32h743xx.o(.text))
<BR>[Address Reference Count : 1]<UL><LI> startup_stm32h743xx.o(RESET)
</UL>
<P><STRONG><a name="[12]"></a>EXTI1_IRQHandler</STRONG> (Thumb, 0 bytes, Stack size 0 bytes, startup_stm32h743xx.o(.text))
<BR>[Address Reference Count : 1]<UL><LI> startup_stm32h743xx.o(RESET)
</UL>
<P><STRONG><a name="[13]"></a>EXTI2_IRQHandler</STRONG> (Thumb, 0 bytes, Stack size 0 bytes, startup_stm32h743xx.o(.text))
<BR>[Address Reference Count : 1]<UL><LI> startup_stm32h743xx.o(RESET)
</UL>
<P><STRONG><a name="[15]"></a>EXTI4_IRQHandler</STRONG> (Thumb, 0 bytes, Stack size 0 bytes, startup_stm32h743xx.o(.text))
<BR>[Address Reference Count : 1]<UL><LI> startup_stm32h743xx.o(RESET)
</UL>
<P><STRONG><a name="[22]"></a>EXTI9_5_IRQHandler</STRONG> (Thumb, 0 bytes, Stack size 0 bytes, startup_stm32h743xx.o(.text))
<BR>[Address Reference Count : 1]<UL><LI> startup_stm32h743xx.o(RESET)
</UL>
<P><STRONG><a name="[1e]"></a>FDCAN1_IT0_IRQHandler</STRONG> (Thumb, 0 bytes, Stack size 0 bytes, startup_stm32h743xx.o(.text))
<BR>[Address Reference Count : 1]<UL><LI> startup_stm32h743xx.o(RESET)
</UL>
<P><STRONG><a name="[20]"></a>FDCAN1_IT1_IRQHandler</STRONG> (Thumb, 0 bytes, Stack size 0 bytes, startup_stm32h743xx.o(.text))
<BR>[Address Reference Count : 1]<UL><LI> startup_stm32h743xx.o(RESET)
</UL>
<P><STRONG><a name="[1f]"></a>FDCAN2_IT0_IRQHandler</STRONG> (Thumb, 0 bytes, Stack size 0 bytes, startup_stm32h743xx.o(.text))
<BR>[Address Reference Count : 1]<UL><LI> startup_stm32h743xx.o(RESET)
</UL>
<P><STRONG><a name="[21]"></a>FDCAN2_IT1_IRQHandler</STRONG> (Thumb, 0 bytes, Stack size 0 bytes, startup_stm32h743xx.o(.text))
<BR>[Address Reference Count : 1]<UL><LI> startup_stm32h743xx.o(RESET)
</UL>
<P><STRONG><a name="[49]"></a>FDCAN_CAL_IRQHandler</STRONG> (Thumb, 0 bytes, Stack size 0 bytes, startup_stm32h743xx.o(.text))
<BR>[Address Reference Count : 1]<UL><LI> startup_stm32h743xx.o(RESET)
</UL>
<P><STRONG><a name="[f]"></a>FLASH_IRQHandler</STRONG> (Thumb, 0 bytes, Stack size 0 bytes, startup_stm32h743xx.o(.text))
<BR>[Address Reference Count : 1]<UL><LI> startup_stm32h743xx.o(RESET)
</UL>
<P><STRONG><a name="[3a]"></a>FMC_IRQHandler</STRONG> (Thumb, 0 bytes, Stack size 0 bytes, startup_stm32h743xx.o(.text))
<BR>[Address Reference Count : 1]<UL><LI> startup_stm32h743xx.o(RESET)
</UL>
<P><STRONG><a name="[56]"></a>FPU_IRQHandler</STRONG> (Thumb, 0 bytes, Stack size 0 bytes, startup_stm32h743xx.o(.text))
<BR>[Address Reference Count : 1]<UL><LI> startup_stm32h743xx.o(RESET)
</UL>
<P><STRONG><a name="[72]"></a>HRTIM1_FLT_IRQHandler</STRONG> (Thumb, 0 bytes, Stack size 0 bytes, startup_stm32h743xx.o(.text))
<BR>[Address Reference Count : 1]<UL><LI> startup_stm32h743xx.o(RESET)
</UL>
<P><STRONG><a name="[6c]"></a>HRTIM1_Master_IRQHandler</STRONG> (Thumb, 0 bytes, Stack size 0 bytes, startup_stm32h743xx.o(.text))
<BR>[Address Reference Count : 1]<UL><LI> startup_stm32h743xx.o(RESET)
</UL>
<P><STRONG><a name="[6d]"></a>HRTIM1_TIMA_IRQHandler</STRONG> (Thumb, 0 bytes, Stack size 0 bytes, startup_stm32h743xx.o(.text))
<BR>[Address Reference Count : 1]<UL><LI> startup_stm32h743xx.o(RESET)
</UL>
<P><STRONG><a name="[6e]"></a>HRTIM1_TIMB_IRQHandler</STRONG> (Thumb, 0 bytes, Stack size 0 bytes, startup_stm32h743xx.o(.text))
<BR>[Address Reference Count : 1]<UL><LI> startup_stm32h743xx.o(RESET)
</UL>
<P><STRONG><a name="[6f]"></a>HRTIM1_TIMC_IRQHandler</STRONG> (Thumb, 0 bytes, Stack size 0 bytes, startup_stm32h743xx.o(.text))
<BR>[Address Reference Count : 1]<UL><LI> startup_stm32h743xx.o(RESET)
</UL>
<P><STRONG><a name="[70]"></a>HRTIM1_TIMD_IRQHandler</STRONG> (Thumb, 0 bytes, Stack size 0 bytes, startup_stm32h743xx.o(.text))
<BR>[Address Reference Count : 1]<UL><LI> startup_stm32h743xx.o(RESET)
</UL>
<P><STRONG><a name="[71]"></a>HRTIM1_TIME_IRQHandler</STRONG> (Thumb, 0 bytes, Stack size 0 bytes, startup_stm32h743xx.o(.text))
<BR>[Address Reference Count : 1]<UL><LI> startup_stm32h743xx.o(RESET)
</UL>
<P><STRONG><a name="[81]"></a>HSEM1_IRQHandler</STRONG> (Thumb, 0 bytes, Stack size 0 bytes, startup_stm32h743xx.o(.text))
<BR>[Address Reference Count : 1]<UL><LI> startup_stm32h743xx.o(RESET)
</UL>
<P><STRONG><a name="[2b]"></a>I2C1_ER_IRQHandler</STRONG> (Thumb, 0 bytes, Stack size 0 bytes, startup_stm32h743xx.o(.text))
<BR>[Address Reference Count : 1]<UL><LI> startup_stm32h743xx.o(RESET)
</UL>
<P><STRONG><a name="[2a]"></a>I2C1_EV_IRQHandler</STRONG> (Thumb, 0 bytes, Stack size 0 bytes, startup_stm32h743xx.o(.text))
<BR>[Address Reference Count : 1]<UL><LI> startup_stm32h743xx.o(RESET)
</UL>
<P><STRONG><a name="[2d]"></a>I2C2_ER_IRQHandler</STRONG> (Thumb, 0 bytes, Stack size 0 bytes, startup_stm32h743xx.o(.text))
<BR>[Address Reference Count : 1]<UL><LI> startup_stm32h743xx.o(RESET)
</UL>
<P><STRONG><a name="[2c]"></a>I2C2_EV_IRQHandler</STRONG> (Thumb, 0 bytes, Stack size 0 bytes, startup_stm32h743xx.o(.text))
<BR>[Address Reference Count : 1]<UL><LI> startup_stm32h743xx.o(RESET)
</UL>
<P><STRONG><a name="[4f]"></a>I2C3_ER_IRQHandler</STRONG> (Thumb, 0 bytes, Stack size 0 bytes, startup_stm32h743xx.o(.text))
<BR>[Address Reference Count : 1]<UL><LI> startup_stm32h743xx.o(RESET)
</UL>
<P><STRONG><a name="[4e]"></a>I2C3_EV_IRQHandler</STRONG> (Thumb, 0 bytes, Stack size 0 bytes, startup_stm32h743xx.o(.text))
<BR>[Address Reference Count : 1]<UL><LI> startup_stm32h743xx.o(RESET)
</UL>
<P><STRONG><a name="[65]"></a>I2C4_ER_IRQHandler</STRONG> (Thumb, 0 bytes, Stack size 0 bytes, startup_stm32h743xx.o(.text))
<BR>[Address Reference Count : 1]<UL><LI> startup_stm32h743xx.o(RESET)
</UL>
<P><STRONG><a name="[64]"></a>I2C4_EV_IRQHandler</STRONG> (Thumb, 0 bytes, Stack size 0 bytes, startup_stm32h743xx.o(.text))
<BR>[Address Reference Count : 1]<UL><LI> startup_stm32h743xx.o(RESET)
</UL>
<P><STRONG><a name="[7e]"></a>JPEG_IRQHandler</STRONG> (Thumb, 0 bytes, Stack size 0 bytes, startup_stm32h743xx.o(.text))
<BR>[Address Reference Count : 1]<UL><LI> startup_stm32h743xx.o(RESET)
</UL>
<P><STRONG><a name="[62]"></a>LPTIM1_IRQHandler</STRONG> (Thumb, 0 bytes, Stack size 0 bytes, startup_stm32h743xx.o(.text))
<BR>[Address Reference Count : 1]<UL><LI> startup_stm32h743xx.o(RESET)
</UL>
<P><STRONG><a name="[8d]"></a>LPTIM2_IRQHandler</STRONG> (Thumb, 0 bytes, Stack size 0 bytes, startup_stm32h743xx.o(.text))
<BR>[Address Reference Count : 1]<UL><LI> startup_stm32h743xx.o(RESET)
</UL>
<P><STRONG><a name="[8e]"></a>LPTIM3_IRQHandler</STRONG> (Thumb, 0 bytes, Stack size 0 bytes, startup_stm32h743xx.o(.text))
<BR>[Address Reference Count : 1]<UL><LI> startup_stm32h743xx.o(RESET)
</UL>
<P><STRONG><a name="[8f]"></a>LPTIM4_IRQHandler</STRONG> (Thumb, 0 bytes, Stack size 0 bytes, startup_stm32h743xx.o(.text))
<BR>[Address Reference Count : 1]<UL><LI> startup_stm32h743xx.o(RESET)
</UL>
<P><STRONG><a name="[90]"></a>LPTIM5_IRQHandler</STRONG> (Thumb, 0 bytes, Stack size 0 bytes, startup_stm32h743xx.o(.text))
<BR>[Address Reference Count : 1]<UL><LI> startup_stm32h743xx.o(RESET)
</UL>
<P><STRONG><a name="[91]"></a>LPUART1_IRQHandler</STRONG> (Thumb, 0 bytes, Stack size 0 bytes, startup_stm32h743xx.o(.text))
<BR>[Address Reference Count : 1]<UL><LI> startup_stm32h743xx.o(RESET)
</UL>
<P><STRONG><a name="[5e]"></a>LTDC_ER_IRQHandler</STRONG> (Thumb, 0 bytes, Stack size 0 bytes, startup_stm32h743xx.o(.text))
<BR>[Address Reference Count : 1]<UL><LI> startup_stm32h743xx.o(RESET)
</UL>
<P><STRONG><a name="[5d]"></a>LTDC_IRQHandler</STRONG> (Thumb, 0 bytes, Stack size 0 bytes, startup_stm32h743xx.o(.text))
<BR>[Address Reference Count : 1]<UL><LI> startup_stm32h743xx.o(RESET)
</UL>
<P><STRONG><a name="[7d]"></a>MDIOS_IRQHandler</STRONG> (Thumb, 0 bytes, Stack size 0 bytes, startup_stm32h743xx.o(.text))
<BR>[Address Reference Count : 1]<UL><LI> startup_stm32h743xx.o(RESET)
</UL>
<P><STRONG><a name="[7c]"></a>MDIOS_WKUP_IRQHandler</STRONG> (Thumb, 0 bytes, Stack size 0 bytes, startup_stm32h743xx.o(.text))
<BR>[Address Reference Count : 1]<UL><LI> startup_stm32h743xx.o(RESET)
</UL>
<P><STRONG><a name="[7f]"></a>MDMA_IRQHandler</STRONG> (Thumb, 0 bytes, Stack size 0 bytes, startup_stm32h743xx.o(.text))
<BR>[Address Reference Count : 1]<UL><LI> startup_stm32h743xx.o(RESET)
</UL>
<P><STRONG><a name="[68]"></a>OTG_FS_EP1_IN_IRQHandler</STRONG> (Thumb, 0 bytes, Stack size 0 bytes, startup_stm32h743xx.o(.text))
<BR>[Address Reference Count : 1]<UL><LI> startup_stm32h743xx.o(RESET)
</UL>
<P><STRONG><a name="[67]"></a>OTG_FS_EP1_OUT_IRQHandler</STRONG> (Thumb, 0 bytes, Stack size 0 bytes, startup_stm32h743xx.o(.text))
<BR>[Address Reference Count : 1]<UL><LI> startup_stm32h743xx.o(RESET)
</UL>
<P><STRONG><a name="[6a]"></a>OTG_FS_IRQHandler</STRONG> (Thumb, 0 bytes, Stack size 0 bytes, startup_stm32h743xx.o(.text))
<BR>[Address Reference Count : 1]<UL><LI> startup_stm32h743xx.o(RESET)
</UL>
<P><STRONG><a name="[69]"></a>OTG_FS_WKUP_IRQHandler</STRONG> (Thumb, 0 bytes, Stack size 0 bytes, startup_stm32h743xx.o(.text))
<BR>[Address Reference Count : 1]<UL><LI> startup_stm32h743xx.o(RESET)
</UL>
<P><STRONG><a name="[51]"></a>OTG_HS_EP1_IN_IRQHandler</STRONG> (Thumb, 0 bytes, Stack size 0 bytes, startup_stm32h743xx.o(.text))
<BR>[Address Reference Count : 1]<UL><LI> startup_stm32h743xx.o(RESET)
</UL>
<P><STRONG><a name="[50]"></a>OTG_HS_EP1_OUT_IRQHandler</STRONG> (Thumb, 0 bytes, Stack size 0 bytes, startup_stm32h743xx.o(.text))
<BR>[Address Reference Count : 1]<UL><LI> startup_stm32h743xx.o(RESET)
</UL>
<P><STRONG><a name="[53]"></a>OTG_HS_IRQHandler</STRONG> (Thumb, 0 bytes, Stack size 0 bytes, startup_stm32h743xx.o(.text))
<BR>[Address Reference Count : 1]<UL><LI> startup_stm32h743xx.o(RESET)
</UL>
<P><STRONG><a name="[52]"></a>OTG_HS_WKUP_IRQHandler</STRONG> (Thumb, 0 bytes, Stack size 0 bytes, startup_stm32h743xx.o(.text))
<BR>[Address Reference Count : 1]<UL><LI> startup_stm32h743xx.o(RESET)
</UL>
<P><STRONG><a name="[c]"></a>PVD_AVD_IRQHandler</STRONG> (Thumb, 0 bytes, Stack size 0 bytes, startup_stm32h743xx.o(.text))
<BR>[Address Reference Count : 1]<UL><LI> startup_stm32h743xx.o(RESET)
</UL>
<P><STRONG><a name="[61]"></a>QUADSPI_IRQHandler</STRONG> (Thumb, 0 bytes, Stack size 0 bytes, startup_stm32h743xx.o(.text))
<BR>[Address Reference Count : 1]<UL><LI> startup_stm32h743xx.o(RESET)
</UL>
<P><STRONG><a name="[10]"></a>RCC_IRQHandler</STRONG> (Thumb, 0 bytes, Stack size 0 bytes, startup_stm32h743xx.o(.text))
<BR>[Address Reference Count : 1]<UL><LI> startup_stm32h743xx.o(RESET)
</UL>
<P><STRONG><a name="[55]"></a>RNG_IRQHandler</STRONG> (Thumb, 0 bytes, Stack size 0 bytes, startup_stm32h743xx.o(.text))
<BR>[Address Reference Count : 1]<UL><LI> startup_stm32h743xx.o(RESET)
</UL>
<P><STRONG><a name="[34]"></a>RTC_Alarm_IRQHandler</STRONG> (Thumb, 0 bytes, Stack size 0 bytes, startup_stm32h743xx.o(.text))
<BR>[Address Reference Count : 1]<UL><LI> startup_stm32h743xx.o(RESET)
</UL>
<P><STRONG><a name="[e]"></a>RTC_WKUP_IRQHandler</STRONG> (Thumb, 0 bytes, Stack size 0 bytes, startup_stm32h743xx.o(.text))
<BR>[Address Reference Count : 1]<UL><LI> startup_stm32h743xx.o(RESET)
</UL>
<P><STRONG><a name="[5c]"></a>SAI1_IRQHandler</STRONG> (Thumb, 0 bytes, Stack size 0 bytes, startup_stm32h743xx.o(.text))
<BR>[Address Reference Count : 1]<UL><LI> startup_stm32h743xx.o(RESET)
</UL>
<P><STRONG><a name="[60]"></a>SAI2_IRQHandler</STRONG> (Thumb, 0 bytes, Stack size 0 bytes, startup_stm32h743xx.o(.text))
<BR>[Address Reference Count : 1]<UL><LI> startup_stm32h743xx.o(RESET)
</UL>
<P><STRONG><a name="[77]"></a>SAI3_IRQHandler</STRONG> (Thumb, 0 bytes, Stack size 0 bytes, startup_stm32h743xx.o(.text))
<BR>[Address Reference Count : 1]<UL><LI> startup_stm32h743xx.o(RESET)
</UL>
<P><STRONG><a name="[93]"></a>SAI4_IRQHandler</STRONG> (Thumb, 0 bytes, Stack size 0 bytes, startup_stm32h743xx.o(.text))
<BR>[Address Reference Count : 1]<UL><LI> startup_stm32h743xx.o(RESET)
</UL>
<P><STRONG><a name="[3b]"></a>SDMMC1_IRQHandler</STRONG> (Thumb, 0 bytes, Stack size 0 bytes, startup_stm32h743xx.o(.text))
<BR>[Address Reference Count : 1]<UL><LI> startup_stm32h743xx.o(RESET)
</UL>
<P><STRONG><a name="[80]"></a>SDMMC2_IRQHandler</STRONG> (Thumb, 0 bytes, Stack size 0 bytes, startup_stm32h743xx.o(.text))
<BR>[Address Reference Count : 1]<UL><LI> startup_stm32h743xx.o(RESET)
</UL>
<P><STRONG><a name="[66]"></a>SPDIF_RX_IRQHandler</STRONG> (Thumb, 0 bytes, Stack size 0 bytes, startup_stm32h743xx.o(.text))
<BR>[Address Reference Count : 1]<UL><LI> startup_stm32h743xx.o(RESET)
</UL>
<P><STRONG><a name="[2e]"></a>SPI1_IRQHandler</STRONG> (Thumb, 0 bytes, Stack size 0 bytes, startup_stm32h743xx.o(.text))
<BR>[Address Reference Count : 1]<UL><LI> startup_stm32h743xx.o(RESET)
</UL>
<P><STRONG><a name="[2f]"></a>SPI2_IRQHandler</STRONG> (Thumb, 0 bytes, Stack size 0 bytes, startup_stm32h743xx.o(.text))
<BR>[Address Reference Count : 1]<UL><LI> startup_stm32h743xx.o(RESET)
</UL>
<P><STRONG><a name="[3d]"></a>SPI3_IRQHandler</STRONG> (Thumb, 0 bytes, Stack size 0 bytes, startup_stm32h743xx.o(.text))
<BR>[Address Reference Count : 1]<UL><LI> startup_stm32h743xx.o(RESET)
</UL>
<P><STRONG><a name="[59]"></a>SPI4_IRQHandler</STRONG> (Thumb, 0 bytes, Stack size 0 bytes, startup_stm32h743xx.o(.text))
<BR>[Address Reference Count : 1]<UL><LI> startup_stm32h743xx.o(RESET)
</UL>
<P><STRONG><a name="[5a]"></a>SPI5_IRQHandler</STRONG> (Thumb, 0 bytes, Stack size 0 bytes, startup_stm32h743xx.o(.text))
<BR>[Address Reference Count : 1]<UL><LI> startup_stm32h743xx.o(RESET)
</UL>
<P><STRONG><a name="[5b]"></a>SPI6_IRQHandler</STRONG> (Thumb, 0 bytes, Stack size 0 bytes, startup_stm32h743xx.o(.text))
<BR>[Address Reference Count : 1]<UL><LI> startup_stm32h743xx.o(RESET)
</UL>
<P><STRONG><a name="[78]"></a>SWPMI1_IRQHandler</STRONG> (Thumb, 0 bytes, Stack size 0 bytes, startup_stm32h743xx.o(.text))
<BR>[Address Reference Count : 1]<UL><LI> startup_stm32h743xx.o(RESET)
</UL>
<P><STRONG><a name="[d]"></a>TAMP_STAMP_IRQHandler</STRONG> (Thumb, 0 bytes, Stack size 0 bytes, startup_stm32h743xx.o(.text))
<BR>[Address Reference Count : 1]<UL><LI> startup_stm32h743xx.o(RESET)
</UL>
<P><STRONG><a name="[79]"></a>TIM15_IRQHandler</STRONG> (Thumb, 0 bytes, Stack size 0 bytes, startup_stm32h743xx.o(.text))
<BR>[Address Reference Count : 1]<UL><LI> startup_stm32h743xx.o(RESET)
</UL>
<P><STRONG><a name="[7a]"></a>TIM16_IRQHandler</STRONG> (Thumb, 0 bytes, Stack size 0 bytes, startup_stm32h743xx.o(.text))
<BR>[Address Reference Count : 1]<UL><LI> startup_stm32h743xx.o(RESET)
</UL>
<P><STRONG><a name="[7b]"></a>TIM17_IRQHandler</STRONG> (Thumb, 0 bytes, Stack size 0 bytes, startup_stm32h743xx.o(.text))
<BR>[Address Reference Count : 1]<UL><LI> startup_stm32h743xx.o(RESET)
</UL>
<P><STRONG><a name="[23]"></a>TIM1_BRK_IRQHandler</STRONG> (Thumb, 0 bytes, Stack size 0 bytes, startup_stm32h743xx.o(.text))
<BR>[Address Reference Count : 1]<UL><LI> startup_stm32h743xx.o(RESET)
</UL>
<P><STRONG><a name="[26]"></a>TIM1_CC_IRQHandler</STRONG> (Thumb, 0 bytes, Stack size 0 bytes, startup_stm32h743xx.o(.text))
<BR>[Address Reference Count : 1]<UL><LI> startup_stm32h743xx.o(RESET)
</UL>
<P><STRONG><a name="[25]"></a>TIM1_TRG_COM_IRQHandler</STRONG> (Thumb, 0 bytes, Stack size 0 bytes, startup_stm32h743xx.o(.text))
<BR>[Address Reference Count : 1]<UL><LI> startup_stm32h743xx.o(RESET)
</UL>
<P><STRONG><a name="[24]"></a>TIM1_UP_IRQHandler</STRONG> (Thumb, 0 bytes, Stack size 0 bytes, startup_stm32h743xx.o(.text))
<BR>[Address Reference Count : 1]<UL><LI> startup_stm32h743xx.o(RESET)
</UL>
<P><STRONG><a name="[27]"></a>TIM2_IRQHandler</STRONG> (Thumb, 0 bytes, Stack size 0 bytes, startup_stm32h743xx.o(.text))
<BR>[Address Reference Count : 1]<UL><LI> startup_stm32h743xx.o(RESET)
</UL>
<P><STRONG><a name="[28]"></a>TIM3_IRQHandler</STRONG> (Thumb, 0 bytes, Stack size 0 bytes, startup_stm32h743xx.o(.text))
<BR>[Address Reference Count : 1]<UL><LI> startup_stm32h743xx.o(RESET)
</UL>
<P><STRONG><a name="[29]"></a>TIM4_IRQHandler</STRONG> (Thumb, 0 bytes, Stack size 0 bytes, startup_stm32h743xx.o(.text))
<BR>[Address Reference Count : 1]<UL><LI> startup_stm32h743xx.o(RESET)
</UL>
<P><STRONG><a name="[3c]"></a>TIM5_IRQHandler</STRONG> (Thumb, 0 bytes, Stack size 0 bytes, startup_stm32h743xx.o(.text))
<BR>[Address Reference Count : 1]<UL><LI> startup_stm32h743xx.o(RESET)
</UL>
<P><STRONG><a name="[40]"></a>TIM6_DAC_IRQHandler</STRONG> (Thumb, 0 bytes, Stack size 0 bytes, startup_stm32h743xx.o(.text))
<BR>[Address Reference Count : 1]<UL><LI> startup_stm32h743xx.o(RESET)
</UL>
<P><STRONG><a name="[41]"></a>TIM7_IRQHandler</STRONG> (Thumb, 0 bytes, Stack size 0 bytes, startup_stm32h743xx.o(.text))
<BR>[Address Reference Count : 1]<UL><LI> startup_stm32h743xx.o(RESET)
</UL>
<P><STRONG><a name="[35]"></a>TIM8_BRK_TIM12_IRQHandler</STRONG> (Thumb, 0 bytes, Stack size 0 bytes, startup_stm32h743xx.o(.text))
<BR>[Address Reference Count : 1]<UL><LI> startup_stm32h743xx.o(RESET)
</UL>
<P><STRONG><a name="[38]"></a>TIM8_CC_IRQHandler</STRONG> (Thumb, 0 bytes, Stack size 0 bytes, startup_stm32h743xx.o(.text))
<BR>[Address Reference Count : 1]<UL><LI> startup_stm32h743xx.o(RESET)
</UL>
<P><STRONG><a name="[37]"></a>TIM8_TRG_COM_TIM14_IRQHandler</STRONG> (Thumb, 0 bytes, Stack size 0 bytes, startup_stm32h743xx.o(.text))
<BR>[Address Reference Count : 1]<UL><LI> startup_stm32h743xx.o(RESET)
</UL>
<P><STRONG><a name="[36]"></a>TIM8_UP_TIM13_IRQHandler</STRONG> (Thumb, 0 bytes, Stack size 0 bytes, startup_stm32h743xx.o(.text))
<BR>[Address Reference Count : 1]<UL><LI> startup_stm32h743xx.o(RESET)
</UL>
<P><STRONG><a name="[3e]"></a>UART4_IRQHandler</STRONG> (Thumb, 0 bytes, Stack size 0 bytes, startup_stm32h743xx.o(.text))
<BR>[Address Reference Count : 1]<UL><LI> startup_stm32h743xx.o(RESET)
</UL>
<P><STRONG><a name="[3f]"></a>UART5_IRQHandler</STRONG> (Thumb, 0 bytes, Stack size 0 bytes, startup_stm32h743xx.o(.text))
<BR>[Address Reference Count : 1]<UL><LI> startup_stm32h743xx.o(RESET)
</UL>
<P><STRONG><a name="[57]"></a>UART7_IRQHandler</STRONG> (Thumb, 0 bytes, Stack size 0 bytes, startup_stm32h743xx.o(.text))
<BR>[Address Reference Count : 1]<UL><LI> startup_stm32h743xx.o(RESET)
</UL>
<P><STRONG><a name="[58]"></a>UART8_IRQHandler</STRONG> (Thumb, 0 bytes, Stack size 0 bytes, startup_stm32h743xx.o(.text))
<BR>[Address Reference Count : 1]<UL><LI> startup_stm32h743xx.o(RESET)
</UL>
<P><STRONG><a name="[30]"></a>USART1_IRQHandler</STRONG> (Thumb, 0 bytes, Stack size 0 bytes, startup_stm32h743xx.o(.text))
<BR>[Address Reference Count : 1]<UL><LI> startup_stm32h743xx.o(RESET)
</UL>
<P><STRONG><a name="[31]"></a>USART2_IRQHandler</STRONG> (Thumb, 0 bytes, Stack size 0 bytes, startup_stm32h743xx.o(.text))
<BR>[Address Reference Count : 1]<UL><LI> startup_stm32h743xx.o(RESET)
</UL>
<P><STRONG><a name="[32]"></a>USART3_IRQHandler</STRONG> (Thumb, 0 bytes, Stack size 0 bytes, startup_stm32h743xx.o(.text))
<BR>[Address Reference Count : 1]<UL><LI> startup_stm32h743xx.o(RESET)
</UL>
<P><STRONG><a name="[4d]"></a>USART6_IRQHandler</STRONG> (Thumb, 0 bytes, Stack size 0 bytes, startup_stm32h743xx.o(.text))
<BR>[Address Reference Count : 1]<UL><LI> startup_stm32h743xx.o(RESET)
</UL>
<P><STRONG><a name="[94]"></a>WAKEUP_PIN_IRQHandler</STRONG> (Thumb, 0 bytes, Stack size 0 bytes, startup_stm32h743xx.o(.text))
<BR>[Address Reference Count : 1]<UL><LI> startup_stm32h743xx.o(RESET)
</UL>
<P><STRONG><a name="[b]"></a>WWDG_IRQHandler</STRONG> (Thumb, 0 bytes, Stack size 0 bytes, startup_stm32h743xx.o(.text))
<BR>[Address Reference Count : 1]<UL><LI> startup_stm32h743xx.o(RESET)
</UL>
<P><STRONG><a name="[3]"></a>HardFault_Handler</STRONG> (Thumb, 12 bytes, Stack size 0 bytes, cmb_fault.o(.text))
<BR><BR>[Stack]<UL><LI>Max Depth = 264<LI>Call Chain = HardFault_Handler &rArr; cm_backtrace_fault &rArr; print_call_stack &rArr; cm_backtrace_call_stack &rArr; get_cur_thread_stack_info &rArr; __2printf
</UL>
<BR>[Calls]<UL><LI><a href="#[132]">&gt;&gt;</a>&nbsp;&nbsp;&nbsp;cm_backtrace_fault
</UL>
<BR>[Address Reference Count : 1]<UL><LI> startup_stm32h743xx.o(RESET)
</UL>
<P><STRONG><a name="[133]"></a>__aeabi_uldivmod</STRONG> (Thumb, 98 bytes, Stack size 40 bytes, uldiv.o(.text))
<BR><BR>[Stack]<UL><LI>Max Depth = 40<LI>Call Chain = __aeabi_uldivmod
</UL>
<BR>[Calls]<UL><LI><a href="#[134]">&gt;&gt;</a>&nbsp;&nbsp;&nbsp;__aeabi_llsr
<LI><a href="#[135]">&gt;&gt;</a>&nbsp;&nbsp;&nbsp;__aeabi_llsl
</UL>
<BR>[Called By]<UL><LI><a href="#[267]">&gt;&gt;</a>&nbsp;&nbsp;&nbsp;UART_SetConfig
<LI><a href="#[2c8]">&gt;&gt;</a>&nbsp;&nbsp;&nbsp;_printf_core
</UL>

<P><STRONG><a name="[31f]"></a>___aeabi_memcpy8$ret</STRONG> (Thumb, 0 bytes, Stack size 8 bytes, memcpy.o(.text), UNUSED)

<P><STRONG><a name="[1cc]"></a>__aeabi_memcpy</STRONG> (Thumb, 40 bytes, Stack size 8 bytes, memcpy.o(.text))
<BR><BR>[Stack]<UL><LI>Max Depth = 8<LI>Call Chain = __aeabi_memcpy
</UL>
<BR>[Called By]<UL><LI><a href="#[2fa]">&gt;&gt;</a>&nbsp;&nbsp;&nbsp;prvCopyDataToQueue
<LI><a href="#[2f9]">&gt;&gt;</a>&nbsp;&nbsp;&nbsp;prvCopyDataFromQueue
<LI><a href="#[1eb]">&gt;&gt;</a>&nbsp;&nbsp;&nbsp;GTP_Init_Panel
<LI><a href="#[1f2]">&gt;&gt;</a>&nbsp;&nbsp;&nbsp;Goodix_TS_Work_Func
<LI><a href="#[f5]">&gt;&gt;</a>&nbsp;&nbsp;&nbsp;__create_font
<LI><a href="#[c8]">&gt;&gt;</a>&nbsp;&nbsp;&nbsp;GL32_draw_bitmap_XRGB8888
<LI><a href="#[bd]">&gt;&gt;</a>&nbsp;&nbsp;&nbsp;GL32_copy_bits
<LI><a href="#[a7]">&gt;&gt;</a>&nbsp;&nbsp;&nbsp;GL16_draw_bitmap_RGB565
<LI><a href="#[a1]">&gt;&gt;</a>&nbsp;&nbsp;&nbsp;GL16_copy_bits
<LI><a href="#[d7]">&gt;&gt;</a>&nbsp;&nbsp;&nbsp;GL8_copy_bits
</UL>

<P><STRONG><a name="[24a]"></a>__aeabi_memcpy4</STRONG> (Thumb, 0 bytes, Stack size 8 bytes, memcpy.o(.text))
<BR><BR>[Stack]<UL><LI>Max Depth = 8<LI>Call Chain = __aeabi_memcpy4
</UL>
<BR>[Called By]<UL><LI><a href="#[249]">&gt;&gt;</a>&nbsp;&nbsp;&nbsp;HAL_LTDC_ConfigLayer
<LI><a href="#[132]">&gt;&gt;</a>&nbsp;&nbsp;&nbsp;cm_backtrace_fault
</UL>

<P><STRONG><a name="[320]"></a>memcpy</STRONG> (Thumb, 0 bytes, Stack size 8 bytes, memcpy.o(.text), UNUSED)

<P><STRONG><a name="[137]"></a>__aeabi_memset</STRONG> (Thumb, 14 bytes, Stack size 0 bytes, memseta.o(.text))
<BR><BR>[Called By]<UL><LI><a href="#[1da]">&gt;&gt;</a>&nbsp;&nbsp;&nbsp;GUI_memset8
<LI><a href="#[138]">&gt;&gt;</a>&nbsp;&nbsp;&nbsp;memset
<LI><a href="#[136]">&gt;&gt;</a>&nbsp;&nbsp;&nbsp;__aeabi_memclr
</UL>

<P><STRONG><a name="[321]"></a>__aeabi_memset4</STRONG> (Thumb, 0 bytes, Stack size 0 bytes, memseta.o(.text), UNUSED)

<P><STRONG><a name="[322]"></a>__aeabi_memset8</STRONG> (Thumb, 0 bytes, Stack size 0 bytes, memseta.o(.text), UNUSED)

<P><STRONG><a name="[136]"></a>__aeabi_memclr</STRONG> (Thumb, 4 bytes, Stack size 0 bytes, memseta.o(.text))
<BR><BR>[Calls]<UL><LI><a href="#[137]">&gt;&gt;</a>&nbsp;&nbsp;&nbsp;__aeabi_memset
</UL>
<BR>[Called By]<UL><LI><a href="#[1eb]">&gt;&gt;</a>&nbsp;&nbsp;&nbsp;GTP_Init_Panel
<LI><a href="#[1a5]">&gt;&gt;</a>&nbsp;&nbsp;&nbsp;GUI_AA_Begin
<LI><a href="#[150]">&gt;&gt;</a>&nbsp;&nbsp;&nbsp;_FlushLine
</UL>

<P><STRONG><a name="[17c]"></a>__aeabi_memclr4</STRONG> (Thumb, 0 bytes, Stack size 0 bytes, memseta.o(.text))
<BR><BR>[Called By]<UL><LI><a href="#[185]">&gt;&gt;</a>&nbsp;&nbsp;&nbsp;DC_Alloc
<LI><a href="#[17a]">&gt;&gt;</a>&nbsp;&nbsp;&nbsp;CreateDC
<LI><a href="#[1f2]">&gt;&gt;</a>&nbsp;&nbsp;&nbsp;Goodix_TS_Work_Func
<LI><a href="#[2e1]">&gt;&gt;</a>&nbsp;&nbsp;&nbsp;print_call_stack
</UL>

<P><STRONG><a name="[323]"></a>__aeabi_memclr8</STRONG> (Thumb, 0 bytes, Stack size 0 bytes, memseta.o(.text), UNUSED)

<P><STRONG><a name="[138]"></a>memset</STRONG> (Thumb, 18 bytes, Stack size 8 bytes, memseta.o(.text), UNUSED)
<BR><BR>[Calls]<UL><LI><a href="#[137]">&gt;&gt;</a>&nbsp;&nbsp;&nbsp;__aeabi_memset
</UL>

<P><STRONG><a name="[2e2]"></a>strncpy</STRONG> (Thumb, 24 bytes, Stack size 8 bytes, strncpy.o(.text))
<BR><BR>[Stack]<UL><LI>Max Depth = 8<LI>Call Chain = strncpy
</UL>
<BR>[Called By]<UL><LI><a href="#[157]">&gt;&gt;</a>&nbsp;&nbsp;&nbsp;cm_backtrace_init
</UL>

<P><STRONG><a name="[139]"></a>__aeabi_fadd</STRONG> (Thumb, 164 bytes, Stack size 16 bytes, fadd.o(.text))
<BR><BR>[Stack]<UL><LI>Max Depth = 20<LI>Call Chain = __aeabi_fadd &rArr; _float_epilogue
</UL>
<BR>[Calls]<UL><LI><a href="#[13b]">&gt;&gt;</a>&nbsp;&nbsp;&nbsp;_float_round
<LI><a href="#[13a]">&gt;&gt;</a>&nbsp;&nbsp;&nbsp;_float_epilogue
</UL>
<BR>[Called By]<UL><LI><a href="#[13d]">&gt;&gt;</a>&nbsp;&nbsp;&nbsp;__aeabi_frsub
<LI><a href="#[14f]">&gt;&gt;</a>&nbsp;&nbsp;&nbsp;_Wu_DrawBoldLine
<LI><a href="#[1e1]">&gt;&gt;</a>&nbsp;&nbsp;&nbsp;_DrawArc
<LI><a href="#[13c]">&gt;&gt;</a>&nbsp;&nbsp;&nbsp;__aeabi_fsub
</UL>

<P><STRONG><a name="[13c]"></a>__aeabi_fsub</STRONG> (Thumb, 6 bytes, Stack size 0 bytes, fadd.o(.text))
<BR><BR>[Stack]<UL><LI>Max Depth = 20<LI>Call Chain = __aeabi_fsub &rArr; __aeabi_fadd &rArr; _float_epilogue
</UL>
<BR>[Calls]<UL><LI><a href="#[139]">&gt;&gt;</a>&nbsp;&nbsp;&nbsp;__aeabi_fadd
</UL>
<BR>[Called By]<UL><LI><a href="#[14f]">&gt;&gt;</a>&nbsp;&nbsp;&nbsp;_Wu_DrawBoldLine
<LI><a href="#[1e1]">&gt;&gt;</a>&nbsp;&nbsp;&nbsp;_DrawArc
</UL>

<P><STRONG><a name="[13d]"></a>__aeabi_frsub</STRONG> (Thumb, 6 bytes, Stack size 0 bytes, fadd.o(.text))
<BR><BR>[Stack]<UL><LI>Max Depth = 20<LI>Call Chain = __aeabi_frsub &rArr; __aeabi_fadd &rArr; _float_epilogue
</UL>
<BR>[Calls]<UL><LI><a href="#[139]">&gt;&gt;</a>&nbsp;&nbsp;&nbsp;__aeabi_fadd
</UL>
<BR>[Called By]<UL><LI><a href="#[14f]">&gt;&gt;</a>&nbsp;&nbsp;&nbsp;_Wu_DrawBoldLine
</UL>

<P><STRONG><a name="[2b1]"></a>__aeabi_fmul</STRONG> (Thumb, 100 bytes, Stack size 8 bytes, fmul.o(.text))
<BR><BR>[Stack]<UL><LI>Max Depth = 8<LI>Call Chain = __aeabi_fmul
</UL>
<BR>[Called By]<UL><LI><a href="#[14f]">&gt;&gt;</a>&nbsp;&nbsp;&nbsp;_Wu_DrawBoldLine
<LI><a href="#[1e1]">&gt;&gt;</a>&nbsp;&nbsp;&nbsp;_DrawArc
</UL>

<P><STRONG><a name="[13e]"></a>__aeabi_fdiv</STRONG> (Thumb, 124 bytes, Stack size 8 bytes, fdiv.o(.text))
<BR><BR>[Stack]<UL><LI>Max Depth = 8<LI>Call Chain = __aeabi_fdiv
</UL>
<BR>[Calls]<UL><LI><a href="#[13b]">&gt;&gt;</a>&nbsp;&nbsp;&nbsp;_float_round
</UL>
<BR>[Called By]<UL><LI><a href="#[14f]">&gt;&gt;</a>&nbsp;&nbsp;&nbsp;_Wu_DrawBoldLine
<LI><a href="#[1e1]">&gt;&gt;</a>&nbsp;&nbsp;&nbsp;_DrawArc
</UL>

<P><STRONG><a name="[13f]"></a>__aeabi_dadd</STRONG> (Thumb, 322 bytes, Stack size 48 bytes, dadd.o(.text))
<BR><BR>[Stack]<UL><LI>Max Depth = 88<LI>Call Chain = __aeabi_dadd &rArr; _double_epilogue &rArr; _double_round
</UL>
<BR>[Calls]<UL><LI><a href="#[140]">&gt;&gt;</a>&nbsp;&nbsp;&nbsp;__aeabi_lasr
<LI><a href="#[135]">&gt;&gt;</a>&nbsp;&nbsp;&nbsp;__aeabi_llsl
<LI><a href="#[142]">&gt;&gt;</a>&nbsp;&nbsp;&nbsp;_double_round
<LI><a href="#[141]">&gt;&gt;</a>&nbsp;&nbsp;&nbsp;_double_epilogue
</UL>
<BR>[Called By]<UL><LI><a href="#[143]">&gt;&gt;</a>&nbsp;&nbsp;&nbsp;__aeabi_dsub
<LI><a href="#[1a3]">&gt;&gt;</a>&nbsp;&nbsp;&nbsp;DrawArc
<LI><a href="#[144]">&gt;&gt;</a>&nbsp;&nbsp;&nbsp;__aeabi_drsub
</UL>

<P><STRONG><a name="[143]"></a>__aeabi_dsub</STRONG> (Thumb, 6 bytes, Stack size 0 bytes, dadd.o(.text))
<BR><BR>[Stack]<UL><LI>Max Depth = 88<LI>Call Chain = __aeabi_dsub &rArr; __aeabi_dadd &rArr; _double_epilogue &rArr; _double_round
</UL>
<BR>[Calls]<UL><LI><a href="#[13f]">&gt;&gt;</a>&nbsp;&nbsp;&nbsp;__aeabi_dadd
</UL>
<BR>[Called By]<UL><LI><a href="#[1a3]">&gt;&gt;</a>&nbsp;&nbsp;&nbsp;DrawArc
</UL>

<P><STRONG><a name="[144]"></a>__aeabi_drsub</STRONG> (Thumb, 6 bytes, Stack size 0 bytes, dadd.o(.text), UNUSED)
<BR><BR>[Calls]<UL><LI><a href="#[13f]">&gt;&gt;</a>&nbsp;&nbsp;&nbsp;__aeabi_dadd
</UL>

<P><STRONG><a name="[145]"></a>__aeabi_dmul</STRONG> (Thumb, 228 bytes, Stack size 48 bytes, dmul.o(.text))
<BR><BR>[Stack]<UL><LI>Max Depth = 88<LI>Call Chain = __aeabi_dmul &rArr; _double_epilogue &rArr; _double_round
</UL>
<BR>[Calls]<UL><LI><a href="#[141]">&gt;&gt;</a>&nbsp;&nbsp;&nbsp;_double_epilogue
</UL>
<BR>[Called By]<UL><LI><a href="#[1e1]">&gt;&gt;</a>&nbsp;&nbsp;&nbsp;_DrawArc
<LI><a href="#[cf]">&gt;&gt;</a>&nbsp;&nbsp;&nbsp;GL32_rotate_bitmap
<LI><a href="#[b3]">&gt;&gt;</a>&nbsp;&nbsp;&nbsp;GL16_rotate_bitmap
<LI><a href="#[e9]">&gt;&gt;</a>&nbsp;&nbsp;&nbsp;GL8_rotate_bitmap
</UL>

<P><STRONG><a name="[146]"></a>__aeabi_ddiv</STRONG> (Thumb, 222 bytes, Stack size 32 bytes, ddiv.o(.text))
<BR><BR>[Stack]<UL><LI>Max Depth = 40<LI>Call Chain = __aeabi_ddiv &rArr; _double_round
</UL>
<BR>[Calls]<UL><LI><a href="#[142]">&gt;&gt;</a>&nbsp;&nbsp;&nbsp;_double_round
</UL>
<BR>[Called By]<UL><LI><a href="#[1e1]">&gt;&gt;</a>&nbsp;&nbsp;&nbsp;_DrawArc
<LI><a href="#[cf]">&gt;&gt;</a>&nbsp;&nbsp;&nbsp;GL32_rotate_bitmap
<LI><a href="#[b3]">&gt;&gt;</a>&nbsp;&nbsp;&nbsp;GL16_rotate_bitmap
<LI><a href="#[e9]">&gt;&gt;</a>&nbsp;&nbsp;&nbsp;GL8_rotate_bitmap
</UL>

<P><STRONG><a name="[1a4]"></a>__ARM_scalbn</STRONG> (Thumb, 46 bytes, Stack size 16 bytes, dscalb.o(.text))
<BR><BR>[Stack]<UL><LI>Max Depth = 16<LI>Call Chain = __ARM_scalbn
</UL>
<BR>[Called By]<UL><LI><a href="#[1a3]">&gt;&gt;</a>&nbsp;&nbsp;&nbsp;DrawArc
<LI><a href="#[cf]">&gt;&gt;</a>&nbsp;&nbsp;&nbsp;GL32_rotate_bitmap
<LI><a href="#[b3]">&gt;&gt;</a>&nbsp;&nbsp;&nbsp;GL16_rotate_bitmap
<LI><a href="#[e9]">&gt;&gt;</a>&nbsp;&nbsp;&nbsp;GL8_rotate_bitmap
</UL>

<P><STRONG><a name="[324]"></a>scalbn</STRONG> (Thumb, 0 bytes, Stack size 16 bytes, dscalb.o(.text), UNUSED)

<P><STRONG><a name="[147]"></a>__aeabi_i2f</STRONG> (Thumb, 18 bytes, Stack size 0 bytes, fflti.o(.text))
<BR><BR>[Stack]<UL><LI>Max Depth = 4<LI>Call Chain = __aeabi_i2f &rArr; _float_epilogue
</UL>
<BR>[Calls]<UL><LI><a href="#[13a]">&gt;&gt;</a>&nbsp;&nbsp;&nbsp;_float_epilogue
</UL>
<BR>[Called By]<UL><LI><a href="#[14f]">&gt;&gt;</a>&nbsp;&nbsp;&nbsp;_Wu_DrawBoldLine
<LI><a href="#[1e1]">&gt;&gt;</a>&nbsp;&nbsp;&nbsp;_DrawArc
<LI><a href="#[cf]">&gt;&gt;</a>&nbsp;&nbsp;&nbsp;GL32_rotate_bitmap
<LI><a href="#[b3]">&gt;&gt;</a>&nbsp;&nbsp;&nbsp;GL16_rotate_bitmap
<LI><a href="#[e9]">&gt;&gt;</a>&nbsp;&nbsp;&nbsp;GL8_rotate_bitmap
</UL>

<P><STRONG><a name="[148]"></a>__aeabi_i2d</STRONG> (Thumb, 34 bytes, Stack size 16 bytes, dflti.o(.text))
<BR><BR>[Stack]<UL><LI>Max Depth = 56<LI>Call Chain = __aeabi_i2d &rArr; _double_epilogue &rArr; _double_round
</UL>
<BR>[Calls]<UL><LI><a href="#[141]">&gt;&gt;</a>&nbsp;&nbsp;&nbsp;_double_epilogue
</UL>
<BR>[Called By]<UL><LI><a href="#[1e1]">&gt;&gt;</a>&nbsp;&nbsp;&nbsp;_DrawArc
<LI><a href="#[1a3]">&gt;&gt;</a>&nbsp;&nbsp;&nbsp;DrawArc
<LI><a href="#[cf]">&gt;&gt;</a>&nbsp;&nbsp;&nbsp;GL32_rotate_bitmap
<LI><a href="#[b3]">&gt;&gt;</a>&nbsp;&nbsp;&nbsp;GL16_rotate_bitmap
<LI><a href="#[e9]">&gt;&gt;</a>&nbsp;&nbsp;&nbsp;GL8_rotate_bitmap
</UL>

[...]
<LI><a href="#[2c3]">&gt;&gt;</a>&nbsp;&nbsp;&nbsp;_SendMessage_WM_MOVE_AllChild
<LI><a href="#[29c]">&gt;&gt;</a>&nbsp;&nbsp;&nbsp;_RedrawWindow
<LI><a href="#[2c0]">&gt;&gt;</a>&nbsp;&nbsp;&nbsp;_OffsetWindowRect
<LI><a href="#[1c3]">&gt;&gt;</a>&nbsp;&nbsp;&nbsp;_InsertInvRect
<LI><a href="#[2a1]">&gt;&gt;</a>&nbsp;&nbsp;&nbsp;_HideWindow
<LI><a href="#[1c4]">&gt;&gt;</a>&nbsp;&nbsp;&nbsp;_PostPaintMessage
<LI><a href="#[176]">&gt;&gt;</a>&nbsp;&nbsp;&nbsp;SendMessage
<LI><a href="#[15e]">&gt;&gt;</a>&nbsp;&nbsp;&nbsp;WIN_Unlock
<LI><a href="#[15b]">&gt;&gt;</a>&nbsp;&nbsp;&nbsp;WIN_Lock
<LI><a href="#[2c1]">&gt;&gt;</a>&nbsp;&nbsp;&nbsp;_OffsetRect
<LI><a href="#[20b]">&gt;&gt;</a>&nbsp;&nbsp;&nbsp;SubtractRectEx
<LI><a href="#[241]">&gt;&gt;</a>&nbsp;&nbsp;&nbsp;_ScreenToClient
<LI><a href="#[169]">&gt;&gt;</a>&nbsp;&nbsp;&nbsp;_CopyRect
<LI><a href="#[240]">&gt;&gt;</a>&nbsp;&nbsp;&nbsp;_ClientToScreen
</UL>
<BR>[Called By]<UL><LI><a href="#[18e]">&gt;&gt;</a>&nbsp;&nbsp;&nbsp;SetWindowPos
</UL>

<P><STRONG><a name="[2be]"></a>_SetWindowSize</STRONG> (Thumb, 154 bytes, Stack size 40 bytes, gui_window.o(i._SetWindowSize))
<BR><BR>[Stack]<UL><LI>Max Depth = 44<LI>Call Chain = _SetWindowSize &rArr; InflateRectEx
</UL>
<BR>[Calls]<UL><LI><a href="#[16b]">&gt;&gt;</a>&nbsp;&nbsp;&nbsp;InflateRectEx
<LI><a href="#[169]">&gt;&gt;</a>&nbsp;&nbsp;&nbsp;_CopyRect
<LI><a href="#[240]">&gt;&gt;</a>&nbsp;&nbsp;&nbsp;_ClientToScreen
</UL>
<BR>[Called By]<UL><LI><a href="#[29f]">&gt;&gt;</a>&nbsp;&nbsp;&nbsp;_SetWindowPos
<LI><a href="#[1f5]">&gt;&gt;</a>&nbsp;&nbsp;&nbsp;_InitWindow
</UL>

<P><STRONG><a name="[2a0]"></a>_ShowWindow</STRONG> (Thumb, 64 bytes, Stack size 16 bytes, gui_window.o(i._ShowWindow))
<BR><BR>[Stack]<UL><LI>Max Depth = 896<LI>Call Chain = _ShowWindow &rArr; _RedrawWindow &rArr;  _RedrawWindow (Cycle)
</UL>
<BR>[Calls]<UL><LI><a href="#[29b]">&gt;&gt;</a>&nbsp;&nbsp;&nbsp;_SetWindowClipFlag
<LI><a href="#[29c]">&gt;&gt;</a>&nbsp;&nbsp;&nbsp;_RedrawWindow
<LI><a href="#[188]">&gt;&gt;</a>&nbsp;&nbsp;&nbsp;PostMessage
</UL>
<BR>[Called By]<UL><LI><a href="#[19a]">&gt;&gt;</a>&nbsp;&nbsp;&nbsp;ShowWindow
<LI><a href="#[29f]">&gt;&gt;</a>&nbsp;&nbsp;&nbsp;_SetWindowPos
</UL>

<P><STRONG><a name="[1dd]"></a>_CursorHide</STRONG> (Thumb, 166 bytes, Stack size 72 bytes, gl_cursor.o(i._CursorHide))
<BR><BR>[Stack]<UL><LI>Max Depth = 112<LI>Call Chain = _CursorHide &rArr; _IntersectRect &rArr; _IsIntersectRect
</UL>
<BR>[Calls]<UL><LI><a href="#[161]">&gt;&gt;</a>&nbsp;&nbsp;&nbsp;_IntersectRect
</UL>
<BR>[Called By]<UL><LI><a href="#[1e3]">&gt;&gt;</a>&nbsp;&nbsp;&nbsp;GL_ShowCursor
<LI><a href="#[1e2]">&gt;&gt;</a>&nbsp;&nbsp;&nbsp;GL_SetCursorPos
<LI><a href="#[182]">&gt;&gt;</a>&nbsp;&nbsp;&nbsp;GL_CursorCheck
</UL>

<P><STRONG><a name="[1de]"></a>_CursorShow</STRONG> (Thumb, 148 bytes, Stack size 72 bytes, gl_cursor.o(i._CursorShow))
<BR><BR>[Stack]<UL><LI>Max Depth = 112<LI>Call Chain = _CursorShow &rArr; _IntersectRect &rArr; _IsIntersectRect
</UL>
<BR>[Calls]<UL><LI><a href="#[161]">&gt;&gt;</a>&nbsp;&nbsp;&nbsp;_IntersectRect
</UL>
<BR>[Called By]<UL><LI><a href="#[1e3]">&gt;&gt;</a>&nbsp;&nbsp;&nbsp;GL_ShowCursor
<LI><a href="#[1e2]">&gt;&gt;</a>&nbsp;&nbsp;&nbsp;GL_SetCursorPos
<LI><a href="#[184]">&gt;&gt;</a>&nbsp;&nbsp;&nbsp;GL_CursorFix
</UL>

<P><STRONG><a name="[1e1]"></a>_DrawArc</STRONG> (Thumb, 624 bytes, Stack size 112 bytes, gd_arc.o(i._DrawArc))
<BR><BR>[Stack]<UL><LI>Max Depth = 304<LI>Call Chain = _DrawArc &rArr; sin &rArr; __hardfp_sin &rArr; __ieee754_rem_pio2 &rArr; fabs
</UL>
<BR>[Calls]<UL><LI><a href="#[148]">&gt;&gt;</a>&nbsp;&nbsp;&nbsp;__aeabi_i2d
<LI><a href="#[13e]">&gt;&gt;</a>&nbsp;&nbsp;&nbsp;__aeabi_fdiv
<LI><a href="#[145]">&gt;&gt;</a>&nbsp;&nbsp;&nbsp;__aeabi_dmul
<LI><a href="#[146]">&gt;&gt;</a>&nbsp;&nbsp;&nbsp;__aeabi_ddiv
<LI><a href="#[14a]">&gt;&gt;</a>&nbsp;&nbsp;&nbsp;__aeabi_d2iz
<LI><a href="#[2b6]">&gt;&gt;</a>&nbsp;&nbsp;&nbsp;__aeabi_cfrcmple
<LI><a href="#[2b4]">&gt;&gt;</a>&nbsp;&nbsp;&nbsp;__aeabi_cfcmple
<LI><a href="#[2b5]">&gt;&gt;</a>&nbsp;&nbsp;&nbsp;__aeabi_cfcmpeq
<LI><a href="#[147]">&gt;&gt;</a>&nbsp;&nbsp;&nbsp;__aeabi_i2f
<LI><a href="#[13c]">&gt;&gt;</a>&nbsp;&nbsp;&nbsp;__aeabi_fsub
<LI><a href="#[2b1]">&gt;&gt;</a>&nbsp;&nbsp;&nbsp;__aeabi_fmul
<LI><a href="#[139]">&gt;&gt;</a>&nbsp;&nbsp;&nbsp;__aeabi_fadd
<LI><a href="#[1d4]">&gt;&gt;</a>&nbsp;&nbsp;&nbsp;__aeabi_f2iz
<LI><a href="#[1d2]">&gt;&gt;</a>&nbsp;&nbsp;&nbsp;__aeabi_f2d
<LI><a href="#[14c]">&gt;&gt;</a>&nbsp;&nbsp;&nbsp;__aeabi_d2f
<LI><a href="#[1d3]">&gt;&gt;</a>&nbsp;&nbsp;&nbsp;sin
<LI><a href="#[2b3]">&gt;&gt;</a>&nbsp;&nbsp;&nbsp;floor
<LI><a href="#[1d1]">&gt;&gt;</a>&nbsp;&nbsp;&nbsp;cos
<LI><a href="#[2b2]">&gt;&gt;</a>&nbsp;&nbsp;&nbsp;ceil
</UL>
<BR>[Called By]<UL><LI><a href="#[1a6]">&gt;&gt;</a>&nbsp;&nbsp;&nbsp;GL_DrawArc
</UL>

<P><STRONG><a name="[150]"></a>_FlushLine</STRONG> (Thumb, 414 bytes, Stack size 64 bytes, gui_aa_core.o(i._FlushLine))
<BR><BR>[Stack]<UL><LI>Max Depth = 360<LI>Call Chain = _FlushLine &rArr; gdHLine &rArr; BeginDraw &rArr; WIN_Lock &rArr; GUI_Lock &rArr; GUI_MutexLock &rArr; xQueueTakeMutexRecursive &rArr; xQueueGenericReceive &rArr; prvUnlockQueue &rArr; xTaskRemoveFromEventList &rArr; __2printf
</UL>
<BR>[Calls]<UL><LI><a href="#[2bc]">&gt;&gt;</a>&nbsp;&nbsp;&nbsp;IsEnableAlpha
<LI><a href="#[2bb]">&gt;&gt;</a>&nbsp;&nbsp;&nbsp;GetRGB
<LI><a href="#[2bd]">&gt;&gt;</a>&nbsp;&nbsp;&nbsp;gdSetPixelARGB
<LI><a href="#[28a]">&gt;&gt;</a>&nbsp;&nbsp;&nbsp;SetPixel
<LI><a href="#[eb]">&gt;&gt;</a>&nbsp;&nbsp;&nbsp;gdHLine
<LI><a href="#[136]">&gt;&gt;</a>&nbsp;&nbsp;&nbsp;__aeabi_memclr
</UL>
<BR>[Called By]<UL><LI><a href="#[1a7]">&gt;&gt;</a>&nbsp;&nbsp;&nbsp;GUI_AA_End
<LI><a href="#[ea]">&gt;&gt;</a>&nbsp;&nbsp;&nbsp;AA_gdHLine
</UL>

<P><STRONG><a name="[110]"></a>_GetARGB</STRONG> (Thumb, 26 bytes, Stack size 4 bytes, surface_argb8888.o(i._GetARGB))
<BR><BR>[Stack]<UL><LI>Max Depth = 4<LI>Call Chain = _GetARGB
</UL>
<BR>[Address Reference Count : 1]<UL><LI> surface_argb8888.o(.constdata)
</UL>
<P><STRONG><a name="[10f]"></a>_GetRGB</STRONG> (Thumb, 16 bytes, Stack size 0 bytes, surface_argb8888.o(i._GetRGB))
<BR>[Address Reference Count : 1]<UL><LI> surface_argb8888.o(.constdata)
</UL>
<P><STRONG><a name="[10e]"></a>_MapARGB</STRONG> (Thumb, 14 bytes, Stack size 0 bytes, surface_argb8888.o(i._MapARGB))
<BR>[Address Reference Count : 1]<UL><LI> surface_argb8888.o(.constdata)
</UL>
<P><STRONG><a name="[10d]"></a>_MapRGB</STRONG> (Thumb, 14 bytes, Stack size 0 bytes, surface_argb8888.o(i._MapRGB))
<BR>[Address Reference Count : 1]<UL><LI> surface_argb8888.o(.constdata)
</UL>
<P><STRONG><a name="[107]"></a>_MapRGB332</STRONG> (Thumb, 28 bytes, Stack size 0 bytes, surface_argb8888.o(i._MapRGB332))
<BR>[Address Reference Count : 1]<UL><LI> surface_argb8888.o(.constdata)
</UL>
<P><STRONG><a name="[108]"></a>_MapRGB565</STRONG> (Thumb, 30 bytes, Stack size 0 bytes, surface_argb8888.o(i._MapRGB565))
<BR>[Address Reference Count : 1]<UL><LI> surface_argb8888.o(.constdata)
</UL>
<P><STRONG><a name="[109]"></a>_MapXRGB1555</STRONG> (Thumb, 28 bytes, Stack size 0 bytes, surface_argb8888.o(i._MapXRGB1555))
<BR>[Address Reference Count : 1]<UL><LI> surface_argb8888.o(.constdata)
</UL>
<P><STRONG><a name="[10a]"></a>_MapXRGB4444</STRONG> (Thumb, 28 bytes, Stack size 0 bytes, surface_argb8888.o(i._MapXRGB4444))
<BR>[Address Reference Count : 1]<UL><LI> surface_argb8888.o(.constdata)
</UL>
<P><STRONG><a name="[10b]"></a>_MapXRGB8888</STRONG> (Thumb, 6 bytes, Stack size 0 bytes, surface_argb8888.o(i._MapXRGB8888))
<BR>[Address Reference Count : 1]<UL><LI> surface_argb8888.o(.constdata)
</UL>
<P><STRONG><a name="[10c]"></a>_ToARGB</STRONG> (Thumb, 2 bytes, Stack size 0 bytes, surface_argb8888.o(i._ToARGB))
<BR>[Address Reference Count : 1]<UL><LI> surface_argb8888.o(.constdata)
</UL>
<P><STRONG><a name="[11a]"></a>_GetARGB</STRONG> (Thumb, 32 bytes, Stack size 4 bytes, surface_rgb332.o(i._GetARGB))
<BR><BR>[Stack]<UL><LI>Max Depth = 4<LI>Call Chain = _GetARGB
</UL>
<BR>[Address Reference Count : 1]<UL><LI> surface_rgb332.o(.constdata)
</UL>
<P><STRONG><a name="[119]"></a>_GetRGB</STRONG> (Thumb, 24 bytes, Stack size 0 bytes, surface_rgb332.o(i._GetRGB))
<BR>[Address Reference Count : 1]<UL><LI> surface_rgb332.o(.constdata)
</UL>
<P><STRONG><a name="[118]"></a>_MapARGB</STRONG> (Thumb, 16 bytes, Stack size 0 bytes, surface_rgb332.o(i._MapARGB))
<BR>[Address Reference Count : 1]<UL><LI> surface_rgb332.o(.constdata)
</UL>
<P><STRONG><a name="[117]"></a>_MapRGB</STRONG> (Thumb, 16 bytes, Stack size 0 bytes, surface_rgb332.o(i._MapRGB))
<BR>[Address Reference Count : 1]<UL><LI> surface_rgb332.o(.constdata)
</UL>
<P><STRONG><a name="[111]"></a>_MapRGB332</STRONG> (Thumb, 2 bytes, Stack size 0 bytes, surface_rgb332.o(i._MapRGB332))
<BR>[Address Reference Count : 1]<UL><LI> surface_rgb332.o(.constdata)
</UL>
<P><STRONG><a name="[112]"></a>_MapRGB565</STRONG> (Thumb, 22 bytes, Stack size 0 bytes, surface_rgb332.o(i._MapRGB565))
<BR>[Address Reference Count : 1]<UL><LI> surface_rgb332.o(.constdata)
</UL>
<P><STRONG><a name="[113]"></a>_MapXRGB1555</STRONG> (Thumb, 22 bytes, Stack size 0 bytes, surface_rgb332.o(i._MapXRGB1555))
<BR>[Address Reference Count : 1]<UL><LI> surface_rgb332.o(.constdata)
</UL>
<P><STRONG><a name="[114]"></a>_MapXRGB4444</STRONG> (Thumb, 22 bytes, Stack size 0 bytes, surface_rgb332.o(i._MapXRGB4444))
<BR>[Address Reference Count : 1]<UL><LI> surface_rgb332.o(.constdata)
</UL>
<P><STRONG><a name="[115]"></a>_MapXRGB8888</STRONG> (Thumb, 22 bytes, Stack size 0 bytes, surface_rgb332.o(i._MapXRGB8888))
<BR>[Address Reference Count : 1]<UL><LI> surface_rgb332.o(.constdata)
</UL>
<P><STRONG><a name="[116]"></a>_ToARGB</STRONG> (Thumb, 28 bytes, Stack size 0 bytes, surface_rgb332.o(i._ToARGB))
<BR>[Address Reference Count : 1]<UL><LI> surface_rgb332.o(.constdata)
</UL>
<P><STRONG><a name="[124]"></a>_GetARGB</STRONG> (Thumb, 38 bytes, Stack size 4 bytes, surface_rgb565.o(i._GetARGB))
<BR><BR>[Stack]<UL><LI>Max Depth = 4<LI>Call Chain = _GetARGB
</UL>
<BR>[Address Reference Count : 1]<UL><LI> surface_rgb565.o(.constdata)
</UL>
<P><STRONG><a name="[123]"></a>_GetRGB</STRONG> (Thumb, 30 bytes, Stack size 4 bytes, surface_rgb565.o(i._GetRGB))
<BR><BR>[Stack]<UL><LI>Max Depth = 4<LI>Call Chain = _GetRGB
</UL>
<BR>[Address Reference Count : 1]<UL><LI> surface_rgb565.o(.constdata)
</UL>
<P><STRONG><a name="[122]"></a>_MapARGB</STRONG> (Thumb, 16 bytes, Stack size 0 bytes, surface_rgb565.o(i._MapARGB))
<BR>[Address Reference Count : 1]<UL><LI> surface_rgb565.o(.constdata)
</UL>
<P><STRONG><a name="[121]"></a>_MapRGB</STRONG> (Thumb, 16 bytes, Stack size 0 bytes, surface_rgb565.o(i._MapRGB))
<BR>[Address Reference Count : 1]<UL><LI> surface_rgb565.o(.constdata)
</UL>
<P><STRONG><a name="[11b]"></a>_MapRGB332</STRONG> (Thumb, 30 bytes, Stack size 0 bytes, surface_rgb565.o(i._MapRGB332))
<BR>[Address Reference Count : 1]<UL><LI> surface_rgb565.o(.constdata)
</UL>
<P><STRONG><a name="[11c]"></a>_MapRGB565</STRONG> (Thumb, 2 bytes, Stack size 0 bytes, surface_rgb565.o(i._MapRGB565))
<BR>[Address Reference Count : 1]<UL><LI> surface_rgb565.o(.constdata)
</UL>
<P><STRONG><a name="[11d]"></a>_MapXRGB1555</STRONG> (Thumb, 24 bytes, Stack size 0 bytes, surface_rgb565.o(i._MapXRGB1555))
<BR>[Address Reference Count : 1]<UL><LI> surface_rgb565.o(.constdata)
</UL>
<P><STRONG><a name="[11e]"></a>_MapXRGB4444</STRONG> (Thumb, 24 bytes, Stack size 0 bytes, surface_rgb565.o(i._MapXRGB4444))
<BR>[Address Reference Count : 1]<UL><LI> surface_rgb565.o(.constdata)
</UL>
<P><STRONG><a name="[11f]"></a>_MapXRGB8888</STRONG> (Thumb, 22 bytes, Stack size 0 bytes, surface_rgb565.o(i._MapXRGB8888))
<BR>[Address Reference Count : 1]<UL><LI> surface_rgb565.o(.constdata)
</UL>
<P><STRONG><a name="[120]"></a>_ToARGB</STRONG> (Thumb, 30 bytes, Stack size 0 bytes, surface_rgb565.o(i._ToARGB))
<BR>[Address Reference Count : 1]<UL><LI> surface_rgb565.o(.constdata)
</UL>
<P><STRONG><a name="[12e]"></a>_GetARGB</STRONG> (Thumb, 26 bytes, Stack size 4 bytes, surface_xrgb8888.o(i._GetARGB))
<BR><BR>[Stack]<UL><LI>Max Depth = 4<LI>Call Chain = _GetARGB
</UL>
<BR>[Address Reference Count : 1]<UL><LI> surface_xrgb8888.o(.constdata)
</UL>
<P><STRONG><a name="[12d]"></a>_GetRGB</STRONG> (Thumb, 16 bytes, Stack size 0 bytes, surface_xrgb8888.o(i._GetRGB))
<BR>[Address Reference Count : 1]<UL><LI> surface_xrgb8888.o(.constdata)
</UL>
<P><STRONG><a name="[12c]"></a>_MapARGB</STRONG> (Thumb, 14 bytes, Stack size 0 bytes, surface_xrgb8888.o(i._MapARGB))
<BR>[Address Reference Count : 1]<UL><LI> surface_xrgb8888.o(.constdata)
</UL>
<P><STRONG><a name="[12b]"></a>_MapRGB</STRONG> (Thumb, 10 bytes, Stack size 0 bytes, surface_xrgb8888.o(i._MapRGB))
<BR>[Address Reference Count : 1]<UL><LI> surface_xrgb8888.o(.constdata)
</UL>
<P><STRONG><a name="[125]"></a>_MapRGB332</STRONG> (Thumb, 24 bytes, Stack size 0 bytes, surface_xrgb8888.o(i._MapRGB332))
<BR>[Address Reference Count : 1]<UL><LI> surface_xrgb8888.o(.constdata)
</UL>
<P><STRONG><a name="[126]"></a>_MapRGB565</STRONG> (Thumb, 26 bytes, Stack size 0 bytes, surface_xrgb8888.o(i._MapRGB565))
<BR>[Address Reference Count : 1]<UL><LI> surface_xrgb8888.o(.constdata)
</UL>
<P><STRONG><a name="[127]"></a>_MapXRGB1555</STRONG> (Thumb, 24 bytes, Stack size 0 bytes, surface_xrgb8888.o(i._MapXRGB1555))
<BR>[Address Reference Count : 1]<UL><LI> surface_xrgb8888.o(.constdata)
</UL>
<P><STRONG><a name="[128]"></a>_MapXRGB4444</STRONG> (Thumb, 24 bytes, Stack size 0 bytes, surface_xrgb8888.o(i._MapXRGB4444))
<BR>[Address Reference Count : 1]<UL><LI> surface_xrgb8888.o(.constdata)
</UL>
<P><STRONG><a name="[129]"></a>_MapXRGB8888</STRONG> (Thumb, 2 bytes, Stack size 0 bytes, surface_xrgb8888.o(i._MapXRGB8888))
<BR>[Address Reference Count : 1]<UL><LI> surface_xrgb8888.o(.constdata)
</UL>
<P><STRONG><a name="[12a]"></a>_ToARGB</STRONG> (Thumb, 2 bytes, Stack size 0 bytes, surface_xrgb8888.o(i._ToARGB))
<BR>[Address Reference Count : 1]<UL><LI> surface_xrgb8888.o(.constdata)
</UL>
<P><STRONG><a name="[177]"></a>DrawWindowNC</STRONG> (Thumb, 706 bytes, Stack size 80 bytes, gui_face.o(i.DrawWindowNC))
<BR><BR>[Stack]<UL><LI>Max Depth = 736<LI>Call Chain = DrawWindowNC &rArr; DrawRoundRect &rArr; _DrawRoundRectEx &rArr; VLine &rArr; Line &rArr; solid_line &rArr; _FillPolygon &rArr; GUI_AA_End &rArr; _FlushLine &rArr; gdHLine &rArr; BeginDraw &rArr; WIN_Lock &rArr; GUI_Lock &rArr; GUI_MutexLock &rArr; xQueueTakeMutexRecursive &rArr; xQueueGenericReceive &rArr; prvUnlockQueue &rArr; xTaskRemoveFromEventList &rArr; __2printf
</UL>
<BR>[Calls]<UL><LI><a href="#[1bb]">&gt;&gt;</a>&nbsp;&nbsp;&nbsp;MapXRGB8888
<LI><a href="#[1bc]">&gt;&gt;</a>&nbsp;&nbsp;&nbsp;SetTextColor
<LI><a href="#[18a]">&gt;&gt;</a>&nbsp;&nbsp;&nbsp;SetBrushColor
<LI><a href="#[189]">&gt;&gt;</a>&nbsp;&nbsp;&nbsp;MapRGB
<LI><a href="#[18b]">&gt;&gt;</a>&nbsp;&nbsp;&nbsp;FillRect
<LI><a href="#[1af]">&gt;&gt;</a>&nbsp;&nbsp;&nbsp;DrawTextEx
<LI><a href="#[14e]">&gt;&gt;</a>&nbsp;&nbsp;&nbsp;AA_DrawBoldLine
<LI><a href="#[1bd]">&gt;&gt;</a>&nbsp;&nbsp;&nbsp;RGB32_Offset
<LI><a href="#[175]">&gt;&gt;</a>&nbsp;&nbsp;&nbsp;_GetCloseBoxRect
<LI><a href="#[174]">&gt;&gt;</a>&nbsp;&nbsp;&nbsp;_GetCaptionRect
<LI><a href="#[1ba]">&gt;&gt;</a>&nbsp;&nbsp;&nbsp;ScreenToWindow
<LI><a href="#[1b7]">&gt;&gt;</a>&nbsp;&nbsp;&nbsp;GetWindowRect
<LI><a href="#[1b8]">&gt;&gt;</a>&nbsp;&nbsp;&nbsp;GetForegroundWindow
<LI><a href="#[1bf]">&gt;&gt;</a>&nbsp;&nbsp;&nbsp;FillRoundRect
<LI><a href="#[1ac]">&gt;&gt;</a>&nbsp;&nbsp;&nbsp;DrawRoundRect
<LI><a href="#[1c0]">&gt;&gt;</a>&nbsp;&nbsp;&nbsp;InflateRect
<LI><a href="#[1be]">&gt;&gt;</a>&nbsp;&nbsp;&nbsp;SetPenColor
<LI><a href="#[1b9]">&gt;&gt;</a>&nbsp;&nbsp;&nbsp;draw_window_frame
</UL>
<BR>[Called By]<UL><LI><a href="#[16c]">&gt;&gt;</a>&nbsp;&nbsp;&nbsp;CommFace_DrawWindowNC
</UL>

<P><STRONG><a name="[1b9]"></a>draw_window_frame</STRONG> (Thumb, 252 bytes, Stack size 40 bytes, gui_face.o(i.draw_window_frame))
<BR><BR>[Stack]<UL><LI>Max Depth = 632<LI>Call Chain = draw_window_frame &rArr; VLine &rArr; Line &rArr; solid_line &rArr; _FillPolygon &rArr; GUI_AA_End &rArr; _FlushLine &rArr; gdHLine &rArr; BeginDraw &rArr; WIN_Lock &rArr; GUI_Lock &rArr; GUI_MutexLock &rArr; xQueueTakeMutexRecursive &rArr; xQueueGenericReceive &rArr; prvUnlockQueue &rArr; xTaskRemoveFromEventList &rArr; __2printf
</UL>
<BR>[Calls]<UL><LI><a href="#[1bb]">&gt;&gt;</a>&nbsp;&nbsp;&nbsp;MapXRGB8888
<LI><a href="#[1bd]">&gt;&gt;</a>&nbsp;&nbsp;&nbsp;RGB32_Offset
<LI><a href="#[2e4]">&gt;&gt;</a>&nbsp;&nbsp;&nbsp;RGB32_AVG
<LI><a href="#[2a7]">&gt;&gt;</a>&nbsp;&nbsp;&nbsp;VLine
<LI><a href="#[26c]">&gt;&gt;</a>&nbsp;&nbsp;&nbsp;HLine
<LI><a href="#[1a9]">&gt;&gt;</a>&nbsp;&nbsp;&nbsp;DrawRect
<LI><a href="#[1c0]">&gt;&gt;</a>&nbsp;&nbsp;&nbsp;InflateRect
<LI><a href="#[1be]">&gt;&gt;</a>&nbsp;&nbsp;&nbsp;SetPenColor
</UL>
<BR>[Called By]<UL><LI><a href="#[177]">&gt;&gt;</a>&nbsp;&nbsp;&nbsp;DrawWindowNC
</UL>

<P><STRONG><a name="[1ca]"></a>__blend_argb</STRONG> (Thumb, 234 bytes, Stack size 56 bytes, gl_mem_16bpp.o(i.__blend_argb))
<BR><BR>[Stack]<UL><LI>Max Depth = 56<LI>Call Chain = __blend_argb
</UL>
<BR>[Called By]<UL><LI><a href="#[b3]">&gt;&gt;</a>&nbsp;&nbsp;&nbsp;GL16_rotate_bitmap
<LI><a href="#[ad]">&gt;&gt;</a>&nbsp;&nbsp;&nbsp;GL16_draw_bitmap_ARGB8888
<LI><a href="#[aa]">&gt;&gt;</a>&nbsp;&nbsp;&nbsp;GL16_draw_bitmap_ARGB4444
<LI><a href="#[b1]">&gt;&gt;</a>&nbsp;&nbsp;&nbsp;GL16_draw_bitmap_AL8
<LI><a href="#[b0]">&gt;&gt;</a>&nbsp;&nbsp;&nbsp;GL16_draw_bitmap_AL4
<LI><a href="#[af]">&gt;&gt;</a>&nbsp;&nbsp;&nbsp;GL16_draw_bitmap_AL2
<LI><a href="#[9c]">&gt;&gt;</a>&nbsp;&nbsp;&nbsp;GL16_SetPixel_ARGB
<LI><a href="#[a0]">&gt;&gt;</a>&nbsp;&nbsp;&nbsp;GL16_FillRectARGB
</UL>

<P><STRONG><a name="[1d6]"></a>__blend_argb</STRONG> (Thumb, 234 bytes, Stack size 56 bytes, gl_mem_32bpp.o(i.__blend_argb))
<BR><BR>[Stack]<UL><LI>Max Depth = 56<LI>Call Chain = __blend_argb
</UL>
<BR>[Called By]<UL><LI><a href="#[cf]">&gt;&gt;</a>&nbsp;&nbsp;&nbsp;GL32_rotate_bitmap
<LI><a href="#[c9]">&gt;&gt;</a>&nbsp;&nbsp;&nbsp;GL32_draw_bitmap_ARGB8888
<LI><a href="#[c6]">&gt;&gt;</a>&nbsp;&nbsp;&nbsp;GL32_draw_bitmap_ARGB4444
<LI><a href="#[cd]">&gt;&gt;</a>&nbsp;&nbsp;&nbsp;GL32_draw_bitmap_AL8
<LI><a href="#[cc]">&gt;&gt;</a>&nbsp;&nbsp;&nbsp;GL32_draw_bitmap_AL4
<LI><a href="#[cb]">&gt;&gt;</a>&nbsp;&nbsp;&nbsp;GL32_draw_bitmap_AL2
<LI><a href="#[b8]">&gt;&gt;</a>&nbsp;&nbsp;&nbsp;GL32_SetPixel_ARGB
<LI><a href="#[bc]">&gt;&gt;</a>&nbsp;&nbsp;&nbsp;GL32_FillRectARGB
</UL>

<P><STRONG><a name="[2c8]"></a>_printf_core</STRONG> (Thumb, 996 bytes, Stack size 104 bytes, printf8.o(i._printf_core), UNUSED)
<BR><BR>[Calls]<UL><LI><a href="#[133]">&gt;&gt;</a>&nbsp;&nbsp;&nbsp;__aeabi_uldivmod
<LI><a href="#[2d5]">&gt;&gt;</a>&nbsp;&nbsp;&nbsp;_printf_pre_padding
<LI><a href="#[2d6]">&gt;&gt;</a>&nbsp;&nbsp;&nbsp;_printf_post_padding
</UL>
<BR>[Called By]<UL><LI><a href="#[2c9]">&gt;&gt;</a>&nbsp;&nbsp;&nbsp;__0sprintf$8
<LI><a href="#[2c7]">&gt;&gt;</a>&nbsp;&nbsp;&nbsp;__0printf$8
</UL>

<P><STRONG><a name="[2d6]"></a>_printf_post_padding</STRONG> (Thumb, 36 bytes, Stack size 24 bytes, printf8.o(i._printf_post_padding), UNUSED)
<BR><BR>[Called By]<UL><LI><a href="#[2c8]">&gt;&gt;</a>&nbsp;&nbsp;&nbsp;_printf_core
</UL>

<P><STRONG><a name="[2d5]"></a>_printf_pre_padding</STRONG> (Thumb, 46 bytes, Stack size 24 bytes, printf8.o(i._printf_pre_padding), UNUSED)
<BR><BR>[Called By]<UL><LI><a href="#[2c8]">&gt;&gt;</a>&nbsp;&nbsp;&nbsp;_printf_core
</UL>

<P><STRONG><a name="[f0]"></a>_sputc</STRONG> (Thumb, 10 bytes, Stack size 0 bytes, printf8.o(i._sputc))
<BR><BR>[Called By]<UL><LI><a href="#[2c9]">&gt;&gt;</a>&nbsp;&nbsp;&nbsp;__0sprintf$8
</UL>
<BR>[Address Reference Count : 1]<UL><LI> printf8.o(i.__0sprintf$8)
</UL><P>
<H3>
Undefined Global Symbols
</H3><HR></body></html>
