<html>
<body>
<pre>
<h1>礦ision Build Log</h1>
<h2>Tool Versions:</h2>
IDE-Version: μVision V5.26.2.0
Copyright (C) 2018 ARM Ltd and ARM Germany GmbH. All rights reserved.
License Information: Administrator,  , LIC=IK101-C171N-CJB6Z-JSPY7-L72GR-S2RXP
 
Tool Versions:
Toolchain:       MDK-ARM Plus  Version: 5.26.2.0
Toolchain Path:  F:\soft\MDK\Package\ARM\ARMCC\Bin
C Compiler:      Armcc.exe V5.06 update 6 (build 750)
Assembler:       Armasm.exe V5.06 update 6 (build 750)
Linker/Locator:  ArmLink.exe V5.06 update 6 (build 750)
Library Manager: ArmAr.exe V5.06 update 6 (build 750)
Hex Converter:   FromElf.exe V5.06 update 6 (build 750)
CPU DLL:         SARMCM3.DLL V5.26.2.0
Dialog DLL:      DCM.DLL V1.17.2.0
Target DLL:      Segger\JL2CM3.dll V2.99.31.0
Dialog DLL:      TCM.DLL V1.36.1.0
 
<h2>Project:</h2>
F:\资料集\2019大创\intelligent_dorm\03-emXGUI基础移植_触摸\Project\RVMDK（uv5）\Fire_H750.uvprojx
Project File Date:  09/03/2019

<h2>Output:</h2>
*** Using Compiler 'V5.06 update 6 (build 750)', folder: 'F:\soft\MDK\Package\ARM\ARMCC\Bin'
Build target 'ExtFlash'
compiling gui_desktop.c...
..\..\emXGUI_Lib\app\base\gui_desktop.c(70): warning:  #177-D: function "_EraseBackgnd"  was declared but never referenced
  static	void	_EraseBackgnd(HDC hdc,const RECT *lprc,HWND hwnd)
..\..\emXGUI_Lib\app\base\gui_desktop.c: 1 warning, 0 errors
linking...
Program Size: Code=102790 RO-data=97214 RW-data=312 ZI-data=66387864  
"..\..\Output\Fire_emxgui.axf" - 0 Error(s), 1 Warning(s).

<h2>Software Packages used:</h2>

Package Vendor: Keil
                http://www.keil.com/pack/Keil.STM32H7xx_DFP.2.2.0.pack
                Keil.STM32H7xx_DFP.2.2.0
                STMicroelectronics STM32H7 Series Device Support and Examples

<h2>Collection of Component include folders:</h2>
  .\RTE\_ExtFlash
  F:\soft\MDK\Package\ARM\PACK\Keil\STM32H7xx_DFP\2.2.0\Drivers\CMSIS\Device\ST\STM32H7xx\Include

<h2>Collection of Component Files used:</h2>
Build Time Elapsed:  00:00:10
</pre>
</body>
</html>
