<html>
<body>
<pre>
<h1>µVision Build Log</h1>
<h2>Tool Versions:</h2>
IDE-Version: ¦ÌVision V5.23.0.0
Copyright (C) 2017 ARM Ltd and ARM Germany GmbH. All rights reserved.
License Information:   ,  , LIC=14HGK-ZHVQC-YVL1Y-I48L5-XPR15-TKZT8
 
Tool Versions:
Toolchain:       MDK-ARM Plus  Version: 5.23
Toolchain Path:  D:\keil\core\ARM\ARMCC\Bin
C Compiler:      Armcc.exe V5.06 update 4 (build 422)
Assembler:       Armasm.exe V5.06 update 4 (build 422)
Linker/Locator:  ArmLink.exe V5.06 update 4 (build 422)
Library Manager: ArmAr.exe V5.06 update 4 (build 422)
Hex Converter:   FromElf.exe V5.06 update 4 (build 422)
CPU DLL:         SARMCM3.DLL V5.23
Dialog DLL:      DCM.DLL V1.15.0.0
Target DLL:      CMSIS_AGDI.dll V1.27.5.0
Dialog DLL:      TCM.DLL V1.27.0.0
 
<h2>Project:</h2>
G:\intelligent dorm\03-emXGUI»ù´¡ÒÆÖ²_´¥Ãþ\Project\RVMDK£¨uv5£©\Fire_H750.uvprojx
Project File Date:  08/30/2019

<h2>Output:</h2>
*** Using Compiler 'V5.06 update 4 (build 422)', folder: 'D:\keil\core\ARM\ARMCC\Bin'
Build target 'Fire_emxgui_ExtFlash'
compiling timers.c...
compiling main.c...
compiling stm32h7xx_it.c...
compiling queue.c...
compiling event_groups.c...
compiling cm_backtrace.c...
compiling croutine.c...
compiling tasks.c...
compiling heap_4.c...
compiling port.c...
compiling list.c...
compiling X_GUI_FreeRTOS.c...
compiling GUI_GPU.c...
compiling GUI_Arch.c...
compiling gui_mem_port.c...
compiling gui_touch_port.c...
compiling gui_lcd_port.c...
compiling gui_startup.c...
compiling gui_desktop.c...
compiling gui_font_port.c...
compiling gui_log_port.c...
compiling gui_input_port.c...
linking...
Program Size: Code=87222 RO-data=69226 RW-data=316 ZI-data=66387852  
"..\..\Output\Fire_emxgui.axf" - 0 Error(s), 0 Warning(s).

<h2>Collection of Component include folders:</h2>
  .\RTE\_Fire_emxgui_ExtFlash
  D:\keil\core\package\Keil\STM32H7xx_DFP\2.2.0\Drivers\CMSIS\Device\ST\STM32H7xx\Include

<h2>Collection of Component Files used:</h2>
Build Time Elapsed:  00:00:07
</pre>
</body>
</html>
